ARM Linker, 5.03 [Build 76] [MDK-ARM Lite]

==============================================================================

Section Cross References

    system_stm32f4xx.o(i.SystemCoreClockUpdate) refers to system_stm32f4xx.o(.data) for .data
    system_stm32f4xx.o(i.SystemInit) refers to system_stm32f4xx.o(i.SetSysClock) for SetSysClock
    timer.o(i.TIM3_IRQHandler) refers to stm32f4xx_tim.o(i.TIM_GetITStatus) for TIM_GetITStatus
    timer.o(i.TIM3_IRQHandler) refers to stm32f4xx_tim.o(i.TIM_ClearITPendingBit) for TIM_ClearITPendingBit
    timer.o(i.TIM3_IRQHandler) refers to timer.o(.data) for .data
    timer.o(i.TIMER3_Config) refers to stm32f4xx_rcc.o(i.RCC_APB1PeriphClockCmd) for RCC_APB1PeriphClockCmd
    timer.o(i.TIMER3_Config) refers to misc.o(i.NVIC_Init) for NVIC_Init
    timer.o(i.TIMER3_Config) refers to stm32f4xx_tim.o(i.TIM_TimeBaseInit) for TIM_TimeBaseInit
    timer.o(i.TIMER3_Config) refers to stm32f4xx_tim.o(i.TIM_ITConfig) for TIM_ITConfig
    timer.o(i.TIMER3_Config) refers to stm32f4xx_tim.o(i.TIM_Cmd) for TIM_Cmd
    dds.o(i.DDS_Default_Init) refers to memcpya.o(.text) for __aeabi_memcpy4
    dds.o(i.DDS_Default_Init) refers to dds.o(i.Pulse_Clock) for Pulse_Clock
    dds.o(i.DDS_Default_Init) refers to main_2.o(i.Delay) for Delay
    dds.o(i.DDS_Default_Init) refers to dds.o(i.Pulse_Frequency) for Pulse_Frequency
    dds.o(i.DDS_Default_Init) refers to dds.o(i.Data_Low) for Data_Low
    dds.o(i.DDS_Default_Init) refers to dds.o(i.DDS_Write_Data) for DDS_Write_Data
    dds.o(i.DDS_Default_Init) refers to dds.o(.constdata) for .constdata
    dds.o(i.DDS_Set) refers to pow.o(i.__hardfp_pow) for __hardfp_pow
    dds.o(i.DDS_Set) refers to dmul.o(.text) for __aeabi_dmul
    dds.o(i.DDS_Set) refers to ddiv.o(.text) for __aeabi_ddiv
    dds.o(i.DDS_Set) refers to dfixi.o(.text) for __aeabi_d2iz
    dds.o(i.DDS_Set) refers to dds.o(i.Pulse_Clock) for Pulse_Clock
    dds.o(i.DDS_Set) refers to main_2.o(i.Delay) for Delay
    dds.o(i.DDS_Set) refers to dds.o(i.Pulse_Frequency) for Pulse_Frequency
    dds.o(i.DDS_Set) refers to dds.o(i.Data_Low) for Data_Low
    dds.o(i.DDS_Set) refers to dds.o(i.DDS_Write_Data) for DDS_Write_Data
    dds.o(i.Pulse_Clock) refers to main_2.o(i.Delay) for Delay
    dds.o(i.Pulse_Frequency) refers to main_2.o(i.Delay) for Delay
    lcd.o(i.LCD_Clear) refers to lcd.o(i.LCD_Write) for LCD_Write
    lcd.o(i.LCD_Clear) refers to main_2.o(i.Delay) for Delay
    lcd.o(i.LCD_Clk) refers to main_2.o(i.Delay) for Delay
    lcd.o(i.LCD_GotoXY) refers to lcd.o(i.LCD_Write) for LCD_Write
    lcd.o(i.LCD_GotoXY) refers to main_2.o(i.Delay) for Delay
    lcd.o(i.LCD_Init) refers to main_2.o(i.Delay) for Delay
    lcd.o(i.LCD_Init) refers to lcd.o(i.LCD_Clk) for LCD_Clk
    lcd.o(i.LCD_Init) refers to lcd.o(i.LCD_Write) for LCD_Write
    lcd.o(i.LCD_Off) refers to lcd.o(.constdata) for .constdata
    lcd.o(i.LCD_On) refers to lcd.o(.constdata) for .constdata
    lcd.o(i.LCD_PutChar) refers to lcd.o(i.LCD_Write) for LCD_Write
    lcd.o(i.LCD_PutChar) refers to main_2.o(i.Delay) for Delay
    lcd.o(i.LCD_PutS) refers to lcd.o(i.LCD_Write) for LCD_Write
    lcd.o(i.LCD_PutS) refers to main_2.o(i.Delay) for Delay
    lcd.o(i.LCD_Write) refers to lcd.o(i.LCD_Clk) for LCD_Clk
    lcd.o(i.LCD_Write) refers to main_2.o(i.Delay) for Delay
    lcd.o(i.LCD_cursor_on) refers to lcd.o(i.LCD_Write) for LCD_Write
    lcd.o(i.LCD_cursor_on) refers to main_2.o(i.Delay) for Delay
    led.o(i.LED_Off) refers to led.o(.constdata) for .constdata
    led.o(i.LED_On) refers to led.o(.constdata) for .constdata
    led.o(i.LED_Out) refers to led.o(i.LED_On) for LED_On
    led.o(i.LED_Out) refers to led.o(i.LED_Off) for LED_Off
    main_2.o(i.Config_menu_interrupt) refers to stm32f4xx_rcc.o(i.RCC_APB2PeriphClockCmd) for RCC_APB2PeriphClockCmd
    main_2.o(i.Config_menu_interrupt) refers to stm32f4xx_syscfg.o(i.SYSCFG_EXTILineConfig) for SYSCFG_EXTILineConfig
    main_2.o(i.Config_menu_interrupt) refers to stm32f4xx_exti.o(i.EXTI_Init) for EXTI_Init
    main_2.o(i.Config_menu_interrupt) refers to misc.o(i.NVIC_Init) for NVIC_Init
    main_2.o(i.Delay) refers to main_2.o(.data) for .data
    main_2.o(i.EXTI0_IRQHandler) refers to lcd.o(i.LCD_Clear) for LCD_Clear
    main_2.o(i.EXTI0_IRQHandler) refers to lcd.o(i.LCD_GotoXY) for LCD_GotoXY
    main_2.o(i.EXTI0_IRQHandler) refers to lcd.o(i.LCD_PutS) for LCD_PutS
    main_2.o(i.EXTI0_IRQHandler) refers to dds.o(i.DDS_Set) for DDS_Set
    main_2.o(i.EXTI0_IRQHandler) refers to stm32f4xx_exti.o(i.EXTI_ClearITPendingBit) for EXTI_ClearITPendingBit
    main_2.o(i.EXTI0_IRQHandler) refers to main_2.o(.data) for .data
    main_2.o(i.SysTick_Handler) refers to main_2.o(.data) for .data
    main_2.o(i.main) refers to system_stm32f4xx.o(i.SystemCoreClockUpdate) for SystemCoreClockUpdate
    main_2.o(i.main) refers to swt.o(i.BTN_Init) for BTN_Init
    main_2.o(i.main) refers to swt.o(i.SWTS_Init) for SWTS_Init
[...]
    printfa.o(i._fp_digits) refers to dadd.o(.text) for __aeabi_dadd
    printfa.o(i._fp_digits) refers to dfixul.o(.text) for __aeabi_d2ulz
    printfa.o(i._fp_digits) refers to uldiv.o(.text) for __aeabi_uldivmod
    printfa.o(i._printf_core) refers (Special) to iusefp.o(.text) for __I$use$fp
    printfa.o(i._printf_core) refers to printfa.o(i._printf_pre_padding) for _printf_pre_padding
    printfa.o(i._printf_core) refers to uldiv.o(.text) for __aeabi_uldivmod
    printfa.o(i._printf_core) refers to printfa.o(i._printf_post_padding) for _printf_post_padding
    printfa.o(i._printf_core) refers to printfa.o(i._fp_digits) for _fp_digits
    printfa.o(i._printf_core) refers to uidiv.o(.text) for __aeabi_uidivmod
    printfa.o(i._printf_post_padding) refers (Special) to iusefp.o(.text) for __I$use$fp
    printfa.o(i._printf_pre_padding) refers (Special) to iusefp.o(.text) for __I$use$fp
    printfa.o(i._snputc) refers (Special) to iusefp.o(.text) for __I$use$fp
    printfa.o(i._sputc) refers (Special) to iusefp.o(.text) for __I$use$fp
    dadd.o(.text) refers (Special) to iusefp.o(.text) for __I$use$fp
    dadd.o(.text) refers to llshl.o(.text) for __aeabi_llsl
    dadd.o(.text) refers to llsshr.o(.text) for __aeabi_lasr
    dadd.o(.text) refers to depilogue.o(.text) for _double_epilogue
    dmul.o(.text) refers (Special) to iusefp.o(.text) for __I$use$fp
    dmul.o(.text) refers to depilogue.o(.text) for _double_epilogue
    ddiv.o(.text) refers (Special) to iusefp.o(.text) for __I$use$fp
    ddiv.o(.text) refers to depilogue.o(.text) for _double_round
    dfixi.o(.text) refers (Special) to iusefp.o(.text) for __I$use$fp
    dfixi.o(.text) refers to llushr.o(.text) for __aeabi_llsr
    dunder.o(i.__mathlib_dbl_underflow) refers to dmul.o(.text) for __aeabi_dmul
    fabs.o(i.__hardfp_fabs) refers (Special) to iusefp.o(.text) for __I$use$fp
    fabs.o(i.__softfp_fabs) refers (Special) to iusefp.o(.text) for __I$use$fp
    fabs.o(i.fabs) refers (Special) to iusefp.o(.text) for __I$use$fp
    fpclassify.o(i.__ARM_fpclassify) refers (Special) to iusefp.o(.text) for __I$use$fp
    poly.o(i.__kernel_poly) refers (Special) to iusefp.o(.text) for __I$use$fp
    poly.o(i.__kernel_poly) refers to dmul.o(.text) for __aeabi_dmul
    poly.o(i.__kernel_poly) refers to dadd.o(.text) for __aeabi_dadd
    qnan.o(.constdata) refers (Special) to iusefp.o(.text) for __I$use$fp
    sqrt.o(i.__hardfp_sqrt) refers (Special) to iusefp.o(.text) for __I$use$fp
    sqrt.o(i.__hardfp_sqrt) refers to dsqrt.o(.text) for _dsqrt
    sqrt.o(i.__hardfp_sqrt) refers to errno.o(i.__set_errno) for __set_errno
    sqrt.o(i.__softfp_sqrt) refers (Special) to iusefp.o(.text) for __I$use$fp
    sqrt.o(i.__softfp_sqrt) refers to dsqrt.o(.text) for _dsqrt
    sqrt.o(i.__softfp_sqrt) refers to errno.o(i.__set_errno) for __set_errno
    sqrt.o(i.sqrt) refers (Special) to iusefp.o(.text) for __I$use$fp
    sqrt.o(i.sqrt) refers to dsqrt.o(.text) for _dsqrt
    sqrt.o(i.sqrt) refers to errno.o(i.__set_errno) for __set_errno
    sqrt_x.o(i.____hardfp_sqrt$lsc) refers (Special) to iusefp.o(.text) for __I$use$fp
    sqrt_x.o(i.____hardfp_sqrt$lsc) refers to cdcmple.o(.text) for __aeabi_cdcmple
    sqrt_x.o(i.____hardfp_sqrt$lsc) refers to errno.o(i.__set_errno) for __set_errno
    sqrt_x.o(i.____hardfp_sqrt$lsc) refers to dsqrt.o(.text) for _dsqrt
    sqrt_x.o(i.____softfp_sqrt$lsc) refers (Special) to iusefp.o(.text) for __I$use$fp
    sqrt_x.o(i.____softfp_sqrt$lsc) refers to cdcmple.o(.text) for __aeabi_cdcmple
    sqrt_x.o(i.____softfp_sqrt$lsc) refers to errno.o(i.__set_errno) for __set_errno
    sqrt_x.o(i.____softfp_sqrt$lsc) refers to dsqrt.o(.text) for _dsqrt
    sqrt_x.o(i.__sqrt$lsc) refers (Special) to iusefp.o(.text) for __I$use$fp
    sqrt_x.o(i.__sqrt$lsc) refers to cdcmple.o(.text) for __aeabi_cdcmple
    sqrt_x.o(i.__sqrt$lsc) refers to errno.o(i.__set_errno) for __set_errno
    sqrt_x.o(i.__sqrt$lsc) refers to dsqrt.o(.text) for _dsqrt
    entry2.o(.ARM.Collect$$$$00000001) refers to entry2.o(.ARM.Collect$$$$00002712) for __lit__00000000
    entry2.o(.ARM.Collect$$$$00002712) refers to startup_stm32f4xx.o(STACK) for __initial_sp
    entry2.o(__vectab_stack_and_reset_area) refers to startup_stm32f4xx.o(STACK) for __initial_sp
    entry2.o(__vectab_stack_and_reset_area) refers to entry.o(.ARM.Collect$$$$00000000) for __main
    entry5.o(.ARM.Collect$$$$00000004) refers to init.o(.text) for __scatterload
    entry9a.o(.ARM.Collect$$$$0000000B) refers to main_2.o(i.main) for main
    entry9b.o(.ARM.Collect$$$$0000000C) refers to main_2.o(i.main) for main
    fputc.o(i.fputc) refers (Special) to iusesemip.o(.text) for __I$use$semihosting$fputc
    fputc.o(i.fputc) refers (Special) to semi.o(.text) for __semihosting_library_function
    uldiv.o(.text) refers to llushr.o(.text) for __aeabi_llsr
    uldiv.o(.text) refers to llshl.o(.text) for __aeabi_llsl
    errno.o(i.__aeabi_errno_addr) refers to errno.o(.data) for .data
    errno.o(i.__read_errno) refers to errno.o(.data) for .data
    errno.o(i.__set_errno) refers to errno.o(.data) for .data
    depilogue.o(.text) refers to llshl.o(.text) for __aeabi_llsl
    depilogue.o(.text) refers to llushr.o(.text) for __aeabi_llsr
    dflti.o(.text) refers to depilogue.o(.text) for _double_epilogue
    dfixul.o(.text) refers to llushr.o(.text) for __aeabi_llsr
    dfixul.o(.text) refers to llshl.o(.text) for __aeabi_llsl
    init.o(.text) refers to entry5.o(.ARM.Collect$$$$00000004) for __main_after_scatterload
    dsqrt.o(.text) refers to llushr.o(.text) for __aeabi_llsr
    dsqrt.o(.text) refers to depilogue.o(.text) for _double_round


==============================================================================

Removing Unused input sections from the image.

    Removing system_stm32f4xx.o(.emb_text), (8 bytes).
    Removing stm32f4xx_it.o(.emb_text), (8 bytes).
    Removing timer.o(.emb_text), (8 bytes).
    Removing timer.o(i.TIMER3_Config), (92 bytes).
    Removing timer.o(.data), (2 bytes).
    Removing dds.o(.emb_text), (8 bytes).
    Removing lcd.o(.emb_text), (8 bytes).
    Removing lcd.o(i.LCD_DataClear), (12 bytes).
    Removing lcd.o(i.LCD_DataWrite), (12 bytes).
    Removing lcd.o(i.LCD_DriverOff), (16 bytes).
    Removing lcd.o(i.LCD_Eoff), (12 bytes).
    Removing lcd.o(i.LCD_Eon), (12 bytes).
    Removing lcd.o(i.LCD_Off), (24 bytes).
    Removing lcd.o(i.LCD_PutChar), (28 bytes).
    Removing lcd.o(i.LCD_RSoff), (12 bytes).
    Removing lcd.o(i.LCD_RSon), (12 bytes).
    Removing lcd.o(i.LCD_RWoff), (12 bytes).
    Removing lcd.o(i.LCD_RWon), (12 bytes).
    Removing lcd.o(i.LCD_cursor_on), (28 bytes).
    Removing lcd.o(.constdata), (4 bytes).
    Removing lcd.o(.constdata), (4 bytes).
    Removing lcd.o(.constdata), (4 bytes).
    Removing led.o(.emb_text), (8 bytes).
    Removing led.o(i.LED_Init), (80 bytes).
    Removing led.o(i.LED_Off), (24 bytes).
    Removing led.o(i.LED_On), (24 bytes).
    Removing led.o(i.LED_Out), (36 bytes).
    Removing led.o(.constdata), (32 bytes).
    Removing main_2.o(.emb_text), (8 bytes).
    Removing main_2.o(i.Config_menu_interrupt), (70 bytes).
    Removing sqaure.o(.emb_text), (8 bytes).
    Removing sqaure.o(i.Make_Square), (28 bytes).
    Removing sqaure.o(i.Square_Init), (44 bytes).
    Removing sqaure.o(i.Timer_Init), (16 bytes).
    Removing swt.o(.emb_text), (8 bytes).
    Removing swt.o(i.BTN_Get), (16 bytes).
    Removing swt.o(i.SWT_Check), (32 bytes).
    Removing swt.o(.constdata), (32 bytes).
    Removing dac.o(.emb_text), (8 bytes).
    Removing freqmeter.o(.emb_text), (8 bytes).
    Removing stm32f4_discovery.o(.emb_text), (8 bytes).
    Removing stm32f4_discovery.o(i.STM_EVAL_LEDInit), (72 bytes).
    Removing stm32f4_discovery.o(i.STM_EVAL_LEDOff), (24 bytes).
    Removing stm32f4_discovery.o(i.STM_EVAL_LEDOn), (24 bytes).
    Removing stm32f4_discovery.o(i.STM_EVAL_LEDToggle), (28 bytes).
    Removing stm32f4_discovery.o(i.STM_EVAL_PBGetState), (24 bytes).
    Removing stm32f4_discovery.o(i.STM_EVAL_PBInit), (152 bytes).
    Removing stm32f4_discovery.o(.constdata), (36 bytes).
    Removing stm32f4_discovery.o(.data), (20 bytes).
    Removing stm32f4_discovery.o(.data), (4 bytes).
    Removing misc.o(.emb_text), (8 bytes).
    Removing misc.o(i.NVIC_PriorityGroupConfig), (20 bytes).
    Removing misc.o(i.NVIC_SetVectorTable), (20 bytes).
    Removing misc.o(i.NVIC_SystemLPConfig), (24 bytes).
    Removing misc.o(i.SysTick_CLKSourceConfig), (24 bytes).
    Removing stm32f4xx_gpio.o(.emb_text), (8 bytes).
    Removing stm32f4xx_gpio.o(i.GPIO_DeInit), (228 bytes).
    Removing stm32f4xx_gpio.o(i.GPIO_PinLockConfig), (24 bytes).
    Removing stm32f4xx_gpio.o(i.GPIO_ReadInputData), (6 bytes).
    Removing stm32f4xx_gpio.o(i.GPIO_ReadInputDataBit), (14 bytes).
    Removing stm32f4xx_gpio.o(i.GPIO_ReadOutputData), (6 bytes).
    Removing stm32f4xx_gpio.o(i.GPIO_ReadOutputDataBit), (14 bytes).
    Removing stm32f4xx_gpio.o(i.GPIO_ResetBits), (4 bytes).
    Removing stm32f4xx_gpio.o(i.GPIO_SetBits), (4 bytes).
    Removing stm32f4xx_gpio.o(i.GPIO_StructInit), (18 bytes).
    Removing stm32f4xx_gpio.o(i.GPIO_ToggleBits), (8 bytes).
    Removing stm32f4xx_gpio.o(i.GPIO_Write), (4 bytes).
    Removing stm32f4xx_gpio.o(i.GPIO_WriteBit), (10 bytes).
    Removing stm32f4xx_rcc.o(.emb_text), (8 bytes).
    Removing stm32f4xx_rcc.o(i.RCC_AHB1PeriphClockLPModeCmd), (24 bytes).
    Removing stm32f4xx_rcc.o(i.RCC_AHB1PeriphResetCmd), (24 bytes).
    Removing stm32f4xx_rcc.o(i.RCC_AHB2PeriphClockCmd), (24 bytes).
    Removing stm32f4xx_rcc.o(i.RCC_AHB2PeriphClockLPModeCmd), (24 bytes).
    Removing stm32f4xx_rcc.o(i.RCC_AHB2PeriphResetCmd), (24 bytes).
    Removing stm32f4xx_rcc.o(i.RCC_AHB3PeriphClockCmd), (24 bytes).
    Removing stm32f4xx_rcc.o(i.RCC_AHB3PeriphClockLPModeCmd), (24 bytes).
    Removing stm32f4xx_rcc.o(i.RCC_AHB3PeriphResetCmd), (24 bytes).
    Removing stm32f4xx_rcc.o(i.RCC_APB1PeriphClockLPModeCmd), (24 bytes).
    Removing stm32f4xx_rcc.o(i.RCC_APB2PeriphClockCmd), (24 bytes).
    Removing stm32f4xx_rcc.o(i.RCC_APB2PeriphClockLPModeCmd), (24 bytes).
    Removing stm32f4xx_rcc.o(i.RCC_APB2PeriphResetCmd), (24 bytes).
    Removing stm32f4xx_rcc.o(i.RCC_AdjustHSICalibrationValue), (20 bytes).
    Removing stm32f4xx_rcc.o(i.RCC_BackupResetCmd), (12 bytes).
    Removing stm32f4xx_rcc.o(i.RCC_ClearFlag), (16 bytes).
    Removing stm32f4xx_rcc.o(i.RCC_ClearITPendingBit), (12 bytes).
    Removing stm32f4xx_rcc.o(i.RCC_ClockSecuritySystemCmd), (12 bytes).
    Removing stm32f4xx_rcc.o(i.RCC_DeInit), (60 bytes).
    Removing stm32f4xx_rcc.o(i.RCC_GetFlagStatus), (52 bytes).
    Removing stm32f4xx_rcc.o(i.RCC_GetITStatus), (20 bytes).
    Removing stm32f4xx_rcc.o(i.RCC_GetSYSCLKSource), (16 bytes).
    Removing stm32f4xx_rcc.o(i.RCC_HCLKConfig), (20 bytes).
    Removing stm32f4xx_rcc.o(i.RCC_HSEConfig), (16 bytes).
    Removing stm32f4xx_rcc.o(i.RCC_HSICmd), (12 bytes).
    Removing stm32f4xx_rcc.o(i.RCC_I2SCLKConfig), (12 bytes).
    Removing stm32f4xx_rcc.o(i.RCC_ITConfig), (24 bytes).
    Removing stm32f4xx_rcc.o(i.RCC_LSEConfig), (28 bytes).
    Removing stm32f4xx_rcc.o(i.RCC_LSICmd), (12 bytes).
    Removing stm32f4xx_rcc.o(i.RCC_MCO1Config), (20 bytes).
    Removing stm32f4xx_rcc.o(i.RCC_MCO2Config), (20 bytes).
    Removing stm32f4xx_rcc.o(i.RCC_PCLK1Config), (20 bytes).
    Removing stm32f4xx_rcc.o(i.RCC_PCLK2Config), (20 bytes).
    Removing stm32f4xx_rcc.o(i.RCC_PLLCmd), (12 bytes).
    Removing stm32f4xx_rcc.o(i.RCC_PLLConfig), (40 bytes).
    Removing stm32f4xx_rcc.o(i.RCC_PLLI2SCmd), (12 bytes).
    Removing stm32f4xx_rcc.o(i.RCC_PLLI2SConfig), (16 bytes).
    Removing stm32f4xx_rcc.o(i.RCC_RTCCLKCmd), (12 bytes).
    Removing stm32f4xx_rcc.o(i.RCC_RTCCLKConfig), (48 bytes).
    Removing stm32f4xx_rcc.o(i.RCC_SYSCLKConfig), (20 bytes).
    Removing stm32f4xx_rcc.o(i.RCC_WaitForHSEStartUp), (44 bytes).
    Removing stm32f4xx_rtc.o(.emb_text), (8 bytes).
    Removing stm32f4xx_rtc.o(i.RTC_AlarmCmd), (84 bytes).
    Removing stm32f4xx_rtc.o(i.RTC_AlarmStructInit), (20 bytes).
    Removing stm32f4xx_rtc.o(i.RTC_AlarmSubSecondConfig), (44 bytes).
    Removing stm32f4xx_rtc.o(i.RTC_Bcd2ToByte), (18 bytes).
    Removing stm32f4xx_rtc.o(i.RTC_BypassShadowCmd), (44 bytes).
    Removing stm32f4xx_rtc.o(i.RTC_ByteToBcd2), (24 bytes).
    Removing stm32f4xx_rtc.o(i.RTC_CalibOutputCmd), (44 bytes).
    Removing stm32f4xx_rtc.o(i.RTC_CalibOutputConfig), (40 bytes).
    Removing stm32f4xx_rtc.o(i.RTC_ClearFlag), (28 bytes).
    Removing stm32f4xx_rtc.o(i.RTC_ClearITPendingBit), (28 bytes).
    Removing stm32f4xx_rtc.o(i.RTC_CoarseCalibCmd), (60 bytes).
    Removing stm32f4xx_rtc.o(i.RTC_CoarseCalibConfig), (52 bytes).
    Removing stm32f4xx_rtc.o(i.RTC_DateStructInit), (14 bytes).
    Removing stm32f4xx_rtc.o(i.RTC_DayLightSavingConfig), (44 bytes).
    Removing stm32f4xx_rtc.o(i.RTC_DeInit), (152 bytes).
    Removing stm32f4xx_rtc.o(i.RTC_EnterInitMode), (60 bytes).
    Removing stm32f4xx_rtc.o(i.RTC_ExitInitMode), (16 bytes).
    Removing stm32f4xx_rtc.o(i.RTC_GetAlarm), (108 bytes).
    Removing stm32f4xx_rtc.o(i.RTC_GetAlarmSubSecond), (28 bytes).
    Removing stm32f4xx_rtc.o(i.RTC_GetDate), (72 bytes).
    Removing stm32f4xx_rtc.o(i.RTC_GetFlagStatus), (28 bytes).
    Removing stm32f4xx_rtc.o(i.RTC_GetITStatus), (56 bytes).
    Removing stm32f4xx_rtc.o(i.RTC_GetStoreOperation), (16 bytes).
    Removing stm32f4xx_rtc.o(i.RTC_GetSubSecond), (16 bytes).
    Removing stm32f4xx_rtc.o(i.RTC_GetTime), (76 bytes).
    Removing stm32f4xx_rtc.o(i.RTC_GetTimeStamp), (136 bytes).
    Removing stm32f4xx_rtc.o(i.RTC_GetTimeStampSubSecond), (12 bytes).
    Removing stm32f4xx_rtc.o(i.RTC_GetWakeUpCounter), (12 bytes).
    Removing stm32f4xx_rtc.o(i.RTC_ITConfig), (64 bytes).
    Removing stm32f4xx_rtc.o(i.RTC_Init), (80 bytes).
    Removing stm32f4xx_rtc.o(i.RTC_OutputConfig), (44 bytes).
    Removing stm32f4xx_rtc.o(i.RTC_OutputTypeConfig), (24 bytes).
    Removing stm32f4xx_rtc.o(i.RTC_ReadBackupRegister), (20 bytes).
    Removing stm32f4xx_rtc.o(i.RTC_RefClockCmd), (60 bytes).
    Removing stm32f4xx_rtc.o(i.RTC_SetAlarm), (164 bytes).
    Removing stm32f4xx_rtc.o(i.RTC_SetDate), (144 bytes).
    Removing stm32f4xx_rtc.o(i.RTC_SetTime), (152 bytes).
    Removing stm32f4xx_rtc.o(i.RTC_SetWakeUpCounter), (28 bytes).
    Removing stm32f4xx_rtc.o(i.RTC_SmoothCalibConfig), (76 bytes).
    Removing stm32f4xx_rtc.o(i.RTC_StructInit), (14 bytes).
    Removing stm32f4xx_rtc.o(i.RTC_SynchroShiftConfig), (88 bytes).
    Removing stm32f4xx_rtc.o(i.RTC_TamperCmd), (24 bytes).
    Removing stm32f4xx_rtc.o(i.RTC_TamperFilterConfig), (24 bytes).
    Removing stm32f4xx_rtc.o(i.RTC_TamperPinSelection), (24 bytes).
    Removing stm32f4xx_rtc.o(i.RTC_TamperPinsPrechargeDuration), (24 bytes).
    Removing stm32f4xx_rtc.o(i.RTC_TamperPullUpCmd), (28 bytes).
    Removing stm32f4xx_rtc.o(i.RTC_TamperSamplingFreqConfig), (24 bytes).
    Removing stm32f4xx_rtc.o(i.RTC_TamperTriggerConfig), (28 bytes).
    Removing stm32f4xx_rtc.o(i.RTC_TimeStampCmd), (48 bytes).
    Removing stm32f4xx_rtc.o(i.RTC_TimeStampOnTamperDetectionCmd), (28 bytes).
    Removing stm32f4xx_rtc.o(i.RTC_TimeStampPinSelection), (24 bytes).
    Removing stm32f4xx_rtc.o(i.RTC_TimeStructInit), (12 bytes).
    Removing stm32f4xx_rtc.o(i.RTC_WaitForSynchro), (76 bytes).
    Removing stm32f4xx_rtc.o(i.RTC_WakeUpClockConfig), (40 bytes).
    Removing stm32f4xx_rtc.o(i.RTC_WakeUpCmd), (88 bytes).
    Removing stm32f4xx_rtc.o(i.RTC_WriteBackupRegister), (20 bytes).
    Removing stm32f4xx_rtc.o(i.RTC_WriteProtectionCmd), (24 bytes).
    Removing stm32f4xx_sdio.o(.emb_text), (8 bytes).
    Removing stm32f4xx_sdio.o(i.SDIO_CEATAITCmd), (16 bytes).
    Removing stm32f4xx_sdio.o(i.SDIO_ClearFlag), (12 bytes).
    Removing stm32f4xx_sdio.o(i.SDIO_ClearITPendingBit), (12 bytes).
    Removing stm32f4xx_sdio.o(i.SDIO_ClockCmd), (12 bytes).
    Removing stm32f4xx_sdio.o(i.SDIO_CmdStructInit), (14 bytes).
    Removing stm32f4xx_sdio.o(i.SDIO_CommandCompletionCmd), (12 bytes).
    Removing stm32f4xx_sdio.o(i.SDIO_DMACmd), (12 bytes).
    Removing stm32f4xx_sdio.o(i.SDIO_DataConfig), (48 bytes).
    Removing stm32f4xx_sdio.o(i.SDIO_DataStructInit), (20 bytes).
    Removing stm32f4xx_sdio.o(i.SDIO_DeInit), (24 bytes).
    Removing stm32f4xx_sdio.o(i.SDIO_GetCommandResponse), (12 bytes).
    Removing stm32f4xx_sdio.o(i.SDIO_GetDataCounter), (12 bytes).
    Removing stm32f4xx_sdio.o(i.SDIO_GetFIFOCount), (12 bytes).
    Removing stm32f4xx_sdio.o(i.SDIO_GetFlagStatus), (20 bytes).
    Removing stm32f4xx_sdio.o(i.SDIO_GetITStatus), (20 bytes).
    Removing stm32f4xx_sdio.o(i.SDIO_GetPowerState), (16 bytes).
    Removing stm32f4xx_sdio.o(i.SDIO_GetResponse), (16 bytes).
    Removing stm32f4xx_sdio.o(i.SDIO_ITConfig), (24 bytes).
    Removing stm32f4xx_sdio.o(i.SDIO_Init), (44 bytes).
    Removing stm32f4xx_sdio.o(i.SDIO_ReadData), (12 bytes).
    Removing stm32f4xx_sdio.o(i.SDIO_SendCEATACmd), (12 bytes).
    Removing stm32f4xx_sdio.o(i.SDIO_SendCommand), (40 bytes).
    Removing stm32f4xx_sdio.o(i.SDIO_SendSDIOSuspendCmd), (12 bytes).
    Removing stm32f4xx_sdio.o(i.SDIO_SetPowerState), (12 bytes).
    Removing stm32f4xx_sdio.o(i.SDIO_SetSDIOOperation), (12 bytes).
    Removing stm32f4xx_sdio.o(i.SDIO_SetSDIOReadWaitMode), (12 bytes).
    Removing stm32f4xx_sdio.o(i.SDIO_StartSDIOReadWait), (12 bytes).
    Removing stm32f4xx_sdio.o(i.SDIO_StopSDIOReadWait), (12 bytes).
    Removing stm32f4xx_sdio.o(i.SDIO_StructInit), (16 bytes).
    Removing stm32f4xx_sdio.o(i.SDIO_WriteData), (12 bytes).
    Removing stm32f4xx_syscfg.o(.emb_text), (8 bytes).
    Removing stm32f4xx_syscfg.o(i.SYSCFG_CompensationCellCmd), (12 bytes).
    Removing stm32f4xx_syscfg.o(i.SYSCFG_DeInit), (24 bytes).
    Removing stm32f4xx_syscfg.o(i.SYSCFG_ETH_MediaInterfaceConfig), (12 bytes).
    Removing stm32f4xx_syscfg.o(i.SYSCFG_EXTILineConfig), (40 bytes).
    Removing stm32f4xx_syscfg.o(i.SYSCFG_GetCompensationCellStatus), (20 bytes).
    Removing stm32f4xx_syscfg.o(i.SYSCFG_MemoryRemapConfig), (12 bytes).
    Removing stm32f4xx_tim.o(.emb_text), (8 bytes).
    Removing stm32f4xx_tim.o(i.TIM_ARRPreloadConfig), (20 bytes).
    Removing stm32f4xx_tim.o(i.TIM_BDTRConfig), (34 bytes).
    Removing stm32f4xx_tim.o(i.TIM_BDTRStructInit), (18 bytes).
    Removing stm32f4xx_tim.o(i.TIM_CCPreloadControl), (20 bytes).
    Removing stm32f4xx_tim.o(i.TIM_CCxCmd), (22 bytes).
    Removing stm32f4xx_tim.o(i.TIM_CCxNCmd), (22 bytes).
    Removing stm32f4xx_tim.o(i.TIM_ClearFlag), (6 bytes).
    Removing stm32f4xx_tim.o(i.TIM_ClearOC1Ref), (12 bytes).
    Removing stm32f4xx_tim.o(i.TIM_ClearOC2Ref), (20 bytes).
    Removing stm32f4xx_tim.o(i.TIM_ClearOC3Ref), (12 bytes).
    Removing stm32f4xx_tim.o(i.TIM_ClearOC4Ref), (20 bytes).
    Removing stm32f4xx_tim.o(i.TIM_CounterModeConfig), (12 bytes).
    Removing stm32f4xx_tim.o(i.TIM_CtrlPWMOutputs), (22 bytes).
    Removing stm32f4xx_tim.o(i.TIM_DMACmd), (16 bytes).
    Removing stm32f4xx_tim.o(i.TIM_DMAConfig), (8 bytes).
    Removing stm32f4xx_tim.o(i.TIM_DeInit), (336 bytes).
    Removing stm32f4xx_tim.o(i.TIM_ETRClockMode1Config), (18 bytes).
    Removing stm32f4xx_tim.o(i.TIM_ETRClockMode2Config), (18 bytes).
    Removing stm32f4xx_tim.o(i.TIM_ETRConfig), (24 bytes).
    Removing stm32f4xx_tim.o(i.TIM_EncoderInterfaceConfig), (50 bytes).
    Removing stm32f4xx_tim.o(i.TIM_ForcedOC1Config), (12 bytes).
    Removing stm32f4xx_tim.o(i.TIM_ForcedOC2Config), (20 bytes).
    Removing stm32f4xx_tim.o(i.TIM_ForcedOC3Config), (12 bytes).
    Removing stm32f4xx_tim.o(i.TIM_ForcedOC4Config), (20 bytes).
    Removing stm32f4xx_tim.o(i.TIM_GenerateEvent), (4 bytes).
    Removing stm32f4xx_tim.o(i.TIM_GetCapture3), (4 bytes).
    Removing stm32f4xx_tim.o(i.TIM_GetCapture4), (4 bytes).
    Removing stm32f4xx_tim.o(i.TIM_GetCounter), (4 bytes).
    Removing stm32f4xx_tim.o(i.TIM_GetFlagStatus), (14 bytes).
    Removing stm32f4xx_tim.o(i.TIM_GetPrescaler), (4 bytes).
    Removing stm32f4xx_tim.o(i.TIM_ICInit), (172 bytes).
    Removing stm32f4xx_tim.o(i.TIM_ICStructInit), (16 bytes).
    Removing stm32f4xx_tim.o(i.TIM_ITRxExternalClockConfig), (18 bytes).
    Removing stm32f4xx_tim.o(i.TIM_InternalClockConfig), (10 bytes).
    Removing stm32f4xx_tim.o(i.TIM_OC1FastConfig), (12 bytes).
    Removing stm32f4xx_tim.o(i.TIM_OC1Init), (96 bytes).
    Removing stm32f4xx_tim.o(i.TIM_OC1NPolarityConfig), (12 bytes).
    Removing stm32f4xx_tim.o(i.TIM_OC1PolarityConfig), (12 bytes).
    Removing stm32f4xx_tim.o(i.TIM_OC1PreloadConfig), (12 bytes).
    Removing stm32f4xx_tim.o(i.TIM_OC2FastConfig), (20 bytes).
    Removing stm32f4xx_tim.o(i.TIM_OC2Init), (128 bytes).
    Removing stm32f4xx_tim.o(i.TIM_OC2NPolarityConfig), (20 bytes).
    Removing stm32f4xx_tim.o(i.TIM_OC2PolarityConfig), (20 bytes).
    Removing stm32f4xx_tim.o(i.TIM_OC2PreloadConfig), (20 bytes).
    Removing stm32f4xx_tim.o(i.TIM_OC3FastConfig), (12 bytes).
    Removing stm32f4xx_tim.o(i.TIM_OC3Init), (124 bytes).
    Removing stm32f4xx_tim.o(i.TIM_OC3NPolarityConfig), (20 bytes).
    Removing stm32f4xx_tim.o(i.TIM_OC3PolarityConfig), (20 bytes).
    Removing stm32f4xx_tim.o(i.TIM_OC3PreloadConfig), (12 bytes).
    Removing stm32f4xx_tim.o(i.TIM_OC4FastConfig), (20 bytes).
    Removing stm32f4xx_tim.o(i.TIM_OC4Init), (96 bytes).
    Removing stm32f4xx_tim.o(i.TIM_OC4PolarityConfig), (20 bytes).
    Removing stm32f4xx_tim.o(i.TIM_OC4PreloadConfig), (20 bytes).
    Removing stm32f4xx_tim.o(i.TIM_OCStructInit), (20 bytes).
    Removing stm32f4xx_tim.o(i.TIM_PrescalerConfig), (6 bytes).
    Removing stm32f4xx_tim.o(i.TIM_RemapConfig), (6 bytes).
    Removing stm32f4xx_tim.o(i.TIM_SelectCCDMA), (20 bytes).
    Removing stm32f4xx_tim.o(i.TIM_SelectCOM), (20 bytes).
    Removing stm32f4xx_tim.o(i.TIM_SelectHallSensor), (20 bytes).
    Removing stm32f4xx_tim.o(i.TIM_SelectOCxM), (74 bytes).
    Removing stm32f4xx_tim.o(i.TIM_SelectOnePulseMode), (16 bytes).
    Removing stm32f4xx_tim.o(i.TIM_SetAutoreload), (4 bytes).
    Removing stm32f4xx_tim.o(i.TIM_SetClockDivision), (16 bytes).
    Removing stm32f4xx_tim.o(i.TIM_SetCompare1), (4 bytes).
    Removing stm32f4xx_tim.o(i.TIM_SetCompare2), (4 bytes).
    Removing stm32f4xx_tim.o(i.TIM_SetCompare3), (4 bytes).
    Removing stm32f4xx_tim.o(i.TIM_SetCompare4), (4 bytes).
    Removing stm32f4xx_tim.o(i.TIM_SetCounter), (4 bytes).
    Removing stm32f4xx_tim.o(i.TIM_SetIC3Prescaler), (16 bytes).
    Removing stm32f4xx_tim.o(i.TIM_SetIC4Prescaler), (24 bytes).
    Removing stm32f4xx_tim.o(i.TIM_TIxExternalClockConfig), (46 bytes).
    Removing stm32f4xx_tim.o(i.TIM_UpdateDisableConfig), (20 bytes).
    Removing stm32f4xx_tim.o(i.TIM_UpdateRequestConfig), (20 bytes).
    Removing stm32f4xx_exti.o(.emb_text), (8 bytes).
    Removing stm32f4xx_exti.o(i.EXTI_ClearFlag), (12 bytes).
    Removing stm32f4xx_exti.o(i.EXTI_DeInit), (36 bytes).
    Removing stm32f4xx_exti.o(i.EXTI_GenerateSWInterrupt), (16 bytes).
    Removing stm32f4xx_exti.o(i.EXTI_GetFlagStatus), (20 bytes).
    Removing stm32f4xx_exti.o(i.EXTI_GetITStatus), (32 bytes).
    Removing stm32f4xx_exti.o(i.EXTI_Init), (112 bytes).
    Removing stm32f4xx_exti.o(i.EXTI_StructInit), (14 bytes).
    Removing stm32f4xx_dac.o(.emb_text), (8 bytes).
    Removing stm32f4xx_dac.o(i.DAC_ClearFlag), (12 bytes).
    Removing stm32f4xx_dac.o(i.DAC_ClearITPendingBit), (12 bytes).
    Removing stm32f4xx_dac.o(i.DAC_DMACmd), (24 bytes).
    Removing stm32f4xx_dac.o(i.DAC_DualSoftwareTriggerCmd), (28 bytes).
    Removing stm32f4xx_dac.o(i.DAC_GetDataOutputValue), (24 bytes).
    Removing stm32f4xx_dac.o(i.DAC_GetFlagStatus), (24 bytes).
    Removing stm32f4xx_dac.o(i.DAC_GetITStatus), (36 bytes).
    Removing stm32f4xx_dac.o(i.DAC_ITConfig), (24 bytes).
    Removing stm32f4xx_dac.o(i.DAC_SetDualChannelData), (28 bytes).
    Removing stm32f4xx_dac.o(i.DAC_SoftwareTriggerCmd), (28 bytes).
    Removing stm32f4xx_dac.o(i.DAC_StructInit), (12 bytes).
    Removing stm32f4xx_dac.o(i.DAC_WaveGenerationCmd), (24 bytes).
    Removing startup_stm32f4xx.o(HEAP), (512 bytes).
    Removing dneg.o(.text), (6 bytes).
    Removing dfixul.o(.text), (48 bytes).
    Removing cdcmple.o(.text), (40 bytes).

304 unused section(s) (total 9288 bytes) removed from the image.

==============================================================================

Image Symbol Table

    Local Symbols

    Symbol Name                              Value     Ov Type        Size  Object(Section)

    ../clib/microlib/division.c              0x00000000   Number         0  uidiv.o ABSOLUTE
    ../clib/microlib/division.c              0x00000000   Number         0  uldiv.o ABSOLUTE
    ../clib/microlib/errno.c                 0x00000000   Number         0  errno.o ABSOLUTE
    ../clib/microlib/init/entry.s            0x00000000   Number         0  entry.o ABSOLUTE
    ../clib/microlib/init/entry.s            0x00000000   Number         0  entry5.o ABSOLUTE
    ../clib/microlib/init/entry.s            0x00000000   Number         0  entry9b.o ABSOLUTE
    ../clib/microlib/init/entry.s            0x00000000   Number         0  entry2.o ABSOLUTE
    ../clib/microlib/init/entry.s            0x00000000   Number         0  entry11b.o ABSOLUTE
    ../clib/microlib/init/entry.s            0x00000000   Number         0  entry7a.o ABSOLUTE
    ../clib/microlib/init/entry.s            0x00000000   Number         0  entry8a.o ABSOLUTE
    ../clib/microlib/init/entry.s            0x00000000   Number         0  entry11a.o ABSOLUTE
    ../clib/microlib/init/entry.s            0x00000000   Number         0  entry10b.o ABSOLUTE
    ../clib/microlib/init/entry.s            0x00000000   Number         0  entry9a.o ABSOLUTE
    ../clib/microlib/init/entry.s            0x00000000   Number         0  entry10a.o ABSOLUTE
    ../clib/microlib/init/entry.s            0x00000000   Number         0  entry7b.o ABSOLUTE
    ../clib/microlib/init/entry.s            0x00000000   Number         0  entry8b.o ABSOLUTE
    ../clib/microlib/longlong.c              0x00000000   Number         0  llushr.o ABSOLUTE
    ../clib/microlib/longlong.c              0x00000000   Number         0  llsshr.o ABSOLUTE
    ../clib/microlib/longlong.c              0x00000000   Number         0  llshl.o ABSOLUTE
    ../clib/microlib/printf/printf.c         0x00000000   Number         0  printf7.o ABSOLUTE
    ../clib/microlib/printf/printf.c         0x00000000   Number         0  printf8.o ABSOLUTE
    ../clib/microlib/printf/printf.c         0x00000000   Number         0  printfa.o ABSOLUTE
    ../clib/microlib/printf/printf.c         0x00000000   Number         0  printf2.o ABSOLUTE
    ../clib/microlib/printf/printf.c         0x00000000   Number         0  printf3.o ABSOLUTE
    ../clib/microlib/printf/printf.c         0x00000000   Number         0  printf4.o ABSOLUTE
    ../clib/microlib/printf/printf.c         0x00000000   Number         0  printf5.o ABSOLUTE
    ../clib/microlib/printf/printf.c         0x00000000   Number         0  printf6.o ABSOLUTE
    ../clib/microlib/printf/printf.c         0x00000000   Number         0  printf1.o ABSOLUTE
    ../clib/microlib/printf/printf.c         0x00000000   Number         0  printfb.o ABSOLUTE
    ../clib/microlib/printf/printf.c         0x00000000   Number         0  printf0.o ABSOLUTE
    ../clib/microlib/printf/stubs.s          0x00000000   Number         0  stubs.o ABSOLUTE
    ../clib/microlib/stdio/fputc.c           0x00000000   Number         0  fputc.o ABSOLUTE
    ../clib/microlib/stdio/semi.s            0x00000000   Number         0  semi.o ABSOLUTE
    ../clib/microlib/stdio/streams.c         0x00000000   Number         0  stdout.o ABSOLUTE
    ../clib/microlib/string/memcpy.c         0x00000000   Number         0  memcpya.o ABSOLUTE
    ../clib/microlib/string/memcpy.c         0x00000000   Number         0  memcpyb.o ABSOLUTE
    ../clib/microlib/stubs.s                 0x00000000   Number         0  iusefp.o ABSOLUTE
    ../clib/microlib/stubs.s                 0x00000000   Number         0  iusesemip.o ABSOLUTE
    ../fplib/microlib/fpadd.c                0x00000000   Number         0  dadd.o ABSOLUTE
    ../fplib/microlib/fpdiv.c                0x00000000   Number         0  ddiv.o ABSOLUTE
    ../fplib/microlib/fpepilogue.c           0x00000000   Number         0  depilogue.o ABSOLUTE
    ../fplib/microlib/fpfix.c                0x00000000   Number         0  dfixi.o ABSOLUTE
    ../fplib/microlib/fpfix.c                0x00000000   Number         0  dfixul.o ABSOLUTE
    ../fplib/microlib/fpflt.c                0x00000000   Number         0  dflti.o ABSOLUTE
    ../fplib/microlib/fpmul.c                0x00000000   Number         0  dmul.o ABSOLUTE
    ../fplib/microlib/fpneg.c                0x00000000   Number         0  dneg.o ABSOLUTE
    ../fplib/microlib/fpscalb.c              0x00000000   Number         0  dscalb.o ABSOLUTE
    ../fplib/microlib/fpsqrt.c               0x00000000   Number         0  dsqrt.o ABSOLUTE
    ../mathlib/dunder.c                      0x00000000   Number         0  dunder.o ABSOLUTE
    ../mathlib/fabs.c                        0x00000000   Number         0  fabs.o ABSOLUTE
    ../mathlib/fpclassify.c                  0x00000000   Number         0  fpclassify.o ABSOLUTE
    ../mathlib/poly.c                        0x00000000   Number         0  poly.o ABSOLUTE
    ../mathlib/pow.c                         0x00000000   Number         0  pow.o ABSOLUTE
    ../mathlib/pow.c                         0x00000000   Number         0  pow_x.o ABSOLUTE
    ../mathlib/qnan.c                        0x00000000   Number         0  qnan.o ABSOLUTE
    ../mathlib/sqrt.c                        0x00000000   Number         0  sqrt.o ABSOLUTE
    ../mathlib/sqrt.c                        0x00000000   Number         0  sqrt_x.o ABSOLUTE
    ..\..\Libraries\CMSIS\ST\STM32F4xx\Source\Templates\arm\startup_stm32f4xx.s 0x00000000   Number         0  startup_stm32f4xx.o ABSOLUTE
    ..\..\Libraries\STM32F4xx_StdPeriph_Driver\src\misc.c 0x00000000   Number         0  misc.o ABSOLUTE
    ..\..\Libraries\STM32F4xx_StdPeriph_Driver\src\stm32f4xx_dac.c 0x00000000   Number         0  stm32f4xx_dac.o ABSOLUTE
    ..\..\Libraries\STM32F4xx_StdPeriph_Driver\src\stm32f4xx_exti.c 0x00000000   Number         0  stm32f4xx_exti.o ABSOLUTE
    ..\..\Libraries\STM32F4xx_StdPeriph_Driver\src\stm32f4xx_gpio.c 0x00000000   Number         0  stm32f4xx_gpio.o ABSOLUTE
    ..\..\Libraries\STM32F4xx_StdPeriph_Driver\src\stm32f4xx_rcc.c 0x00000000   Number         0  stm32f4xx_rcc.o ABSOLUTE
    ..\..\Libraries\STM32F4xx_StdPeriph_Driver\src\stm32f4xx_rtc.c 0x00000000   Number         0  stm32f4xx_rtc.o ABSOLUTE
    ..\..\Libraries\STM32F4xx_StdPeriph_Driver\src\stm32f4xx_sdio.c 0x00000000   Number         0  stm32f4xx_sdio.o ABSOLUTE
    ..\..\Libraries\STM32F4xx_StdPeriph_Driver\src\stm32f4xx_syscfg.c 0x00000000   Number         0  stm32f4xx_syscfg.o ABSOLUTE
    ..\..\Libraries\STM32F4xx_StdPeriph_Driver\src\stm32f4xx_tim.c 0x00000000   Number         0  stm32f4xx_tim.o ABSOLUTE
    ..\..\Utilities\STM32F4-Discovery\stm32f4_discovery.c 0x00000000   Number         0  stm32f4_discovery.o ABSOLUTE
    ..\DAC.c                                 0x00000000   Number         0  dac.o ABSOLUTE
    ..\DDS.c                                 0x00000000   Number         0  dds.o ABSOLUTE
    ..\FreqMeter.c                           0x00000000   Number         0  freqmeter.o ABSOLUTE
    ..\LCD.c                                 0x00000000   Number         0  lcd.o ABSOLUTE
    ..\LED.c                                 0x00000000   Number         0  led.o ABSOLUTE
    ..\SWT.c                                 0x00000000   Number         0  swt.o ABSOLUTE
    ..\Sqaure.c                              0x00000000   Number         0  sqaure.o ABSOLUTE
    ..\\..\\Libraries\\STM32F4xx_StdPeriph_Driver\\src\\misc.c 0x00000000   Number         0  misc.o ABSOLUTE
    ..\\..\\Libraries\\STM32F4xx_StdPeriph_Driver\\src\\stm32f4xx_dac.c 0x00000000   Number         0  stm32f4xx_dac.o ABSOLUTE
    ..\\..\\Libraries\\STM32F4xx_StdPeriph_Driver\\src\\stm32f4xx_exti.c 0x00000000   Number         0  stm32f4xx_exti.o ABSOLUTE
    ..\\..\\Libraries\\STM32F4xx_StdPeriph_Driver\\src\\stm32f4xx_gpio.c 0x00000000   Number         0  stm32f4xx_gpio.o ABSOLUTE
    ..\\..\\Libraries\\STM32F4xx_StdPeriph_Driver\\src\\stm32f4xx_rcc.c 0x00000000   Number         0  stm32f4xx_rcc.o ABSOLUTE
    ..\\..\\Libraries\\STM32F4xx_StdPeriph_Driver\\src\\stm32f4xx_rtc.c 0x00000000   Number         0  stm32f4xx_rtc.o ABSOLUTE
    ..\\..\\Libraries\\STM32F4xx_StdPeriph_Driver\\src\\stm32f4xx_sdio.c 0x00000000   Number         0  stm32f4xx_sdio.o ABSOLUTE
    ..\\..\\Libraries\\STM32F4xx_StdPeriph_Driver\\src\\stm32f4xx_syscfg.c 0x00000000   Number         0  stm32f4xx_syscfg.o ABSOLUTE
    ..\\..\\Libraries\\STM32F4xx_StdPeriph_Driver\\src\\stm32f4xx_tim.c 0x00000000   Number         0  stm32f4xx_tim.o ABSOLUTE
    ..\\..\\Utilities\\STM32F4-Discovery\\stm32f4_discovery.c 0x00000000   Number         0  stm32f4_discovery.o ABSOLUTE
    ..\\DAC.c                                0x00000000   Number         0  dac.o ABSOLUTE
    ..\\DDS.c                                0x00000000   Number         0  dds.o ABSOLUTE
    ..\\FreqMeter.c                          0x00000000   Number         0  freqmeter.o ABSOLUTE
    ..\\LCD.c                                0x00000000   Number         0  lcd.o ABSOLUTE
    ..\\LED.c                                0x00000000   Number         0  led.o ABSOLUTE
    ..\\SWT.c                                0x00000000   Number         0  swt.o ABSOLUTE
    ..\\Sqaure.c                             0x00000000   Number         0  sqaure.o ABSOLUTE
    ..\\main_2.c                             0x00000000   Number         0  main_2.o ABSOLUTE
    ..\\stm32f4xx_it.c                       0x00000000   Number         0  stm32f4xx_it.o ABSOLUTE
    ..\\system_stm32f4xx.c                   0x00000000   Number         0  system_stm32f4xx.o ABSOLUTE
    ..\\timer.c                              0x00000000   Number         0  timer.o ABSOLUTE
    ..\main_2.c                              0x00000000   Number         0  main_2.o ABSOLUTE
    ..\stm32f4xx_it.c                        0x00000000   Number         0  stm32f4xx_it.o ABSOLUTE
    ..\system_stm32f4xx.c                    0x00000000   Number         0  system_stm32f4xx.o ABSOLUTE
    ..\timer.c                               0x00000000   Number         0  timer.o ABSOLUTE
    cdcmple.s                                0x00000000   Number         0  cdcmple.o ABSOLUTE
    cdrcmple.s                               0x00000000   Number         0  cdrcmple.o ABSOLUTE
    dc.s                                     0x00000000   Number         0  dc.o ABSOLUTE
    handlers.s                               0x00000000   Number         0  handlers.o ABSOLUTE
    init.s                                   0x00000000   Number         0  init.o ABSOLUTE
    RESET                                    0x08000000   Section      392  startup_stm32f4xx.o(RESET)
    .ARM.Collect$$$$00000000                 0x08000188   Section        0  entry.o(.ARM.Collect$$$$00000000)
    .ARM.Collect$$$$00000001                 0x08000188   Section        4  entry2.o(.ARM.Collect$$$$00000001)
    .ARM.Collect$$$$00000004                 0x0800018c   Section        4  entry5.o(.ARM.Collect$$$$00000004)
    .ARM.Collect$$$$00000008                 0x08000190   Section        0  entry7b.o(.ARM.Collect$$$$00000008)
    .ARM.Collect$$$$0000000A                 0x08000190   Section        0  entry8b.o(.ARM.Collect$$$$0000000A)
    .ARM.Collect$$$$0000000B                 0x08000190   Section        8  entry9a.o(.ARM.Collect$$$$0000000B)
    .ARM.Collect$$$$0000000D                 0x08000198   Section        0  entry10a.o(.ARM.Collect$$$$0000000D)
    .ARM.Collect$$$$0000000F                 0x08000198   Section        0  entry11a.o(.ARM.Collect$$$$0000000F)
    .ARM.Collect$$$$00002712                 0x08000198   Section        4  entry2.o(.ARM.Collect$$$$00002712)
    __lit__00000000                          0x08000198   Data           4  entry2.o(.ARM.Collect$$$$00002712)
    .text                                    0x0800019c   Section       36  startup_stm32f4xx.o(.text)
    $v0                                      0x0800019c   Number         0  startup_stm32f4xx.o(.text)
    .text                                    0x080001c0   Section        0  memcpya.o(.text)
    .text                                    0x080001e4   Section        0  dadd.o(.text)
    .text                                    0x08000332   Section        0  dmul.o(.text)
    .text                                    0x08000416   Section        0  ddiv.o(.text)
    .text                                    0x080004f4   Section        0  dfixi.o(.text)
    .text                                    0x08000532   Section        0  uidiv.o(.text)
    .text                                    0x0800055e   Section        0  llshl.o(.text)
    .text                                    0x0800057c   Section        0  llushr.o(.text)
    .text                                    0x0800059c   Section        0  llsshr.o(.text)
    .text                                    0x080005c0   Section        0  iusefp.o(.text)
    .text                                    0x080005c0   Section        0  depilogue.o(.text)
    .text                                    0x0800067e   Section        0  dscalb.o(.text)
    .text                                    0x080006ac   Section        0  dflti.o(.text)
    .text                                    0x080006d0   Section       40  cdrcmple.o(.text)
    .text                                    0x080006f8   Section       36  init.o(.text)
    .text                                    0x0800071c   Section        0  dsqrt.o(.text)
    i.BTN_Init                               0x080007c0   Section        0  swt.o(i.BTN_Init)
    i.BusFault_Handler                       0x080007f8   Section        0  stm32f4xx_it.o(i.BusFault_Handler)
    i.DAC_Ch1_NoiseConfig                    0x080007fc   Section        0  dac.o(i.DAC_Ch1_NoiseConfig)
    i.DAC_Ch2_TriangleConfig                 0x08000834   Section        0  dac.o(i.DAC_Ch2_TriangleConfig)
    i.DAC_Cmd                                0x0800086c   Section        0  stm32f4xx_dac.o(i.DAC_Cmd)
    i.DAC_DeInit                             0x08000884   Section        0  stm32f4xx_dac.o(i.DAC_DeInit)
    i.DAC_Init                               0x0800089c   Section        0  stm32f4xx_dac.o(i.DAC_Init)
    i.DAC_SetChannel1Data                    0x080008c4   Section        0  stm32f4xx_dac.o(i.DAC_SetChannel1Data)
    i.DAC_SetChannel2Data                    0x080008d8   Section        0  stm32f4xx_dac.o(i.DAC_SetChannel2Data)
    i.DACs_Init                              0x080008ec   Section        0  dac.o(i.DACs_Init)
    i.DDS_Default_Init                       0x08000928   Section        0  dds.o(i.DDS_Default_Init)
    i.DDS_Init                               0x0800097c   Section        0  dds.o(i.DDS_Init)
    i.DDS_Set                                0x080009cc   Section        0  dds.o(i.DDS_Set)
    i.DDS_Write_Data                         0x08000a7c   Section        0  dds.o(i.DDS_Write_Data)
    i.Data_Low                               0x08000a8c   Section        0  dds.o(i.Data_Low)
    i.DebugMon_Handler                       0x08000a9c   Section        0  stm32f4xx_it.o(i.DebugMon_Handler)
    i.Delay                                  0x08000aa0   Section        0  main_2.o(i.Delay)
    i.EXTI0_IRQHandler                       0x08000ab4   Section        0  main_2.o(i.EXTI0_IRQHandler)
    i.EXTI_ClearITPendingBit                 0x08000b64   Section        0  stm32f4xx_exti.o(i.EXTI_ClearITPendingBit)
    i.Freq_Meter_Init                        0x08000b70   Section        0  freqmeter.o(i.Freq_Meter_Init)
    i.GPIO_Init                              0x08000bc8   Section        0  stm32f4xx_gpio.o(i.GPIO_Init)
    i.GPIO_PinAFConfig                       0x08000c6a   Section        0  stm32f4xx_gpio.o(i.GPIO_PinAFConfig)
    i.HardFault_Handler                      0x08000c8a   Section        0  stm32f4xx_it.o(i.HardFault_Handler)
    i.LCD_Clear                              0x08000c8c   Section        0  lcd.o(i.LCD_Clear)
    i.LCD_Clk                                0x08000ca8   Section        0  lcd.o(i.LCD_Clk)
    i.LCD_DriverOn                           0x08000cc4   Section        0  lcd.o(i.LCD_DriverOn)
    i.LCD_GotoXY                             0x08000cd4   Section        0  lcd.o(i.LCD_GotoXY)
    i.LCD_Init                               0x08000d08   Section        0  lcd.o(i.LCD_Init)
    i.LCD_Initpins                           0x08000d68   Section        0  lcd.o(i.LCD_Initpins)
    i.LCD_On                                 0x08000e50   Section        0  lcd.o(i.LCD_On)
    i.LCD_PutS                               0x08000e68   Section        0  lcd.o(i.LCD_PutS)
    i.LCD_Write                              0x08000e90   Section        0  lcd.o(i.LCD_Write)
    i.MemManage_Handler                      0x08000ec8   Section        0  stm32f4xx_it.o(i.MemManage_Handler)
    i.NMI_Handler                            0x08000eca   Section        0  stm32f4xx_it.o(i.NMI_Handler)
    i.NVIC_Init                              0x08000ecc   Section        0  misc.o(i.NVIC_Init)
    i.PendSV_Handler                         0x08000f30   Section        0  stm32f4xx_it.o(i.PendSV_Handler)
    i.Pulse_Clock                            0x08000f34   Section        0  dds.o(i.Pulse_Clock)
    i.Pulse_Frequency                        0x08000f54   Section        0  dds.o(i.Pulse_Frequency)
    i.RCC_AHB1PeriphClockCmd                 0x08000f74   Section        0  stm32f4xx_rcc.o(i.RCC_AHB1PeriphClockCmd)
    i.RCC_APB1PeriphClockCmd                 0x08000f8c   Section        0  stm32f4xx_rcc.o(i.RCC_APB1PeriphClockCmd)
    i.RCC_APB1PeriphResetCmd                 0x08000fa4   Section        0  stm32f4xx_rcc.o(i.RCC_APB1PeriphResetCmd)
    i.RCC_GetClocksFreq                      0x08000fbc   Section        0  stm32f4xx_rcc.o(i.RCC_GetClocksFreq)
    i.SVC_Handler                            0x0800104c   Section        0  stm32f4xx_it.o(i.SVC_Handler)
    i.SWTS_Init                              0x08001050   Section        0  swt.o(i.SWTS_Init)
    i.SWT_Get                                0x08001084   Section        0  swt.o(i.SWT_Get)
    i.SetSysClock                            0x08001090   Section        0  system_stm32f4xx.o(i.SetSysClock)
    SetSysClock                              0x08001091   Thumb Code   162  system_stm32f4xx.o(i.SetSysClock)
    i.SysTick_Handler                        0x08001144   Section        0  main_2.o(i.SysTick_Handler)
    i.SystemCoreClockUpdate                  0x08001154   Section        0  system_stm32f4xx.o(i.SystemCoreClockUpdate)
    i.SystemInit                             0x080011cc   Section        0  system_stm32f4xx.o(i.SystemInit)
    i.TI1_Config                             0x08001228   Section        0  stm32f4xx_tim.o(i.TI1_Config)
    TI1_Config                               0x08001229   Thumb Code    46  stm32f4xx_tim.o(i.TI1_Config)
    i.TI2_Config                             0x08001256   Section        0  stm32f4xx_tim.o(i.TI2_Config)
    TI2_Config                               0x08001257   Thumb Code    54  stm32f4xx_tim.o(i.TI2_Config)
    i.TIM3_IRQHandler                        0x0800128c   Section        0  timer.o(i.TIM3_IRQHandler)
    i.TIM4_IRQHandler                        0x080012bc   Section        0  freqmeter.o(i.TIM4_IRQHandler)
    i.TIM6_Config                            0x0800130c   Section        0  dac.o(i.TIM6_Config)
    i.TIM_ClearITPendingBit                  0x08001350   Section        0  stm32f4xx_tim.o(i.TIM_ClearITPendingBit)
    i.TIM_Cmd                                0x08001356   Section        0  stm32f4xx_tim.o(i.TIM_Cmd)
    i.TIM_Config                             0x0800136c   Section        0  freqmeter.o(i.TIM_Config)
    i.TIM_GetCapture1                        0x080013cc   Section        0  stm32f4xx_tim.o(i.TIM_GetCapture1)
    i.TIM_GetCapture2                        0x080013d0   Section        0  stm32f4xx_tim.o(i.TIM_GetCapture2)
    i.TIM_GetITStatus                        0x080013d4   Section        0  stm32f4xx_tim.o(i.TIM_GetITStatus)
    i.TIM_ITConfig                           0x080013ec   Section        0  stm32f4xx_tim.o(i.TIM_ITConfig)
    i.TIM_PWMIConfig                         0x080013fc   Section        0  stm32f4xx_tim.o(i.TIM_PWMIConfig)
    i.TIM_SelectInputTrigger                 0x08001468   Section        0  stm32f4xx_tim.o(i.TIM_SelectInputTrigger)
    i.TIM_SelectMasterSlaveMode              0x08001474   Section        0  stm32f4xx_tim.o(i.TIM_SelectMasterSlaveMode)
    i.TIM_SelectOutputTrigger                0x08001484   Section        0  stm32f4xx_tim.o(i.TIM_SelectOutputTrigger)
    i.TIM_SelectSlaveMode                    0x08001494   Section        0  stm32f4xx_tim.o(i.TIM_SelectSlaveMode)
    i.TIM_SetIC1Prescaler                    0x080014a4   Section        0  stm32f4xx_tim.o(i.TIM_SetIC1Prescaler)
    i.TIM_SetIC2Prescaler                    0x080014b4   Section        0  stm32f4xx_tim.o(i.TIM_SetIC2Prescaler)
    i.TIM_TimeBaseInit                       0x080014cc   Section        0  stm32f4xx_tim.o(i.TIM_TimeBaseInit)
    i.TIM_TimeBaseStructInit                 0x08001548   Section        0  stm32f4xx_tim.o(i.TIM_TimeBaseStructInit)
    i.UsageFault_Handler                     0x0800155a   Section        0  stm32f4xx_it.o(i.UsageFault_Handler)
    i.__0sprintf$1                           0x0800155c   Section        0  printf1.o(i.__0sprintf$1)
    i.__ARM_fpclassify                       0x08001584   Section        0  fpclassify.o(i.__ARM_fpclassify)
    i.__hardfp_pow                           0x080015b8   Section        0  pow.o(i.__hardfp_pow)
    i.__kernel_poly                          0x08002248   Section        0  poly.o(i.__kernel_poly)
    i.__mathlib_dbl_underflow                0x08002340   Section        0  dunder.o(i.__mathlib_dbl_underflow)
    i.__scatterload_copy                     0x08002360   Section       14  handlers.o(i.__scatterload_copy)
    i.__scatterload_null                     0x0800236e   Section        2  handlers.o(i.__scatterload_null)
    i.__scatterload_zeroinit                 0x08002370   Section       14  handlers.o(i.__scatterload_zeroinit)
    i.__set_errno                            0x08002380   Section        0  errno.o(i.__set_errno)
    i._printf_core                           0x0800238c   Section        0  printf1.o(i._printf_core)
    _printf_core                             0x0800238d   Thumb Code   334  printf1.o(i._printf_core)
    i._sputc                                 0x080024e0   Section        0  printf1.o(i._sputc)
    _sputc                                   0x080024e1   Thumb Code    10  printf1.o(i._sputc)
    i.fabs                                   0x080024ea   Section        0  fabs.o(i.fabs)
    i.main                                   0x0800250c   Section        0  main_2.o(i.main)
    i.sqrt                                   0x080027b8   Section        0  sqrt.o(i.sqrt)
    .constdata                               0x08002828   Section      160  dds.o(.constdata)
    .constdata                               0x080028c8   Section       32  lcd.o(.constdata)
    .constdata                               0x080028e8   Section      136  pow.o(.constdata)
    bp                                       0x080028e8   Data          16  pow.o(.constdata)
    dp_h                                     0x080028f8   Data          16  pow.o(.constdata)
    dp_l                                     0x08002908   Data          16  pow.o(.constdata)
    L                                        0x08002918   Data          48  pow.o(.constdata)
    P                                        0x08002948   Data          40  pow.o(.constdata)
    .constdata                               0x08002970   Section        8  qnan.o(.constdata)
    .data                                    0x20000000   Section       20  system_stm32f4xx.o(.data)
    .data                                    0x20000014   Section        4  timer.o(.data)
    .data                                    0x20000018   Section       24  main_2.o(.data)
    .data                                    0x20000030   Section        6  freqmeter.o(.data)
    .data                                    0x20000036   Section       16  stm32f4xx_rcc.o(.data)
    APBAHBPrescTable                         0x20000036   Data          16  stm32f4xx_rcc.o(.data)
    .data                                    0x20000048   Section        4  errno.o(.data)
    _errno                                   0x20000048   Data           4  errno.o(.data)
    .bss                                     0x2000004c   Section       16  dac.o(.bss)
    .bss                                     0x2000005c   Section       10  freqmeter.o(.bss)
    STACK                                    0x20000068   Section     1024  startup_stm32f4xx.o(STACK)

    Global Symbols

    Symbol Name                              Value     Ov Type        Size  Object(Section)

    BuildAttributes$$THM_ISAv4$E$P$D$K$B$S$7EM$VFPi3$EXTD16$VFPS$VFMA$PE$A:L22UL41UL21$X:L11$S22US41US21$IEEE1$IW$USESV6$~STKCKD$USESV7$~SHL$OTIME$ROPI$IEEEX$EBA8$MICROLIB$REQ8$PRES8$EABIv2 0x00000000   Number         0  anon$$obj.o ABSOLUTE
    __ARM_use_no_argv                        0x00000000   Number         0  main_2.o ABSOLUTE
    _printf_a                                0x00000000   Number         0  stubs.o ABSOLUTE
    _printf_c                                0x00000000   Number         0  stubs.o ABSOLUTE
    _printf_charcount                        0x00000000   Number         0  stubs.o ABSOLUTE
    _printf_d                                0x00000000   Number         0  stubs.o ABSOLUTE
    _printf_e                                0x00000000   Number         0  stubs.o ABSOLUTE
    _printf_f                                0x00000000   Number         0  stubs.o ABSOLUTE
    _printf_flags                            0x00000000   Number         0  stubs.o ABSOLUTE
    _printf_fp_dec                           0x00000000   Number         0  stubs.o ABSOLUTE
    _printf_fp_hex                           0x00000000   Number         0  stubs.o ABSOLUTE
    _printf_g                                0x00000000   Number         0  stubs.o ABSOLUTE
    _printf_i                                0x00000000   Number         0  stubs.o ABSOLUTE
    _printf_int_dec                          0x00000000   Number         0  stubs.o ABSOLUTE
    _printf_l                                0x00000000   Number         0  stubs.o ABSOLUTE
    _printf_lc                               0x00000000   Number         0  stubs.o ABSOLUTE
    _printf_ll                               0x00000000   Number         0  stubs.o ABSOLUTE
    _printf_lld                              0x00000000   Number         0  stubs.o ABSOLUTE
    _printf_lli                              0x00000000   Number         0  stubs.o ABSOLUTE
    _printf_llo                              0x00000000   Number         0  stubs.o ABSOLUTE
    _printf_llu                              0x00000000   Number         0  stubs.o ABSOLUTE
    _printf_llx                              0x00000000   Number         0  stubs.o ABSOLUTE
    _printf_longlong_dec                     0x00000000   Number         0  stubs.o ABSOLUTE
    _printf_longlong_hex                     0x00000000   Number         0  stubs.o ABSOLUTE
    _printf_longlong_oct                     0x00000000   Number         0  stubs.o ABSOLUTE
    _printf_ls                               0x00000000   Number         0  stubs.o ABSOLUTE
    _printf_mbtowc                           0x00000000   Number         0  stubs.o ABSOLUTE
    _printf_n                                0x00000000   Number         0  stubs.o ABSOLUTE
    _printf_o                                0x00000000   Number         0  stubs.o ABSOLUTE
    _printf_p                                0x00000000   Number         0  stubs.o ABSOLUTE
    _printf_percent                          0x00000000   Number         0  stubs.o ABSOLUTE
    _printf_pre_padding                      0x00000000   Number         0  stubs.o ABSOLUTE
    _printf_return_value                     0x00000000   Number         0  stubs.o ABSOLUTE
    _printf_s                                0x00000000   Number         0  stubs.o ABSOLUTE
    _printf_sizespec                         0x00000000   Number         0  stubs.o ABSOLUTE
    _printf_str                              0x00000000   Number         0  stubs.o ABSOLUTE
    _printf_truncate_signed                  0x00000000   Number         0  stubs.o ABSOLUTE
    _printf_truncate_unsigned                0x00000000   Number         0  stubs.o ABSOLUTE
    _printf_u                                0x00000000   Number         0  stubs.o ABSOLUTE
    _printf_wc                               0x00000000   Number         0  stubs.o ABSOLUTE
    _printf_wctomb                           0x00000000   Number         0  stubs.o ABSOLUTE
    _printf_widthprec                        0x00000000   Number         0  stubs.o ABSOLUTE
    _printf_x                                0x00000000   Number         0  stubs.o ABSOLUTE
    __cpp_initialize__aeabi_                  - Undefined Weak Reference
    __cxa_finalize                            - Undefined Weak Reference
    __decompress                              - Undefined Weak Reference
    _clock_init                               - Undefined Weak Reference
    _microlib_exit                            - Undefined Weak Reference
    __Vectors_Size                           0x00000188   Number         0  startup_stm32f4xx.o ABSOLUTE
    __Vectors                                0x08000000   Data           4  startup_stm32f4xx.o(RESET)
    __Vectors_End                            0x08000188   Data           0  startup_stm32f4xx.o(RESET)
    __main                                   0x08000189   Thumb Code     0  entry.o(.ARM.Collect$$$$00000000)
    _main_stk                                0x08000189   Thumb Code     0  entry2.o(.ARM.Collect$$$$00000001)
    _main_scatterload                        0x0800018d   Thumb Code     0  entry5.o(.ARM.Collect$$$$00000004)
    __main_after_scatterload                 0x08000191   Thumb Code     0  entry5.o(.ARM.Collect$$$$00000004)
    _main_clock                              0x08000191   Thumb Code     0  entry7b.o(.ARM.Collect$$$$00000008)
    _main_cpp_init                           0x08000191   Thumb Code     0  entry8b.o(.ARM.Collect$$$$0000000A)
    _main_init                               0x08000191   Thumb Code     0  entry9a.o(.ARM.Collect$$$$0000000B)
    __rt_final_cpp                           0x08000199   Thumb Code     0  entry10a.o(.ARM.Collect$$$$0000000D)
    __rt_final_exit                          0x08000199   Thumb Code     0  entry11a.o(.ARM.Collect$$$$0000000F)
    Reset_Handler                            0x0800019d   Thumb Code     8  startup_stm32f4xx.o(.text)
    ADC_IRQHandler                           0x080001b7   Thumb Code     0  startup_stm32f4xx.o(.text)
    CAN1_RX0_IRQHandler                      0x080001b7   Thumb Code     0  startup_stm32f4xx.o(.text)
    CAN1_RX1_IRQHandler                      0x080001b7   Thumb Code     0  startup_stm32f4xx.o(.text)
    CAN1_SCE_IRQHandler                      0x080001b7   Thumb Code     0  startup_stm32f4xx.o(.text)
    CAN1_TX_IRQHandler                       0x080001b7   Thumb Code     0  startup_stm32f4xx.o(.text)
    CAN2_RX0_IRQHandler                      0x080001b7   Thumb Code     0  startup_stm32f4xx.o(.text)
    CAN2_RX1_IRQHandler                      0x080001b7   Thumb Code     0  startup_stm32f4xx.o(.text)
    CAN2_SCE_IRQHandler                      0x080001b7   Thumb Code     0  startup_stm32f4xx.o(.text)
    CAN2_TX_IRQHandler                       0x080001b7   Thumb Code     0  startup_stm32f4xx.o(.text)
    CRYP_IRQHandler                          0x080001b7   Thumb Code     0  startup_stm32f4xx.o(.text)
    DCMI_IRQHandler                          0x080001b7   Thumb Code     0  startup_stm32f4xx.o(.text)
    DMA1_Stream0_IRQHandler                  0x080001b7   Thumb Code     0  startup_stm32f4xx.o(.text)
    DMA1_Stream1_IRQHandler                  0x080001b7   Thumb Code     0  startup_stm32f4xx.o(.text)
    DMA1_Stream2_IRQHandler                  0x080001b7   Thumb Code     0  startup_stm32f4xx.o(.text)
    DMA1_Stream3_IRQHandler                  0x080001b7   Thumb Code     0  startup_stm32f4xx.o(.text)
    DMA1_Stream4_IRQHandler                  0x080001b7   Thumb Code     0  startup_stm32f4xx.o(.text)
    DMA1_Stream5_IRQHandler                  0x080001b7   Thumb Code     0  startup_stm32f4xx.o(.text)
    DMA1_Stream6_IRQHandler                  0x080001b7   Thumb Code     0  startup_stm32f4xx.o(.text)
    DMA1_Stream7_IRQHandler                  0x080001b7   Thumb Code     0  startup_stm32f4xx.o(.text)
    DMA2_Stream0_IRQHandler                  0x080001b7   Thumb Code     0  startup_stm32f4xx.o(.text)
    DMA2_Stream1_IRQHandler                  0x080001b7   Thumb Code     0  startup_stm32f4xx.o(.text)
    DMA2_Stream2_IRQHandler                  0x080001b7   Thumb Code     0  startup_stm32f4xx.o(.text)
    DMA2_Stream3_IRQHandler                  0x080001b7   Thumb Code     0  startup_stm32f4xx.o(.text)
    DMA2_Stream4_IRQHandler                  0x080001b7   Thumb Code     0  startup_stm32f4xx.o(.text)
    DMA2_Stream5_IRQHandler                  0x080001b7   Thumb Code     0  startup_stm32f4xx.o(.text)
    DMA2_Stream6_IRQHandler                  0x080001b7   Thumb Code     0  startup_stm32f4xx.o(.text)
    DMA2_Stream7_IRQHandler                  0x080001b7   Thumb Code     0  startup_stm32f4xx.o(.text)
    ETH_IRQHandler                           0x080001b7   Thumb Code     0  startup_stm32f4xx.o(.text)
    ETH_WKUP_IRQHandler                      0x080001b7   Thumb Code     0  startup_stm32f4xx.o(.text)
    EXTI15_10_IRQHandler                     0x080001b7   Thumb Code     0  startup_stm32f4xx.o(.text)
    EXTI1_IRQHandler                         0x080001b7   Thumb Code     0  startup_stm32f4xx.o(.text)
    EXTI2_IRQHandler                         0x080001b7   Thumb Code     0  startup_stm32f4xx.o(.text)
    EXTI3_IRQHandler                         0x080001b7   Thumb Code     0  startup_stm32f4xx.o(.text)
    EXTI4_IRQHandler                         0x080001b7   Thumb Code     0  startup_stm32f4xx.o(.text)
    EXTI9_5_IRQHandler                       0x080001b7   Thumb Code     0  startup_stm32f4xx.o(.text)
    FLASH_IRQHandler                         0x080001b7   Thumb Code     0  startup_stm32f4xx.o(.text)
    FPU_IRQHandler                           0x080001b7   Thumb Code     0  startup_stm32f4xx.o(.text)
    FSMC_IRQHandler                          0x080001b7   Thumb Code     0  startup_stm32f4xx.o(.text)
    HASH_RNG_IRQHandler                      0x080001b7   Thumb Code     0  startup_stm32f4xx.o(.text)
    I2C1_ER_IRQHandler                       0x080001b7   Thumb Code     0  startup_stm32f4xx.o(.text)
    I2C1_EV_IRQHandler                       0x080001b7   Thumb Code     0  startup_stm32f4xx.o(.text)
    I2C2_ER_IRQHandler                       0x080001b7   Thumb Code     0  startup_stm32f4xx.o(.text)
    I2C2_EV_IRQHandler                       0x080001b7   Thumb Code     0  startup_stm32f4xx.o(.text)
    I2C3_ER_IRQHandler                       0x080001b7   Thumb Code     0  startup_stm32f4xx.o(.text)
    I2C3_EV_IRQHandler                       0x080001b7   Thumb Code     0  startup_stm32f4xx.o(.text)
    OTG_FS_IRQHandler                        0x080001b7   Thumb Code     0  startup_stm32f4xx.o(.text)
    OTG_FS_WKUP_IRQHandler                   0x080001b7   Thumb Code     0  startup_stm32f4xx.o(.text)
    OTG_HS_EP1_IN_IRQHandler                 0x080001b7   Thumb Code     0  startup_stm32f4xx.o(.text)
    OTG_HS_EP1_OUT_IRQHandler                0x080001b7   Thumb Code     0  startup_stm32f4xx.o(.text)
    OTG_HS_IRQHandler                        0x080001b7   Thumb Code     0  startup_stm32f4xx.o(.text)
    OTG_HS_WKUP_IRQHandler                   0x080001b7   Thumb Code     0  startup_stm32f4xx.o(.text)
    PVD_IRQHandler                           0x080001b7   Thumb Code     0  startup_stm32f4xx.o(.text)
    RCC_IRQHandler                           0x080001b7   Thumb Code     0  startup_stm32f4xx.o(.text)
    RTC_Alarm_IRQHandler                     0x080001b7   Thumb Code     0  startup_stm32f4xx.o(.text)
    RTC_WKUP_IRQHandler                      0x080001b7   Thumb Code     0  startup_stm32f4xx.o(.text)
    SDIO_IRQHandler                          0x080001b7   Thumb Code     0  startup_stm32f4xx.o(.text)
    SPI1_IRQHandler                          0x080001b7   Thumb Code     0  startup_stm32f4xx.o(.text)
    SPI2_IRQHandler                          0x080001b7   Thumb Code     0  startup_stm32f4xx.o(.text)
    SPI3_IRQHandler                          0x080001b7   Thumb Code     0  startup_stm32f4xx.o(.text)
    TAMP_STAMP_IRQHandler                    0x080001b7   Thumb Code     0  startup_stm32f4xx.o(.text)
    TIM1_BRK_TIM9_IRQHandler                 0x080001b7   Thumb Code     0  startup_stm32f4xx.o(.text)
    TIM1_CC_IRQHandler                       0x080001b7   Thumb Code     0  startup_stm32f4xx.o(.text)
    TIM1_TRG_COM_TIM11_IRQHandler            0x080001b7   Thumb Code     0  startup_stm32f4xx.o(.text)
    TIM1_UP_TIM10_IRQHandler                 0x080001b7   Thumb Code     0  startup_stm32f4xx.o(.text)
    TIM2_IRQHandler                          0x080001b7   Thumb Code     0  startup_stm32f4xx.o(.text)
    TIM5_IRQHandler                          0x080001b7   Thumb Code     0  startup_stm32f4xx.o(.text)
    TIM6_DAC_IRQHandler                      0x080001b7   Thumb Code     0  startup_stm32f4xx.o(.text)
    TIM7_IRQHandler                          0x080001b7   Thumb Code     0  startup_stm32f4xx.o(.text)
    TIM8_BRK_TIM12_IRQHandler                0x080001b7   Thumb Code     0  startup_stm32f4xx.o(.text)
    TIM8_CC_IRQHandler                       0x080001b7   Thumb Code     0  startup_stm32f4xx.o(.text)
    TIM8_TRG_COM_TIM14_IRQHandler            0x080001b7   Thumb Code     0  startup_stm32f4xx.o(.text)
    TIM8_UP_TIM13_IRQHandler                 0x080001b7   Thumb Code     0  startup_stm32f4xx.o(.text)
    UART4_IRQHandler                         0x080001b7   Thumb Code     0  startup_stm32f4xx.o(.text)
    UART5_IRQHandler                         0x080001b7   Thumb Code     0  startup_stm32f4xx.o(.text)
    USART1_IRQHandler                        0x080001b7   Thumb Code     0  startup_stm32f4xx.o(.text)
    USART2_IRQHandler                        0x080001b7   Thumb Code     0  startup_stm32f4xx.o(.text)
    USART3_IRQHandler                        0x080001b7   Thumb Code     0  startup_stm32f4xx.o(.text)
    USART6_IRQHandler                        0x080001b7   Thumb Code     0  startup_stm32f4xx.o(.text)
    WWDG_IRQHandler                          0x080001b7   Thumb Code     0  startup_stm32f4xx.o(.text)
    __aeabi_memcpy                           0x080001c1   Thumb Code    36  memcpya.o(.text)
    __aeabi_memcpy4                          0x080001c1   Thumb Code     0  memcpya.o(.text)
    __aeabi_memcpy8                          0x080001c1   Thumb Code     0  memcpya.o(.text)
    __aeabi_dadd                             0x080001e5   Thumb Code   322  dadd.o(.text)
    __aeabi_dsub                             0x08000327   Thumb Code     6  dadd.o(.text)
    __aeabi_drsub                            0x0800032d   Thumb Code     6  dadd.o(.text)
    __aeabi_dmul                             0x08000333   Thumb Code   228  dmul.o(.text)
    __aeabi_ddiv                             0x08000417   Thumb Code   222  ddiv.o(.text)
    __aeabi_d2iz                             0x080004f5   Thumb Code    62  dfixi.o(.text)
    __aeabi_uidiv                            0x08000533   Thumb Code     0  uidiv.o(.text)
    __aeabi_uidivmod                         0x08000533   Thumb Code    44  uidiv.o(.text)
    __aeabi_llsl                             0x0800055f   Thumb Code    30  llshl.o(.text)
    _ll_shift_l                              0x0800055f   Thumb Code     0  llshl.o(.text)
    __aeabi_llsr                             0x0800057d   Thumb Code    32  llushr.o(.text)
    _ll_ushift_r                             0x0800057d   Thumb Code     0  llushr.o(.text)
    __aeabi_lasr                             0x0800059d   Thumb Code    36  llsshr.o(.text)
    _ll_sshift_r                             0x0800059d   Thumb Code     0  llsshr.o(.text)
    __I$use$fp                               0x080005c1   Thumb Code     0  iusefp.o(.text)
    _double_round                            0x080005c1   Thumb Code    26  depilogue.o(.text)
    _double_epilogue                         0x080005db   Thumb Code   164  depilogue.o(.text)
    __ARM_scalbn                             0x0800067f   Thumb Code    46  dscalb.o(.text)
    scalbn                                   0x0800067f   Thumb Code     0  dscalb.o(.text)
    __aeabi_i2d                              0x080006ad   Thumb Code    34  dflti.o(.text)
    __aeabi_cdrcmple                         0x080006d1   Thumb Code    38  cdrcmple.o(.text)
    __scatterload                            0x080006f9   Thumb Code    28  init.o(.text)
    __scatterload_rt2                        0x080006f9   Thumb Code     0  init.o(.text)
    _dsqrt                                   0x0800071d   Thumb Code   162  dsqrt.o(.text)
    BTN_Init                                 0x080007c1   Thumb Code    46  swt.o(i.BTN_Init)
    BusFault_Handler                         0x080007f9   Thumb Code     2  stm32f4xx_it.o(i.BusFault_Handler)
    DAC_Ch1_NoiseConfig                      0x080007fd   Thumb Code    52  dac.o(i.DAC_Ch1_NoiseConfig)
    DAC_Ch2_TriangleConfig                   0x08000835   Thumb Code    52  dac.o(i.DAC_Ch2_TriangleConfig)
    DAC_Cmd                                  0x0800086d   Thumb Code    20  stm32f4xx_dac.o(i.DAC_Cmd)
    DAC_DeInit                               0x08000885   Thumb Code    24  stm32f4xx_dac.o(i.DAC_DeInit)
    DAC_Init                                 0x0800089d   Thumb Code    36  stm32f4xx_dac.o(i.DAC_Init)
    DAC_SetChannel1Data                      0x080008c5   Thumb Code    14  stm32f4xx_dac.o(i.DAC_SetChannel1Data)
    DAC_SetChannel2Data                      0x080008d9   Thumb Code    14  stm32f4xx_dac.o(i.DAC_SetChannel2Data)
    DACs_Init                                0x080008ed   Thumb Code    52  dac.o(i.DACs_Init)
    DDS_Default_Init                         0x08000929   Thumb Code    80  dds.o(i.DDS_Default_Init)
    DDS_Init                                 0x0800097d   Thumb Code    70  dds.o(i.DDS_Init)
    DDS_Set                                  0x080009cd   Thumb Code   152  dds.o(i.DDS_Set)
    DDS_Write_Data                           0x08000a7d   Thumb Code    12  dds.o(i.DDS_Write_Data)
    Data_Low                                 0x08000a8d   Thumb Code    12  dds.o(i.Data_Low)
    DebugMon_Handler                         0x08000a9d   Thumb Code     2  stm32f4xx_it.o(i.DebugMon_Handler)
    Delay                                    0x08000aa1   Thumb Code    14  main_2.o(i.Delay)
    EXTI0_IRQHandler                         0x08000ab5   Thumb Code    90  main_2.o(i.EXTI0_IRQHandler)
    EXTI_ClearITPendingBit                   0x08000b65   Thumb Code     6  stm32f4xx_exti.o(i.EXTI_ClearITPendingBit)
    Freq_Meter_Init                          0x08000b71   Thumb Code    80  freqmeter.o(i.Freq_Meter_Init)
    GPIO_Init                                0x08000bc9   Thumb Code   162  stm32f4xx_gpio.o(i.GPIO_Init)
    GPIO_PinAFConfig                         0x08000c6b   Thumb Code    32  stm32f4xx_gpio.o(i.GPIO_PinAFConfig)
    HardFault_Handler                        0x08000c8b   Thumb Code     2  stm32f4xx_it.o(i.HardFault_Handler)
    LCD_Clear                                0x08000c8d   Thumb Code    22  lcd.o(i.LCD_Clear)
    LCD_Clk                                  0x08000ca9   Thumb Code    22  lcd.o(i.LCD_Clk)
    LCD_DriverOn                             0x08000cc5   Thumb Code    10  lcd.o(i.LCD_DriverOn)
    LCD_GotoXY                               0x08000cd5   Thumb Code    46  lcd.o(i.LCD_GotoXY)
    LCD_Init                                 0x08000d09   Thumb Code    86  lcd.o(i.LCD_Init)
    LCD_Initpins                             0x08000d69   Thumb Code   216  lcd.o(i.LCD_Initpins)
    LCD_On                                   0x08000e51   Thumb Code    16  lcd.o(i.LCD_On)
    LCD_PutS                                 0x08000e69   Thumb Code    34  lcd.o(i.LCD_PutS)
    LCD_Write                                0x08000e91   Thumb Code    52  lcd.o(i.LCD_Write)
    MemManage_Handler                        0x08000ec9   Thumb Code     2  stm32f4xx_it.o(i.MemManage_Handler)
    NMI_Handler                              0x08000ecb   Thumb Code     2  stm32f4xx_it.o(i.NMI_Handler)
    NVIC_Init                                0x08000ecd   Thumb Code    92  misc.o(i.NVIC_Init)
    PendSV_Handler                           0x08000f31   Thumb Code     2  stm32f4xx_it.o(i.PendSV_Handler)
    Pulse_Clock                              0x08000f35   Thumb Code    28  dds.o(i.Pulse_Clock)
    Pulse_Frequency                          0x08000f55   Thumb Code    28  dds.o(i.Pulse_Frequency)
    RCC_AHB1PeriphClockCmd                   0x08000f75   Thumb Code    18  stm32f4xx_rcc.o(i.RCC_AHB1PeriphClockCmd)
    RCC_APB1PeriphClockCmd                   0x08000f8d   Thumb Code    18  stm32f4xx_rcc.o(i.RCC_APB1PeriphClockCmd)
    RCC_APB1PeriphResetCmd                   0x08000fa5   Thumb Code    18  stm32f4xx_rcc.o(i.RCC_APB1PeriphResetCmd)
    RCC_GetClocksFreq                        0x08000fbd   Thumb Code   132  stm32f4xx_rcc.o(i.RCC_GetClocksFreq)
    SVC_Handler                              0x0800104d   Thumb Code     2  stm32f4xx_it.o(i.SVC_Handler)
    SWTS_Init                                0x08001051   Thumb Code    40  swt.o(i.SWTS_Init)
    SWT_Get                                  0x08001085   Thumb Code     6  swt.o(i.SWT_Get)
    SysTick_Handler                          0x08001145   Thumb Code    10  main_2.o(i.SysTick_Handler)
    SystemCoreClockUpdate                    0x08001155   Thumb Code   106  system_stm32f4xx.o(i.SystemCoreClockUpdate)
    SystemInit                               0x080011cd   Thumb Code    74  system_stm32f4xx.o(i.SystemInit)
    TIM3_IRQHandler                          0x0800128d   Thumb Code    38  timer.o(i.TIM3_IRQHandler)
    TIM4_IRQHandler                          0x080012bd   Thumb Code    70  freqmeter.o(i.TIM4_IRQHandler)
    TIM6_Config                              0x0800130d   Thumb Code    62  dac.o(i.TIM6_Config)
    TIM_ClearITPendingBit                    0x08001351   Thumb Code     6  stm32f4xx_tim.o(i.TIM_ClearITPendingBit)
    TIM_Cmd                                  0x08001357   Thumb Code    20  stm32f4xx_tim.o(i.TIM_Cmd)
    TIM_Config                               0x0800136d   Thumb Code    92  freqmeter.o(i.TIM_Config)
    TIM_GetCapture1                          0x080013cd   Thumb Code     4  stm32f4xx_tim.o(i.TIM_GetCapture1)
    TIM_GetCapture2                          0x080013d1   Thumb Code     4  stm32f4xx_tim.o(i.TIM_GetCapture2)
    TIM_GetITStatus                          0x080013d5   Thumb Code    24  stm32f4xx_tim.o(i.TIM_GetITStatus)
    TIM_ITConfig                             0x080013ed   Thumb Code    16  stm32f4xx_tim.o(i.TIM_ITConfig)
    TIM_PWMIConfig                           0x080013fd   Thumb Code   108  stm32f4xx_tim.o(i.TIM_PWMIConfig)
    TIM_SelectInputTrigger                   0x08001469   Thumb Code    12  stm32f4xx_tim.o(i.TIM_SelectInputTrigger)
    TIM_SelectMasterSlaveMode                0x08001475   Thumb Code    16  stm32f4xx_tim.o(i.TIM_SelectMasterSlaveMode)
    TIM_SelectOutputTrigger                  0x08001485   Thumb Code    16  stm32f4xx_tim.o(i.TIM_SelectOutputTrigger)
    TIM_SelectSlaveMode                      0x08001495   Thumb Code    16  stm32f4xx_tim.o(i.TIM_SelectSlaveMode)
    TIM_SetIC1Prescaler                      0x080014a5   Thumb Code    16  stm32f4xx_tim.o(i.TIM_SetIC1Prescaler)
    TIM_SetIC2Prescaler                      0x080014b5   Thumb Code    24  stm32f4xx_tim.o(i.TIM_SetIC2Prescaler)
    TIM_TimeBaseInit                         0x080014cd   Thumb Code    96  stm32f4xx_tim.o(i.TIM_TimeBaseInit)
    TIM_TimeBaseStructInit                   0x08001549   Thumb Code    18  stm32f4xx_tim.o(i.TIM_TimeBaseStructInit)
    UsageFault_Handler                       0x0800155b   Thumb Code     2  stm32f4xx_it.o(i.UsageFault_Handler)
    __0sprintf$1                             0x0800155d   Thumb Code    34  printf1.o(i.__0sprintf$1)
    __1sprintf$1                             0x0800155d   Thumb Code     0  printf1.o(i.__0sprintf$1)
    __2sprintf                               0x0800155d   Thumb Code     0  printf1.o(i.__0sprintf$1)
    __ARM_fpclassify                         0x08001585   Thumb Code    48  fpclassify.o(i.__ARM_fpclassify)
    __hardfp_pow                             0x080015b9   Thumb Code  3132  pow.o(i.__hardfp_pow)
    __kernel_poly                            0x08002249   Thumb Code   248  poly.o(i.__kernel_poly)
    __mathlib_dbl_underflow                  0x08002341   Thumb Code    24  dunder.o(i.__mathlib_dbl_underflow)
    __scatterload_copy                       0x08002361   Thumb Code    14  handlers.o(i.__scatterload_copy)
    __scatterload_null                       0x0800236f   Thumb Code     2  handlers.o(i.__scatterload_null)
    __scatterload_zeroinit                   0x08002371   Thumb Code    14  handlers.o(i.__scatterload_zeroinit)
    __set_errno                              0x08002381   Thumb Code     6  errno.o(i.__set_errno)
    fabs                                     0x080024eb   Thumb Code    32  fabs.o(i.fabs)
    main                                     0x0800250d   Thumb Code   494  main_2.o(i.main)
    sqrt                                     0x080027b9   Thumb Code   110  sqrt.o(i.sqrt)
    lcd_mask                                 0x080028c8   Data          32  lcd.o(.constdata)
    __mathlib_zero                           0x08002970   Data           8  qnan.o(.constdata)
    Region$$Table$$Base                      0x08002978   Number         0  anon$$obj.o(Region$$Table)
    Region$$Table$$Limit                     0x08002998   Number         0  anon$$obj.o(Region$$Table)
    SystemCoreClock                          0x20000000   Data           4  system_stm32f4xx.o(.data)
    AHBPrescTable                            0x20000004   Data          16  system_stm32f4xx.o(.data)
    counter                                  0x20000014   Data           4  timer.o(.data)
    function                                 0x20000018   Data           4  main_2.o(.data)
    msTicks                                  0x2000001c   Data           4  main_2.o(.data)
    currentFrequency                         0x20000020   Data           8  main_2.o(.data)
    increment                                0x20000028   Data           8  main_2.o(.data)
    DutyCycle                                0x20000030   Data           2  freqmeter.o(.data)
    Frequency                                0x20000032   Data           2  freqmeter.o(.data)
    IC2Value                                 0x20000034   Data           2  freqmeter.o(.data)
    DAC_InitStructure                        0x2000004c   Data          16  dac.o(.bss)
    TIM_ICInitStructure                      0x2000005c   Data          10  freqmeter.o(.bss)
    __initial_sp                             0x20000468   Data           0  startup_stm32f4xx.o(STACK)



==============================================================================

Memory Map of the image

  Image Entry point : 0x08000189

  Load Region LR_IROM1 (Base: 0x08000000, Size: 0x000029e4, Max: 0x00100000, ABSOLUTE)

    Execution Region ER_IROM1 (Base: 0x08000000, Size: 0x00002998, Max: 0x00100000, ABSOLUTE)

    Base Addr    Size         Type   Attr      Idx    E Section Name        Object

    0x08000000   0x00000188   Data   RO         2599    RESET               startup_stm32f4xx.o
    0x08000188   0x00000000   Code   RO         2618  * .ARM.Collect$$$$00000000  mc_w.l(entry.o)
    0x08000188   0x00000004   Code   RO         2919    .ARM.Collect$$$$00000001  mc_w.l(entry2.o)
    0x0800018c   0x00000004   Code   RO         2922    .ARM.Collect$$$$00000004  mc_w.l(entry5.o)
    0x08000190   0x00000000   Code   RO         2924    .ARM.Collect$$$$00000008  mc_w.l(entry7b.o)
    0x08000190   0x00000000   Code   RO         2926    .ARM.Collect$$$$0000000A  mc_w.l(entry8b.o)
    0x08000190   0x00000008   Code   RO         2927    .ARM.Collect$$$$0000000B  mc_w.l(entry9a.o)
    0x08000198   0x00000000   Code   RO         2929    .ARM.Collect$$$$0000000D  mc_w.l(entry10a.o)
    0x08000198   0x00000000   Code   RO         2931    .ARM.Collect$$$$0000000F  mc_w.l(entry11a.o)
    0x08000198   0x00000004   Code   RO         2920    .ARM.Collect$$$$00002712  mc_w.l(entry2.o)
    0x0800019c   0x00000024   Code   RO         2600    .text               startup_stm32f4xx.o
    0x080001c0   0x00000024   Code   RO         2621    .text               mc_w.l(memcpya.o)
    0x080001e4   0x0000014e   Code   RO         2886    .text               mf_w.l(dadd.o)
    0x08000332   0x000000e4   Code   RO         2888    .text               mf_w.l(dmul.o)
    0x08000416   0x000000de   Code   RO         2890    .text               mf_w.l(ddiv.o)
    0x080004f4   0x0000003e   Code   RO         2892    .text               mf_w.l(dfixi.o)
    0x08000532   0x0000002c   Code   RO         2936    .text               mc_w.l(uidiv.o)
    0x0800055e   0x0000001e   Code   RO         2940    .text               mc_w.l(llshl.o)
    0x0800057c   0x00000020   Code   RO         2942    .text               mc_w.l(llushr.o)
    0x0800059c   0x00000024   Code   RO         2944    .text               mc_w.l(llsshr.o)
    0x080005c0   0x00000000   Code   RO         2953    .text               mc_w.l(iusefp.o)
    0x080005c0   0x000000be   Code   RO         2954    .text               mf_w.l(depilogue.o)
    0x0800067e   0x0000002e   Code   RO         2958    .text               mf_w.l(dscalb.o)
    0x080006ac   0x00000022   Code   RO         2960    .text               mf_w.l(dflti.o)
    0x080006ce   0x00000002   PAD
    0x080006d0   0x00000028   Code   RO         2964    .text               mf_w.l(cdrcmple.o)
    0x080006f8   0x00000024   Code   RO         2966    .text               mc_w.l(init.o)
    0x0800071c   0x000000a2   Code   RO         2970    .text               mf_w.l(dsqrt.o)
    0x080007be   0x00000002   PAD
    0x080007c0   0x00000038   Code   RO          619    i.BTN_Init          swt.o
    0x080007f8   0x00000002   Code   RO          138    i.BusFault_Handler  stm32f4xx_it.o
    0x080007fa   0x00000002   PAD
    0x080007fc   0x00000038   Code   RO          661    i.DAC_Ch1_NoiseConfig  dac.o
    0x08000834   0x00000038   Code   RO          662    i.DAC_Ch2_TriangleConfig  dac.o
    0x0800086c   0x00000018   Code   RO         2485    i.DAC_Cmd           stm32f4xx_dac.o
    0x08000884   0x00000018   Code   RO         2487    i.DAC_DeInit        stm32f4xx_dac.o
    0x0800089c   0x00000028   Code   RO         2493    i.DAC_Init          stm32f4xx_dac.o
    0x080008c4   0x00000014   Code   RO         2494    i.DAC_SetChannel1Data  stm32f4xx_dac.o
    0x080008d8   0x00000014   Code   RO         2495    i.DAC_SetChannel2Data  stm32f4xx_dac.o
    0x080008ec   0x0000003c   Code   RO          663    i.DACs_Init         dac.o
    0x08000928   0x00000054   Code   RO          270    i.DDS_Default_Init  dds.o
    0x0800097c   0x00000050   Code   RO          271    i.DDS_Init          dds.o
    0x080009cc   0x000000b0   Code   RO          272    i.DDS_Set           dds.o
    0x08000a7c   0x00000010   Code   RO          273    i.DDS_Write_Data    dds.o
    0x08000a8c   0x00000010   Code   RO          274    i.Data_Low          dds.o
    0x08000a9c   0x00000002   Code   RO          139    i.DebugMon_Handler  stm32f4xx_it.o
    0x08000a9e   0x00000002   PAD
    0x08000aa0   0x00000014   Code   RO          527    i.Delay             main_2.o
    0x08000ab4   0x000000b0   Code   RO          528    i.EXTI0_IRQHandler  main_2.o
    0x08000b64   0x0000000c   Code   RO         2423    i.EXTI_ClearITPendingBit  stm32f4xx_exti.o
    0x08000b70   0x00000058   Code   RO          698    i.Freq_Meter_Init   freqmeter.o
    0x08000bc8   0x000000a2   Code   RO          906    i.GPIO_Init         stm32f4xx_gpio.o
    0x08000c6a   0x00000020   Code   RO          907    i.GPIO_PinAFConfig  stm32f4xx_gpio.o
    0x08000c8a   0x00000002   Code   RO          140    i.HardFault_Handler  stm32f4xx_it.o
    0x08000c8c   0x0000001c   Code   RO          349    i.LCD_Clear         lcd.o
    0x08000ca8   0x0000001c   Code   RO          350    i.LCD_Clk           lcd.o
    0x08000cc4   0x00000010   Code   RO          354    i.LCD_DriverOn      lcd.o
    0x08000cd4   0x00000034   Code   RO          357    i.LCD_GotoXY        lcd.o
    0x08000d08   0x00000060   Code   RO          358    i.LCD_Init          lcd.o
    0x08000d68   0x000000e8   Code   RO          359    i.LCD_Initpins      lcd.o
    0x08000e50   0x00000018   Code   RO          361    i.LCD_On            lcd.o
    0x08000e68   0x00000028   Code   RO          363    i.LCD_PutS          lcd.o
    0x08000e90   0x00000038   Code   RO          368    i.LCD_Write         lcd.o
    0x08000ec8   0x00000002   Code   RO          141    i.MemManage_Handler  stm32f4xx_it.o
    0x08000eca   0x00000002   Code   RO          142    i.NMI_Handler       stm32f4xx_it.o
    0x08000ecc   0x00000064   Code   RO          787    i.NVIC_Init         misc.o
    0x08000f30   0x00000002   Code   RO          143    i.PendSV_Handler    stm32f4xx_it.o
    0x08000f32   0x00000002   PAD
    0x08000f34   0x00000020   Code   RO          275    i.Pulse_Clock       dds.o
    0x08000f54   0x00000020   Code   RO          276    i.Pulse_Frequency   dds.o
    0x08000f74   0x00000018   Code   RO         1005    i.RCC_AHB1PeriphClockCmd  stm32f4xx_rcc.o
    0x08000f8c   0x00000018   Code   RO         1014    i.RCC_APB1PeriphClockCmd  stm32f4xx_rcc.o
    0x08000fa4   0x00000018   Code   RO         1016    i.RCC_APB1PeriphResetCmd  stm32f4xx_rcc.o
    0x08000fbc   0x00000090   Code   RO         1026    i.RCC_GetClocksFreq  stm32f4xx_rcc.o
    0x0800104c   0x00000002   Code   RO          144    i.SVC_Handler       stm32f4xx_it.o
    0x0800104e   0x00000002   PAD
    0x08001050   0x00000034   Code   RO          620    i.SWTS_Init         swt.o
    0x08001084   0x0000000c   Code   RO          622    i.SWT_Get           swt.o
    0x08001090   0x000000b4   Code   RO            2    i.SetSysClock       system_stm32f4xx.o
    0x08001144   0x00000010   Code   RO          529    i.SysTick_Handler   main_2.o
    0x08001154   0x00000078   Code   RO            3    i.SystemCoreClockUpdate  system_stm32f4xx.o
    0x080011cc   0x0000005c   Code   RO            4    i.SystemInit        system_stm32f4xx.o
    0x08001228   0x0000002e   Code   RO         1876    i.TI1_Config        stm32f4xx_tim.o
    0x08001256   0x00000036   Code   RO         1877    i.TI2_Config        stm32f4xx_tim.o
    0x0800128c   0x00000030   Code   RO          225    i.TIM3_IRQHandler   timer.o
    0x080012bc   0x00000050   Code   RO          699    i.TIM4_IRQHandler   freqmeter.o
    0x0800130c   0x00000044   Code   RO          664    i.TIM6_Config       dac.o
    0x08001350   0x00000006   Code   RO         1885    i.TIM_ClearITPendingBit  stm32f4xx_tim.o
    0x08001356   0x00000014   Code   RO         1890    i.TIM_Cmd           stm32f4xx_tim.o
    0x0800136a   0x00000002   PAD
    0x0800136c   0x00000060   Code   RO          700    i.TIM_Config        freqmeter.o
    0x080013cc   0x00000004   Code   RO         1905    i.TIM_GetCapture1   stm32f4xx_tim.o
    0x080013d0   0x00000004   Code   RO         1906    i.TIM_GetCapture2   stm32f4xx_tim.o
    0x080013d4   0x00000018   Code   RO         1911    i.TIM_GetITStatus   stm32f4xx_tim.o
    0x080013ec   0x00000010   Code   RO         1915    i.TIM_ITConfig      stm32f4xx_tim.o
    0x080013fc   0x0000006c   Code   RO         1938    i.TIM_PWMIConfig    stm32f4xx_tim.o
    0x08001468   0x0000000c   Code   RO         1944    i.TIM_SelectInputTrigger  stm32f4xx_tim.o
    0x08001474   0x00000010   Code   RO         1945    i.TIM_SelectMasterSlaveMode  stm32f4xx_tim.o
    0x08001484   0x00000010   Code   RO         1948    i.TIM_SelectOutputTrigger  stm32f4xx_tim.o
    0x08001494   0x00000010   Code   RO         1949    i.TIM_SelectSlaveMode  stm32f4xx_tim.o
    0x080014a4   0x00000010   Code   RO         1957    i.TIM_SetIC1Prescaler  stm32f4xx_tim.o
    0x080014b4   0x00000018   Code   RO         1958    i.TIM_SetIC2Prescaler  stm32f4xx_tim.o
    0x080014cc   0x0000007c   Code   RO         1962    i.TIM_TimeBaseInit  stm32f4xx_tim.o
    0x08001548   0x00000012   Code   RO         1963    i.TIM_TimeBaseStructInit  stm32f4xx_tim.o
    0x0800155a   0x00000002   Code   RO          145    i.UsageFault_Handler  stm32f4xx_it.o
    0x0800155c   0x00000028   Code   RO         2672    i.__0sprintf$1      mc_w.l(printf1.o)
    0x08001584   0x00000030   Code   RO         2902    i.__ARM_fpclassify  m_wm.l(fpclassify.o)
    0x080015b4   0x00000004   PAD
    0x080015b8   0x00000c90   Code   RO         2604    i.__hardfp_pow      m_wm.l(pow.o)
    0x08002248   0x000000f8   Code   RO         2904    i.__kernel_poly     m_wm.l(poly.o)
    0x08002340   0x00000020   Code   RO         2894    i.__mathlib_dbl_underflow  m_wm.l(dunder.o)
    0x08002360   0x0000000e   Code   RO         2976    i.__scatterload_copy  mc_w.l(handlers.o)
    0x0800236e   0x00000002   Code   RO         2977    i.__scatterload_null  mc_w.l(handlers.o)
    0x08002370   0x0000000e   Code   RO         2978    i.__scatterload_zeroinit  mc_w.l(handlers.o)
    0x0800237e   0x00000002   PAD
    0x08002380   0x0000000c   Code   RO         2948    i.__set_errno       mc_w.l(errno.o)
    0x0800238c   0x00000154   Code   RO         2677    i._printf_core      mc_w.l(printf1.o)
    0x080024e0   0x0000000a   Code   RO         2679    i._sputc            mc_w.l(printf1.o)
    0x080024ea   0x00000020   Code   RO         2898    i.fabs              m_wm.l(fabs.o)
    0x0800250a   0x00000002   PAD
    0x0800250c   0x000002ac   Code   RO          530    i.main              main_2.o
    0x080027b8   0x0000006e   Code   RO         2909    i.sqrt              m_wm.l(sqrt.o)
    0x08002826   0x00000002   PAD
    0x08002828   0x000000a0   Data   RO          277    .constdata          dds.o
    0x080028c8   0x00000020   Data   RO          370    .constdata          lcd.o
    0x080028e8   0x00000088   Data   RO         2607    .constdata          m_wm.l(pow.o)
    0x08002970   0x00000008   Data   RO         2906    .constdata          m_wm.l(qnan.o)
    0x08002978   0x00000020   Data   RO         2974    Region$$Table       anon$$obj.o


    Execution Region RW_IRAM1 (Base: 0x20000000, Size: 0x00000468, Max: 0x00020000, ABSOLUTE)

    Base Addr    Size         Type   Attr      Idx    E Section Name        Object

    0x20000000   0x00000014   Data   RW            5    .data               system_stm32f4xx.o
    0x20000014   0x00000004   Data   RW          228    .data               timer.o
    0x20000018   0x00000018   Data   RW          531    .data               main_2.o
    0x20000030   0x00000006   Data   RW          702    .data               freqmeter.o
    0x20000036   0x00000010   Data   RW         1049    .data               stm32f4xx_rcc.o
    0x20000046   0x00000002   PAD
    0x20000048   0x00000004   Data   RW         2949    .data               mc_w.l(errno.o)
    0x2000004c   0x00000010   Zero   RW          665    .bss                dac.o
    0x2000005c   0x0000000a   Zero   RW          701    .bss                freqmeter.o
    0x20000066   0x00000002   PAD
    0x20000068   0x00000400   Zero   RW         2597    STACK               startup_stm32f4xx.o


==============================================================================

Image component sizes


      Code (inc. data)   RO Data    RW Data    ZI Data      Debug   Object Name

       240         22          0          0         16       2173   dac.o
       436         54        160          0          0     212958   dds.o
       264         22          0          6         10       2324   freqmeter.o
       572         68         32          0          0       5524   lcd.o
       896        288          0         24          0      21481   main_2.o
       100          8          0          0          0       2824   misc.o
        36          8        392          0       1024        892   startup_stm32f4xx.o
       128         20          0          0          0       8534   stm32f4xx_dac.o
        12          6          0          0          0        561   stm32f4xx_exti.o
       194          0          0          0          0       8219   stm32f4xx_gpio.o
        16          0          0          0          0       3444   stm32f4xx_it.o
       216         30          0         16          0      17495   stm32f4xx_rcc.o
       524         28          0          0          0      31551   stm32f4xx_tim.o
       120         28          0          0          0       1273   swt.o
       392         50          0         20          0     257957   system_stm32f4xx.o
        48         10          0          4          0        929   timer.o

    ----------------------------------------------------------------------
      4204        642        616         72       1052     578139   Object Totals
         0          0         32          0          0          0   (incl. Generated)
        10          0          0          2          2          0   (incl. Padding)

    ----------------------------------------------------------------------

      Code (inc. data)   RO Data    RW Data    ZI Data      Debug   Library Member Name

        32          8          0          0          0        124   dunder.o
        32          0          0          0          0        124   fabs.o
        48          0          0          0          0        124   fpclassify.o
       248          0          0          0          0        152   poly.o
      3216        310        136          0          0        216   pow.o
         0          0          8          0          0          0   qnan.o
       110          0          0          0          0        148   sqrt.o
         0          0          0          0          0          0   entry.o
         0          0          0          0          0          0   entry10a.o
         0          0          0          0          0          0   entry11a.o
         8          4          0          0          0          0   entry2.o
         4          0          0          0          0          0   entry5.o
         0          0          0          0          0          0   entry7b.o
         0          0          0          0          0          0   entry8b.o
         8          4          0          0          0          0   entry9a.o
        12          6          0          4          0         68   errno.o
        30          0          0          0          0          0   handlers.o
        36          8          0          0          0         68   init.o
         0          0          0          0          0          0   iusefp.o
        30          0          0          0          0         68   llshl.o
        36          0          0          0          0         68   llsshr.o
        32          0          0          0          0         68   llushr.o
        36          0          0          0          0         68   memcpya.o
       390         12          0          0          0        248   printf1.o
        44          0          0          0          0         80   uidiv.o
        40          2          0          0          0         68   cdrcmple.o
       334          0          0          0          0        148   dadd.o
       222          0          0          0          0        100   ddiv.o
       190          0          0          0          0        176   depilogue.o
        62          0          0          0          0         80   dfixi.o
        34          0          0          0          0         76   dflti.o
       228          0          0          0          0         96   dmul.o
        46          0          0          0          0         80   dscalb.o
       162          0          0          0          0        100   dsqrt.o

    ----------------------------------------------------------------------
      5684        354        144          4          0       2548   Library Totals
        14          0          0          0          0          0   (incl. Padding)

    ----------------------------------------------------------------------

      Code (inc. data)   RO Data    RW Data    ZI Data      Debug   Library Name

      3686        318        144          0          0        888   m_wm.l
       666         34          0          4          0        736   mc_w.l
      1318          2          0          0          0        924   mf_w.l

    ----------------------------------------------------------------------
      5684        354        144          4          0       2548   Library Totals

    ----------------------------------------------------------------------

==============================================================================


      Code (inc. data)   RO Data    RW Data    ZI Data      Debug   

      9888        996        760         76       1052     572755   Grand Totals
      9888        996        760         76       1052     572755   ELF Image Totals
      9888        996        760         76          0          0   ROM Totals

==============================================================================

    Total RO  Size (Code + RO Data)                10648 (  10.40kB)
    Total RW  Size (RW Data + ZI Data)              1128 (   1.10kB)
    Total ROM Size (Code + RO Data + RW Data)      10724 (  10.47kB)

==============================================================================

