ARM Linker, 5.03 [Build 76] [MDK-ARM Lite]

==============================================================================

Section Cross References

    timer.o(i.TIM3_IRQHandler) refers to stm32f4xx_tim.o(i.TIM_GetITStatus) for TIM_GetITStatus
    timer.o(i.TIM3_IRQHandler) refers to stm32f4xx_tim.o(i.TIM_ClearITPendingBit) for TIM_ClearITPendingBit
    timer.o(i.TIM3_IRQHandler) refers to timer.o(.data) for counter
    timer.o(i.TIMER3_Config) refers to stm32f4xx_rcc.o(i.RCC_APB1PeriphClockCmd) for RCC_APB1PeriphClockCmd
    timer.o(i.TIMER3_Config) refers to misc.o(i.NVIC_Init) for NVIC_Init
    timer.o(i.TIMER3_Config) refers to stm32f4xx_tim.o(i.TIM_TimeBaseInit) for TIM_TimeBaseInit
    timer.o(i.TIMER3_Config) refers to stm32f4xx_tim.o(i.TIM_ITConfig) for TIM_ITConfig
    timer.o(i.TIMER3_Config) refers to stm32f4xx_tim.o(i.TIM_Cmd) for TIM_Cmd
    dds.o(i.DDS_Default_Init) refers to memcpya.o(.text) for __aeabi_memcpy4
    dds.o(i.DDS_Default_Init) refers to dds.o(i.Pulse_Clock) for Pulse_Clock
    dds.o(i.DDS_Default_Init) refers to main_2.o(i.Delay) for Delay
    dds.o(i.DDS_Default_Init) refers to dds.o(i.Pulse_Frequency) for Pulse_Frequency
    dds.o(i.DDS_Default_Init) refers to dds.o(i.Data_Low) for Data_Low
    dds.o(i.DDS_Default_Init) refers to dds.o(i.DDS_Write_Data) for DDS_Write_Data
    dds.o(i.DDS_Default_Init) refers to dds.o(.constdata) for .constdata
    dds.o(i.DDS_Set) refers to pow.o(i.__hardfp_pow) for __hardfp_pow
    dds.o(i.DDS_Set) refers to dmul.o(.text) for __aeabi_dmul
    dds.o(i.DDS_Set) refers to ddiv.o(.text) for __aeabi_ddiv
    dds.o(i.DDS_Set) refers to dfixi.o(.text) for __aeabi_d2iz
    dds.o(i.DDS_Set) refers to dds.o(i.Pulse_Clock) for Pulse_Clock
    dds.o(i.DDS_Set) refers to main_2.o(i.Delay) for Delay
    dds.o(i.DDS_Set) refers to dds.o(i.Pulse_Frequency) for Pulse_Frequency
    dds.o(i.DDS_Set) refers to dds.o(i.Data_Low) for Data_Low
    dds.o(i.DDS_Set) refers to dds.o(i.DDS_Write_Data) for DDS_Write_Data
    dds.o(i.Pulse_Clock) refers to main_2.o(i.Delay) for Delay
    dds.o(i.Pulse_Frequency) refers to main_2.o(i.Delay) for Delay
    lcd.o(i.LCD_Clear) refers to lcd.o(i.LCD_RWoff) for LCD_RWoff
    lcd.o(i.LCD_Clear) refers to lcd.o(i.LCD_RSoff) for LCD_RSoff
    lcd.o(i.LCD_Clear) refers to lcd.o(i.LCD_Write) for LCD_Write
    lcd.o(i.LCD_Clear) refers to main_2.o(i.Delay) for Delay
    lcd.o(i.LCD_Clk) refers to lcd.o(i.LCD_Eon) for LCD_Eon
    lcd.o(i.LCD_Clk) refers to main_2.o(i.Delay) for Delay
    lcd.o(i.LCD_Clk) refers to lcd.o(i.LCD_Eoff) for LCD_Eoff
    lcd.o(i.LCD_GotoXY) refers to lcd.o(i.LCD_RSoff) for LCD_RSoff
    lcd.o(i.LCD_GotoXY) refers to lcd.o(i.LCD_Write) for LCD_Write
    lcd.o(i.LCD_GotoXY) refers to main_2.o(i.Delay) for Delay
    lcd.o(i.LCD_Init) refers to main_2.o(i.Delay) for Delay
    lcd.o(i.LCD_Init) refers to lcd.o(i.LCD_Eoff) for LCD_Eoff
    lcd.o(i.LCD_Init) refers to lcd.o(i.LCD_RSoff) for LCD_RSoff
    lcd.o(i.LCD_Init) refers to lcd.o(i.LCD_RWoff) for LCD_RWoff
    lcd.o(i.LCD_Init) refers to lcd.o(i.LCD_DataWrite) for LCD_DataWrite
    lcd.o(i.LCD_Init) refers to lcd.o(i.LCD_Clk) for LCD_Clk
    lcd.o(i.LCD_Init) refers to lcd.o(i.LCD_Write) for LCD_Write
    lcd.o(i.LCD_Off) refers to lcd.o(.constdata) for lcd_mask
    lcd.o(i.LCD_On) refers to lcd.o(.constdata) for lcd_mask
    lcd.o(i.LCD_PutChar) refers to lcd.o(i.LCD_RSon) for LCD_RSon
    lcd.o(i.LCD_PutChar) refers to lcd.o(i.LCD_Write) for LCD_Write
    lcd.o(i.LCD_PutChar) refers to main_2.o(i.Delay) for Delay
    lcd.o(i.LCD_PutS) refers to lcd.o(i.LCD_RSon) for LCD_RSon
    lcd.o(i.LCD_PutS) refers to main_2.o(i.Delay) for Delay
    lcd.o(i.LCD_PutS) refers to lcd.o(i.LCD_RWoff) for LCD_RWoff
    lcd.o(i.LCD_PutS) refers to lcd.o(i.LCD_Write) for LCD_Write
    lcd.o(i.LCD_Write) refers to lcd.o(i.LCD_DataClear) for LCD_DataClear
    lcd.o(i.LCD_Write) refers to main_2.o(i.Delay) for Delay
    lcd.o(i.LCD_Write) refers to lcd.o(i.LCD_DataWrite) for LCD_DataWrite
    lcd.o(i.LCD_Write) refers to lcd.o(i.LCD_Clk) for LCD_Clk
    lcd.o(i.LCD_cursor_on) refers to lcd.o(i.LCD_RSoff) for LCD_RSoff
    lcd.o(i.LCD_cursor_on) refers to lcd.o(i.LCD_Write) for LCD_Write
    lcd.o(i.LCD_cursor_on) refers to main_2.o(i.Delay) for Delay
    led.o(i.LED_Off) refers to led.o(.constdata) for led_mask
    led.o(i.LED_On) refers to led.o(.constdata) for led_mask
    led.o(i.LED_Out) refers to led.o(i.LED_On) for LED_On
    led.o(i.LED_Out) refers to led.o(i.LED_Off) for LED_Off
    main_2.o(i.Config_menu_interrupt) refers to stm32f4xx_rcc.o(i.RCC_APB2PeriphClockCmd) for RCC_APB2PeriphClockCmd
    main_2.o(i.Config_menu_interrupt) refers to stm32f4xx_syscfg.o(i.SYSCFG_EXTILineConfig) for SYSCFG_EXTILineConfig
    main_2.o(i.Config_menu_interrupt) refers to stm32f4xx_exti.o(i.EXTI_Init) for EXTI_Init
    main_2.o(i.Config_menu_interrupt) refers to misc.o(i.NVIC_Init) for NVIC_Init
    main_2.o(i.Delay) refers to main_2.o(.data) for msTicks
[...]
    Removing stm32f4xx_sdio.o(.emb_text), (8 bytes).
    Removing stm32f4xx_sdio.o(i.SDIO_CEATAITCmd), (16 bytes).
    Removing stm32f4xx_sdio.o(i.SDIO_ClearFlag), (12 bytes).
    Removing stm32f4xx_sdio.o(i.SDIO_ClearITPendingBit), (12 bytes).
    Removing stm32f4xx_sdio.o(i.SDIO_ClockCmd), (12 bytes).
    Removing stm32f4xx_sdio.o(i.SDIO_CmdStructInit), (14 bytes).
    Removing stm32f4xx_sdio.o(i.SDIO_CommandCompletionCmd), (12 bytes).
    Removing stm32f4xx_sdio.o(i.SDIO_DMACmd), (12 bytes).
    Removing stm32f4xx_sdio.o(i.SDIO_DataConfig), (52 bytes).
    Removing stm32f4xx_sdio.o(i.SDIO_DataStructInit), (20 bytes).
    Removing stm32f4xx_sdio.o(i.SDIO_DeInit), (22 bytes).
    Removing stm32f4xx_sdio.o(i.SDIO_GetCommandResponse), (12 bytes).
    Removing stm32f4xx_sdio.o(i.SDIO_GetDataCounter), (12 bytes).
    Removing stm32f4xx_sdio.o(i.SDIO_GetFIFOCount), (12 bytes).
    Removing stm32f4xx_sdio.o(i.SDIO_GetFlagStatus), (24 bytes).
    Removing stm32f4xx_sdio.o(i.SDIO_GetITStatus), (24 bytes).
    Removing stm32f4xx_sdio.o(i.SDIO_GetPowerState), (16 bytes).
    Removing stm32f4xx_sdio.o(i.SDIO_GetResponse), (24 bytes).
    Removing stm32f4xx_sdio.o(i.SDIO_ITConfig), (32 bytes).
    Removing stm32f4xx_sdio.o(i.SDIO_Init), (48 bytes).
    Removing stm32f4xx_sdio.o(i.SDIO_ReadData), (12 bytes).
    Removing stm32f4xx_sdio.o(i.SDIO_SendCEATACmd), (12 bytes).
    Removing stm32f4xx_sdio.o(i.SDIO_SendCommand), (44 bytes).
    Removing stm32f4xx_sdio.o(i.SDIO_SendSDIOSuspendCmd), (12 bytes).
    Removing stm32f4xx_sdio.o(i.SDIO_SetPowerState), (12 bytes).
    Removing stm32f4xx_sdio.o(i.SDIO_SetSDIOOperation), (12 bytes).
    Removing stm32f4xx_sdio.o(i.SDIO_SetSDIOReadWaitMode), (12 bytes).
    Removing stm32f4xx_sdio.o(i.SDIO_StartSDIOReadWait), (12 bytes).
    Removing stm32f4xx_sdio.o(i.SDIO_StopSDIOReadWait), (12 bytes).
    Removing stm32f4xx_sdio.o(i.SDIO_StructInit), (16 bytes).
    Removing stm32f4xx_sdio.o(i.SDIO_WriteData), (12 bytes).
    Removing stm32f4xx_syscfg.o(.emb_text), (8 bytes).
    Removing stm32f4xx_syscfg.o(i.SYSCFG_CompensationCellCmd), (12 bytes).
    Removing stm32f4xx_syscfg.o(i.SYSCFG_DeInit), (22 bytes).
    Removing stm32f4xx_syscfg.o(i.SYSCFG_ETH_MediaInterfaceConfig), (12 bytes).
    Removing stm32f4xx_syscfg.o(i.SYSCFG_GetCompensationCellStatus), (24 bytes).
    Removing stm32f4xx_syscfg.o(i.SYSCFG_MemoryRemapConfig), (12 bytes).
    Removing stm32f4xx_tim.o(.emb_text), (8 bytes).
    Removing stm32f4xx_tim.o(i.TI3_Config), (72 bytes).
    Removing stm32f4xx_tim.o(i.TI4_Config), (80 bytes).
    Removing stm32f4xx_tim.o(i.TIM_ARRPreloadConfig), (24 bytes).
    Removing stm32f4xx_tim.o(i.TIM_BDTRConfig), (32 bytes).
    Removing stm32f4xx_tim.o(i.TIM_BDTRStructInit), (18 bytes).
    Removing stm32f4xx_tim.o(i.TIM_CCPreloadControl), (24 bytes).
    Removing stm32f4xx_tim.o(i.TIM_CCxCmd), (30 bytes).
    Removing stm32f4xx_tim.o(i.TIM_CCxNCmd), (30 bytes).
    Removing stm32f4xx_tim.o(i.TIM_ClearFlag), (6 bytes).
    Removing stm32f4xx_tim.o(i.TIM_ClearOC1Ref), (18 bytes).
    Removing stm32f4xx_tim.o(i.TIM_ClearOC2Ref), (24 bytes).
    Removing stm32f4xx_tim.o(i.TIM_ClearOC3Ref), (18 bytes).
    Removing stm32f4xx_tim.o(i.TIM_ClearOC4Ref), (24 bytes).
    Removing stm32f4xx_tim.o(i.TIM_CounterModeConfig), (18 bytes).
    Removing stm32f4xx_tim.o(i.TIM_CtrlPWMOutputs), (30 bytes).
    Removing stm32f4xx_tim.o(i.TIM_DMACmd), (18 bytes).
    Removing stm32f4xx_tim.o(i.TIM_DMAConfig), (10 bytes).
    Removing stm32f4xx_tim.o(i.TIM_DeInit), (400 bytes).
    Removing stm32f4xx_tim.o(i.TIM_ETRClockMode1Config), (54 bytes).
    Removing stm32f4xx_tim.o(i.TIM_ETRClockMode2Config), (32 bytes).
    Removing stm32f4xx_tim.o(i.TIM_ETRConfig), (28 bytes).
    Removing stm32f4xx_tim.o(i.TIM_EncoderInterfaceConfig), (66 bytes).
    Removing stm32f4xx_tim.o(i.TIM_ForcedOC1Config), (18 bytes).
    Removing stm32f4xx_tim.o(i.TIM_ForcedOC2Config), (26 bytes).
    Removing stm32f4xx_tim.o(i.TIM_ForcedOC3Config), (18 bytes).
    Removing stm32f4xx_tim.o(i.TIM_ForcedOC4Config), (26 bytes).
    Removing stm32f4xx_tim.o(i.TIM_GenerateEvent), (4 bytes).
    Removing stm32f4xx_tim.o(i.TIM_GetCapture3), (6 bytes).
    Removing stm32f4xx_tim.o(i.TIM_GetCapture4), (6 bytes).
    Removing stm32f4xx_tim.o(i.TIM_GetCounter), (6 bytes).
    Removing stm32f4xx_tim.o(i.TIM_GetFlagStatus), (18 bytes).
    Removing stm32f4xx_tim.o(i.TIM_GetPrescaler), (6 bytes).
    Removing stm32f4xx_tim.o(i.TIM_ICInit), (110 bytes).
    Removing stm32f4xx_tim.o(i.TIM_ICStructInit), (18 bytes).
    Removing stm32f4xx_tim.o(i.TIM_ITRxExternalClockConfig), (24 bytes).
    Removing stm32f4xx_tim.o(i.TIM_InternalClockConfig), (12 bytes).
    Removing stm32f4xx_tim.o(i.TIM_OC1FastConfig), (18 bytes).
    Removing stm32f4xx_tim.o(i.TIM_OC1Init), (124 bytes).
    Removing stm32f4xx_tim.o(i.TIM_OC1NPolarityConfig), (18 bytes).
    Removing stm32f4xx_tim.o(i.TIM_OC1PolarityConfig), (18 bytes).
    Removing stm32f4xx_tim.o(i.TIM_OC1PreloadConfig), (18 bytes).
    Removing stm32f4xx_tim.o(i.TIM_OC2FastConfig), (26 bytes).
    Removing stm32f4xx_tim.o(i.TIM_OC2Init), (164 bytes).
    Removing stm32f4xx_tim.o(i.TIM_OC2NPolarityConfig), (26 bytes).
    Removing stm32f4xx_tim.o(i.TIM_OC2PolarityConfig), (26 bytes).
    Removing stm32f4xx_tim.o(i.TIM_OC2PreloadConfig), (26 bytes).
    Removing stm32f4xx_tim.o(i.TIM_OC3FastConfig), (18 bytes).
    Removing stm32f4xx_tim.o(i.TIM_OC3Init), (160 bytes).
    Removing stm32f4xx_tim.o(i.TIM_OC3NPolarityConfig), (26 bytes).
    Removing stm32f4xx_tim.o(i.TIM_OC3PolarityConfig), (26 bytes).
    Removing stm32f4xx_tim.o(i.TIM_OC3PreloadConfig), (18 bytes).
    Removing stm32f4xx_tim.o(i.TIM_OC4FastConfig), (26 bytes).
    Removing stm32f4xx_tim.o(i.TIM_OC4Init), (120 bytes).
    Removing stm32f4xx_tim.o(i.TIM_OC4PolarityConfig), (26 bytes).
    Removing stm32f4xx_tim.o(i.TIM_OC4PreloadConfig), (26 bytes).
    Removing stm32f4xx_tim.o(i.TIM_OCStructInit), (20 bytes).
    Removing stm32f4xx_tim.o(i.TIM_PrescalerConfig), (6 bytes).
    Removing stm32f4xx_tim.o(i.TIM_RemapConfig), (6 bytes).
    Removing stm32f4xx_tim.o(i.TIM_SelectCCDMA), (24 bytes).
    Removing stm32f4xx_tim.o(i.TIM_SelectCOM), (24 bytes).
    Removing stm32f4xx_tim.o(i.TIM_SelectHallSensor), (24 bytes).
    Removing stm32f4xx_tim.o(i.TIM_SelectOCxM), (86 bytes).
    Removing stm32f4xx_tim.o(i.TIM_SelectOnePulseMode), (18 bytes).
    Removing stm32f4xx_tim.o(i.TIM_SetAutoreload), (4 bytes).
    Removing stm32f4xx_tim.o(i.TIM_SetClockDivision), (18 bytes).
    Removing stm32f4xx_tim.o(i.TIM_SetCompare1), (4 bytes).
    Removing stm32f4xx_tim.o(i.TIM_SetCompare2), (4 bytes).
    Removing stm32f4xx_tim.o(i.TIM_SetCompare3), (4 bytes).
    Removing stm32f4xx_tim.o(i.TIM_SetCompare4), (4 bytes).
    Removing stm32f4xx_tim.o(i.TIM_SetCounter), (4 bytes).
    Removing stm32f4xx_tim.o(i.TIM_SetIC3Prescaler), (18 bytes).
    Removing stm32f4xx_tim.o(i.TIM_SetIC4Prescaler), (26 bytes).
    Removing stm32f4xx_tim.o(i.TIM_TIxExternalClockConfig), (62 bytes).
    Removing stm32f4xx_tim.o(i.TIM_UpdateDisableConfig), (24 bytes).
    Removing stm32f4xx_tim.o(i.TIM_UpdateRequestConfig), (24 bytes).
    Removing stm32f4xx_exti.o(.emb_text), (8 bytes).
    Removing stm32f4xx_exti.o(i.EXTI_ClearFlag), (12 bytes).
    Removing stm32f4xx_exti.o(i.EXTI_DeInit), (36 bytes).
    Removing stm32f4xx_exti.o(i.EXTI_GenerateSWInterrupt), (16 bytes).
    Removing stm32f4xx_exti.o(i.EXTI_GetFlagStatus), (24 bytes).
    Removing stm32f4xx_exti.o(i.EXTI_GetITStatus), (40 bytes).
    Removing stm32f4xx_exti.o(i.EXTI_StructInit), (16 bytes).
    Removing stm32f4xx_dac.o(.emb_text), (8 bytes).
    Removing stm32f4xx_dac.o(i.DAC_ClearFlag), (16 bytes).
    Removing stm32f4xx_dac.o(i.DAC_ClearITPendingBit), (16 bytes).
    Removing stm32f4xx_dac.o(i.DAC_DualSoftwareTriggerCmd), (36 bytes).
    Removing stm32f4xx_dac.o(i.DAC_GetDataOutputValue), (36 bytes).
    Removing stm32f4xx_dac.o(i.DAC_GetFlagStatus), (32 bytes).
    Removing stm32f4xx_dac.o(i.DAC_GetITStatus), (48 bytes).
    Removing stm32f4xx_dac.o(i.DAC_ITConfig), (40 bytes).
    Removing stm32f4xx_dac.o(i.DAC_SetChannel2Data), (32 bytes).
    Removing stm32f4xx_dac.o(i.DAC_SetDualChannelData), (36 bytes).
    Removing stm32f4xx_dac.o(i.DAC_SoftwareTriggerCmd), (44 bytes).
    Removing stm32f4xx_dac.o(i.DAC_StructInit), (12 bytes).
    Removing stm32f4xx_dac.o(i.DAC_WaveGenerationCmd), (40 bytes).
    Removing stm32f4xx_dma.o(.emb_text), (8 bytes).
    Removing stm32f4xx_dma.o(i.DMA_ClearFlag), (52 bytes).
    Removing stm32f4xx_dma.o(i.DMA_ClearITPendingBit), (52 bytes).
    Removing stm32f4xx_dma.o(i.DMA_DoubleBufferModeCmd), (22 bytes).
    Removing stm32f4xx_dma.o(i.DMA_DoubleBufferModeConfig), (24 bytes).
    Removing stm32f4xx_dma.o(i.DMA_FlowControllerConfig), (22 bytes).
    Removing stm32f4xx_dma.o(i.DMA_GetCmdStatus), (20 bytes).
    Removing stm32f4xx_dma.o(i.DMA_GetCurrDataCounter), (8 bytes).
    Removing stm32f4xx_dma.o(i.DMA_GetCurrentMemoryTarget), (20 bytes).
    Removing stm32f4xx_dma.o(i.DMA_GetFIFOStatus), (12 bytes).
    Removing stm32f4xx_dma.o(i.DMA_GetFlagStatus), (64 bytes).
    Removing stm32f4xx_dma.o(i.DMA_GetITStatus), (96 bytes).
    Removing stm32f4xx_dma.o(i.DMA_ITConfig), (58 bytes).
    Removing stm32f4xx_dma.o(i.DMA_MemoryTargetConfig), (10 bytes).
    Removing stm32f4xx_dma.o(i.DMA_PeriphIncOffsetSizeConfig), (22 bytes).
    Removing stm32f4xx_dma.o(i.DMA_SetCurrDataCounter), (4 bytes).
    Removing stm32f4xx_dma.o(i.DMA_StructInit), (34 bytes).
    Removing startup_stm32f4xx.o(HEAP), (512 bytes).
    Removing dneg.o(.text), (6 bytes).

321 unused section(s) (total 11983 bytes) removed from the image.

==============================================================================

Image Symbol Table

    Local Symbols

    Symbol Name                              Value     Ov Type        Size  Object(Section)

    ../clib/microlib/division.c              0x00000000   Number         0  uidiv.o ABSOLUTE
    ../clib/microlib/division.c              0x00000000   Number         0  uldiv.o ABSOLUTE
    ../clib/microlib/errno.c                 0x00000000   Number         0  errno.o ABSOLUTE
    ../clib/microlib/init/entry.s            0x00000000   Number         0  entry7b.o ABSOLUTE
    ../clib/microlib/init/entry.s            0x00000000   Number         0  entry.o ABSOLUTE
    ../clib/microlib/init/entry.s            0x00000000   Number         0  entry11b.o ABSOLUTE
    ../clib/microlib/init/entry.s            0x00000000   Number         0  entry7a.o ABSOLUTE
    ../clib/microlib/init/entry.s            0x00000000   Number         0  entry11a.o ABSOLUTE
    ../clib/microlib/init/entry.s            0x00000000   Number         0  entry2.o ABSOLUTE
    ../clib/microlib/init/entry.s            0x00000000   Number         0  entry10b.o ABSOLUTE
    ../clib/microlib/init/entry.s            0x00000000   Number         0  entry8a.o ABSOLUTE
    ../clib/microlib/init/entry.s            0x00000000   Number         0  entry10a.o ABSOLUTE
    ../clib/microlib/init/entry.s            0x00000000   Number         0  entry8b.o ABSOLUTE
    ../clib/microlib/init/entry.s            0x00000000   Number         0  entry5.o ABSOLUTE
    ../clib/microlib/init/entry.s            0x00000000   Number         0  entry9a.o ABSOLUTE
    ../clib/microlib/init/entry.s            0x00000000   Number         0  entry9b.o ABSOLUTE
    ../clib/microlib/longlong.c              0x00000000   Number         0  llsshr.o ABSOLUTE
    ../clib/microlib/longlong.c              0x00000000   Number         0  llshl.o ABSOLUTE
    ../clib/microlib/longlong.c              0x00000000   Number         0  llushr.o ABSOLUTE
    ../clib/microlib/printf/printf.c         0x00000000   Number         0  printfa.o ABSOLUTE
    ../clib/microlib/printf/printf.c         0x00000000   Number         0  printf0.o ABSOLUTE
    ../clib/microlib/printf/printf.c         0x00000000   Number         0  printf8.o ABSOLUTE
    ../clib/microlib/printf/printf.c         0x00000000   Number         0  printf7.o ABSOLUTE
    ../clib/microlib/printf/printf.c         0x00000000   Number         0  printf6.o ABSOLUTE
    ../clib/microlib/printf/printf.c         0x00000000   Number         0  printf5.o ABSOLUTE
    ../clib/microlib/printf/printf.c         0x00000000   Number         0  printf4.o ABSOLUTE
    ../clib/microlib/printf/printf.c         0x00000000   Number         0  printf2.o ABSOLUTE
    ../clib/microlib/printf/printf.c         0x00000000   Number         0  printf1.o ABSOLUTE
    ../clib/microlib/printf/printf.c         0x00000000   Number         0  printfb.o ABSOLUTE
    ../clib/microlib/printf/printf.c         0x00000000   Number         0  printf3.o ABSOLUTE
    ../clib/microlib/printf/stubs.s          0x00000000   Number         0  stubs.o ABSOLUTE
    ../clib/microlib/stdio/fputc.c           0x00000000   Number         0  fputc.o ABSOLUTE
    ../clib/microlib/stdio/semi.s            0x00000000   Number         0  semi.o ABSOLUTE
    ../clib/microlib/stdio/streams.c         0x00000000   Number         0  stdout.o ABSOLUTE
    ../clib/microlib/string/memcpy.c         0x00000000   Number         0  memcpyb.o ABSOLUTE
    ../clib/microlib/string/memcpy.c         0x00000000   Number         0  memcpya.o ABSOLUTE
    ../clib/microlib/stubs.s                 0x00000000   Number         0  iusefp.o ABSOLUTE
    ../clib/microlib/stubs.s                 0x00000000   Number         0  iusesemip.o ABSOLUTE
    ../fplib/microlib/fpadd.c                0x00000000   Number         0  dadd.o ABSOLUTE
    ../fplib/microlib/fpdiv.c                0x00000000   Number         0  ddiv.o ABSOLUTE
    ../fplib/microlib/fpepilogue.c           0x00000000   Number         0  depilogue.o ABSOLUTE
    ../fplib/microlib/fpfix.c                0x00000000   Number         0  dfixul.o ABSOLUTE
    ../fplib/microlib/fpfix.c                0x00000000   Number         0  dfixi.o ABSOLUTE
    ../fplib/microlib/fpflt.c                0x00000000   Number         0  dflti.o ABSOLUTE
    ../fplib/microlib/fpflt.c                0x00000000   Number         0  dfltui.o ABSOLUTE
    ../fplib/microlib/fpmul.c                0x00000000   Number         0  dmul.o ABSOLUTE
    ../fplib/microlib/fpneg.c                0x00000000   Number         0  dneg.o ABSOLUTE
    ../fplib/microlib/fpscalb.c              0x00000000   Number         0  dscalb.o ABSOLUTE
    ../fplib/microlib/fpsqrt.c               0x00000000   Number         0  dsqrt.o ABSOLUTE
    ../mathlib/dunder.c                      0x00000000   Number         0  dunder.o ABSOLUTE
    ../mathlib/fabs.c                        0x00000000   Number         0  fabs.o ABSOLUTE
    ../mathlib/fpclassify.c                  0x00000000   Number         0  fpclassify.o ABSOLUTE
    ../mathlib/poly.c                        0x00000000   Number         0  poly.o ABSOLUTE
    ../mathlib/pow.c                         0x00000000   Number         0  pow_x.o ABSOLUTE
    ../mathlib/pow.c                         0x00000000   Number         0  pow.o ABSOLUTE
    ../mathlib/qnan.c                        0x00000000   Number         0  qnan.o ABSOLUTE
    ../mathlib/sqrt.c                        0x00000000   Number         0  sqrt.o ABSOLUTE
    ../mathlib/sqrt.c                        0x00000000   Number         0  sqrt_x.o ABSOLUTE
    ..\..\Libraries\CMSIS\ST\STM32F4xx\Source\Templates\arm\startup_stm32f4xx.s 0x00000000   Number         0  startup_stm32f4xx.o ABSOLUTE
    ..\..\Libraries\STM32F4xx_StdPeriph_Driver\src\misc.c 0x00000000   Number         0  misc.o ABSOLUTE
    ..\..\Libraries\STM32F4xx_StdPeriph_Driver\src\stm32f4xx_dac.c 0x00000000   Number         0  stm32f4xx_dac.o ABSOLUTE
    ..\..\Libraries\STM32F4xx_StdPeriph_Driver\src\stm32f4xx_dma.c 0x00000000   Number         0  stm32f4xx_dma.o ABSOLUTE
    ..\..\Libraries\STM32F4xx_StdPeriph_Driver\src\stm32f4xx_exti.c 0x00000000   Number         0  stm32f4xx_exti.o ABSOLUTE
    ..\..\Libraries\STM32F4xx_StdPeriph_Driver\src\stm32f4xx_gpio.c 0x00000000   Number         0  stm32f4xx_gpio.o ABSOLUTE
    ..\..\Libraries\STM32F4xx_StdPeriph_Driver\src\stm32f4xx_rcc.c 0x00000000   Number         0  stm32f4xx_rcc.o ABSOLUTE
    ..\..\Libraries\STM32F4xx_StdPeriph_Driver\src\stm32f4xx_rtc.c 0x00000000   Number         0  stm32f4xx_rtc.o ABSOLUTE
    ..\..\Libraries\STM32F4xx_StdPeriph_Driver\src\stm32f4xx_sdio.c 0x00000000   Number         0  stm32f4xx_sdio.o ABSOLUTE
    ..\..\Libraries\STM32F4xx_StdPeriph_Driver\src\stm32f4xx_syscfg.c 0x00000000   Number         0  stm32f4xx_syscfg.o ABSOLUTE
    ..\..\Libraries\STM32F4xx_StdPeriph_Driver\src\stm32f4xx_tim.c 0x00000000   Number         0  stm32f4xx_tim.o ABSOLUTE
    ..\..\Utilities\STM32F4-Discovery\stm32f4_discovery.c 0x00000000   Number         0  stm32f4_discovery.o ABSOLUTE
    ..\ArbitoryFunc.c                        0x00000000   Number         0  arbitoryfunc.o ABSOLUTE
    ..\DAC.c                                 0x00000000   Number         0  dac.o ABSOLUTE
    ..\DDS.c                                 0x00000000   Number         0  dds.o ABSOLUTE
    ..\FreqMeter.c                           0x00000000   Number         0  freqmeter.o ABSOLUTE
    ..\LCD.c                                 0x00000000   Number         0  lcd.o ABSOLUTE
    ..\LED.c                                 0x00000000   Number         0  led.o ABSOLUTE
    ..\SWT.c                                 0x00000000   Number         0  swt.o ABSOLUTE
    ..\Sqaure.c                              0x00000000   Number         0  sqaure.o ABSOLUTE
    ..\\..\\Libraries\\STM32F4xx_StdPeriph_Driver\\src\\misc.c 0x00000000   Number         0  misc.o ABSOLUTE
    ..\\..\\Libraries\\STM32F4xx_StdPeriph_Driver\\src\\stm32f4xx_dac.c 0x00000000   Number         0  stm32f4xx_dac.o ABSOLUTE
    ..\\..\\Libraries\\STM32F4xx_StdPeriph_Driver\\src\\stm32f4xx_dma.c 0x00000000   Number         0  stm32f4xx_dma.o ABSOLUTE
    ..\\..\\Libraries\\STM32F4xx_StdPeriph_Driver\\src\\stm32f4xx_exti.c 0x00000000   Number         0  stm32f4xx_exti.o ABSOLUTE
    ..\\..\\Libraries\\STM32F4xx_StdPeriph_Driver\\src\\stm32f4xx_gpio.c 0x00000000   Number         0  stm32f4xx_gpio.o ABSOLUTE
    ..\\..\\Libraries\\STM32F4xx_StdPeriph_Driver\\src\\stm32f4xx_rcc.c 0x00000000   Number         0  stm32f4xx_rcc.o ABSOLUTE
    ..\\..\\Libraries\\STM32F4xx_StdPeriph_Driver\\src\\stm32f4xx_rtc.c 0x00000000   Number         0  stm32f4xx_rtc.o ABSOLUTE
    ..\\..\\Libraries\\STM32F4xx_StdPeriph_Driver\\src\\stm32f4xx_sdio.c 0x00000000   Number         0  stm32f4xx_sdio.o ABSOLUTE
    ..\\..\\Libraries\\STM32F4xx_StdPeriph_Driver\\src\\stm32f4xx_syscfg.c 0x00000000   Number         0  stm32f4xx_syscfg.o ABSOLUTE
    ..\\..\\Libraries\\STM32F4xx_StdPeriph_Driver\\src\\stm32f4xx_tim.c 0x00000000   Number         0  stm32f4xx_tim.o ABSOLUTE
    ..\\..\\Utilities\\STM32F4-Discovery\\stm32f4_discovery.c 0x00000000   Number         0  stm32f4_discovery.o ABSOLUTE
    ..\\ArbitoryFunc.c                       0x00000000   Number         0  arbitoryfunc.o ABSOLUTE
    ..\\DAC.c                                0x00000000   Number         0  dac.o ABSOLUTE
    ..\\DDS.c                                0x00000000   Number         0  dds.o ABSOLUTE
    ..\\FreqMeter.c                          0x00000000   Number         0  freqmeter.o ABSOLUTE
    ..\\LCD.c                                0x00000000   Number         0  lcd.o ABSOLUTE
    ..\\LED.c                                0x00000000   Number         0  led.o ABSOLUTE
    ..\\SWT.c                                0x00000000   Number         0  swt.o ABSOLUTE
    ..\\Sqaure.c                             0x00000000   Number         0  sqaure.o ABSOLUTE
    ..\\hd44780.c                            0x00000000   Number         0  hd44780.o ABSOLUTE
    ..\\main_2.c                             0x00000000   Number         0  main_2.o ABSOLUTE
    ..\\stm32f4xx_it.c                       0x00000000   Number         0  stm32f4xx_it.o ABSOLUTE
    ..\\system_stm32f4xx.c                   0x00000000   Number         0  system_stm32f4xx.o ABSOLUTE
    ..\\timer.c                              0x00000000   Number         0  timer.o ABSOLUTE
    ..\hd44780.c                             0x00000000   Number         0  hd44780.o ABSOLUTE
    ..\main_2.c                              0x00000000   Number         0  main_2.o ABSOLUTE
    ..\stm32f4xx_it.c                        0x00000000   Number         0  stm32f4xx_it.o ABSOLUTE
    ..\system_stm32f4xx.c                    0x00000000   Number         0  system_stm32f4xx.o ABSOLUTE
    ..\timer.c                               0x00000000   Number         0  timer.o ABSOLUTE
    cdcmple.s                                0x00000000   Number         0  cdcmple.o ABSOLUTE
    cdrcmple.s                               0x00000000   Number         0  cdrcmple.o ABSOLUTE
    dc.s                                     0x00000000   Number         0  dc.o ABSOLUTE
    handlers.s                               0x00000000   Number         0  handlers.o ABSOLUTE
    init.s                                   0x00000000   Number         0  init.o ABSOLUTE
    RESET                                    0x08000000   Section      392  startup_stm32f4xx.o(RESET)
    .ARM.Collect$$$$00000000                 0x08000188   Section        0  entry.o(.ARM.Collect$$$$00000000)
    .ARM.Collect$$$$00000001                 0x08000188   Section        4  entry2.o(.ARM.Collect$$$$00000001)
    .ARM.Collect$$$$00000004                 0x0800018c   Section        4  entry5.o(.ARM.Collect$$$$00000004)
    .ARM.Collect$$$$00000008                 0x08000190   Section        0  entry7b.o(.ARM.Collect$$$$00000008)
    .ARM.Collect$$$$0000000A                 0x08000190   Section        0  entry8b.o(.ARM.Collect$$$$0000000A)
    .ARM.Collect$$$$0000000B                 0x08000190   Section        8  entry9a.o(.ARM.Collect$$$$0000000B)
    .ARM.Collect$$$$0000000D                 0x08000198   Section        0  entry10a.o(.ARM.Collect$$$$0000000D)
    .ARM.Collect$$$$0000000F                 0x08000198   Section        0  entry11a.o(.ARM.Collect$$$$0000000F)
    .ARM.Collect$$$$00002712                 0x08000198   Section        4  entry2.o(.ARM.Collect$$$$00002712)
    __lit__00000000                          0x08000198   Data           4  entry2.o(.ARM.Collect$$$$00002712)
    .text                                    0x0800019c   Section       36  startup_stm32f4xx.o(.text)
    $v0                                      0x0800019c   Number         0  startup_stm32f4xx.o(.text)
    .text                                    0x080001c0   Section        0  memcpya.o(.text)
    .text                                    0x080001e4   Section        0  dadd.o(.text)
    .text                                    0x08000332   Section        0  dmul.o(.text)
    .text                                    0x08000416   Section        0  ddiv.o(.text)
    .text                                    0x080004f4   Section        0  dfltui.o(.text)
    .text                                    0x0800050e   Section        0  dfixi.o(.text)
    .text                                    0x0800054c   Section       40  cdcmple.o(.text)
    .text                                    0x08000574   Section       40  cdrcmple.o(.text)
    .text                                    0x0800059c   Section        0  uidiv.o(.text)
    .text                                    0x080005c8   Section        0  uldiv.o(.text)
    .text                                    0x0800062a   Section        0  llshl.o(.text)
    .text                                    0x08000648   Section        0  llushr.o(.text)
    .text                                    0x08000668   Section        0  llsshr.o(.text)
    .text                                    0x0800068c   Section        0  depilogue.o(.text)
    .text                                    0x0800068c   Section        0  iusefp.o(.text)
    .text                                    0x0800074a   Section        0  dscalb.o(.text)
    .text                                    0x08000778   Section        0  dflti.o(.text)
    .text                                    0x0800079a   Section        0  dfixul.o(.text)
    .text                                    0x080007cc   Section       36  init.o(.text)
    .text                                    0x080007f0   Section        0  dsqrt.o(.text)
    i.BTN_Init                               0x08000894   Section        0  swt.o(i.BTN_Init)
    i.BusFault_Handler                       0x080008d4   Section        0  stm32f4xx_it.o(i.BusFault_Handler)
    i.Config_menu_interrupt                  0x080008d8   Section        0  main_2.o(i.Config_menu_interrupt)
    i.DAC_Arbitory_Off                       0x08000924   Section        0  arbitoryfunc.o(i.DAC_Arbitory_Off)
    i.DAC_Arbitory_On                        0x08000930   Section        0  arbitoryfunc.o(i.DAC_Arbitory_On)
    i.DAC_Ch1_ArbitoryConfig                 0x0800093c   Section        0  arbitoryfunc.o(i.DAC_Ch1_ArbitoryConfig)
    i.DAC_Ch1_NoiseConfig                    0x080009c4   Section        0  dac.o(i.DAC_Ch1_NoiseConfig)
    i.DAC_Cmd                                0x080009f0   Section        0  stm32f4xx_dac.o(i.DAC_Cmd)
    i.DAC_DMACmd                             0x08000a18   Section        0  stm32f4xx_dac.o(i.DAC_DMACmd)
    i.DAC_DeInit                             0x08000a44   Section        0  stm32f4xx_dac.o(i.DAC_DeInit)
    i.DAC_Init                               0x08000a5c   Section        0  stm32f4xx_dac.o(i.DAC_Init)
    i.DAC_Noise_Off                          0x08000a90   Section        0  dac.o(i.DAC_Noise_Off)
    i.DAC_Noise_On                           0x08000a9c   Section        0  dac.o(i.DAC_Noise_On)
    i.DAC_SetChannel1Data                    0x08000aa8   Section        0  stm32f4xx_dac.o(i.DAC_SetChannel1Data)
    i.DACs_Init                              0x08000ac8   Section        0  dac.o(i.DACs_Init)
    i.DDS_Default_Init                       0x08000b08   Section        0  dds.o(i.DDS_Default_Init)
    i.DDS_Init                               0x08000b5c   Section        0  dds.o(i.DDS_Init)
    i.DDS_Set                                0x08000bbc   Section        0  dds.o(i.DDS_Set)
    i.DDS_Write_Data                         0x08000c9c   Section        0  dds.o(i.DDS_Write_Data)
    i.DMA_Cmd                                0x08000cb0   Section        0  stm32f4xx_dma.o(i.DMA_Cmd)
    i.DMA_DeInit                             0x08000cc8   Section        0  stm32f4xx_dma.o(i.DMA_DeInit)
    i.DMA_Init                               0x08000e20   Section        0  stm32f4xx_dma.o(i.DMA_Init)
    i.Data_Low                               0x08000e78   Section        0  dds.o(i.Data_Low)
    i.DebugMon_Handler                       0x08000e8c   Section        0  stm32f4xx_it.o(i.DebugMon_Handler)
    i.Delay                                  0x08000e90   Section        0  main_2.o(i.Delay)
    i.EXTI0_IRQHandler                       0x08000ea8   Section        0  main_2.o(i.EXTI0_IRQHandler)
    i.EXTI_ClearITPendingBit                 0x08000f30   Section        0  stm32f4xx_exti.o(i.EXTI_ClearITPendingBit)
    i.EXTI_Init                              0x08000f3c   Section        0  stm32f4xx_exti.o(i.EXTI_Init)
    i.Freq_Meter_Init                        0x08000fd0   Section        0  freqmeter.o(i.Freq_Meter_Init)
    i.GPIO_Init                              0x08001024   Section        0  stm32f4xx_gpio.o(i.GPIO_Init)
    i.GPIO_PinAFConfig                       0x080010b4   Section        0  stm32f4xx_gpio.o(i.GPIO_PinAFConfig)
    i.GPIO_ReadInputDataBit                  0x080010fa   Section        0  stm32f4xx_gpio.o(i.GPIO_ReadInputDataBit)
    i.GPIO_ResetBits                         0x0800110c   Section        0  stm32f4xx_gpio.o(i.GPIO_ResetBits)
    i.GPIO_SetBits                           0x08001110   Section        0  stm32f4xx_gpio.o(i.GPIO_SetBits)
    i.GPIO_ToggleBits                        0x08001114   Section        0  stm32f4xx_gpio.o(i.GPIO_ToggleBits)
    i.GPIO_WriteBit                          0x0800111c   Section        0  stm32f4xx_gpio.o(i.GPIO_WriteBit)
    i.HardFault_Handler                      0x08001126   Section        0  stm32f4xx_it.o(i.HardFault_Handler)
    i.LED_All_Off                            0x0800112c   Section        0  led.o(i.LED_All_Off)
    i.LED_Init                               0x0800113c   Section        0  led.o(i.LED_Init)
    i.LED_Off                                0x080011ac   Section        0  led.o(i.LED_Off)
    i.LED_On                                 0x080011c4   Section        0  led.o(i.LED_On)
    i.MemManage_Handler                      0x080011dc   Section        0  stm32f4xx_it.o(i.MemManage_Handler)
    i.NMI_Handler                            0x080011e0   Section        0  stm32f4xx_it.o(i.NMI_Handler)
    i.NVIC_Init                              0x080011e4   Section        0  misc.o(i.NVIC_Init)
    i.NVIC_PriorityGroupConfig               0x0800125c   Section        0  misc.o(i.NVIC_PriorityGroupConfig)
    i.PendSV_Handler                         0x08001270   Section        0  stm32f4xx_it.o(i.PendSV_Handler)
    i.Pulse_Clock                            0x08001274   Section        0  dds.o(i.Pulse_Clock)
    i.Pulse_Frequency                        0x0800129c   Section        0  dds.o(i.Pulse_Frequency)
    i.RCC_AHB1PeriphClockCmd                 0x080012c4   Section        0  stm32f4xx_rcc.o(i.RCC_AHB1PeriphClockCmd)
    i.RCC_APB1PeriphClockCmd                 0x080012e4   Section        0  stm32f4xx_rcc.o(i.RCC_APB1PeriphClockCmd)
    i.RCC_APB1PeriphResetCmd                 0x08001304   Section        0  stm32f4xx_rcc.o(i.RCC_APB1PeriphResetCmd)
    i.RCC_APB2PeriphClockCmd                 0x08001324   Section        0  stm32f4xx_rcc.o(i.RCC_APB2PeriphClockCmd)
    i.RCC_GetClocksFreq                      0x08001344   Section        0  stm32f4xx_rcc.o(i.RCC_GetClocksFreq)
    i.SVC_Handler                            0x0800142c   Section        0  stm32f4xx_it.o(i.SVC_Handler)
    i.SWTS_Init                              0x08001430   Section        0  swt.o(i.SWTS_Init)
    i.SWT_Get                                0x08001470   Section        0  swt.o(i.SWT_Get)
    i.SYSCFG_EXTILineConfig                  0x0800147c   Section        0  stm32f4xx_syscfg.o(i.SYSCFG_EXTILineConfig)
    i.SetSysClock                            0x080014bc   Section        0  system_stm32f4xx.o(i.SetSysClock)
    SetSysClock                              0x080014bd   Thumb Code   218  system_stm32f4xx.o(i.SetSysClock)
    i.SysTick_Handler                        0x080015a8   Section        0  main_2.o(i.SysTick_Handler)
    i.SystemCoreClockUpdate                  0x080015b8   Section        0  system_stm32f4xx.o(i.SystemCoreClockUpdate)
    i.SystemInit                             0x08001678   Section        0  system_stm32f4xx.o(i.SystemInit)
    i.TI1_Config                             0x080016e0   Section        0  stm32f4xx_tim.o(i.TI1_Config)
    TI1_Config                               0x080016e1   Thumb Code    58  stm32f4xx_tim.o(i.TI1_Config)
    i.TI2_Config                             0x0800171a   Section        0  stm32f4xx_tim.o(i.TI2_Config)
    TI2_Config                               0x0800171b   Thumb Code    80  stm32f4xx_tim.o(i.TI2_Config)
    i.TIM3_IRQHandler                        0x0800176c   Section        0  timer.o(i.TIM3_IRQHandler)
    i.TIM4_IRQHandler                        0x080017a0   Section        0  freqmeter.o(i.TIM4_IRQHandler)
    i.TIM5_Config                            0x080018c4   Section        0  arbitoryfunc.o(i.TIM5_Config)
    i.TIM6_Config                            0x08001908   Section        0  dac.o(i.TIM6_Config)
    i.TIM7_IRQHandler                        0x08001948   Section        0  hd44780.o(i.TIM7_IRQHandler)
    i.TIM_ClearITPendingBit                  0x0800195c   Section        0  stm32f4xx_tim.o(i.TIM_ClearITPendingBit)
    i.TIM_Cmd                                0x08001962   Section        0  stm32f4xx_tim.o(i.TIM_Cmd)
    i.TIM_Config                             0x0800197c   Section        0  freqmeter.o(i.TIM_Config)
    i.TIM_GetCapture1                        0x080019e0   Section        0  stm32f4xx_tim.o(i.TIM_GetCapture1)
    i.TIM_GetCapture2                        0x080019e6   Section        0  stm32f4xx_tim.o(i.TIM_GetCapture2)
    i.TIM_GetITStatus                        0x080019ec   Section        0  stm32f4xx_tim.o(i.TIM_GetITStatus)
    i.TIM_ITConfig                           0x08001a0e   Section        0  stm32f4xx_tim.o(i.TIM_ITConfig)
    i.TIM_PWMIConfig                         0x08001a20   Section        0  stm32f4xx_tim.o(i.TIM_PWMIConfig)
    i.TIM_SelectInputTrigger                 0x08001a9c   Section        0  stm32f4xx_tim.o(i.TIM_SelectInputTrigger)
    i.TIM_SelectMasterSlaveMode              0x08001aae   Section        0  stm32f4xx_tim.o(i.TIM_SelectMasterSlaveMode)
    i.TIM_SelectOutputTrigger                0x08001ac0   Section        0  stm32f4xx_tim.o(i.TIM_SelectOutputTrigger)
    i.TIM_SelectSlaveMode                    0x08001ad2   Section        0  stm32f4xx_tim.o(i.TIM_SelectSlaveMode)
    i.TIM_SetIC1Prescaler                    0x08001ae4   Section        0  stm32f4xx_tim.o(i.TIM_SetIC1Prescaler)
    i.TIM_SetIC2Prescaler                    0x08001af6   Section        0  stm32f4xx_tim.o(i.TIM_SetIC2Prescaler)
    i.TIM_TimeBaseInit                       0x08001b10   Section        0  stm32f4xx_tim.o(i.TIM_TimeBaseInit)
    i.TIM_TimeBaseStructInit                 0x08001b94   Section        0  stm32f4xx_tim.o(i.TIM_TimeBaseStructInit)
    i.UsageFault_Handler                     0x08001ba6   Section        0  stm32f4xx_it.o(i.UsageFault_Handler)
    i.__0sprintf                             0x08001bac   Section        0  printfa.o(i.__0sprintf)
    i.__ARM_fpclassify                       0x08001bd4   Section        0  fpclassify.o(i.__ARM_fpclassify)
    i.__hardfp_pow                           0x08001c08   Section        0  pow.o(i.__hardfp_pow)
    i.__kernel_poly                          0x08002898   Section        0  poly.o(i.__kernel_poly)
    i.__mathlib_dbl_underflow                0x08002990   Section        0  dunder.o(i.__mathlib_dbl_underflow)
    i.__scatterload_copy                     0x080029b0   Section       14  handlers.o(i.__scatterload_copy)
    i.__scatterload_null                     0x080029be   Section        2  handlers.o(i.__scatterload_null)
    i.__scatterload_zeroinit                 0x080029c0   Section       14  handlers.o(i.__scatterload_zeroinit)
    i.__set_errno                            0x080029d0   Section        0  errno.o(i.__set_errno)
    i._fp_digits                             0x080029dc   Section        0  printfa.o(i._fp_digits)
    _fp_digits                               0x080029dd   Thumb Code   326  printfa.o(i._fp_digits)
    i._printf_core                           0x08002b38   Section        0  printfa.o(i._printf_core)
    _printf_core                             0x08002b39   Thumb Code  1762  printfa.o(i._printf_core)
    i._printf_post_padding                   0x08003228   Section        0  printfa.o(i._printf_post_padding)
    _printf_post_padding                     0x08003229   Thumb Code    38  printfa.o(i._printf_post_padding)
    i._printf_pre_padding                    0x0800324e   Section        0  printfa.o(i._printf_pre_padding)
    _printf_pre_padding                      0x0800324f   Thumb Code    48  printfa.o(i._printf_pre_padding)
    i._sputc                                 0x0800327e   Section        0  printfa.o(i._sputc)
    _sputc                                   0x0800327f   Thumb Code    10  printfa.o(i._sputc)
    i.delay                                  0x08003288   Section        0  hd44780.o(i.delay)
    delay                                    0x08003289   Thumb Code    12  hd44780.o(i.delay)
    i.enable                                 0x08003294   Section        0  hd44780.o(i.enable)
    enable                                   0x08003295   Thumb Code    48  hd44780.o(i.enable)
    i.exec                                   0x080032c8   Section        0  hd44780.o(i.exec)
    exec                                     0x080032c9   Thumb Code   128  hd44780.o(i.exec)
    i.fabs                                   0x08003354   Section        0  fabs.o(i.fabs)
    i.hd44780_clear                          0x08003374   Section        0  hd44780.o(i.hd44780_clear)
    i.hd44780_display                        0x08003398   Section        0  hd44780.o(i.hd44780_display)
    i.hd44780_home                           0x080033e8   Section        0  hd44780.o(i.hd44780_home)
    i.hd44780_init                           0x08003404   Section        0  hd44780.o(i.hd44780_init)
    i.hd44780_position                       0x080035b0   Section        0  hd44780.o(i.hd44780_position)
    i.hd44780_print                          0x080035e4   Section        0  hd44780.o(i.hd44780_print)
    i.hd44780_print_lines                    0x08003610   Section        0  hd44780.o(i.hd44780_print_lines)
    i.init_lcd_driver                        0x08003638   Section        0  hd44780.o(i.init_lcd_driver)
    i.main                                   0x08003678   Section        0  main_2.o(i.main)
    i.periph_get                             0x08003c60   Section        0  hd44780.o(i.periph_get)
    periph_get                               0x08003c61   Thumb Code    60  hd44780.o(i.periph_get)
    i.read_busy                              0x08003cb0   Section        0  hd44780.o(i.read_busy)
    read_busy                                0x08003cb1   Thumb Code    96  hd44780.o(i.read_busy)
    i.set_output                             0x08003d14   Section        0  hd44780.o(i.set_output)
    set_output                               0x08003d15   Thumb Code   108  hd44780.o(i.set_output)
    i.sqrt                                   0x08003d84   Section        0  sqrt.o(i.sqrt)
    i.task_add                               0x08003df4   Section        0  hd44780.o(i.task_add)
    task_add                                 0x08003df5   Thumb Code   126  hd44780.o(i.task_add)
    i.task_del                               0x08003e80   Section        0  hd44780.o(i.task_del)
    task_del                                 0x08003e81   Thumb Code    36  hd44780.o(i.task_del)
    i.write                                  0x08003eac   Section        0  hd44780.o(i.write)
    write                                    0x08003ead   Thumb Code   124  hd44780.o(i.write)
    .constdata                               0x08003f2c   Section      160  dds.o(.constdata)
    .constdata                               0x08003fcc   Section       32  led.o(.constdata)
    .constdata                               0x08003fec   Section      256  arbitoryfunc.o(.constdata)
    .constdata                               0x080040f0   Section      136  pow.o(.constdata)
    bp                                       0x080040f0   Data          16  pow.o(.constdata)
    dp_h                                     0x08004100   Data          16  pow.o(.constdata)
    dp_l                                     0x08004110   Data          16  pow.o(.constdata)
    L                                        0x08004120   Data          48  pow.o(.constdata)
    P                                        0x08004150   Data          40  pow.o(.constdata)
    .constdata                               0x08004178   Section        8  qnan.o(.constdata)
    .data                                    0x20000000   Section        8  timer.o(.data)
    .data                                    0x20000008   Section       32  main_2.o(.data)
    .data                                    0x20000028   Section       18  freqmeter.o(.data)
    .data                                    0x2000003a   Section        4  hd44780.o(.data)
    Queue_Head                               0x2000003a   Data           2  hd44780.o(.data)
    Queue_Tail                               0x2000003c   Data           2  hd44780.o(.data)
    .data                                    0x20000040   Section       20  system_stm32f4xx.o(.data)
    .data                                    0x20000054   Section       16  stm32f4xx_rcc.o(.data)
    APBAHBPrescTable                         0x20000054   Data          16  stm32f4xx_rcc.o(.data)
    .data                                    0x20000064   Section        4  errno.o(.data)
    _errno                                   0x20000064   Data           4  errno.o(.data)
    .bss                                     0x20000068   Section       16  dac.o(.bss)
    .bss                                     0x20000078   Section       10  freqmeter.o(.bss)
    .bss                                     0x20000084   Section     3040  hd44780.o(.bss)
    Lcd_Conf                                 0x20000084   Data          40  hd44780.o(.bss)
    Queue                                    0x200000ac   Data        3000  hd44780.o(.bss)
    STACK                                    0x20000c68   Section    16384  startup_stm32f4xx.o(STACK)

    Global Symbols

    Symbol Name                              Value     Ov Type        Size  Object(Section)

    BuildAttributes$$THM_ISAv4$E$P$D$K$B$S$7EM$VFPi3$EXTD16$VFPS$VFMA$PE$A:L22UL41UL21$X:L11$S22US41US21$IEEE1$IW$USESV6$~STKCKD$USESV7$~SHL$OTIME$ROPI$IEEEX$EBA8$MICROLIB$REQ8$PRES8$EABIv2 0x00000000   Number         0  anon$$obj.o ABSOLUTE
    __ARM_use_no_argv                        0x00000000   Number         0  main_2.o ABSOLUTE
    _printf_a                                0x00000000   Number         0  stubs.o ABSOLUTE
    _printf_c                                0x00000000   Number         0  stubs.o ABSOLUTE
    _printf_charcount                        0x00000000   Number         0  stubs.o ABSOLUTE
    _printf_d                                0x00000000   Number         0  stubs.o ABSOLUTE
    _printf_e                                0x00000000   Number         0  stubs.o ABSOLUTE
    _printf_f                                0x00000000   Number         0  stubs.o ABSOLUTE
    _printf_flags                            0x00000000   Number         0  stubs.o ABSOLUTE
    _printf_fp_dec                           0x00000000   Number         0  stubs.o ABSOLUTE
    _printf_fp_hex                           0x00000000   Number         0  stubs.o ABSOLUTE
    _printf_g                                0x00000000   Number         0  stubs.o ABSOLUTE
    _printf_i                                0x00000000   Number         0  stubs.o ABSOLUTE
    _printf_int_dec                          0x00000000   Number         0  stubs.o ABSOLUTE
    _printf_l                                0x00000000   Number         0  stubs.o ABSOLUTE
    _printf_lc                               0x00000000   Number         0  stubs.o ABSOLUTE
    _printf_ll                               0x00000000   Number         0  stubs.o ABSOLUTE
    _printf_lld                              0x00000000   Number         0  stubs.o ABSOLUTE
    _printf_lli                              0x00000000   Number         0  stubs.o ABSOLUTE
    _printf_llo                              0x00000000   Number         0  stubs.o ABSOLUTE
    _printf_llu                              0x00000000   Number         0  stubs.o ABSOLUTE
    _printf_llx                              0x00000000   Number         0  stubs.o ABSOLUTE
    _printf_longlong_dec                     0x00000000   Number         0  stubs.o ABSOLUTE
    _printf_longlong_hex                     0x00000000   Number         0  stubs.o ABSOLUTE
    _printf_longlong_oct                     0x00000000   Number         0  stubs.o ABSOLUTE
    _printf_ls                               0x00000000   Number         0  stubs.o ABSOLUTE
    _printf_mbtowc                           0x00000000   Number         0  stubs.o ABSOLUTE
    _printf_n                                0x00000000   Number         0  stubs.o ABSOLUTE
    _printf_o                                0x00000000   Number         0  stubs.o ABSOLUTE
    _printf_p                                0x00000000   Number         0  stubs.o ABSOLUTE
    _printf_percent                          0x00000000   Number         0  stubs.o ABSOLUTE
    _printf_pre_padding                      0x00000000   Number         0  stubs.o ABSOLUTE
    _printf_return_value                     0x00000000   Number         0  stubs.o ABSOLUTE
    _printf_s                                0x00000000   Number         0  stubs.o ABSOLUTE
    _printf_sizespec                         0x00000000   Number         0  stubs.o ABSOLUTE
    _printf_str                              0x00000000   Number         0  stubs.o ABSOLUTE
    _printf_truncate_signed                  0x00000000   Number         0  stubs.o ABSOLUTE
    _printf_truncate_unsigned                0x00000000   Number         0  stubs.o ABSOLUTE
    _printf_u                                0x00000000   Number         0  stubs.o ABSOLUTE
    _printf_wc                               0x00000000   Number         0  stubs.o ABSOLUTE
    _printf_wctomb                           0x00000000   Number         0  stubs.o ABSOLUTE
    _printf_widthprec                        0x00000000   Number         0  stubs.o ABSOLUTE
    _printf_x                                0x00000000   Number         0  stubs.o ABSOLUTE
    __cpp_initialize__aeabi_                  - Undefined Weak Reference
    __cxa_finalize                            - Undefined Weak Reference
    __decompress                              - Undefined Weak Reference
    _clock_init                               - Undefined Weak Reference
    _microlib_exit                            - Undefined Weak Reference
    __Vectors_Size                           0x00000188   Number         0  startup_stm32f4xx.o ABSOLUTE
    __Vectors                                0x08000000   Data           4  startup_stm32f4xx.o(RESET)
    __Vectors_End                            0x08000188   Data           0  startup_stm32f4xx.o(RESET)
    __main                                   0x08000189   Thumb Code     0  entry.o(.ARM.Collect$$$$00000000)
    _main_stk                                0x08000189   Thumb Code     0  entry2.o(.ARM.Collect$$$$00000001)
    _main_scatterload                        0x0800018d   Thumb Code     0  entry5.o(.ARM.Collect$$$$00000004)
    __main_after_scatterload                 0x08000191   Thumb Code     0  entry5.o(.ARM.Collect$$$$00000004)
    _main_clock                              0x08000191   Thumb Code     0  entry7b.o(.ARM.Collect$$$$00000008)
    _main_cpp_init                           0x08000191   Thumb Code     0  entry8b.o(.ARM.Collect$$$$0000000A)
    _main_init                               0x08000191   Thumb Code     0  entry9a.o(.ARM.Collect$$$$0000000B)
    __rt_final_cpp                           0x08000199   Thumb Code     0  entry10a.o(.ARM.Collect$$$$0000000D)
    __rt_final_exit                          0x08000199   Thumb Code     0  entry11a.o(.ARM.Collect$$$$0000000F)
    Reset_Handler                            0x0800019d   Thumb Code     8  startup_stm32f4xx.o(.text)
    ADC_IRQHandler                           0x080001b7   Thumb Code     0  startup_stm32f4xx.o(.text)
    CAN1_RX0_IRQHandler                      0x080001b7   Thumb Code     0  startup_stm32f4xx.o(.text)
    CAN1_RX1_IRQHandler                      0x080001b7   Thumb Code     0  startup_stm32f4xx.o(.text)
    CAN1_SCE_IRQHandler                      0x080001b7   Thumb Code     0  startup_stm32f4xx.o(.text)
    CAN1_TX_IRQHandler                       0x080001b7   Thumb Code     0  startup_stm32f4xx.o(.text)
    CAN2_RX0_IRQHandler                      0x080001b7   Thumb Code     0  startup_stm32f4xx.o(.text)
    CAN2_RX1_IRQHandler                      0x080001b7   Thumb Code     0  startup_stm32f4xx.o(.text)
    CAN2_SCE_IRQHandler                      0x080001b7   Thumb Code     0  startup_stm32f4xx.o(.text)
    CAN2_TX_IRQHandler                       0x080001b7   Thumb Code     0  startup_stm32f4xx.o(.text)
    CRYP_IRQHandler                          0x080001b7   Thumb Code     0  startup_stm32f4xx.o(.text)
    DCMI_IRQHandler                          0x080001b7   Thumb Code     0  startup_stm32f4xx.o(.text)
    DMA1_Stream0_IRQHandler                  0x080001b7   Thumb Code     0  startup_stm32f4xx.o(.text)
    DMA1_Stream1_IRQHandler                  0x080001b7   Thumb Code     0  startup_stm32f4xx.o(.text)
    DMA1_Stream2_IRQHandler                  0x080001b7   Thumb Code     0  startup_stm32f4xx.o(.text)
    DMA1_Stream3_IRQHandler                  0x080001b7   Thumb Code     0  startup_stm32f4xx.o(.text)
    DMA1_Stream4_IRQHandler                  0x080001b7   Thumb Code     0  startup_stm32f4xx.o(.text)
    DMA1_Stream5_IRQHandler                  0x080001b7   Thumb Code     0  startup_stm32f4xx.o(.text)
    DMA1_Stream6_IRQHandler                  0x080001b7   Thumb Code     0  startup_stm32f4xx.o(.text)
    DMA1_Stream7_IRQHandler                  0x080001b7   Thumb Code     0  startup_stm32f4xx.o(.text)
    DMA2_Stream0_IRQHandler                  0x080001b7   Thumb Code     0  startup_stm32f4xx.o(.text)
    DMA2_Stream1_IRQHandler                  0x080001b7   Thumb Code     0  startup_stm32f4xx.o(.text)
    DMA2_Stream2_IRQHandler                  0x080001b7   Thumb Code     0  startup_stm32f4xx.o(.text)
    DMA2_Stream3_IRQHandler                  0x080001b7   Thumb Code     0  startup_stm32f4xx.o(.text)
    DMA2_Stream4_IRQHandler                  0x080001b7   Thumb Code     0  startup_stm32f4xx.o(.text)
    DMA2_Stream5_IRQHandler                  0x080001b7   Thumb Code     0  startup_stm32f4xx.o(.text)
    DMA2_Stream6_IRQHandler                  0x080001b7   Thumb Code     0  startup_stm32f4xx.o(.text)
    DMA2_Stream7_IRQHandler                  0x080001b7   Thumb Code     0  startup_stm32f4xx.o(.text)
    ETH_IRQHandler                           0x080001b7   Thumb Code     0  startup_stm32f4xx.o(.text)
    ETH_WKUP_IRQHandler                      0x080001b7   Thumb Code     0  startup_stm32f4xx.o(.text)
    EXTI15_10_IRQHandler                     0x080001b7   Thumb Code     0  startup_stm32f4xx.o(.text)
    EXTI1_IRQHandler                         0x080001b7   Thumb Code     0  startup_stm32f4xx.o(.text)
    EXTI2_IRQHandler                         0x080001b7   Thumb Code     0  startup_stm32f4xx.o(.text)
    EXTI3_IRQHandler                         0x080001b7   Thumb Code     0  startup_stm32f4xx.o(.text)
    EXTI4_IRQHandler                         0x080001b7   Thumb Code     0  startup_stm32f4xx.o(.text)
    EXTI9_5_IRQHandler                       0x080001b7   Thumb Code     0  startup_stm32f4xx.o(.text)
    FLASH_IRQHandler                         0x080001b7   Thumb Code     0  startup_stm32f4xx.o(.text)
    FPU_IRQHandler                           0x080001b7   Thumb Code     0  startup_stm32f4xx.o(.text)
    FSMC_IRQHandler                          0x080001b7   Thumb Code     0  startup_stm32f4xx.o(.text)
    HASH_RNG_IRQHandler                      0x080001b7   Thumb Code     0  startup_stm32f4xx.o(.text)
    I2C1_ER_IRQHandler                       0x080001b7   Thumb Code     0  startup_stm32f4xx.o(.text)
    I2C1_EV_IRQHandler                       0x080001b7   Thumb Code     0  startup_stm32f4xx.o(.text)
    I2C2_ER_IRQHandler                       0x080001b7   Thumb Code     0  startup_stm32f4xx.o(.text)
    I2C2_EV_IRQHandler                       0x080001b7   Thumb Code     0  startup_stm32f4xx.o(.text)
    I2C3_ER_IRQHandler                       0x080001b7   Thumb Code     0  startup_stm32f4xx.o(.text)
    I2C3_EV_IRQHandler                       0x080001b7   Thumb Code     0  startup_stm32f4xx.o(.text)
    OTG_FS_IRQHandler                        0x080001b7   Thumb Code     0  startup_stm32f4xx.o(.text)
    OTG_FS_WKUP_IRQHandler                   0x080001b7   Thumb Code     0  startup_stm32f4xx.o(.text)
    OTG_HS_EP1_IN_IRQHandler                 0x080001b7   Thumb Code     0  startup_stm32f4xx.o(.text)
    OTG_HS_EP1_OUT_IRQHandler                0x080001b7   Thumb Code     0  startup_stm32f4xx.o(.text)
    OTG_HS_IRQHandler                        0x080001b7   Thumb Code     0  startup_stm32f4xx.o(.text)
    OTG_HS_WKUP_IRQHandler                   0x080001b7   Thumb Code     0  startup_stm32f4xx.o(.text)
    PVD_IRQHandler                           0x080001b7   Thumb Code     0  startup_stm32f4xx.o(.text)
    RCC_IRQHandler                           0x080001b7   Thumb Code     0  startup_stm32f4xx.o(.text)
    RTC_Alarm_IRQHandler                     0x080001b7   Thumb Code     0  startup_stm32f4xx.o(.text)
    RTC_WKUP_IRQHandler                      0x080001b7   Thumb Code     0  startup_stm32f4xx.o(.text)
    SDIO_IRQHandler                          0x080001b7   Thumb Code     0  startup_stm32f4xx.o(.text)
    SPI1_IRQHandler                          0x080001b7   Thumb Code     0  startup_stm32f4xx.o(.text)
    SPI2_IRQHandler                          0x080001b7   Thumb Code     0  startup_stm32f4xx.o(.text)
    SPI3_IRQHandler                          0x080001b7   Thumb Code     0  startup_stm32f4xx.o(.text)
    TAMP_STAMP_IRQHandler                    0x080001b7   Thumb Code     0  startup_stm32f4xx.o(.text)
    TIM1_BRK_TIM9_IRQHandler                 0x080001b7   Thumb Code     0  startup_stm32f4xx.o(.text)
    TIM1_CC_IRQHandler                       0x080001b7   Thumb Code     0  startup_stm32f4xx.o(.text)
    TIM1_TRG_COM_TIM11_IRQHandler            0x080001b7   Thumb Code     0  startup_stm32f4xx.o(.text)
    TIM1_UP_TIM10_IRQHandler                 0x080001b7   Thumb Code     0  startup_stm32f4xx.o(.text)
    TIM2_IRQHandler                          0x080001b7   Thumb Code     0  startup_stm32f4xx.o(.text)
    TIM5_IRQHandler                          0x080001b7   Thumb Code     0  startup_stm32f4xx.o(.text)
    TIM6_DAC_IRQHandler                      0x080001b7   Thumb Code     0  startup_stm32f4xx.o(.text)
    TIM8_BRK_TIM12_IRQHandler                0x080001b7   Thumb Code     0  startup_stm32f4xx.o(.text)
    TIM8_CC_IRQHandler                       0x080001b7   Thumb Code     0  startup_stm32f4xx.o(.text)
    TIM8_TRG_COM_TIM14_IRQHandler            0x080001b7   Thumb Code     0  startup_stm32f4xx.o(.text)
    TIM8_UP_TIM13_IRQHandler                 0x080001b7   Thumb Code     0  startup_stm32f4xx.o(.text)
    UART4_IRQHandler                         0x080001b7   Thumb Code     0  startup_stm32f4xx.o(.text)
    UART5_IRQHandler                         0x080001b7   Thumb Code     0  startup_stm32f4xx.o(.text)
    USART1_IRQHandler                        0x080001b7   Thumb Code     0  startup_stm32f4xx.o(.text)
    USART2_IRQHandler                        0x080001b7   Thumb Code     0  startup_stm32f4xx.o(.text)
    USART3_IRQHandler                        0x080001b7   Thumb Code     0  startup_stm32f4xx.o(.text)
    USART6_IRQHandler                        0x080001b7   Thumb Code     0  startup_stm32f4xx.o(.text)
    WWDG_IRQHandler                          0x080001b7   Thumb Code     0  startup_stm32f4xx.o(.text)
    __aeabi_memcpy                           0x080001c1   Thumb Code    36  memcpya.o(.text)
    __aeabi_memcpy4                          0x080001c1   Thumb Code     0  memcpya.o(.text)
    __aeabi_memcpy8                          0x080001c1   Thumb Code     0  memcpya.o(.text)
    __aeabi_dadd                             0x080001e5   Thumb Code   322  dadd.o(.text)
    __aeabi_dsub                             0x08000327   Thumb Code     6  dadd.o(.text)
    __aeabi_drsub                            0x0800032d   Thumb Code     6  dadd.o(.text)
    __aeabi_dmul                             0x08000333   Thumb Code   228  dmul.o(.text)
    __aeabi_ddiv                             0x08000417   Thumb Code   222  ddiv.o(.text)
    __aeabi_ui2d                             0x080004f5   Thumb Code    26  dfltui.o(.text)
    __aeabi_d2iz                             0x0800050f   Thumb Code    62  dfixi.o(.text)
    __aeabi_cdcmpeq                          0x0800054d   Thumb Code     0  cdcmple.o(.text)
    __aeabi_cdcmple                          0x0800054d   Thumb Code    38  cdcmple.o(.text)
    __aeabi_cdrcmple                         0x08000575   Thumb Code    38  cdrcmple.o(.text)
    __aeabi_uidiv                            0x0800059d   Thumb Code     0  uidiv.o(.text)
    __aeabi_uidivmod                         0x0800059d   Thumb Code    44  uidiv.o(.text)
    __aeabi_uldivmod                         0x080005c9   Thumb Code    98  uldiv.o(.text)
    __aeabi_llsl                             0x0800062b   Thumb Code    30  llshl.o(.text)
    _ll_shift_l                              0x0800062b   Thumb Code     0  llshl.o(.text)
    __aeabi_llsr                             0x08000649   Thumb Code    32  llushr.o(.text)
    _ll_ushift_r                             0x08000649   Thumb Code     0  llushr.o(.text)
    __aeabi_lasr                             0x08000669   Thumb Code    36  llsshr.o(.text)
    _ll_sshift_r                             0x08000669   Thumb Code     0  llsshr.o(.text)
    __I$use$fp                               0x0800068d   Thumb Code     0  iusefp.o(.text)
    _double_round                            0x0800068d   Thumb Code    26  depilogue.o(.text)
    _double_epilogue                         0x080006a7   Thumb Code   164  depilogue.o(.text)
    __ARM_scalbn                             0x0800074b   Thumb Code    46  dscalb.o(.text)
    scalbn                                   0x0800074b   Thumb Code     0  dscalb.o(.text)
    __aeabi_i2d                              0x08000779   Thumb Code    34  dflti.o(.text)
    __aeabi_d2ulz                            0x0800079b   Thumb Code    48  dfixul.o(.text)
    __scatterload                            0x080007cd   Thumb Code    28  init.o(.text)
    __scatterload_rt2                        0x080007cd   Thumb Code     0  init.o(.text)
    _dsqrt                                   0x080007f1   Thumb Code   162  dsqrt.o(.text)
    BTN_Init                                 0x08000895   Thumb Code    56  swt.o(i.BTN_Init)
    BusFault_Handler                         0x080008d5   Thumb Code     4  stm32f4xx_it.o(i.BusFault_Handler)
    Config_menu_interrupt                    0x080008d9   Thumb Code    76  main_2.o(i.Config_menu_interrupt)
    DAC_Arbitory_Off                         0x08000925   Thumb Code    12  arbitoryfunc.o(i.DAC_Arbitory_Off)
    DAC_Arbitory_On                          0x08000931   Thumb Code    12  arbitoryfunc.o(i.DAC_Arbitory_On)
    DAC_Ch1_ArbitoryConfig                   0x0800093d   Thumb Code   124  arbitoryfunc.o(i.DAC_Ch1_ArbitoryConfig)
    DAC_Ch1_NoiseConfig                      0x080009c5   Thumb Code    38  dac.o(i.DAC_Ch1_NoiseConfig)
    DAC_Cmd                                  0x080009f1   Thumb Code    34  stm32f4xx_dac.o(i.DAC_Cmd)
    DAC_DMACmd                               0x08000a19   Thumb Code    38  stm32f4xx_dac.o(i.DAC_DMACmd)
    DAC_DeInit                               0x08000a45   Thumb Code    22  stm32f4xx_dac.o(i.DAC_DeInit)
    DAC_Init                                 0x08000a5d   Thumb Code    46  stm32f4xx_dac.o(i.DAC_Init)
    DAC_Noise_Off                            0x08000a91   Thumb Code    12  dac.o(i.DAC_Noise_Off)
    DAC_Noise_On                             0x08000a9d   Thumb Code    12  dac.o(i.DAC_Noise_On)
    DAC_SetChannel1Data                      0x08000aa9   Thumb Code    26  stm32f4xx_dac.o(i.DAC_SetChannel1Data)
    DACs_Init                                0x08000ac9   Thumb Code    56  dac.o(i.DACs_Init)
    DDS_Default_Init                         0x08000b09   Thumb Code    80  dds.o(i.DDS_Default_Init)
    DDS_Init                                 0x08000b5d   Thumb Code    86  dds.o(i.DDS_Init)
    DDS_Set                                  0x08000bbd   Thumb Code   200  dds.o(i.DDS_Set)
    DDS_Write_Data                           0x08000c9d   Thumb Code    14  dds.o(i.DDS_Write_Data)
    DMA_Cmd                                  0x08000cb1   Thumb Code    22  stm32f4xx_dma.o(i.DMA_Cmd)
    DMA_DeInit                               0x08000cc9   Thumb Code   324  stm32f4xx_dma.o(i.DMA_DeInit)
    DMA_Init                                 0x08000e21   Thumb Code    82  stm32f4xx_dma.o(i.DMA_Init)
    Data_Low                                 0x08000e79   Thumb Code    14  dds.o(i.Data_Low)
    DebugMon_Handler                         0x08000e8d   Thumb Code     2  stm32f4xx_it.o(i.DebugMon_Handler)
    Delay                                    0x08000e91   Thumb Code    18  main_2.o(i.Delay)
    EXTI0_IRQHandler                         0x08000ea9   Thumb Code   128  main_2.o(i.EXTI0_IRQHandler)
    EXTI_ClearITPendingBit                   0x08000f31   Thumb Code     6  stm32f4xx_exti.o(i.EXTI_ClearITPendingBit)
    EXTI_Init                                0x08000f3d   Thumb Code   142  stm32f4xx_exti.o(i.EXTI_Init)
    Freq_Meter_Init                          0x08000fd1   Thumb Code    76  freqmeter.o(i.Freq_Meter_Init)
    GPIO_Init                                0x08001025   Thumb Code   144  stm32f4xx_gpio.o(i.GPIO_Init)
    GPIO_PinAFConfig                         0x080010b5   Thumb Code    70  stm32f4xx_gpio.o(i.GPIO_PinAFConfig)
    GPIO_ReadInputDataBit                    0x080010fb   Thumb Code    18  stm32f4xx_gpio.o(i.GPIO_ReadInputDataBit)
    GPIO_ResetBits                           0x0800110d   Thumb Code     4  stm32f4xx_gpio.o(i.GPIO_ResetBits)
    GPIO_SetBits                             0x08001111   Thumb Code     4  stm32f4xx_gpio.o(i.GPIO_SetBits)
    GPIO_ToggleBits                          0x08001115   Thumb Code     8  stm32f4xx_gpio.o(i.GPIO_ToggleBits)
    GPIO_WriteBit                            0x0800111d   Thumb Code    10  stm32f4xx_gpio.o(i.GPIO_WriteBit)
    HardFault_Handler                        0x08001127   Thumb Code     4  stm32f4xx_it.o(i.HardFault_Handler)
    LED_All_Off                              0x0800112d   Thumb Code    10  led.o(i.LED_All_Off)
    LED_Init                                 0x0800113d   Thumb Code    96  led.o(i.LED_Init)
    LED_Off                                  0x080011ad   Thumb Code    16  led.o(i.LED_Off)
    LED_On                                   0x080011c5   Thumb Code    16  led.o(i.LED_On)
    MemManage_Handler                        0x080011dd   Thumb Code     4  stm32f4xx_it.o(i.MemManage_Handler)
    NMI_Handler                              0x080011e1   Thumb Code     2  stm32f4xx_it.o(i.NMI_Handler)
    NVIC_Init                                0x080011e5   Thumb Code   108  misc.o(i.NVIC_Init)
    NVIC_PriorityGroupConfig                 0x0800125d   Thumb Code    10  misc.o(i.NVIC_PriorityGroupConfig)
    PendSV_Handler                           0x08001271   Thumb Code     2  stm32f4xx_it.o(i.PendSV_Handler)
    Pulse_Clock                              0x08001275   Thumb Code    34  dds.o(i.Pulse_Clock)
    Pulse_Frequency                          0x0800129d   Thumb Code    34  dds.o(i.Pulse_Frequency)
    RCC_AHB1PeriphClockCmd                   0x080012c5   Thumb Code    26  stm32f4xx_rcc.o(i.RCC_AHB1PeriphClockCmd)
    RCC_APB1PeriphClockCmd                   0x080012e5   Thumb Code    26  stm32f4xx_rcc.o(i.RCC_APB1PeriphClockCmd)
    RCC_APB1PeriphResetCmd                   0x08001305   Thumb Code    26  stm32f4xx_rcc.o(i.RCC_APB1PeriphResetCmd)
    RCC_APB2PeriphClockCmd                   0x08001325   Thumb Code    26  stm32f4xx_rcc.o(i.RCC_APB2PeriphClockCmd)
    RCC_GetClocksFreq                        0x08001345   Thumb Code   214  stm32f4xx_rcc.o(i.RCC_GetClocksFreq)
    SVC_Handler                              0x0800142d   Thumb Code     2  stm32f4xx_it.o(i.SVC_Handler)
    SWTS_Init                                0x08001431   Thumb Code    52  swt.o(i.SWTS_Init)
    SWT_Get                                  0x08001471   Thumb Code     6  swt.o(i.SWT_Get)
    SYSCFG_EXTILineConfig                    0x0800147d   Thumb Code    60  stm32f4xx_syscfg.o(i.SYSCFG_EXTILineConfig)
    SysTick_Handler                          0x080015a9   Thumb Code    12  main_2.o(i.SysTick_Handler)
    SystemCoreClockUpdate                    0x080015b9   Thumb Code   170  system_stm32f4xx.o(i.SystemCoreClockUpdate)
    SystemInit                               0x08001679   Thumb Code    88  system_stm32f4xx.o(i.SystemInit)
    TIM3_IRQHandler                          0x0800176d   Thumb Code    42  timer.o(i.TIM3_IRQHandler)
    TIM4_IRQHandler                          0x080017a1   Thumb Code   260  freqmeter.o(i.TIM4_IRQHandler)
    TIM5_Config                              0x080018c5   Thumb Code    60  arbitoryfunc.o(i.TIM5_Config)
    TIM6_Config                              0x08001909   Thumb Code    60  dac.o(i.TIM6_Config)
    TIM7_IRQHandler                          0x08001949   Thumb Code    16  hd44780.o(i.TIM7_IRQHandler)
    TIM_ClearITPendingBit                    0x0800195d   Thumb Code     6  stm32f4xx_tim.o(i.TIM_ClearITPendingBit)
    TIM_Cmd                                  0x08001963   Thumb Code    24  stm32f4xx_tim.o(i.TIM_Cmd)
    TIM_Config                               0x0800197d   Thumb Code    94  freqmeter.o(i.TIM_Config)
    TIM_GetCapture1                          0x080019e1   Thumb Code     6  stm32f4xx_tim.o(i.TIM_GetCapture1)
    TIM_GetCapture2                          0x080019e7   Thumb Code     6  stm32f4xx_tim.o(i.TIM_GetCapture2)
    TIM_GetITStatus                          0x080019ed   Thumb Code    34  stm32f4xx_tim.o(i.TIM_GetITStatus)
    TIM_ITConfig                             0x08001a0f   Thumb Code    18  stm32f4xx_tim.o(i.TIM_ITConfig)
    TIM_PWMIConfig                           0x08001a21   Thumb Code   124  stm32f4xx_tim.o(i.TIM_PWMIConfig)
    TIM_SelectInputTrigger                   0x08001a9d   Thumb Code    18  stm32f4xx_tim.o(i.TIM_SelectInputTrigger)
    TIM_SelectMasterSlaveMode                0x08001aaf   Thumb Code    18  stm32f4xx_tim.o(i.TIM_SelectMasterSlaveMode)
    TIM_SelectOutputTrigger                  0x08001ac1   Thumb Code    18  stm32f4xx_tim.o(i.TIM_SelectOutputTrigger)
    TIM_SelectSlaveMode                      0x08001ad3   Thumb Code    18  stm32f4xx_tim.o(i.TIM_SelectSlaveMode)
    TIM_SetIC1Prescaler                      0x08001ae5   Thumb Code    18  stm32f4xx_tim.o(i.TIM_SetIC1Prescaler)
    TIM_SetIC2Prescaler                      0x08001af7   Thumb Code    26  stm32f4xx_tim.o(i.TIM_SetIC2Prescaler)
    TIM_TimeBaseInit                         0x08001b11   Thumb Code   104  stm32f4xx_tim.o(i.TIM_TimeBaseInit)
    TIM_TimeBaseStructInit                   0x08001b95   Thumb Code    18  stm32f4xx_tim.o(i.TIM_TimeBaseStructInit)
    UsageFault_Handler                       0x08001ba7   Thumb Code     4  stm32f4xx_it.o(i.UsageFault_Handler)
    __0sprintf                               0x08001bad   Thumb Code    34  printfa.o(i.__0sprintf)
    __1sprintf                               0x08001bad   Thumb Code     0  printfa.o(i.__0sprintf)
    __2sprintf                               0x08001bad   Thumb Code     0  printfa.o(i.__0sprintf)
    __c89sprintf                             0x08001bad   Thumb Code     0  printfa.o(i.__0sprintf)
    sprintf                                  0x08001bad   Thumb Code     0  printfa.o(i.__0sprintf)
    __ARM_fpclassify                         0x08001bd5   Thumb Code    48  fpclassify.o(i.__ARM_fpclassify)
    __hardfp_pow                             0x08001c09   Thumb Code  3132  pow.o(i.__hardfp_pow)
    __kernel_poly                            0x08002899   Thumb Code   248  poly.o(i.__kernel_poly)
    __mathlib_dbl_underflow                  0x08002991   Thumb Code    24  dunder.o(i.__mathlib_dbl_underflow)
    __scatterload_copy                       0x080029b1   Thumb Code    14  handlers.o(i.__scatterload_copy)
    __scatterload_null                       0x080029bf   Thumb Code     2  handlers.o(i.__scatterload_null)
    __scatterload_zeroinit                   0x080029c1   Thumb Code    14  handlers.o(i.__scatterload_zeroinit)
    __set_errno                              0x080029d1   Thumb Code     6  errno.o(i.__set_errno)
    fabs                                     0x08003355   Thumb Code    32  fabs.o(i.fabs)
    hd44780_clear                            0x08003375   Thumb Code    34  hd44780.o(i.hd44780_clear)
    hd44780_display                          0x08003399   Thumb Code    70  hd44780.o(i.hd44780_display)
    hd44780_home                             0x080033e9   Thumb Code    28  hd44780.o(i.hd44780_home)
    hd44780_init                             0x08003405   Thumb Code   416  hd44780.o(i.hd44780_init)
    hd44780_position                         0x080035b1   Thumb Code    48  hd44780.o(i.hd44780_position)
    hd44780_print                            0x080035e5   Thumb Code    44  hd44780.o(i.hd44780_print)
    hd44780_print_lines                      0x08003611   Thumb Code    40  hd44780.o(i.hd44780_print_lines)
    init_lcd_driver                          0x08003639   Thumb Code    58  hd44780.o(i.init_lcd_driver)
    main                                     0x08003679   Thumb Code  1466  main_2.o(i.main)
    sqrt                                     0x08003d85   Thumb Code   110  sqrt.o(i.sqrt)
    led_mask                                 0x08003fcc   Data          32  led.o(.constdata)
    waveForm                                 0x08003fec   Data         256  arbitoryfunc.o(.constdata)
    __mathlib_zero                           0x08004178   Data           8  qnan.o(.constdata)
    Region$$Table$$Base                      0x08004180   Number         0  anon$$obj.o(Region$$Table)
    Region$$Table$$Limit                     0x080041a0   Number         0  anon$$obj.o(Region$$Table)
    CCR1_Val                                 0x20000000   Data           2  timer.o(.data)
    counter                                  0x20000004   Data           4  timer.o(.data)
    currentFrequency                         0x20000008   Data           8  main_2.o(.data)
    increment                                0x20000010   Data           8  main_2.o(.data)
    function                                 0x20000018   Data           4  main_2.o(.data)
    freqRange                                0x2000001c   Data           4  main_2.o(.data)
    updateFlag                               0x20000020   Data           1  main_2.o(.data)
    msTicks                                  0x20000024   Data           4  main_2.o(.data)
    DutyCycle                                0x20000028   Data           2  freqmeter.o(.data)
    Frequency                                0x2000002c   Data           4  freqmeter.o(.data)
    low_Frequency                            0x20000030   Data           8  freqmeter.o(.data)
    IC2Value                                 0x20000038   Data           2  freqmeter.o(.data)
    SystemCoreClock                          0x20000040   Data           4  system_stm32f4xx.o(.data)
    AHBPrescTable                            0x20000044   Data          16  system_stm32f4xx.o(.data)
    DAC_InitStructure                        0x20000068   Data          16  dac.o(.bss)
    TIM_ICInitStructure                      0x20000078   Data          10  freqmeter.o(.bss)
    __initial_sp                             0x20004c68   Data           0  startup_stm32f4xx.o(STACK)



==============================================================================

Memory Map of the image

  Image Entry point : 0x08000189

  Load Region LR_IROM1 (Base: 0x08000000, Size: 0x00004208, Max: 0x00100000, ABSOLUTE)

    Execution Region ER_IROM1 (Base: 0x08000000, Size: 0x000041a0, Max: 0x00100000, ABSOLUTE)

    Base Addr    Size         Type   Attr      Idx    E Section Name        Object

    0x08000000   0x00000188   Data   RO         2970    RESET               startup_stm32f4xx.o
    0x08000188   0x00000000   Code   RO         2989  * .ARM.Collect$$$$00000000  mc_w.l(entry.o)
    0x08000188   0x00000004   Code   RO         3296    .ARM.Collect$$$$00000001  mc_w.l(entry2.o)
    0x0800018c   0x00000004   Code   RO         3299    .ARM.Collect$$$$00000004  mc_w.l(entry5.o)
    0x08000190   0x00000000   Code   RO         3301    .ARM.Collect$$$$00000008  mc_w.l(entry7b.o)
    0x08000190   0x00000000   Code   RO         3303    .ARM.Collect$$$$0000000A  mc_w.l(entry8b.o)
    0x08000190   0x00000008   Code   RO         3304    .ARM.Collect$$$$0000000B  mc_w.l(entry9a.o)
    0x08000198   0x00000000   Code   RO         3306    .ARM.Collect$$$$0000000D  mc_w.l(entry10a.o)
    0x08000198   0x00000000   Code   RO         3308    .ARM.Collect$$$$0000000F  mc_w.l(entry11a.o)
    0x08000198   0x00000004   Code   RO         3297    .ARM.Collect$$$$00002712  mc_w.l(entry2.o)
    0x0800019c   0x00000024   Code   RO         2971    .text               startup_stm32f4xx.o
    0x080001c0   0x00000024   Code   RO         2992    .text               mc_w.l(memcpya.o)
    0x080001e4   0x0000014e   Code   RO         3257    .text               mf_w.l(dadd.o)
    0x08000332   0x000000e4   Code   RO         3259    .text               mf_w.l(dmul.o)
    0x08000416   0x000000de   Code   RO         3261    .text               mf_w.l(ddiv.o)
    0x080004f4   0x0000001a   Code   RO         3263    .text               mf_w.l(dfltui.o)
    0x0800050e   0x0000003e   Code   RO         3265    .text               mf_w.l(dfixi.o)
    0x0800054c   0x00000028   Code   RO         3267    .text               mf_w.l(cdcmple.o)
    0x08000574   0x00000028   Code   RO         3269    .text               mf_w.l(cdrcmple.o)
    0x0800059c   0x0000002c   Code   RO         3313    .text               mc_w.l(uidiv.o)
    0x080005c8   0x00000062   Code   RO         3315    .text               mc_w.l(uldiv.o)
    0x0800062a   0x0000001e   Code   RO         3317    .text               mc_w.l(llshl.o)
    0x08000648   0x00000020   Code   RO         3319    .text               mc_w.l(llushr.o)
    0x08000668   0x00000024   Code   RO         3321    .text               mc_w.l(llsshr.o)
    0x0800068c   0x00000000   Code   RO         3330    .text               mc_w.l(iusefp.o)
    0x0800068c   0x000000be   Code   RO         3331    .text               mf_w.l(depilogue.o)
    0x0800074a   0x0000002e   Code   RO         3335    .text               mf_w.l(dscalb.o)
    0x08000778   0x00000022   Code   RO         3337    .text               mf_w.l(dflti.o)
    0x0800079a   0x00000030   Code   RO         3339    .text               mf_w.l(dfixul.o)
    0x080007ca   0x00000002   PAD
    0x080007cc   0x00000024   Code   RO         3341    .text               mc_w.l(init.o)
    0x080007f0   0x000000a2   Code   RO         3345    .text               mf_w.l(dsqrt.o)
    0x08000892   0x00000002   PAD
    0x08000894   0x00000040   Code   RO          595    i.BTN_Init          swt.o
    0x080008d4   0x00000004   Code   RO            2    i.BusFault_Handler  stm32f4xx_it.o
    0x080008d8   0x0000004c   Code   RO          493    i.Config_menu_interrupt  main_2.o
    0x08000924   0x0000000c   Code   RO          874    i.DAC_Arbitory_Off  arbitoryfunc.o
    0x08000930   0x0000000c   Code   RO          875    i.DAC_Arbitory_On   arbitoryfunc.o
    0x0800093c   0x00000088   Code   RO          876    i.DAC_Ch1_ArbitoryConfig  arbitoryfunc.o
    0x080009c4   0x0000002c   Code   RO          637    i.DAC_Ch1_NoiseConfig  dac.o
    0x080009f0   0x00000028   Code   RO         2729    i.DAC_Cmd           stm32f4xx_dac.o
    0x08000a18   0x0000002c   Code   RO         2730    i.DAC_DMACmd        stm32f4xx_dac.o
    0x08000a44   0x00000016   Code   RO         2731    i.DAC_DeInit        stm32f4xx_dac.o
    0x08000a5a   0x00000002   PAD
    0x08000a5c   0x00000034   Code   RO         2737    i.DAC_Init          stm32f4xx_dac.o
    0x08000a90   0x0000000c   Code   RO          639    i.DAC_Noise_Off     dac.o
    0x08000a9c   0x0000000c   Code   RO          640    i.DAC_Noise_On      dac.o
    0x08000aa8   0x00000020   Code   RO         2738    i.DAC_SetChannel1Data  stm32f4xx_dac.o
    0x08000ac8   0x00000040   Code   RO          643    i.DACs_Init         dac.o
    0x08000b08   0x00000054   Code   RO          214    i.DDS_Default_Init  dds.o
    0x08000b5c   0x00000060   Code   RO          215    i.DDS_Init          dds.o
    0x08000bbc   0x000000e0   Code   RO          216    i.DDS_Set           dds.o
    0x08000c9c   0x00000014   Code   RO          217    i.DDS_Write_Data    dds.o
    0x08000cb0   0x00000016   Code   RO         2844    i.DMA_Cmd           stm32f4xx_dma.o
    0x08000cc6   0x00000002   PAD
    0x08000cc8   0x00000158   Code   RO         2845    i.DMA_DeInit        stm32f4xx_dma.o
    0x08000e20   0x00000058   Code   RO         2856    i.DMA_Init          stm32f4xx_dma.o
    0x08000e78   0x00000014   Code   RO          218    i.Data_Low          dds.o
    0x08000e8c   0x00000002   Code   RO            3    i.DebugMon_Handler  stm32f4xx_it.o
    0x08000e8e   0x00000002   PAD
    0x08000e90   0x00000018   Code   RO          494    i.Delay             main_2.o
    0x08000ea8   0x00000088   Code   RO          495    i.EXTI0_IRQHandler  main_2.o
    0x08000f30   0x0000000c   Code   RO         2667    i.EXTI_ClearITPendingBit  stm32f4xx_exti.o
    0x08000f3c   0x00000094   Code   RO         2672    i.EXTI_Init         stm32f4xx_exti.o
    0x08000fd0   0x00000054   Code   RO          698    i.Freq_Meter_Init   freqmeter.o
    0x08001024   0x00000090   Code   RO         1135    i.GPIO_Init         stm32f4xx_gpio.o
    0x080010b4   0x00000046   Code   RO         1136    i.GPIO_PinAFConfig  stm32f4xx_gpio.o
    0x080010fa   0x00000012   Code   RO         1139    i.GPIO_ReadInputDataBit  stm32f4xx_gpio.o
    0x0800110c   0x00000004   Code   RO         1142    i.GPIO_ResetBits    stm32f4xx_gpio.o
    0x08001110   0x00000004   Code   RO         1143    i.GPIO_SetBits      stm32f4xx_gpio.o
    0x08001114   0x00000008   Code   RO         1145    i.GPIO_ToggleBits   stm32f4xx_gpio.o
    0x0800111c   0x0000000a   Code   RO         1147    i.GPIO_WriteBit     stm32f4xx_gpio.o
    0x08001126   0x00000004   Code   RO            4    i.HardFault_Handler  stm32f4xx_it.o
    0x0800112a   0x00000002   PAD
    0x0800112c   0x00000010   Code   RO          441    i.LED_All_Off       led.o
    0x0800113c   0x00000070   Code   RO          443    i.LED_Init          led.o
    0x080011ac   0x00000018   Code   RO          444    i.LED_Off           led.o
    0x080011c4   0x00000018   Code   RO          445    i.LED_On            led.o
    0x080011dc   0x00000004   Code   RO            5    i.MemManage_Handler  stm32f4xx_it.o
    0x080011e0   0x00000002   Code   RO            6    i.NMI_Handler       stm32f4xx_it.o
    0x080011e2   0x00000002   PAD
    0x080011e4   0x00000078   Code   RO         1016    i.NVIC_Init         misc.o
    0x0800125c   0x00000014   Code   RO         1017    i.NVIC_PriorityGroupConfig  misc.o
    0x08001270   0x00000002   Code   RO            7    i.PendSV_Handler    stm32f4xx_it.o
    0x08001272   0x00000002   PAD
    0x08001274   0x00000028   Code   RO          219    i.Pulse_Clock       dds.o
    0x0800129c   0x00000028   Code   RO          220    i.Pulse_Frequency   dds.o
    0x080012c4   0x00000020   Code   RO         1234    i.RCC_AHB1PeriphClockCmd  stm32f4xx_rcc.o
    0x080012e4   0x00000020   Code   RO         1243    i.RCC_APB1PeriphClockCmd  stm32f4xx_rcc.o
    0x08001304   0x00000020   Code   RO         1245    i.RCC_APB1PeriphResetCmd  stm32f4xx_rcc.o
    0x08001324   0x00000020   Code   RO         1246    i.RCC_APB2PeriphClockCmd  stm32f4xx_rcc.o
    0x08001344   0x000000e8   Code   RO         1255    i.RCC_GetClocksFreq  stm32f4xx_rcc.o
    0x0800142c   0x00000002   Code   RO            8    i.SVC_Handler       stm32f4xx_it.o
    0x0800142e   0x00000002   PAD
    0x08001430   0x00000040   Code   RO          596    i.SWTS_Init         swt.o
    0x08001470   0x0000000c   Code   RO          598    i.SWT_Get           swt.o
    0x0800147c   0x00000040   Code   RO         2062    i.SYSCFG_EXTILineConfig  stm32f4xx_syscfg.o
    0x080014bc   0x000000ec   Code   RO          911    i.SetSysClock       system_stm32f4xx.o
    0x080015a8   0x00000010   Code   RO          496    i.SysTick_Handler   main_2.o
    0x080015b8   0x000000c0   Code   RO          912    i.SystemCoreClockUpdate  system_stm32f4xx.o
    0x08001678   0x00000068   Code   RO          913    i.SystemInit        system_stm32f4xx.o
    0x080016e0   0x0000003a   Code   RO         2105    i.TI1_Config        stm32f4xx_tim.o
    0x0800171a   0x00000050   Code   RO         2106    i.TI2_Config        stm32f4xx_tim.o
    0x0800176a   0x00000002   PAD
    0x0800176c   0x00000034   Code   RO          170    i.TIM3_IRQHandler   timer.o
    0x080017a0   0x00000124   Code   RO          699    i.TIM4_IRQHandler   freqmeter.o
    0x080018c4   0x00000044   Code   RO          877    i.TIM5_Config       arbitoryfunc.o
    0x08001908   0x00000040   Code   RO          644    i.TIM6_Config       dac.o
    0x08001948   0x00000014   Code   RO          734    i.TIM7_IRQHandler   hd44780.o
    0x0800195c   0x00000006   Code   RO         2116    i.TIM_ClearITPendingBit  stm32f4xx_tim.o
    0x08001962   0x00000018   Code   RO         2121    i.TIM_Cmd           stm32f4xx_tim.o
    0x0800197a   0x00000002   PAD
    0x0800197c   0x00000064   Code   RO          700    i.TIM_Config        freqmeter.o
    0x080019e0   0x00000006   Code   RO         2136    i.TIM_GetCapture1   stm32f4xx_tim.o
    0x080019e6   0x00000006   Code   RO         2137    i.TIM_GetCapture2   stm32f4xx_tim.o
    0x080019ec   0x00000022   Code   RO         2142    i.TIM_GetITStatus   stm32f4xx_tim.o
    0x08001a0e   0x00000012   Code   RO         2146    i.TIM_ITConfig      stm32f4xx_tim.o
    0x08001a20   0x0000007c   Code   RO         2169    i.TIM_PWMIConfig    stm32f4xx_tim.o
    0x08001a9c   0x00000012   Code   RO         2175    i.TIM_SelectInputTrigger  stm32f4xx_tim.o
    0x08001aae   0x00000012   Code   RO         2176    i.TIM_SelectMasterSlaveMode  stm32f4xx_tim.o
    0x08001ac0   0x00000012   Code   RO         2179    i.TIM_SelectOutputTrigger  stm32f4xx_tim.o
    0x08001ad2   0x00000012   Code   RO         2180    i.TIM_SelectSlaveMode  stm32f4xx_tim.o
    0x08001ae4   0x00000012   Code   RO         2188    i.TIM_SetIC1Prescaler  stm32f4xx_tim.o
    0x08001af6   0x0000001a   Code   RO         2189    i.TIM_SetIC2Prescaler  stm32f4xx_tim.o
    0x08001b10   0x00000084   Code   RO         2193    i.TIM_TimeBaseInit  stm32f4xx_tim.o
    0x08001b94   0x00000012   Code   RO         2194    i.TIM_TimeBaseStructInit  stm32f4xx_tim.o
    0x08001ba6   0x00000004   Code   RO            9    i.UsageFault_Handler  stm32f4xx_it.o
    0x08001baa   0x00000002   PAD
    0x08001bac   0x00000028   Code   RO         3231    i.__0sprintf        mc_w.l(printfa.o)
    0x08001bd4   0x00000030   Code   RO         3279    i.__ARM_fpclassify  m_wm.l(fpclassify.o)
    0x08001c04   0x00000004   PAD
    0x08001c08   0x00000c90   Code   RO         2975    i.__hardfp_pow      m_wm.l(pow.o)
    0x08002898   0x000000f8   Code   RO         3281    i.__kernel_poly     m_wm.l(poly.o)
    0x08002990   0x00000020   Code   RO         3271    i.__mathlib_dbl_underflow  m_wm.l(dunder.o)
    0x080029b0   0x0000000e   Code   RO         3349    i.__scatterload_copy  mc_w.l(handlers.o)
    0x080029be   0x00000002   Code   RO         3350    i.__scatterload_null  mc_w.l(handlers.o)
    0x080029c0   0x0000000e   Code   RO         3351    i.__scatterload_zeroinit  mc_w.l(handlers.o)
    0x080029ce   0x00000002   PAD
    0x080029d0   0x0000000c   Code   RO         3325    i.__set_errno       mc_w.l(errno.o)
    0x080029dc   0x0000015c   Code   RO         3236    i._fp_digits        mc_w.l(printfa.o)
    0x08002b38   0x000006f0   Code   RO         3237    i._printf_core      mc_w.l(printfa.o)
    0x08003228   0x00000026   Code   RO         3238    i._printf_post_padding  mc_w.l(printfa.o)
    0x0800324e   0x00000030   Code   RO         3239    i._printf_pre_padding  mc_w.l(printfa.o)
    0x0800327e   0x0000000a   Code   RO         3241    i._sputc            mc_w.l(printfa.o)
    0x08003288   0x0000000c   Code   RO          735    i.delay             hd44780.o
    0x08003294   0x00000034   Code   RO          736    i.enable            hd44780.o
    0x080032c8   0x0000008c   Code   RO          737    i.exec              hd44780.o
    0x08003354   0x00000020   Code   RO         3275    i.fabs              m_wm.l(fabs.o)
    0x08003374   0x00000022   Code   RO          739    i.hd44780_clear     hd44780.o
    0x08003396   0x00000002   PAD
    0x08003398   0x00000050   Code   RO          740    i.hd44780_display   hd44780.o
    0x080033e8   0x0000001c   Code   RO          741    i.hd44780_home      hd44780.o
    0x08003404   0x000001ac   Code   RO          742    i.hd44780_init      hd44780.o
    0x080035b0   0x00000034   Code   RO          743    i.hd44780_position  hd44780.o
    0x080035e4   0x0000002c   Code   RO          744    i.hd44780_print     hd44780.o
    0x08003610   0x00000028   Code   RO          745    i.hd44780_print_lines  hd44780.o
    0x08003638   0x00000040   Code   RO          748    i.init_lcd_driver   hd44780.o
    0x08003678   0x000005e8   Code   RO          497    i.main              main_2.o
    0x08003c60   0x00000050   Code   RO          749    i.periph_get        hd44780.o
    0x08003cb0   0x00000064   Code   RO          750    i.read_busy         hd44780.o
    0x08003d14   0x00000070   Code   RO          751    i.set_output        hd44780.o
    0x08003d84   0x0000006e   Code   RO         3286    i.sqrt              m_wm.l(sqrt.o)
    0x08003df2   0x00000002   PAD
    0x08003df4   0x0000008c   Code   RO          752    i.task_add          hd44780.o
    0x08003e80   0x0000002c   Code   RO          753    i.task_del          hd44780.o
    0x08003eac   0x00000080   Code   RO          754    i.write             hd44780.o
    0x08003f2c   0x000000a0   Data   RO          221    .constdata          dds.o
    0x08003fcc   0x00000020   Data   RO          447    .constdata          led.o
    0x08003fec   0x00000100   Data   RO          878    .constdata          arbitoryfunc.o
    0x080040ec   0x00000004   PAD
    0x080040f0   0x00000088   Data   RO         2978    .constdata          m_wm.l(pow.o)
    0x08004178   0x00000008   Data   RO         3283    .constdata          m_wm.l(qnan.o)
    0x08004180   0x00000020   Data   RO         3347    Region$$Table       anon$$obj.o


    Execution Region RW_IRAM1 (Base: 0x20000000, Size: 0x00004c68, Max: 0x00020000, ABSOLUTE)

    Base Addr    Size         Type   Attr      Idx    E Section Name        Object

    0x20000000   0x00000008   Data   RW          172    .data               timer.o
    0x20000008   0x00000020   Data   RW          498    .data               main_2.o
    0x20000028   0x00000012   Data   RW          702    .data               freqmeter.o
    0x2000003a   0x00000004   Data   RW          756    .data               hd44780.o
    0x2000003e   0x00000002   PAD
    0x20000040   0x00000014   Data   RW          914    .data               system_stm32f4xx.o
    0x20000054   0x00000010   Data   RW         1278    .data               stm32f4xx_rcc.o
    0x20000064   0x00000004   Data   RW         3326    .data               mc_w.l(errno.o)
    0x20000068   0x00000010   Zero   RW          645    .bss                dac.o
    0x20000078   0x0000000a   Zero   RW          701    .bss                freqmeter.o
    0x20000082   0x00000002   PAD
    0x20000084   0x00000be0   Zero   RW          755    .bss                hd44780.o
    0x20000c64   0x00000004   PAD
    0x20000c68   0x00004000   Zero   RW         2968    STACK               startup_stm32f4xx.o


==============================================================================

Image component sizes


      Code (inc. data)   RO Data    RW Data    ZI Data      Debug   Object Name

       228         20        256          0          0       2675   arbitoryfunc.o
       196         18          0          0         16       2527   dac.o
       524         62        160          0          0     215112   dds.o
       476         46          0         18         10       2502   freqmeter.o
      1598        106          0          4       3040      11189   hd44780.o
       176         38         32          0          0       2267   led.o
      1764        442          0         32          0      23254   main_2.o
       140         22          0          0          0       3475   misc.o
        36          8        392          0      16384        892   startup_stm32f4xx.o
       190         24          0          0          0       8665   stm32f4xx_dac.o
       454         26          0          0          0      15974   stm32f4xx_dma.o
       160         12          0          0          0       4145   stm32f4xx_exti.o
       258          0          0          0          0      11477   stm32f4xx_gpio.o
        24          0          0          0          0     273348   stm32f4xx_it.o
       360         42          0         16          0      18220   stm32f4xx_rcc.o
        64          4          0          0          0        692   stm32f4xx_syscfg.o
       622         28          0          0          0      31661   stm32f4xx_tim.o
       140         26          0          0          0       1273   swt.o
       532         56          0         20          0     209785   system_stm32f4xx.o
        52         10          0          8          0        909   timer.o

    ----------------------------------------------------------------------
      8016        990        876        100      19456     840042   Object Totals
         0          0         32          0          0          0   (incl. Generated)
        22          0          4          2          6          0   (incl. Padding)

    ----------------------------------------------------------------------

      Code (inc. data)   RO Data    RW Data    ZI Data      Debug   Library Member Name

        32          8          0          0          0        124   dunder.o
        32          0          0          0          0        124   fabs.o
        48          0          0          0          0        124   fpclassify.o
       248          0          0          0          0        152   poly.o
      3216        310        136          0          0        216   pow.o
         0          0          8          0          0          0   qnan.o
       110          0          0          0          0        148   sqrt.o
         0          0          0          0          0          0   entry.o
         0          0          0          0          0          0   entry10a.o
         0          0          0          0          0          0   entry11a.o
         8          4          0          0          0          0   entry2.o
         4          0          0          0          0          0   entry5.o
         0          0          0          0          0          0   entry7b.o
         0          0          0          0          0          0   entry8b.o
         8          4          0          0          0          0   entry9a.o
        12          6          0          4          0         68   errno.o
        30          0          0          0          0          0   handlers.o
        36          8          0          0          0         68   init.o
         0          0          0          0          0          0   iusefp.o
        30          0          0          0          0         68   llshl.o
        36          0          0          0          0         68   llsshr.o
        32          0          0          0          0         68   llushr.o
        36          0          0          0          0         68   memcpya.o
      2260         86          0          0          0        512   printfa.o
        44          0          0          0          0         80   uidiv.o
        98          0          0          0          0         92   uldiv.o
        40          2          0          0          0         68   cdcmple.o
        40          2          0          0          0         68   cdrcmple.o
       334          0          0          0          0        148   dadd.o
       222          0          0          0          0        100   ddiv.o
       190          0          0          0          0        176   depilogue.o
        62          0          0          0          0         80   dfixi.o
        48          0          0          0          0         68   dfixul.o
        34          0          0          0          0         76   dflti.o
        26          0          0          0          0         76   dfltui.o
       228          0          0          0          0         96   dmul.o
        46          0          0          0          0         80   dscalb.o
       162          0          0          0          0        100   dsqrt.o

    ----------------------------------------------------------------------
      7764        430        144          4          0       3116   Library Totals
        12          0          0          0          0          0   (incl. Padding)

    ----------------------------------------------------------------------

      Code (inc. data)   RO Data    RW Data    ZI Data      Debug   Library Name

      3686        318        144          0          0        888   m_wm.l
      2634        108          0          4          0       1092   mc_w.l
      1432          4          0          0          0       1136   mf_w.l

    ----------------------------------------------------------------------
      7764        430        144          4          0       3116   Library Totals

    ----------------------------------------------------------------------

==============================================================================


      Code (inc. data)   RO Data    RW Data    ZI Data      Debug   

     15780       1420       1020        104      19456     831662   Grand Totals
     15780       1420       1020        104      19456     831662   ELF Image Totals
     15780       1420       1020        104          0          0   ROM Totals

==============================================================================

    Total RO  Size (Code + RO Data)                16800 (  16.41kB)
    Total RW  Size (RW Data + ZI Data)             19560 (  19.10kB)
    Total ROM Size (Code + RO Data + RW Data)      16904 (  16.51kB)

==============================================================================

