ARM Linker, 5.02 [Build 28] [MDK-ARM Lite]

==============================================================================

Section Cross References

    system_stm32f4xx.o(i.SystemCoreClockUpdate) refers to system_stm32f4xx.o(.data) for .data
    system_stm32f4xx.o(i.SystemInit) refers to system_stm32f4xx.o(i.SetSysClock) for SetSysClock
    main.o(i.main) refers to system_stm32f4xx.o(i.SystemCoreClockUpdate) for SystemCoreClockUpdate
    main.o(i.main) refers to timer.o(i.TIMER3_Config) for TIMER3_Config
    main.o(i.main) refers to system_stm32f4xx.o(.data) for SystemCoreClock
    timer.o(i.TIM3_IRQHandler) refers to stm32f4xx_tim.o(i.TIM_GetITStatus) for TIM_GetITStatus
    timer.o(i.TIM3_IRQHandler) refers to stm32f4xx_tim.o(i.TIM_ClearITPendingBit) for TIM_ClearITPendingBit
    timer.o(i.TIM3_IRQHandler) refers to timer.o(.data) for .data
    timer.o(i.TIMER3_Config) refers to stm32f4xx_rcc.o(i.RCC_APB1PeriphClockCmd) for RCC_APB1PeriphClockCmd
    timer.o(i.TIMER3_Config) refers to misc.o(i.NVIC_Init) for NVIC_Init
    timer.o(i.TIMER3_Config) refers to stm32f4xx_tim.o(i.TIM_TimeBaseInit) for TIM_TimeBaseInit
    timer.o(i.TIMER3_Config) refers to stm32f4xx_tim.o(i.TIM_ITConfig) for TIM_ITConfig
    timer.o(i.TIMER3_Config) refers to stm32f4xx_tim.o(i.TIM_Cmd) for TIM_Cmd
    stm32f4_discovery.o(i.STM_EVAL_LEDInit) refers to stm32f4xx_rcc.o(i.RCC_AHB1PeriphClockCmd) for RCC_AHB1PeriphClockCmd
    stm32f4_discovery.o(i.STM_EVAL_LEDInit) refers to stm32f4xx_gpio.o(i.GPIO_Init) for GPIO_Init
    stm32f4_discovery.o(i.STM_EVAL_LEDInit) refers to stm32f4_discovery.o(.constdata) for .constdata
    stm32f4_discovery.o(i.STM_EVAL_LEDInit) refers to stm32f4_discovery.o(.data) for .data
    stm32f4_discovery.o(i.STM_EVAL_LEDOff) refers to stm32f4_discovery.o(.constdata) for .constdata
    stm32f4_discovery.o(i.STM_EVAL_LEDOff) refers to stm32f4_discovery.o(.data) for .data
    stm32f4_discovery.o(i.STM_EVAL_LEDOn) refers to stm32f4_discovery.o(.constdata) for .constdata
    stm32f4_discovery.o(i.STM_EVAL_LEDOn) refers to stm32f4_discovery.o(.data) for .data
    stm32f4_discovery.o(i.STM_EVAL_LEDToggle) refers to stm32f4_discovery.o(.data) for .data
    stm32f4_discovery.o(i.STM_EVAL_LEDToggle) refers to stm32f4_discovery.o(.constdata) for .constdata
    stm32f4_discovery.o(i.STM_EVAL_PBGetState) refers to stm32f4xx_gpio.o(i.GPIO_ReadInputDataBit) for GPIO_ReadInputDataBit
    stm32f4_discovery.o(i.STM_EVAL_PBGetState) refers to stm32f4_discovery.o(.constdata) for .constdata
    stm32f4_discovery.o(i.STM_EVAL_PBGetState) refers to stm32f4_discovery.o(.data) for .data
    stm32f4_discovery.o(i.STM_EVAL_PBInit) refers to stm32f4xx_rcc.o(i.RCC_AHB1PeriphClockCmd) for RCC_AHB1PeriphClockCmd
    stm32f4_discovery.o(i.STM_EVAL_PBInit) refers to stm32f4xx_rcc.o(i.RCC_APB2PeriphClockCmd) for RCC_APB2PeriphClockCmd
    stm32f4_discovery.o(i.STM_EVAL_PBInit) refers to stm32f4xx_gpio.o(i.GPIO_Init) for GPIO_Init
    stm32f4_discovery.o(i.STM_EVAL_PBInit) refers to stm32f4xx_syscfg.o(i.SYSCFG_EXTILineConfig) for SYSCFG_EXTILineConfig
    stm32f4_discovery.o(i.STM_EVAL_PBInit) refers to stm32f4xx_exti.o(i.EXTI_Init) for EXTI_Init
    stm32f4_discovery.o(i.STM_EVAL_PBInit) refers to misc.o(i.NVIC_Init) for NVIC_Init
    stm32f4_discovery.o(i.STM_EVAL_PBInit) refers to stm32f4_discovery.o(.constdata) for .constdata
    stm32f4_discovery.o(i.STM_EVAL_PBInit) refers to stm32f4_discovery.o(.data) for .data
    stm32f4xx_gpio.o(i.GPIO_DeInit) refers to stm32f4xx_rcc.o(i.RCC_AHB1PeriphResetCmd) for RCC_AHB1PeriphResetCmd
    stm32f4xx_rcc.o(i.RCC_GetClocksFreq) refers to stm32f4xx_rcc.o(.data) for .data
    stm32f4xx_rcc.o(i.RCC_WaitForHSEStartUp) refers to stm32f4xx_rcc.o(i.RCC_GetFlagStatus) for RCC_GetFlagStatus
    stm32f4xx_rtc.o(i.RTC_CoarseCalibCmd) refers to stm32f4xx_rtc.o(i.RTC_EnterInitMode) for RTC_EnterInitMode
    stm32f4xx_rtc.o(i.RTC_CoarseCalibCmd) refers to stm32f4xx_rtc.o(i.RTC_ExitInitMode) for RTC_ExitInitMode
    stm32f4xx_rtc.o(i.RTC_CoarseCalibConfig) refers to stm32f4xx_rtc.o(i.RTC_EnterInitMode) for RTC_EnterInitMode
    stm32f4xx_rtc.o(i.RTC_CoarseCalibConfig) refers to stm32f4xx_rtc.o(i.RTC_ExitInitMode) for RTC_ExitInitMode
    stm32f4xx_rtc.o(i.RTC_DeInit) refers to stm32f4xx_rtc.o(i.RTC_EnterInitMode) for RTC_EnterInitMode
    stm32f4xx_rtc.o(i.RTC_DeInit) refers to stm32f4xx_rtc.o(i.RTC_WaitForSynchro) for RTC_WaitForSynchro
    stm32f4xx_rtc.o(i.RTC_GetAlarm) refers to stm32f4xx_rtc.o(i.RTC_Bcd2ToByte) for RTC_Bcd2ToByte
    stm32f4xx_rtc.o(i.RTC_GetDate) refers to stm32f4xx_rtc.o(i.RTC_Bcd2ToByte) for RTC_Bcd2ToByte
    stm32f4xx_rtc.o(i.RTC_GetTime) refers to stm32f4xx_rtc.o(i.RTC_Bcd2ToByte) for RTC_Bcd2ToByte
    stm32f4xx_rtc.o(i.RTC_GetTimeStamp) refers to stm32f4xx_rtc.o(i.RTC_Bcd2ToByte) for RTC_Bcd2ToByte
    stm32f4xx_rtc.o(i.RTC_Init) refers to stm32f4xx_rtc.o(i.RTC_EnterInitMode) for RTC_EnterInitMode
    stm32f4xx_rtc.o(i.RTC_Init) refers to stm32f4xx_rtc.o(i.RTC_ExitInitMode) for RTC_ExitInitMode
    stm32f4xx_rtc.o(i.RTC_RefClockCmd) refers to stm32f4xx_rtc.o(i.RTC_EnterInitMode) for RTC_EnterInitMode
    stm32f4xx_rtc.o(i.RTC_RefClockCmd) refers to stm32f4xx_rtc.o(i.RTC_ExitInitMode) for RTC_ExitInitMode
    stm32f4xx_rtc.o(i.RTC_SetAlarm) refers to stm32f4xx_rtc.o(i.RTC_Bcd2ToByte) for RTC_Bcd2ToByte
    stm32f4xx_rtc.o(i.RTC_SetAlarm) refers to stm32f4xx_rtc.o(i.RTC_ByteToBcd2) for RTC_ByteToBcd2
    stm32f4xx_rtc.o(i.RTC_SetDate) refers to stm32f4xx_rtc.o(i.RTC_Bcd2ToByte) for RTC_Bcd2ToByte
    stm32f4xx_rtc.o(i.RTC_SetDate) refers to stm32f4xx_rtc.o(i.RTC_ByteToBcd2) for RTC_ByteToBcd2
    stm32f4xx_rtc.o(i.RTC_SetDate) refers to stm32f4xx_rtc.o(i.RTC_EnterInitMode) for RTC_EnterInitMode
    stm32f4xx_rtc.o(i.RTC_SetDate) refers to stm32f4xx_rtc.o(i.RTC_ExitInitMode) for RTC_ExitInitMode
    stm32f4xx_rtc.o(i.RTC_SetDate) refers to stm32f4xx_rtc.o(i.RTC_WaitForSynchro) for RTC_WaitForSynchro
    stm32f4xx_rtc.o(i.RTC_SetTime) refers to stm32f4xx_rtc.o(i.RTC_Bcd2ToByte) for RTC_Bcd2ToByte
    stm32f4xx_rtc.o(i.RTC_SetTime) refers to stm32f4xx_rtc.o(i.RTC_ByteToBcd2) for RTC_ByteToBcd2
    stm32f4xx_rtc.o(i.RTC_SetTime) refers to stm32f4xx_rtc.o(i.RTC_EnterInitMode) for RTC_EnterInitMode
    stm32f4xx_rtc.o(i.RTC_SetTime) refers to stm32f4xx_rtc.o(i.RTC_ExitInitMode) for RTC_ExitInitMode
    stm32f4xx_rtc.o(i.RTC_SetTime) refers to stm32f4xx_rtc.o(i.RTC_WaitForSynchro) for RTC_WaitForSynchro
    stm32f4xx_rtc.o(i.RTC_SynchroShiftConfig) refers to stm32f4xx_rtc.o(i.RTC_WaitForSynchro) for RTC_WaitForSynchro
    stm32f4xx_sdio.o(i.SDIO_DeInit) refers to stm32f4xx_rcc.o(i.RCC_APB2PeriphResetCmd) for RCC_APB2PeriphResetCmd
    stm32f4xx_syscfg.o(i.SYSCFG_DeInit) refers to stm32f4xx_rcc.o(i.RCC_APB2PeriphResetCmd) for RCC_APB2PeriphResetCmd
    stm32f4xx_tim.o(i.TIM_DeInit) refers to stm32f4xx_rcc.o(i.RCC_APB2PeriphResetCmd) for RCC_APB2PeriphResetCmd
    stm32f4xx_tim.o(i.TIM_DeInit) refers to stm32f4xx_rcc.o(i.RCC_APB1PeriphResetCmd) for RCC_APB1PeriphResetCmd
    stm32f4xx_tim.o(i.TIM_ETRClockMode1Config) refers to stm32f4xx_tim.o(i.TIM_ETRConfig) for TIM_ETRConfig
    stm32f4xx_tim.o(i.TIM_ETRClockMode2Config) refers to stm32f4xx_tim.o(i.TIM_ETRConfig) for TIM_ETRConfig
    stm32f4xx_tim.o(i.TIM_ICInit) refers to stm32f4xx_tim.o(i.TIM_SetIC4Prescaler) for TIM_SetIC4Prescaler
    stm32f4xx_tim.o(i.TIM_ICInit) refers to stm32f4xx_tim.o(i.TI1_Config) for TI1_Config
    stm32f4xx_tim.o(i.TIM_ICInit) refers to stm32f4xx_tim.o(i.TIM_SetIC1Prescaler) for TIM_SetIC1Prescaler
    stm32f4xx_tim.o(i.TIM_ICInit) refers to stm32f4xx_tim.o(i.TI2_Config) for TI2_Config
    stm32f4xx_tim.o(i.TIM_ICInit) refers to stm32f4xx_tim.o(i.TIM_SetIC2Prescaler) for TIM_SetIC2Prescaler
    stm32f4xx_tim.o(i.TIM_ICInit) refers to stm32f4xx_tim.o(i.TIM_SetIC3Prescaler) for TIM_SetIC3Prescaler
    stm32f4xx_tim.o(i.TIM_ITRxExternalClockConfig) refers to stm32f4xx_tim.o(i.TIM_SelectInputTrigger) for TIM_SelectInputTrigger
    stm32f4xx_tim.o(i.TIM_PWMIConfig) refers to stm32f4xx_tim.o(i.TI2_Config) for TI2_Config
    stm32f4xx_tim.o(i.TIM_PWMIConfig) refers to stm32f4xx_tim.o(i.TIM_SetIC2Prescaler) for TIM_SetIC2Prescaler
    stm32f4xx_tim.o(i.TIM_PWMIConfig) refers to stm32f4xx_tim.o(i.TI1_Config) for TI1_Config
    stm32f4xx_tim.o(i.TIM_PWMIConfig) refers to stm32f4xx_tim.o(i.TIM_SetIC1Prescaler) for TIM_SetIC1Prescaler
    stm32f4xx_tim.o(i.TIM_TIxExternalClockConfig) refers to stm32f4xx_tim.o(i.TI1_Config) for TI1_Config
    stm32f4xx_tim.o(i.TIM_TIxExternalClockConfig) refers to stm32f4xx_tim.o(i.TIM_SelectInputTrigger) for TIM_SelectInputTrigger
    stm32f4xx_tim.o(i.TIM_TIxExternalClockConfig) refers to stm32f4xx_tim.o(i.TI2_Config) for TI2_Config
    startup_stm32f4xx.o(RESET) refers to startup_stm32f4xx.o(STACK) for __initial_sp
    startup_stm32f4xx.o(RESET) refers to startup_stm32f4xx.o(.text) for Reset_Handler
    startup_stm32f4xx.o(RESET) refers to stm32f4xx_it.o(i.NMI_Handler) for NMI_Handler
    startup_stm32f4xx.o(RESET) refers to stm32f4xx_it.o(i.HardFault_Handler) for HardFault_Handler
    startup_stm32f4xx.o(RESET) refers to stm32f4xx_it.o(i.MemManage_Handler) for MemManage_Handler
    startup_stm32f4xx.o(RESET) refers to stm32f4xx_it.o(i.BusFault_Handler) for BusFault_Handler
    startup_stm32f4xx.o(RESET) refers to stm32f4xx_it.o(i.UsageFault_Handler) for UsageFault_Handler
    startup_stm32f4xx.o(RESET) refers to stm32f4xx_it.o(i.SVC_Handler) for SVC_Handler
    startup_stm32f4xx.o(RESET) refers to stm32f4xx_it.o(i.DebugMon_Handler) for DebugMon_Handler
    startup_stm32f4xx.o(RESET) refers to stm32f4xx_it.o(i.PendSV_Handler) for PendSV_Handler
    startup_stm32f4xx.o(RESET) refers to timer.o(i.TIM3_IRQHandler) for TIM3_IRQHandler
    startup_stm32f4xx.o(.text) refers to system_stm32f4xx.o(i.SystemInit) for SystemInit
    startup_stm32f4xx.o(.text) refers to entry.o(.ARM.Collect$$$$00000000) for __main
    entry.o(.ARM.Collect$$$$00000000) refers (Special) to entry7b.o(.ARM.Collect$$$$00000008) for _main_clock
    entry.o(.ARM.Collect$$$$00000000) refers (Special) to entry8.o(.ARM.Collect$$$$00000009) for _main_init
    entry.o(.ARM.Collect$$$$00000000) refers (Special) to entry5.o(.ARM.Collect$$$$00000004) for _main_scatterload
    entry.o(.ARM.Collect$$$$00000000) refers (Special) to entry2.o(.ARM.Collect$$$$00000001) for _main_stk
    entry2.o(.ARM.Collect$$$$00000001) refers to entry2.o(.ARM.Collect$$$$00002712) for __lit__00000000
    entry2.o(.ARM.Collect$$$$00002712) refers to startup_stm32f4xx.o(STACK) for __initial_sp
    entry2.o(__vectab_stack_and_reset_area) refers to startup_stm32f4xx.o(STACK) for __initial_sp
    entry2.o(__vectab_stack_and_reset_area) refers to entry.o(.ARM.Collect$$$$00000000) for __main
    entry5.o(.ARM.Collect$$$$00000004) refers to init.o(.text) for __scatterload
    entry8.o(.ARM.Collect$$$$00000009) refers to main.o(i.main) for main
    init.o(.text) refers to entry5.o(.ARM.Collect$$$$00000004) for __main_after_scatterload


==============================================================================

Removing Unused input sections from the image.

    Removing system_stm32f4xx.o(.emb_text), (8 bytes).
    Removing stm32f4xx_it.o(.emb_text), (8 bytes).
    Removing main.o(.emb_text), (8 bytes).
    Removing timer.o(.emb_text), (8 bytes).
    Removing timer.o(.data), (2 bytes).
    Removing stm32f4_discovery.o(.emb_text), (8 bytes).
    Removing stm32f4_discovery.o(i.STM_EVAL_LEDInit), (72 bytes).
    Removing stm32f4_discovery.o(i.STM_EVAL_LEDOff), (24 bytes).
    Removing stm32f4_discovery.o(i.STM_EVAL_LEDOn), (24 bytes).
    Removing stm32f4_discovery.o(i.STM_EVAL_LEDToggle), (28 bytes).
    Removing stm32f4_discovery.o(i.STM_EVAL_PBGetState), (24 bytes).
    Removing stm32f4_discovery.o(i.STM_EVAL_PBInit), (152 bytes).
    Removing stm32f4_discovery.o(.constdata), (36 bytes).
    Removing stm32f4_discovery.o(.data), (20 bytes).
    Removing stm32f4_discovery.o(.data), (4 bytes).
    Removing misc.o(.emb_text), (8 bytes).
    Removing misc.o(i.NVIC_PriorityGroupConfig), (20 bytes).
    Removing misc.o(i.NVIC_SetVectorTable), (20 bytes).
    Removing misc.o(i.NVIC_SystemLPConfig), (24 bytes).
    Removing misc.o(i.SysTick_CLKSourceConfig), (24 bytes).
    Removing stm32f4xx_gpio.o(.emb_text), (8 bytes).
    Removing stm32f4xx_gpio.o(i.GPIO_DeInit), (228 bytes).
    Removing stm32f4xx_gpio.o(i.GPIO_Init), (162 bytes).
    Removing stm32f4xx_gpio.o(i.GPIO_PinAFConfig), (32 bytes).
    Removing stm32f4xx_gpio.o(i.GPIO_PinLockConfig), (16 bytes).
    Removing stm32f4xx_gpio.o(i.GPIO_ReadInputData), (6 bytes).
    Removing stm32f4xx_gpio.o(i.GPIO_ReadInputDataBit), (14 bytes).
    Removing stm32f4xx_gpio.o(i.GPIO_ReadOutputData), (6 bytes).
    Removing stm32f4xx_gpio.o(i.GPIO_ReadOutputDataBit), (14 bytes).
    Removing stm32f4xx_gpio.o(i.GPIO_ResetBits), (4 bytes).
    Removing stm32f4xx_gpio.o(i.GPIO_SetBits), (4 bytes).
    Removing stm32f4xx_gpio.o(i.GPIO_StructInit), (18 bytes).
    Removing stm32f4xx_gpio.o(i.GPIO_ToggleBits), (8 bytes).
    Removing stm32f4xx_gpio.o(i.GPIO_Write), (4 bytes).
    Removing stm32f4xx_gpio.o(i.GPIO_WriteBit), (10 bytes).
    Removing stm32f4xx_rcc.o(.emb_text), (8 bytes).
    Removing stm32f4xx_rcc.o(i.RCC_AHB1PeriphClockCmd), (24 bytes).
    Removing stm32f4xx_rcc.o(i.RCC_AHB1PeriphClockLPModeCmd), (24 bytes).
    Removing stm32f4xx_rcc.o(i.RCC_AHB1PeriphResetCmd), (24 bytes).
    Removing stm32f4xx_rcc.o(i.RCC_AHB2PeriphClockCmd), (24 bytes).
    Removing stm32f4xx_rcc.o(i.RCC_AHB2PeriphClockLPModeCmd), (24 bytes).
    Removing stm32f4xx_rcc.o(i.RCC_AHB2PeriphResetCmd), (24 bytes).
    Removing stm32f4xx_rcc.o(i.RCC_AHB3PeriphClockCmd), (24 bytes).
    Removing stm32f4xx_rcc.o(i.RCC_AHB3PeriphClockLPModeCmd), (24 bytes).
    Removing stm32f4xx_rcc.o(i.RCC_AHB3PeriphResetCmd), (24 bytes).
    Removing stm32f4xx_rcc.o(i.RCC_APB1PeriphClockLPModeCmd), (24 bytes).
    Removing stm32f4xx_rcc.o(i.RCC_APB1PeriphResetCmd), (24 bytes).
    Removing stm32f4xx_rcc.o(i.RCC_APB2PeriphClockCmd), (24 bytes).
    Removing stm32f4xx_rcc.o(i.RCC_APB2PeriphClockLPModeCmd), (24 bytes).
    Removing stm32f4xx_rcc.o(i.RCC_APB2PeriphResetCmd), (24 bytes).
    Removing stm32f4xx_rcc.o(i.RCC_AdjustHSICalibrationValue), (20 bytes).
    Removing stm32f4xx_rcc.o(i.RCC_BackupResetCmd), (12 bytes).
    Removing stm32f4xx_rcc.o(i.RCC_ClearFlag), (16 bytes).
    Removing stm32f4xx_rcc.o(i.RCC_ClearITPendingBit), (12 bytes).
    Removing stm32f4xx_rcc.o(i.RCC_ClockSecuritySystemCmd), (12 bytes).
    Removing stm32f4xx_rcc.o(i.RCC_DeInit), (60 bytes).
    Removing stm32f4xx_rcc.o(i.RCC_GetClocksFreq), (148 bytes).
    Removing stm32f4xx_rcc.o(i.RCC_GetFlagStatus), (52 bytes).
    Removing stm32f4xx_rcc.o(i.RCC_GetITStatus), (20 bytes).
    Removing stm32f4xx_rcc.o(i.RCC_GetSYSCLKSource), (16 bytes).
    Removing stm32f4xx_rcc.o(i.RCC_HCLKConfig), (20 bytes).
    Removing stm32f4xx_rcc.o(i.RCC_HSEConfig), (16 bytes).
    Removing stm32f4xx_rcc.o(i.RCC_HSICmd), (12 bytes).
    Removing stm32f4xx_rcc.o(i.RCC_I2SCLKConfig), (12 bytes).
    Removing stm32f4xx_rcc.o(i.RCC_ITConfig), (24 bytes).
    Removing stm32f4xx_rcc.o(i.RCC_LSEConfig), (28 bytes).
    Removing stm32f4xx_rcc.o(i.RCC_LSICmd), (12 bytes).
    Removing stm32f4xx_rcc.o(i.RCC_MCO1Config), (20 bytes).
    Removing stm32f4xx_rcc.o(i.RCC_MCO2Config), (20 bytes).
    Removing stm32f4xx_rcc.o(i.RCC_PCLK1Config), (20 bytes).
    Removing stm32f4xx_rcc.o(i.RCC_PCLK2Config), (20 bytes).
    Removing stm32f4xx_rcc.o(i.RCC_PLLCmd), (12 bytes).
    Removing stm32f4xx_rcc.o(i.RCC_PLLConfig), (40 bytes).
    Removing stm32f4xx_rcc.o(i.RCC_PLLI2SCmd), (12 bytes).
    Removing stm32f4xx_rcc.o(i.RCC_PLLI2SConfig), (16 bytes).
    Removing stm32f4xx_rcc.o(i.RCC_RTCCLKCmd), (12 bytes).
    Removing stm32f4xx_rcc.o(i.RCC_RTCCLKConfig), (48 bytes).
    Removing stm32f4xx_rcc.o(i.RCC_SYSCLKConfig), (20 bytes).
    Removing stm32f4xx_rcc.o(i.RCC_WaitForHSEStartUp), (38 bytes).
    Removing stm32f4xx_rcc.o(.data), (16 bytes).
    Removing stm32f4xx_rtc.o(.emb_text), (8 bytes).
    Removing stm32f4xx_rtc.o(i.RTC_AlarmCmd), (76 bytes).
    Removing stm32f4xx_rtc.o(i.RTC_AlarmStructInit), (20 bytes).
    Removing stm32f4xx_rtc.o(i.RTC_AlarmSubSecondConfig), (44 bytes).
    Removing stm32f4xx_rtc.o(i.RTC_Bcd2ToByte), (18 bytes).
    Removing stm32f4xx_rtc.o(i.RTC_BypassShadowCmd), (44 bytes).
    Removing stm32f4xx_rtc.o(i.RTC_ByteToBcd2), (24 bytes).
    Removing stm32f4xx_rtc.o(i.RTC_CalibOutputCmd), (44 bytes).
    Removing stm32f4xx_rtc.o(i.RTC_CalibOutputConfig), (40 bytes).
    Removing stm32f4xx_rtc.o(i.RTC_ClearFlag), (28 bytes).
    Removing stm32f4xx_rtc.o(i.RTC_ClearITPendingBit), (28 bytes).
    Removing stm32f4xx_rtc.o(i.RTC_CoarseCalibCmd), (60 bytes).
    Removing stm32f4xx_rtc.o(i.RTC_CoarseCalibConfig), (52 bytes).
    Removing stm32f4xx_rtc.o(i.RTC_DateStructInit), (14 bytes).
    Removing stm32f4xx_rtc.o(i.RTC_DayLightSavingConfig), (44 bytes).
    Removing stm32f4xx_rtc.o(i.RTC_DeInit), (148 bytes).
    Removing stm32f4xx_rtc.o(i.RTC_EnterInitMode), (52 bytes).
    Removing stm32f4xx_rtc.o(i.RTC_ExitInitMode), (16 bytes).
    Removing stm32f4xx_rtc.o(i.RTC_GetAlarm), (108 bytes).
    Removing stm32f4xx_rtc.o(i.RTC_GetAlarmSubSecond), (28 bytes).
    Removing stm32f4xx_rtc.o(i.RTC_GetDate), (72 bytes).
    Removing stm32f4xx_rtc.o(i.RTC_GetFlagStatus), (28 bytes).
    Removing stm32f4xx_rtc.o(i.RTC_GetITStatus), (56 bytes).
    Removing stm32f4xx_rtc.o(i.RTC_GetStoreOperation), (16 bytes).
    Removing stm32f4xx_rtc.o(i.RTC_GetSubSecond), (16 bytes).
    Removing stm32f4xx_rtc.o(i.RTC_GetTime), (76 bytes).
    Removing stm32f4xx_rtc.o(i.RTC_GetTimeStamp), (136 bytes).
    Removing stm32f4xx_rtc.o(i.RTC_GetTimeStampSubSecond), (12 bytes).
    Removing stm32f4xx_rtc.o(i.RTC_GetWakeUpCounter), (12 bytes).
    Removing stm32f4xx_rtc.o(i.RTC_ITConfig), (64 bytes).
    Removing stm32f4xx_rtc.o(i.RTC_Init), (80 bytes).
    Removing stm32f4xx_rtc.o(i.RTC_OutputConfig), (44 bytes).
    Removing stm32f4xx_rtc.o(i.RTC_OutputTypeConfig), (24 bytes).
    Removing stm32f4xx_rtc.o(i.RTC_ReadBackupRegister), (12 bytes).
    Removing stm32f4xx_rtc.o(i.RTC_RefClockCmd), (60 bytes).
    Removing stm32f4xx_rtc.o(i.RTC_SetAlarm), (164 bytes).
    Removing stm32f4xx_rtc.o(i.RTC_SetDate), (148 bytes).
    Removing stm32f4xx_rtc.o(i.RTC_SetTime), (156 bytes).
    Removing stm32f4xx_rtc.o(i.RTC_SetWakeUpCounter), (28 bytes).
    Removing stm32f4xx_rtc.o(i.RTC_SmoothCalibConfig), (76 bytes).
    Removing stm32f4xx_rtc.o(i.RTC_StructInit), (14 bytes).
    Removing stm32f4xx_rtc.o(i.RTC_SynchroShiftConfig), (88 bytes).
    Removing stm32f4xx_rtc.o(i.RTC_TamperCmd), (24 bytes).
    Removing stm32f4xx_rtc.o(i.RTC_TamperFilterConfig), (24 bytes).
    Removing stm32f4xx_rtc.o(i.RTC_TamperPinSelection), (24 bytes).
    Removing stm32f4xx_rtc.o(i.RTC_TamperPinsPrechargeDuration), (24 bytes).
    Removing stm32f4xx_rtc.o(i.RTC_TamperPullUpCmd), (28 bytes).
    Removing stm32f4xx_rtc.o(i.RTC_TamperSamplingFreqConfig), (24 bytes).
    Removing stm32f4xx_rtc.o(i.RTC_TamperTriggerConfig), (28 bytes).
    Removing stm32f4xx_rtc.o(i.RTC_TimeStampCmd), (48 bytes).
    Removing stm32f4xx_rtc.o(i.RTC_TimeStampOnTamperDetectionCmd), (28 bytes).
    Removing stm32f4xx_rtc.o(i.RTC_TimeStampPinSelection), (24 bytes).
    Removing stm32f4xx_rtc.o(i.RTC_TimeStructInit), (12 bytes).
    Removing stm32f4xx_rtc.o(i.RTC_WaitForSynchro), (68 bytes).
    Removing stm32f4xx_rtc.o(i.RTC_WakeUpClockConfig), (40 bytes).
    Removing stm32f4xx_rtc.o(i.RTC_WakeUpCmd), (84 bytes).
    Removing stm32f4xx_rtc.o(i.RTC_WriteBackupRegister), (12 bytes).
    Removing stm32f4xx_rtc.o(i.RTC_WriteProtectionCmd), (24 bytes).
    Removing stm32f4xx_sdio.o(.emb_text), (8 bytes).
    Removing stm32f4xx_sdio.o(i.SDIO_CEATAITCmd), (16 bytes).
    Removing stm32f4xx_sdio.o(i.SDIO_ClearFlag), (12 bytes).
    Removing stm32f4xx_sdio.o(i.SDIO_ClearITPendingBit), (12 bytes).
    Removing stm32f4xx_sdio.o(i.SDIO_ClockCmd), (12 bytes).
    Removing stm32f4xx_sdio.o(i.SDIO_CmdStructInit), (14 bytes).
    Removing stm32f4xx_sdio.o(i.SDIO_CommandCompletionCmd), (12 bytes).
    Removing stm32f4xx_sdio.o(i.SDIO_DMACmd), (12 bytes).
    Removing stm32f4xx_sdio.o(i.SDIO_DataConfig), (48 bytes).
    Removing stm32f4xx_sdio.o(i.SDIO_DataStructInit), (20 bytes).
    Removing stm32f4xx_sdio.o(i.SDIO_DeInit), (24 bytes).
    Removing stm32f4xx_sdio.o(i.SDIO_GetCommandResponse), (12 bytes).
    Removing stm32f4xx_sdio.o(i.SDIO_GetDataCounter), (12 bytes).
    Removing stm32f4xx_sdio.o(i.SDIO_GetFIFOCount), (12 bytes).
    Removing stm32f4xx_sdio.o(i.SDIO_GetFlagStatus), (20 bytes).
    Removing stm32f4xx_sdio.o(i.SDIO_GetITStatus), (20 bytes).
    Removing stm32f4xx_sdio.o(i.SDIO_GetPowerState), (16 bytes).
    Removing stm32f4xx_sdio.o(i.SDIO_GetResponse), (12 bytes).
    Removing stm32f4xx_sdio.o(i.SDIO_ITConfig), (24 bytes).
    Removing stm32f4xx_sdio.o(i.SDIO_Init), (44 bytes).
    Removing stm32f4xx_sdio.o(i.SDIO_ReadData), (12 bytes).
    Removing stm32f4xx_sdio.o(i.SDIO_SendCEATACmd), (12 bytes).
    Removing stm32f4xx_sdio.o(i.SDIO_SendCommand), (40 bytes).
    Removing stm32f4xx_sdio.o(i.SDIO_SendSDIOSuspendCmd), (12 bytes).
    Removing stm32f4xx_sdio.o(i.SDIO_SetPowerState), (12 bytes).
    Removing stm32f4xx_sdio.o(i.SDIO_SetSDIOOperation), (12 bytes).
    Removing stm32f4xx_sdio.o(i.SDIO_SetSDIOReadWaitMode), (12 bytes).
    Removing stm32f4xx_sdio.o(i.SDIO_StartSDIOReadWait), (12 bytes).
    Removing stm32f4xx_sdio.o(i.SDIO_StopSDIOReadWait), (12 bytes).
    Removing stm32f4xx_sdio.o(i.SDIO_StructInit), (16 bytes).
    Removing stm32f4xx_sdio.o(i.SDIO_WriteData), (12 bytes).
    Removing stm32f4xx_syscfg.o(.emb_text), (8 bytes).
    Removing stm32f4xx_syscfg.o(i.SYSCFG_CompensationCellCmd), (12 bytes).
    Removing stm32f4xx_syscfg.o(i.SYSCFG_DeInit), (24 bytes).
    Removing stm32f4xx_syscfg.o(i.SYSCFG_ETH_MediaInterfaceConfig), (12 bytes).
    Removing stm32f4xx_syscfg.o(i.SYSCFG_EXTILineConfig), (40 bytes).
    Removing stm32f4xx_syscfg.o(i.SYSCFG_GetCompensationCellStatus), (20 bytes).
    Removing stm32f4xx_syscfg.o(i.SYSCFG_MemoryRemapConfig), (12 bytes).
    Removing stm32f4xx_tim.o(.emb_text), (8 bytes).
    Removing stm32f4xx_tim.o(i.TI1_Config), (46 bytes).
    Removing stm32f4xx_tim.o(i.TI2_Config), (54 bytes).
    Removing stm32f4xx_tim.o(i.TIM_ARRPreloadConfig), (20 bytes).
    Removing stm32f4xx_tim.o(i.TIM_BDTRConfig), (34 bytes).
    Removing stm32f4xx_tim.o(i.TIM_BDTRStructInit), (18 bytes).
    Removing stm32f4xx_tim.o(i.TIM_CCPreloadControl), (20 bytes).
    Removing stm32f4xx_tim.o(i.TIM_CCxCmd), (22 bytes).
    Removing stm32f4xx_tim.o(i.TIM_CCxNCmd), (22 bytes).
    Removing stm32f4xx_tim.o(i.TIM_ClearFlag), (6 bytes).
    Removing stm32f4xx_tim.o(i.TIM_ClearOC1Ref), (12 bytes).
    Removing stm32f4xx_tim.o(i.TIM_ClearOC2Ref), (20 bytes).
    Removing stm32f4xx_tim.o(i.TIM_ClearOC3Ref), (12 bytes).
    Removing stm32f4xx_tim.o(i.TIM_ClearOC4Ref), (20 bytes).
    Removing stm32f4xx_tim.o(i.TIM_CounterModeConfig), (12 bytes).
    Removing stm32f4xx_tim.o(i.TIM_CtrlPWMOutputs), (22 bytes).
    Removing stm32f4xx_tim.o(i.TIM_DMACmd), (16 bytes).
    Removing stm32f4xx_tim.o(i.TIM_DMAConfig), (8 bytes).
    Removing stm32f4xx_tim.o(i.TIM_DeInit), (336 bytes).
    Removing stm32f4xx_tim.o(i.TIM_ETRClockMode1Config), (18 bytes).
    Removing stm32f4xx_tim.o(i.TIM_ETRClockMode2Config), (18 bytes).
    Removing stm32f4xx_tim.o(i.TIM_ETRConfig), (24 bytes).
    Removing stm32f4xx_tim.o(i.TIM_EncoderInterfaceConfig), (50 bytes).
    Removing stm32f4xx_tim.o(i.TIM_ForcedOC1Config), (12 bytes).
    Removing stm32f4xx_tim.o(i.TIM_ForcedOC2Config), (20 bytes).
    Removing stm32f4xx_tim.o(i.TIM_ForcedOC3Config), (12 bytes).
    Removing stm32f4xx_tim.o(i.TIM_ForcedOC4Config), (20 bytes).
    Removing stm32f4xx_tim.o(i.TIM_GenerateEvent), (4 bytes).
    Removing stm32f4xx_tim.o(i.TIM_GetCapture1), (4 bytes).
    Removing stm32f4xx_tim.o(i.TIM_GetCapture2), (4 bytes).
    Removing stm32f4xx_tim.o(i.TIM_GetCapture3), (4 bytes).
    Removing stm32f4xx_tim.o(i.TIM_GetCapture4), (4 bytes).
    Removing stm32f4xx_tim.o(i.TIM_GetCounter), (4 bytes).
    Removing stm32f4xx_tim.o(i.TIM_GetFlagStatus), (14 bytes).
    Removing stm32f4xx_tim.o(i.TIM_GetPrescaler), (4 bytes).
    Removing stm32f4xx_tim.o(i.TIM_ICInit), (172 bytes).
    Removing stm32f4xx_tim.o(i.TIM_ICStructInit), (16 bytes).
    Removing stm32f4xx_tim.o(i.TIM_ITRxExternalClockConfig), (18 bytes).
    Removing stm32f4xx_tim.o(i.TIM_InternalClockConfig), (10 bytes).
    Removing stm32f4xx_tim.o(i.TIM_OC1FastConfig), (12 bytes).
    Removing stm32f4xx_tim.o(i.TIM_OC1Init), (96 bytes).
    Removing stm32f4xx_tim.o(i.TIM_OC1NPolarityConfig), (12 bytes).
    Removing stm32f4xx_tim.o(i.TIM_OC1PolarityConfig), (12 bytes).
    Removing stm32f4xx_tim.o(i.TIM_OC1PreloadConfig), (12 bytes).
    Removing stm32f4xx_tim.o(i.TIM_OC2FastConfig), (20 bytes).
    Removing stm32f4xx_tim.o(i.TIM_OC2Init), (128 bytes).
    Removing stm32f4xx_tim.o(i.TIM_OC2NPolarityConfig), (20 bytes).
    Removing stm32f4xx_tim.o(i.TIM_OC2PolarityConfig), (20 bytes).
    Removing stm32f4xx_tim.o(i.TIM_OC2PreloadConfig), (20 bytes).
    Removing stm32f4xx_tim.o(i.TIM_OC3FastConfig), (12 bytes).
    Removing stm32f4xx_tim.o(i.TIM_OC3Init), (124 bytes).
    Removing stm32f4xx_tim.o(i.TIM_OC3NPolarityConfig), (20 bytes).
    Removing stm32f4xx_tim.o(i.TIM_OC3PolarityConfig), (20 bytes).
    Removing stm32f4xx_tim.o(i.TIM_OC3PreloadConfig), (12 bytes).
    Removing stm32f4xx_tim.o(i.TIM_OC4FastConfig), (20 bytes).
    Removing stm32f4xx_tim.o(i.TIM_OC4Init), (96 bytes).
    Removing stm32f4xx_tim.o(i.TIM_OC4PolarityConfig), (20 bytes).
    Removing stm32f4xx_tim.o(i.TIM_OC4PreloadConfig), (20 bytes).
    Removing stm32f4xx_tim.o(i.TIM_OCStructInit), (20 bytes).
    Removing stm32f4xx_tim.o(i.TIM_PWMIConfig), (108 bytes).
    Removing stm32f4xx_tim.o(i.TIM_PrescalerConfig), (6 bytes).
    Removing stm32f4xx_tim.o(i.TIM_RemapConfig), (6 bytes).
    Removing stm32f4xx_tim.o(i.TIM_SelectCCDMA), (20 bytes).
    Removing stm32f4xx_tim.o(i.TIM_SelectCOM), (20 bytes).
    Removing stm32f4xx_tim.o(i.TIM_SelectHallSensor), (20 bytes).
    Removing stm32f4xx_tim.o(i.TIM_SelectInputTrigger), (12 bytes).
    Removing stm32f4xx_tim.o(i.TIM_SelectMasterSlaveMode), (16 bytes).
    Removing stm32f4xx_tim.o(i.TIM_SelectOCxM), (74 bytes).
    Removing stm32f4xx_tim.o(i.TIM_SelectOnePulseMode), (16 bytes).
    Removing stm32f4xx_tim.o(i.TIM_SelectOutputTrigger), (16 bytes).
    Removing stm32f4xx_tim.o(i.TIM_SelectSlaveMode), (16 bytes).
    Removing stm32f4xx_tim.o(i.TIM_SetAutoreload), (4 bytes).
    Removing stm32f4xx_tim.o(i.TIM_SetClockDivision), (16 bytes).
    Removing stm32f4xx_tim.o(i.TIM_SetCompare1), (4 bytes).
    Removing stm32f4xx_tim.o(i.TIM_SetCompare2), (4 bytes).
    Removing stm32f4xx_tim.o(i.TIM_SetCompare3), (4 bytes).
    Removing stm32f4xx_tim.o(i.TIM_SetCompare4), (4 bytes).
    Removing stm32f4xx_tim.o(i.TIM_SetCounter), (4 bytes).
    Removing stm32f4xx_tim.o(i.TIM_SetIC1Prescaler), (16 bytes).
    Removing stm32f4xx_tim.o(i.TIM_SetIC2Prescaler), (24 bytes).
    Removing stm32f4xx_tim.o(i.TIM_SetIC3Prescaler), (16 bytes).
    Removing stm32f4xx_tim.o(i.TIM_SetIC4Prescaler), (24 bytes).
    Removing stm32f4xx_tim.o(i.TIM_TIxExternalClockConfig), (44 bytes).
    Removing stm32f4xx_tim.o(i.TIM_TimeBaseStructInit), (18 bytes).
    Removing stm32f4xx_tim.o(i.TIM_UpdateDisableConfig), (20 bytes).
    Removing stm32f4xx_tim.o(i.TIM_UpdateRequestConfig), (20 bytes).
    Removing stm32f4xx_exti.o(.emb_text), (8 bytes).
    Removing stm32f4xx_exti.o(i.EXTI_ClearFlag), (12 bytes).
    Removing stm32f4xx_exti.o(i.EXTI_ClearITPendingBit), (12 bytes).
    Removing stm32f4xx_exti.o(i.EXTI_DeInit), (36 bytes).
    Removing stm32f4xx_exti.o(i.EXTI_GenerateSWInterrupt), (16 bytes).
    Removing stm32f4xx_exti.o(i.EXTI_GetFlagStatus), (20 bytes).
    Removing stm32f4xx_exti.o(i.EXTI_GetITStatus), (32 bytes).
    Removing stm32f4xx_exti.o(i.EXTI_Init), (112 bytes).
    Removing stm32f4xx_exti.o(i.EXTI_StructInit), (14 bytes).
    Removing startup_stm32f4xx.o(HEAP), (512 bytes).

272 unused section(s) (total 8816 bytes) removed from the image.

==============================================================================

Image Symbol Table

    Local Symbols

    Symbol Name                              Value     Ov Type        Size  Object(Section)

    ../clib/microlib/init/entry.s            0x00000000   Number         0  entry8.o ABSOLUTE
    ../clib/microlib/init/entry.s            0x00000000   Number         0  entry7a.o ABSOLUTE
    ../clib/microlib/init/entry.s            0x00000000   Number         0  entry5.o ABSOLUTE
    ../clib/microlib/init/entry.s            0x00000000   Number         0  entry2.o ABSOLUTE
    ../clib/microlib/init/entry.s            0x00000000   Number         0  entry7b.o ABSOLUTE
    ../clib/microlib/init/entry.s            0x00000000   Number         0  entry.o ABSOLUTE
    ..\..\Libraries\CMSIS\ST\STM32F4xx\Source\Templates\arm\startup_stm32f4xx.s 0x00000000   Number         0  startup_stm32f4xx.o ABSOLUTE
    ..\..\Libraries\STM32F4xx_StdPeriph_Driver\src\misc.c 0x00000000   Number         0  misc.o ABSOLUTE
    ..\..\Libraries\STM32F4xx_StdPeriph_Driver\src\stm32f4xx_exti.c 0x00000000   Number         0  stm32f4xx_exti.o ABSOLUTE
    ..\..\Libraries\STM32F4xx_StdPeriph_Driver\src\stm32f4xx_gpio.c 0x00000000   Number         0  stm32f4xx_gpio.o ABSOLUTE
    ..\..\Libraries\STM32F4xx_StdPeriph_Driver\src\stm32f4xx_rcc.c 0x00000000   Number         0  stm32f4xx_rcc.o ABSOLUTE
    ..\..\Libraries\STM32F4xx_StdPeriph_Driver\src\stm32f4xx_rtc.c 0x00000000   Number         0  stm32f4xx_rtc.o ABSOLUTE
    ..\..\Libraries\STM32F4xx_StdPeriph_Driver\src\stm32f4xx_sdio.c 0x00000000   Number         0  stm32f4xx_sdio.o ABSOLUTE
    ..\..\Libraries\STM32F4xx_StdPeriph_Driver\src\stm32f4xx_syscfg.c 0x00000000   Number         0  stm32f4xx_syscfg.o ABSOLUTE
    ..\..\Libraries\STM32F4xx_StdPeriph_Driver\src\stm32f4xx_tim.c 0x00000000   Number         0  stm32f4xx_tim.o ABSOLUTE
    ..\..\Utilities\STM32F4-Discovery\stm32f4_discovery.c 0x00000000   Number         0  stm32f4_discovery.o ABSOLUTE
    ..\\..\\Libraries\\STM32F4xx_StdPeriph_Driver\\src\\misc.c 0x00000000   Number         0  misc.o ABSOLUTE
    ..\\..\\Libraries\\STM32F4xx_StdPeriph_Driver\\src\\stm32f4xx_exti.c 0x00000000   Number         0  stm32f4xx_exti.o ABSOLUTE
    ..\\..\\Libraries\\STM32F4xx_StdPeriph_Driver\\src\\stm32f4xx_gpio.c 0x00000000   Number         0  stm32f4xx_gpio.o ABSOLUTE
    ..\\..\\Libraries\\STM32F4xx_StdPeriph_Driver\\src\\stm32f4xx_rcc.c 0x00000000   Number         0  stm32f4xx_rcc.o ABSOLUTE
    ..\\..\\Libraries\\STM32F4xx_StdPeriph_Driver\\src\\stm32f4xx_rtc.c 0x00000000   Number         0  stm32f4xx_rtc.o ABSOLUTE
    ..\\..\\Libraries\\STM32F4xx_StdPeriph_Driver\\src\\stm32f4xx_sdio.c 0x00000000   Number         0  stm32f4xx_sdio.o ABSOLUTE
    ..\\..\\Libraries\\STM32F4xx_StdPeriph_Driver\\src\\stm32f4xx_syscfg.c 0x00000000   Number         0  stm32f4xx_syscfg.o ABSOLUTE
    ..\\..\\Libraries\\STM32F4xx_StdPeriph_Driver\\src\\stm32f4xx_tim.c 0x00000000   Number         0  stm32f4xx_tim.o ABSOLUTE
    ..\\..\\Utilities\\STM32F4-Discovery\\stm32f4_discovery.c 0x00000000   Number         0  stm32f4_discovery.o ABSOLUTE
    ..\\main.c                               0x00000000   Number         0  main.o ABSOLUTE
    ..\\stm32f4xx_it.c                       0x00000000   Number         0  stm32f4xx_it.o ABSOLUTE
    ..\\system_stm32f4xx.c                   0x00000000   Number         0  system_stm32f4xx.o ABSOLUTE
    ..\\timer.c                              0x00000000   Number         0  timer.o ABSOLUTE
    ..\main.c                                0x00000000   Number         0  main.o ABSOLUTE
    ..\stm32f4xx_it.c                        0x00000000   Number         0  stm32f4xx_it.o ABSOLUTE
    ..\system_stm32f4xx.c                    0x00000000   Number         0  system_stm32f4xx.o ABSOLUTE
    ..\timer.c                               0x00000000   Number         0  timer.o ABSOLUTE
    dc.s                                     0x00000000   Number         0  dc.o ABSOLUTE
    handlers.s                               0x00000000   Number         0  handlers.o ABSOLUTE
    init.s                                   0x00000000   Number         0  init.o ABSOLUTE
    RESET                                    0x08000000   Section      392  startup_stm32f4xx.o(RESET)
    .ARM.Collect$$$$00000000                 0x08000188   Section        0  entry.o(.ARM.Collect$$$$00000000)
    .ARM.Collect$$$$00000001                 0x08000188   Section        4  entry2.o(.ARM.Collect$$$$00000001)
    .ARM.Collect$$$$00000004                 0x0800018c   Section        4  entry5.o(.ARM.Collect$$$$00000004)
    .ARM.Collect$$$$00000008                 0x08000190   Section        0  entry7b.o(.ARM.Collect$$$$00000008)
    .ARM.Collect$$$$00000009                 0x08000190   Section        8  entry8.o(.ARM.Collect$$$$00000009)
    .ARM.Collect$$$$00002712                 0x08000198   Section        4  entry2.o(.ARM.Collect$$$$00002712)
    __lit__00000000                          0x08000198   Data           4  entry2.o(.ARM.Collect$$$$00002712)
    .text                                    0x0800019c   Section       36  startup_stm32f4xx.o(.text)
    $v0                                      0x0800019c   Number         0  startup_stm32f4xx.o(.text)
    .text                                    0x080001c0   Section       36  init.o(.text)
    i.BusFault_Handler                       0x080001e4   Section        0  stm32f4xx_it.o(i.BusFault_Handler)
    i.DebugMon_Handler                       0x080001e6   Section        0  stm32f4xx_it.o(i.DebugMon_Handler)
    i.HardFault_Handler                      0x080001e8   Section        0  stm32f4xx_it.o(i.HardFault_Handler)
    i.MemManage_Handler                      0x080001ea   Section        0  stm32f4xx_it.o(i.MemManage_Handler)
    i.NMI_Handler                            0x080001ec   Section        0  stm32f4xx_it.o(i.NMI_Handler)
    i.NVIC_Init                              0x080001f0   Section        0  misc.o(i.NVIC_Init)
    i.PendSV_Handler                         0x08000254   Section        0  stm32f4xx_it.o(i.PendSV_Handler)
    i.RCC_APB1PeriphClockCmd                 0x08000258   Section        0  stm32f4xx_rcc.o(i.RCC_APB1PeriphClockCmd)
    i.SVC_Handler                            0x08000270   Section        0  stm32f4xx_it.o(i.SVC_Handler)
    i.SetSysClock                            0x08000274   Section        0  system_stm32f4xx.o(i.SetSysClock)
    SetSysClock                              0x08000275   Thumb Code   102  system_stm32f4xx.o(i.SetSysClock)
    i.SystemCoreClockUpdate                  0x080002ec   Section        0  system_stm32f4xx.o(i.SystemCoreClockUpdate)
    i.SystemInit                             0x08000364   Section        0  system_stm32f4xx.o(i.SystemInit)
    i.TIM3_IRQHandler                        0x080003c0   Section        0  timer.o(i.TIM3_IRQHandler)
    i.TIMER3_Config                          0x080003f0   Section        0  timer.o(i.TIMER3_Config)
    i.TIM_ClearITPendingBit                  0x0800044c   Section        0  stm32f4xx_tim.o(i.TIM_ClearITPendingBit)
    i.TIM_Cmd                                0x08000452   Section        0  stm32f4xx_tim.o(i.TIM_Cmd)
    i.TIM_GetITStatus                        0x08000466   Section        0  stm32f4xx_tim.o(i.TIM_GetITStatus)
    i.TIM_ITConfig                           0x0800047e   Section        0  stm32f4xx_tim.o(i.TIM_ITConfig)
    i.TIM_TimeBaseInit                       0x08000490   Section        0  stm32f4xx_tim.o(i.TIM_TimeBaseInit)
    i.UsageFault_Handler                     0x0800050c   Section        0  stm32f4xx_it.o(i.UsageFault_Handler)
    i.__scatterload_copy                     0x0800050e   Section       14  handlers.o(i.__scatterload_copy)
    i.__scatterload_null                     0x0800051c   Section        2  handlers.o(i.__scatterload_null)
    i.__scatterload_zeroinit                 0x0800051e   Section       14  handlers.o(i.__scatterload_zeroinit)
    i.main                                   0x0800052c   Section        0  main.o(i.main)
    .data                                    0x20000000   Section       20  system_stm32f4xx.o(.data)
    .data                                    0x20000014   Section        4  timer.o(.data)
    STACK                                    0x20000018   Section     1024  startup_stm32f4xx.o(STACK)

    Global Symbols

    Symbol Name                              Value     Ov Type        Size  Object(Section)

    BuildAttributes$$THM_ISAv4$E$P$D$K$B$S$7EM$VFPi3$EXTD16$VFPS$VFMA$PE$A:L22UL41UL21$X:L11$S22US41US21$IEEE1$IW$USESV6$~STKCKD$USESV7$~SHL$OSPACE$EBA8$MICROLIB$REQ8$PRES8$EABIv2 0x00000000   Number         0  anon$$obj.o ABSOLUTE
    __ARM_use_no_argv                        0x00000000   Number         0  main.o ABSOLUTE
    __decompress                              - Undefined Weak Reference
    _clock_init                               - Undefined Weak Reference
    __Vectors_Size                           0x00000188   Number         0  startup_stm32f4xx.o ABSOLUTE
    __Vectors                                0x08000000   Data           4  startup_stm32f4xx.o(RESET)
    __Vectors_End                            0x08000188   Data           0  startup_stm32f4xx.o(RESET)
    __main                                   0x08000189   Thumb Code     0  entry.o(.ARM.Collect$$$$00000000)
    _main_stk                                0x08000189   Thumb Code     0  entry2.o(.ARM.Collect$$$$00000001)
    _main_scatterload                        0x0800018d   Thumb Code     0  entry5.o(.ARM.Collect$$$$00000004)
    __main_after_scatterload                 0x08000191   Thumb Code     0  entry5.o(.ARM.Collect$$$$00000004)
    _main_clock                              0x08000191   Thumb Code     0  entry7b.o(.ARM.Collect$$$$00000008)
    _main_init                               0x08000191   Thumb Code     0  entry8.o(.ARM.Collect$$$$00000009)
    Reset_Handler                            0x0800019d   Thumb Code     8  startup_stm32f4xx.o(.text)
    SysTick_Handler                          0x080001b5   Thumb Code     2  startup_stm32f4xx.o(.text)
    ADC_IRQHandler                           0x080001b7   Thumb Code     0  startup_stm32f4xx.o(.text)
    CAN1_RX0_IRQHandler                      0x080001b7   Thumb Code     0  startup_stm32f4xx.o(.text)
    CAN1_RX1_IRQHandler                      0x080001b7   Thumb Code     0  startup_stm32f4xx.o(.text)
    CAN1_SCE_IRQHandler                      0x080001b7   Thumb Code     0  startup_stm32f4xx.o(.text)
    CAN1_TX_IRQHandler                       0x080001b7   Thumb Code     0  startup_stm32f4xx.o(.text)
    CAN2_RX0_IRQHandler                      0x080001b7   Thumb Code     0  startup_stm32f4xx.o(.text)
    CAN2_RX1_IRQHandler                      0x080001b7   Thumb Code     0  startup_stm32f4xx.o(.text)
    CAN2_SCE_IRQHandler                      0x080001b7   Thumb Code     0  startup_stm32f4xx.o(.text)
    CAN2_TX_IRQHandler                       0x080001b7   Thumb Code     0  startup_stm32f4xx.o(.text)
    CRYP_IRQHandler                          0x080001b7   Thumb Code     0  startup_stm32f4xx.o(.text)
    DCMI_IRQHandler                          0x080001b7   Thumb Code     0  startup_stm32f4xx.o(.text)
    DMA1_Stream0_IRQHandler                  0x080001b7   Thumb Code     0  startup_stm32f4xx.o(.text)
    DMA1_Stream1_IRQHandler                  0x080001b7   Thumb Code     0  startup_stm32f4xx.o(.text)
    DMA1_Stream2_IRQHandler                  0x080001b7   Thumb Code     0  startup_stm32f4xx.o(.text)
    DMA1_Stream3_IRQHandler                  0x080001b7   Thumb Code     0  startup_stm32f4xx.o(.text)
    DMA1_Stream4_IRQHandler                  0x080001b7   Thumb Code     0  startup_stm32f4xx.o(.text)
    DMA1_Stream5_IRQHandler                  0x080001b7   Thumb Code     0  startup_stm32f4xx.o(.text)
    DMA1_Stream6_IRQHandler                  0x080001b7   Thumb Code     0  startup_stm32f4xx.o(.text)
    DMA1_Stream7_IRQHandler                  0x080001b7   Thumb Code     0  startup_stm32f4xx.o(.text)
    DMA2_Stream0_IRQHandler                  0x080001b7   Thumb Code     0  startup_stm32f4xx.o(.text)
    DMA2_Stream1_IRQHandler                  0x080001b7   Thumb Code     0  startup_stm32f4xx.o(.text)
    DMA2_Stream2_IRQHandler                  0x080001b7   Thumb Code     0  startup_stm32f4xx.o(.text)
    DMA2_Stream3_IRQHandler                  0x080001b7   Thumb Code     0  startup_stm32f4xx.o(.text)
    DMA2_Stream4_IRQHandler                  0x080001b7   Thumb Code     0  startup_stm32f4xx.o(.text)
    DMA2_Stream5_IRQHandler                  0x080001b7   Thumb Code     0  startup_stm32f4xx.o(.text)
    DMA2_Stream6_IRQHandler                  0x080001b7   Thumb Code     0  startup_stm32f4xx.o(.text)
    DMA2_Stream7_IRQHandler                  0x080001b7   Thumb Code     0  startup_stm32f4xx.o(.text)
    ETH_IRQHandler                           0x080001b7   Thumb Code     0  startup_stm32f4xx.o(.text)
    ETH_WKUP_IRQHandler                      0x080001b7   Thumb Code     0  startup_stm32f4xx.o(.text)
    EXTI0_IRQHandler                         0x080001b7   Thumb Code     0  startup_stm32f4xx.o(.text)
    EXTI15_10_IRQHandler                     0x080001b7   Thumb Code     0  startup_stm32f4xx.o(.text)
    EXTI1_IRQHandler                         0x080001b7   Thumb Code     0  startup_stm32f4xx.o(.text)
    EXTI2_IRQHandler                         0x080001b7   Thumb Code     0  startup_stm32f4xx.o(.text)
    EXTI3_IRQHandler                         0x080001b7   Thumb Code     0  startup_stm32f4xx.o(.text)
    EXTI4_IRQHandler                         0x080001b7   Thumb Code     0  startup_stm32f4xx.o(.text)
    EXTI9_5_IRQHandler                       0x080001b7   Thumb Code     0  startup_stm32f4xx.o(.text)
    FLASH_IRQHandler                         0x080001b7   Thumb Code     0  startup_stm32f4xx.o(.text)
    FPU_IRQHandler                           0x080001b7   Thumb Code     0  startup_stm32f4xx.o(.text)
    FSMC_IRQHandler                          0x080001b7   Thumb Code     0  startup_stm32f4xx.o(.text)
    HASH_RNG_IRQHandler                      0x080001b7   Thumb Code     0  startup_stm32f4xx.o(.text)
    I2C1_ER_IRQHandler                       0x080001b7   Thumb Code     0  startup_stm32f4xx.o(.text)
    I2C1_EV_IRQHandler                       0x080001b7   Thumb Code     0  startup_stm32f4xx.o(.text)
    I2C2_ER_IRQHandler                       0x080001b7   Thumb Code     0  startup_stm32f4xx.o(.text)
    I2C2_EV_IRQHandler                       0x080001b7   Thumb Code     0  startup_stm32f4xx.o(.text)
    I2C3_ER_IRQHandler                       0x080001b7   Thumb Code     0  startup_stm32f4xx.o(.text)
    I2C3_EV_IRQHandler                       0x080001b7   Thumb Code     0  startup_stm32f4xx.o(.text)
    OTG_FS_IRQHandler                        0x080001b7   Thumb Code     0  startup_stm32f4xx.o(.text)
    OTG_FS_WKUP_IRQHandler                   0x080001b7   Thumb Code     0  startup_stm32f4xx.o(.text)
    OTG_HS_EP1_IN_IRQHandler                 0x080001b7   Thumb Code     0  startup_stm32f4xx.o(.text)
    OTG_HS_EP1_OUT_IRQHandler                0x080001b7   Thumb Code     0  startup_stm32f4xx.o(.text)
    OTG_HS_IRQHandler                        0x080001b7   Thumb Code     0  startup_stm32f4xx.o(.text)
    OTG_HS_WKUP_IRQHandler                   0x080001b7   Thumb Code     0  startup_stm32f4xx.o(.text)
    PVD_IRQHandler                           0x080001b7   Thumb Code     0  startup_stm32f4xx.o(.text)
    RCC_IRQHandler                           0x080001b7   Thumb Code     0  startup_stm32f4xx.o(.text)
    RTC_Alarm_IRQHandler                     0x080001b7   Thumb Code     0  startup_stm32f4xx.o(.text)
    RTC_WKUP_IRQHandler                      0x080001b7   Thumb Code     0  startup_stm32f4xx.o(.text)
    SDIO_IRQHandler                          0x080001b7   Thumb Code     0  startup_stm32f4xx.o(.text)
    SPI1_IRQHandler                          0x080001b7   Thumb Code     0  startup_stm32f4xx.o(.text)
    SPI2_IRQHandler                          0x080001b7   Thumb Code     0  startup_stm32f4xx.o(.text)
    SPI3_IRQHandler                          0x080001b7   Thumb Code     0  startup_stm32f4xx.o(.text)
    TAMP_STAMP_IRQHandler                    0x080001b7   Thumb Code     0  startup_stm32f4xx.o(.text)
    TIM1_BRK_TIM9_IRQHandler                 0x080001b7   Thumb Code     0  startup_stm32f4xx.o(.text)
    TIM1_CC_IRQHandler                       0x080001b7   Thumb Code     0  startup_stm32f4xx.o(.text)
    TIM1_TRG_COM_TIM11_IRQHandler            0x080001b7   Thumb Code     0  startup_stm32f4xx.o(.text)
    TIM1_UP_TIM10_IRQHandler                 0x080001b7   Thumb Code     0  startup_stm32f4xx.o(.text)
    TIM2_IRQHandler                          0x080001b7   Thumb Code     0  startup_stm32f4xx.o(.text)
    TIM4_IRQHandler                          0x080001b7   Thumb Code     0  startup_stm32f4xx.o(.text)
    TIM5_IRQHandler                          0x080001b7   Thumb Code     0  startup_stm32f4xx.o(.text)
    TIM6_DAC_IRQHandler                      0x080001b7   Thumb Code     0  startup_stm32f4xx.o(.text)
    TIM7_IRQHandler                          0x080001b7   Thumb Code     0  startup_stm32f4xx.o(.text)
    TIM8_BRK_TIM12_IRQHandler                0x080001b7   Thumb Code     0  startup_stm32f4xx.o(.text)
    TIM8_CC_IRQHandler                       0x080001b7   Thumb Code     0  startup_stm32f4xx.o(.text)
    TIM8_TRG_COM_TIM14_IRQHandler            0x080001b7   Thumb Code     0  startup_stm32f4xx.o(.text)
    TIM8_UP_TIM13_IRQHandler                 0x080001b7   Thumb Code     0  startup_stm32f4xx.o(.text)
    UART4_IRQHandler                         0x080001b7   Thumb Code     0  startup_stm32f4xx.o(.text)
    UART5_IRQHandler                         0x080001b7   Thumb Code     0  startup_stm32f4xx.o(.text)
    USART1_IRQHandler                        0x080001b7   Thumb Code     0  startup_stm32f4xx.o(.text)
    USART2_IRQHandler                        0x080001b7   Thumb Code     0  startup_stm32f4xx.o(.text)
    USART3_IRQHandler                        0x080001b7   Thumb Code     0  startup_stm32f4xx.o(.text)
    USART6_IRQHandler                        0x080001b7   Thumb Code     0  startup_stm32f4xx.o(.text)
    WWDG_IRQHandler                          0x080001b7   Thumb Code     0  startup_stm32f4xx.o(.text)
    __scatterload                            0x080001c1   Thumb Code    28  init.o(.text)
    __scatterload_rt2                        0x080001c1   Thumb Code     0  init.o(.text)
    BusFault_Handler                         0x080001e5   Thumb Code     2  stm32f4xx_it.o(i.BusFault_Handler)
    DebugMon_Handler                         0x080001e7   Thumb Code     2  stm32f4xx_it.o(i.DebugMon_Handler)
    HardFault_Handler                        0x080001e9   Thumb Code     2  stm32f4xx_it.o(i.HardFault_Handler)
    MemManage_Handler                        0x080001eb   Thumb Code     2  stm32f4xx_it.o(i.MemManage_Handler)
    NMI_Handler                              0x080001ed   Thumb Code     2  stm32f4xx_it.o(i.NMI_Handler)
    NVIC_Init                                0x080001f1   Thumb Code    92  misc.o(i.NVIC_Init)
    PendSV_Handler                           0x08000255   Thumb Code     2  stm32f4xx_it.o(i.PendSV_Handler)
    RCC_APB1PeriphClockCmd                   0x08000259   Thumb Code    18  stm32f4xx_rcc.o(i.RCC_APB1PeriphClockCmd)
    SVC_Handler                              0x08000271   Thumb Code     2  stm32f4xx_it.o(i.SVC_Handler)
    SystemCoreClockUpdate                    0x080002ed   Thumb Code   106  system_stm32f4xx.o(i.SystemCoreClockUpdate)
    SystemInit                               0x08000365   Thumb Code    74  system_stm32f4xx.o(i.SystemInit)
    TIM3_IRQHandler                          0x080003c1   Thumb Code    38  timer.o(i.TIM3_IRQHandler)
    TIMER3_Config                            0x080003f1   Thumb Code    86  timer.o(i.TIMER3_Config)
    TIM_ClearITPendingBit                    0x0800044d   Thumb Code     6  stm32f4xx_tim.o(i.TIM_ClearITPendingBit)
    TIM_Cmd                                  0x08000453   Thumb Code    20  stm32f4xx_tim.o(i.TIM_Cmd)
    TIM_GetITStatus                          0x08000467   Thumb Code    24  stm32f4xx_tim.o(i.TIM_GetITStatus)
    TIM_ITConfig                             0x0800047f   Thumb Code    16  stm32f4xx_tim.o(i.TIM_ITConfig)
    TIM_TimeBaseInit                         0x08000491   Thumb Code    96  stm32f4xx_tim.o(i.TIM_TimeBaseInit)
    UsageFault_Handler                       0x0800050d   Thumb Code     2  stm32f4xx_it.o(i.UsageFault_Handler)
    __scatterload_copy                       0x0800050f   Thumb Code    14  handlers.o(i.__scatterload_copy)
    __scatterload_null                       0x0800051d   Thumb Code     2  handlers.o(i.__scatterload_null)
    __scatterload_zeroinit                   0x0800051f   Thumb Code    14  handlers.o(i.__scatterload_zeroinit)
    main                                     0x0800052d   Thumb Code    56  main.o(i.main)
    Region$$Table$$Base                      0x0800056c   Number         0  anon$$obj.o(Region$$Table)
    Region$$Table$$Limit                     0x0800058c   Number         0  anon$$obj.o(Region$$Table)
    SystemCoreClock                          0x20000000   Data           4  system_stm32f4xx.o(.data)
    AHBPrescTable                            0x20000004   Data          16  system_stm32f4xx.o(.data)
    counter                                  0x20000014   Data           4  timer.o(.data)
    __initial_sp                             0x20000418   Data           0  startup_stm32f4xx.o(STACK)



==============================================================================

Memory Map of the image

  Image Entry point : 0x08000189

  Load Region LR_IROM1 (Base: 0x08000000, Size: 0x000005a4, Max: 0x00100000, ABSOLUTE)

    Execution Region ER_IROM1 (Base: 0x08000000, Size: 0x0000058c, Max: 0x00100000, ABSOLUTE)

    Base Addr    Size         Type   Attr      Idx    E Section Name        Object

    0x08000000   0x00000188   Data   RO         2041    RESET               startup_stm32f4xx.o
    0x08000188   0x00000000   Code   RO         2046  * .ARM.Collect$$$$00000000  mc_w.l(entry.o)
    0x08000188   0x00000004   Code   RO         2049    .ARM.Collect$$$$00000001  mc_w.l(entry2.o)
    0x0800018c   0x00000004   Code   RO         2052    .ARM.Collect$$$$00000004  mc_w.l(entry5.o)
    0x08000190   0x00000000   Code   RO         2054    .ARM.Collect$$$$00000008  mc_w.l(entry7b.o)
    0x08000190   0x00000008   Code   RO         2055    .ARM.Collect$$$$00000009  mc_w.l(entry8.o)
    0x08000198   0x00000004   Code   RO         2050    .ARM.Collect$$$$00002712  mc_w.l(entry2.o)
    0x0800019c   0x00000024   Code   RO         2042    .text               startup_stm32f4xx.o
    0x080001c0   0x00000024   Code   RO         2056    .text               mc_w.l(init.o)
    0x080001e4   0x00000002   Code   RO          138    i.BusFault_Handler  stm32f4xx_it.o
    0x080001e6   0x00000002   Code   RO          139    i.DebugMon_Handler  stm32f4xx_it.o
    0x080001e8   0x00000002   Code   RO          140    i.HardFault_Handler  stm32f4xx_it.o
    0x080001ea   0x00000002   Code   RO          141    i.MemManage_Handler  stm32f4xx_it.o
    0x080001ec   0x00000002   Code   RO          142    i.NMI_Handler       stm32f4xx_it.o
    0x080001ee   0x00000002   PAD
    0x080001f0   0x00000064   Code   RO          344    i.NVIC_Init         misc.o
    0x08000254   0x00000002   Code   RO          143    i.PendSV_Handler    stm32f4xx_it.o
    0x08000256   0x00000002   PAD
    0x08000258   0x00000018   Code   RO          571    i.RCC_APB1PeriphClockCmd  stm32f4xx_rcc.o
    0x08000270   0x00000002   Code   RO          144    i.SVC_Handler       stm32f4xx_it.o
    0x08000272   0x00000002   PAD
    0x08000274   0x00000078   Code   RO            2    i.SetSysClock       system_stm32f4xx.o
    0x080002ec   0x00000078   Code   RO            3    i.SystemCoreClockUpdate  system_stm32f4xx.o
    0x08000364   0x0000005c   Code   RO            4    i.SystemInit        system_stm32f4xx.o
    0x080003c0   0x00000030   Code   RO          264    i.TIM3_IRQHandler   timer.o
    0x080003f0   0x0000005c   Code   RO          265    i.TIMER3_Config     timer.o
    0x0800044c   0x00000006   Code   RO         1442    i.TIM_ClearITPendingBit  stm32f4xx_tim.o
    0x08000452   0x00000014   Code   RO         1447    i.TIM_Cmd           stm32f4xx_tim.o
    0x08000466   0x00000018   Code   RO         1468    i.TIM_GetITStatus   stm32f4xx_tim.o
    0x0800047e   0x00000010   Code   RO         1472    i.TIM_ITConfig      stm32f4xx_tim.o
    0x0800048e   0x00000002   PAD
    0x08000490   0x0000007c   Code   RO         1519    i.TIM_TimeBaseInit  stm32f4xx_tim.o
    0x0800050c   0x00000002   Code   RO          145    i.UsageFault_Handler  stm32f4xx_it.o
    0x0800050e   0x0000000e   Code   RO         2060    i.__scatterload_copy  mc_w.l(handlers.o)
    0x0800051c   0x00000002   Code   RO         2061    i.__scatterload_null  mc_w.l(handlers.o)
    0x0800051e   0x0000000e   Code   RO         2062    i.__scatterload_zeroinit  mc_w.l(handlers.o)
    0x0800052c   0x00000040   Code   RO          225    i.main              main.o
    0x0800056c   0x00000020   Data   RO         2058    Region$$Table       anon$$obj.o


    Execution Region RW_IRAM1 (Base: 0x20000000, Size: 0x00000418, Max: 0x00020000, ABSOLUTE)

    Base Addr    Size         Type   Attr      Idx    E Section Name        Object

    0x20000000   0x00000014   Data   RW            5    .data               system_stm32f4xx.o
    0x20000014   0x00000004   Data   RW          267    .data               timer.o
    0x20000018   0x00000400   Zero   RW         2039    STACK               startup_stm32f4xx.o


==============================================================================

Image component sizes


      Code (inc. data)   RO Data    RW Data    ZI Data      Debug   Object Name

        64          8          0          0          0      18790   main.o
       100          8          0          0          0       2924   misc.o
        36          8        392          0       1024        916   startup_stm32f4xx.o
        16          0          0          0          0     212804   stm32f4xx_it.o
        24          6          0          0          0        629   stm32f4xx_rcc.o
       190         28          0          0          0      24901   stm32f4xx_tim.o
       332         50          0         20          0     233905   system_stm32f4xx.o
       140         16          0          4          0       1585   timer.o

    ----------------------------------------------------------------------
       910        124        424         24       1024     496454   Object Totals
         0          0         32          0          0          0   (incl. Generated)
         8          0          0          0          0          0   (incl. Padding)

    ----------------------------------------------------------------------

      Code (inc. data)   RO Data    RW Data    ZI Data      Debug   Library Member Name

         0          0          0          0          0          0   entry.o
         8          4          0          0          0          0   entry2.o
         4          0          0          0          0          0   entry5.o
         0          0          0          0          0          0   entry7b.o
         8          4          0          0          0          0   entry8.o
        30          0          0          0          0          0   handlers.o
        36          8          0          0          0         68   init.o

    ----------------------------------------------------------------------
        86         16          0          0          0         68   Library Totals
         0          0          0          0          0          0   (incl. Padding)

    ----------------------------------------------------------------------

      Code (inc. data)   RO Data    RW Data    ZI Data      Debug   Library Name

        86         16          0          0          0         68   mc_w.l

    ----------------------------------------------------------------------
        86         16          0          0          0         68   Library Totals

    ----------------------------------------------------------------------

==============================================================================


      Code (inc. data)   RO Data    RW Data    ZI Data      Debug   

       996        140        424         24       1024     494922   Grand Totals
       996        140        424         24       1024     494922   ELF Image Totals
       996        140        424         24          0          0   ROM Totals

==============================================================================

    Total RO  Size (Code + RO Data)                 1420 (   1.39kB)
    Total RW  Size (RW Data + ZI Data)              1048 (   1.02kB)
    Total ROM Size (Code + RO Data + RW Data)       1444 (   1.41kB)

==============================================================================

