<html>
<body>
<pre>
<h1>µVision Build Log</h1>
<h2>Project:</h2>
D:\GitHub\Design---Construction\code\The Project\Project\MDK-ARM\MyProject.uvproj
Project File Date:  04/15/2014

<h2>Output:</h2>
Rebuild target 'MyProject'
compiling system_stm32f4xx.c...
compiling stm32f4xx_it.c...
compiling timer.c...
compiling DDS.c...
compiling LCD.c...
compiling LED.c...
compiling main_2.c...
compiling Sqaure.c...
compiling SWT.c...
compiling DAC.c...
compiling FreqMeter.c...
compiling stm32f4_discovery.c...
compiling misc.c...
compiling stm32f4xx_gpio.c...
compiling stm32f4xx_rcc.c...
compiling stm32f4xx_rtc.c...
compiling stm32f4xx_sdio.c...
compiling stm32f4xx_syscfg.c...
compiling stm32f4xx_tim.c...
compiling stm32f4xx_exti.c...
compiling stm32f4xx_dac.c...
assembling startup_stm32f4xx.s...
linking...
Program Size: Code=11292 RO-data=812 RW-data=108 ZI-data=130844  
".\MyProject\MyProject.axf" - 0 Error(s), 0 Warning(s).
Load "D:\\GitHub\\Design---Construction\\code\\The Project\\Project\\MDK-ARM\\MyProject\\MyProject.axf" 
Erase Done.
Programming Done.
Verify OK.
</pre>
</body>
</html>
-Construction\\code\\The Project\\Project\\MDK-ARM\\MyProject\\MyProject.axf" 
Erase Done.
Programming Done.
Verify OK.
.axf" - 2 Error(s), 0 Warning(s).
Target not created
roject.axf" 
Erase Done.
Programming Done.
Verify OK.
