ARM Linker, 5.03 [Build 76] [MDK-ARM Lite]

==============================================================================

Section Cross References

    system_stm32f4xx.o(i.SystemCoreClockUpdate) refers to system_stm32f4xx.o(.data) for SystemCoreClock
    system_stm32f4xx.o(i.SystemInit) refers to system_stm32f4xx.o(i.SetSysClock) for SetSysClock
    timer.o(i.TIM3_IRQHandler) refers to stm32f4xx_tim.o(i.TIM_GetITStatus) for TIM_GetITStatus
    timer.o(i.TIM3_IRQHandler) refers to stm32f4xx_tim.o(i.TIM_ClearITPendingBit) for TIM_ClearITPendingBit
    timer.o(i.TIM3_IRQHandler) refers to timer.o(.data) for counter
    timer.o(i.TIMER3_Config) refers to stm32f4xx_rcc.o(i.RCC_APB1PeriphClockCmd) for RCC_APB1PeriphClockCmd
    timer.o(i.TIMER3_Config) refers to misc.o(i.NVIC_Init) for NVIC_Init
    timer.o(i.TIMER3_Config) refers to stm32f4xx_tim.o(i.TIM_TimeBaseInit) for TIM_TimeBaseInit
    timer.o(i.TIMER3_Config) refers to stm32f4xx_tim.o(i.TIM_ITConfig) for TIM_ITConfig
    timer.o(i.TIMER3_Config) refers to stm32f4xx_tim.o(i.TIM_Cmd) for TIM_Cmd
    dds.o(i.DDS_Default_Init) refers to memcpya.o(.text) for __aeabi_memcpy4
    dds.o(i.DDS_Default_Init) refers to dds.o(i.Pulse_Clock) for Pulse_Clock
    dds.o(i.DDS_Default_Init) refers to main_2.o(i.Delay) for Delay
    dds.o(i.DDS_Default_Init) refers to dds.o(i.Pulse_Frequency) for Pulse_Frequency
    dds.o(i.DDS_Default_Init) refers to dds.o(i.Data_Low) for Data_Low
    dds.o(i.DDS_Default_Init) refers to dds.o(i.DDS_Write_Data) for DDS_Write_Data
    dds.o(i.DDS_Default_Init) refers to dds.o(.constdata) for .constdata
    dds.o(i.DDS_Set) refers to pow.o(i.__hardfp_pow) for __hardfp_pow
    dds.o(i.DDS_Set) refers to dmul.o(.text) for __aeabi_dmul
    dds.o(i.DDS_Set) refers to ddiv.o(.text) for __aeabi_ddiv
    dds.o(i.DDS_Set) refers to dfixi.o(.text) for __aeabi_d2iz
    dds.o(i.DDS_Set) refers to dds.o(i.Pulse_Clock) for Pulse_Clock
    dds.o(i.DDS_Set) refers to main_2.o(i.Delay) for Delay
    dds.o(i.DDS_Set) refers to dds.o(i.Pulse_Frequency) for Pulse_Frequency
    dds.o(i.DDS_Set) refers to dds.o(i.Data_Low) for Data_Low
    dds.o(i.DDS_Set) refers to dds.o(i.DDS_Write_Data) for DDS_Write_Data
    dds.o(i.Pulse_Clock) refers to main_2.o(i.Delay) for Delay
    dds.o(i.Pulse_Frequency) refers to main_2.o(i.Delay) for Delay
    lcd.o(i.LCD_Clear) refers to lcd.o(i.LCD_RSoff) for LCD_RSoff
    lcd.o(i.LCD_Clear) refers to lcd.o(i.LCD_Write) for LCD_Write
    lcd.o(i.LCD_Clear) refers to main_2.o(i.Delay) for Delay
    lcd.o(i.LCD_Clk) refers to lcd.o(i.LCD_Eon) for LCD_Eon
    lcd.o(i.LCD_Clk) refers to main_2.o(i.Delay) for Delay
    lcd.o(i.LCD_Clk) refers to lcd.o(i.LCD_Eoff) for LCD_Eoff
    lcd.o(i.LCD_GotoXY) refers to lcd.o(i.LCD_RSoff) for LCD_RSoff
    lcd.o(i.LCD_GotoXY) refers to lcd.o(i.LCD_Write) for LCD_Write
    lcd.o(i.LCD_GotoXY) refers to main_2.o(i.Delay) for Delay
    lcd.o(i.LCD_Init) refers to main_2.o(i.Delay) for Delay
    lcd.o(i.LCD_Init) refers to lcd.o(i.LCD_Eoff) for LCD_Eoff
    lcd.o(i.LCD_Init) refers to lcd.o(i.LCD_RSoff) for LCD_RSoff
    lcd.o(i.LCD_Init) refers to lcd.o(i.LCD_RWoff) for LCD_RWoff
    lcd.o(i.LCD_Init) refers to lcd.o(i.LCD_DataWrite) for LCD_DataWrite
    lcd.o(i.LCD_Init) refers to lcd.o(i.LCD_Clk) for LCD_Clk
    lcd.o(i.LCD_Init) refers to lcd.o(i.LCD_Write) for LCD_Write
    lcd.o(i.LCD_Off) refers to lcd.o(.constdata) for lcd_mask
    lcd.o(i.LCD_On) refers to lcd.o(.constdata) for lcd_mask
    lcd.o(i.LCD_PutChar) refers to lcd.o(i.LCD_RSon) for LCD_RSon
    lcd.o(i.LCD_PutChar) refers to lcd.o(i.LCD_Write) for LCD_Write
    lcd.o(i.LCD_PutChar) refers to main_2.o(i.Delay) for Delay
    lcd.o(i.LCD_PutS) refers to lcd.o(i.LCD_RSon) for LCD_RSon
    lcd.o(i.LCD_PutS) refers to lcd.o(i.LCD_Write) for LCD_Write
    lcd.o(i.LCD_PutS) refers to main_2.o(i.Delay) for Delay
    lcd.o(i.LCD_Write) refers to lcd.o(i.LCD_DataClear) for LCD_DataClear
    lcd.o(i.LCD_Write) refers to lcd.o(i.LCD_DataWrite) for LCD_DataWrite
    lcd.o(i.LCD_Write) refers to lcd.o(i.LCD_Clk) for LCD_Clk
    lcd.o(i.LCD_Write) refers to main_2.o(i.Delay) for Delay
    lcd.o(i.LCD_cursor_on) refers to lcd.o(i.LCD_RSoff) for LCD_RSoff
    lcd.o(i.LCD_cursor_on) refers to lcd.o(i.LCD_Write) for LCD_Write
    lcd.o(i.LCD_cursor_on) refers to main_2.o(i.Delay) for Delay
    led.o(i.LED_Off) refers to led.o(.constdata) for led_mask
    led.o(i.LED_On) refers to led.o(.constdata) for led_mask
    led.o(i.LED_Out) refers to led.o(i.LED_On) for LED_On
    led.o(i.LED_Out) refers to led.o(i.LED_Off) for LED_Off
    main_2.o(i.Config_menu_interrupt) refers to stm32f4xx_rcc.o(i.RCC_APB2PeriphClockCmd) for RCC_APB2PeriphClockCmd
    main_2.o(i.Config_menu_interrupt) refers to stm32f4xx_syscfg.o(i.SYSCFG_EXTILineConfig) for SYSCFG_EXTILineConfig
    main_2.o(i.Config_menu_interrupt) refers to stm32f4xx_exti.o(i.EXTI_Init) for EXTI_Init
    main_2.o(i.Config_menu_interrupt) refers to misc.o(i.NVIC_Init) for NVIC_Init
[...]
    stm32f4xx_rtc.o(i.RTC_SynchroShiftConfig) refers to stm32f4xx_rtc.o(i.RTC_WaitForSynchro) for RTC_WaitForSynchro
    stm32f4xx_sdio.o(i.SDIO_DeInit) refers to stm32f4xx_rcc.o(i.RCC_APB2PeriphResetCmd) for RCC_APB2PeriphResetCmd
    stm32f4xx_syscfg.o(i.SYSCFG_DeInit) refers to stm32f4xx_rcc.o(i.RCC_APB2PeriphResetCmd) for RCC_APB2PeriphResetCmd
    stm32f4xx_tim.o(i.TIM_DeInit) refers to stm32f4xx_rcc.o(i.RCC_APB2PeriphResetCmd) for RCC_APB2PeriphResetCmd
    stm32f4xx_tim.o(i.TIM_DeInit) refers to stm32f4xx_rcc.o(i.RCC_APB1PeriphResetCmd) for RCC_APB1PeriphResetCmd
    stm32f4xx_tim.o(i.TIM_ETRClockMode1Config) refers to stm32f4xx_tim.o(i.TIM_ETRConfig) for TIM_ETRConfig
    stm32f4xx_tim.o(i.TIM_ETRClockMode2Config) refers to stm32f4xx_tim.o(i.TIM_ETRConfig) for TIM_ETRConfig
    stm32f4xx_tim.o(i.TIM_ICInit) refers to stm32f4xx_tim.o(i.TI1_Config) for TI1_Config
    stm32f4xx_tim.o(i.TIM_ICInit) refers to stm32f4xx_tim.o(i.TIM_SetIC1Prescaler) for TIM_SetIC1Prescaler
    stm32f4xx_tim.o(i.TIM_ICInit) refers to stm32f4xx_tim.o(i.TI2_Config) for TI2_Config
    stm32f4xx_tim.o(i.TIM_ICInit) refers to stm32f4xx_tim.o(i.TIM_SetIC2Prescaler) for TIM_SetIC2Prescaler
    stm32f4xx_tim.o(i.TIM_ICInit) refers to stm32f4xx_tim.o(i.TI3_Config) for TI3_Config
    stm32f4xx_tim.o(i.TIM_ICInit) refers to stm32f4xx_tim.o(i.TIM_SetIC3Prescaler) for TIM_SetIC3Prescaler
    stm32f4xx_tim.o(i.TIM_ICInit) refers to stm32f4xx_tim.o(i.TI4_Config) for TI4_Config
    stm32f4xx_tim.o(i.TIM_ICInit) refers to stm32f4xx_tim.o(i.TIM_SetIC4Prescaler) for TIM_SetIC4Prescaler
    stm32f4xx_tim.o(i.TIM_ITRxExternalClockConfig) refers to stm32f4xx_tim.o(i.TIM_SelectInputTrigger) for TIM_SelectInputTrigger
    stm32f4xx_tim.o(i.TIM_PWMIConfig) refers to stm32f4xx_tim.o(i.TI1_Config) for TI1_Config
    stm32f4xx_tim.o(i.TIM_PWMIConfig) refers to stm32f4xx_tim.o(i.TIM_SetIC1Prescaler) for TIM_SetIC1Prescaler
    stm32f4xx_tim.o(i.TIM_PWMIConfig) refers to stm32f4xx_tim.o(i.TI2_Config) for TI2_Config
    stm32f4xx_tim.o(i.TIM_PWMIConfig) refers to stm32f4xx_tim.o(i.TIM_SetIC2Prescaler) for TIM_SetIC2Prescaler
    stm32f4xx_tim.o(i.TIM_TIxExternalClockConfig) refers to stm32f4xx_tim.o(i.TI2_Config) for TI2_Config
    stm32f4xx_tim.o(i.TIM_TIxExternalClockConfig) refers to stm32f4xx_tim.o(i.TI1_Config) for TI1_Config
    stm32f4xx_tim.o(i.TIM_TIxExternalClockConfig) refers to stm32f4xx_tim.o(i.TIM_SelectInputTrigger) for TIM_SelectInputTrigger
    stm32f4xx_dac.o(i.DAC_DeInit) refers to stm32f4xx_rcc.o(i.RCC_APB1PeriphResetCmd) for RCC_APB1PeriphResetCmd
    startup_stm32f4xx.o(RESET) refers to startup_stm32f4xx.o(STACK) for __initial_sp
    startup_stm32f4xx.o(RESET) refers to startup_stm32f4xx.o(.text) for Reset_Handler
    startup_stm32f4xx.o(RESET) refers to stm32f4xx_it.o(i.NMI_Handler) for NMI_Handler
    startup_stm32f4xx.o(RESET) refers to stm32f4xx_it.o(i.HardFault_Handler) for HardFault_Handler
    startup_stm32f4xx.o(RESET) refers to stm32f4xx_it.o(i.MemManage_Handler) for MemManage_Handler
    startup_stm32f4xx.o(RESET) refers to stm32f4xx_it.o(i.BusFault_Handler) for BusFault_Handler
    startup_stm32f4xx.o(RESET) refers to stm32f4xx_it.o(i.UsageFault_Handler) for UsageFault_Handler
    startup_stm32f4xx.o(RESET) refers to stm32f4xx_it.o(i.SVC_Handler) for SVC_Handler
    startup_stm32f4xx.o(RESET) refers to stm32f4xx_it.o(i.DebugMon_Handler) for DebugMon_Handler
    startup_stm32f4xx.o(RESET) refers to stm32f4xx_it.o(i.PendSV_Handler) for PendSV_Handler
    startup_stm32f4xx.o(RESET) refers to main_2.o(i.SysTick_Handler) for SysTick_Handler
    startup_stm32f4xx.o(RESET) refers to main_2.o(i.EXTI0_IRQHandler) for EXTI0_IRQHandler
    startup_stm32f4xx.o(RESET) refers to timer.o(i.TIM3_IRQHandler) for TIM3_IRQHandler
    startup_stm32f4xx.o(RESET) refers to freqmeter.o(i.TIM4_IRQHandler) for TIM4_IRQHandler
    startup_stm32f4xx.o(.text) refers to system_stm32f4xx.o(i.SystemInit) for SystemInit
    startup_stm32f4xx.o(.text) refers to entry.o(.ARM.Collect$$$$00000000) for __main
    pow.o(i.__hardfp_pow) refers (Special) to iusefp.o(.text) for __I$use$fp
    pow.o(i.__hardfp_pow) refers to dadd.o(.text) for __aeabi_dadd
    pow.o(i.__hardfp_pow) refers to errno.o(i.__set_errno) for __set_errno
    pow.o(i.__hardfp_pow) refers to dmul.o(.text) for __aeabi_dmul
    pow.o(i.__hardfp_pow) refers to ddiv.o(.text) for __aeabi_ddiv
    pow.o(i.__hardfp_pow) refers to sqrt.o(i.sqrt) for sqrt
    pow.o(i.__hardfp_pow) refers to fabs.o(i.fabs) for fabs
    pow.o(i.__hardfp_pow) refers to dunder.o(i.__mathlib_dbl_underflow) for __mathlib_dbl_underflow
    pow.o(i.__hardfp_pow) refers to qnan.o(.constdata) for __mathlib_zero
    pow.o(i.__hardfp_pow) refers to poly.o(i.__kernel_poly) for __kernel_poly
    pow.o(i.__hardfp_pow) refers to dflti.o(.text) for __aeabi_i2d
    pow.o(i.__hardfp_pow) refers to pow.o(.constdata) for .constdata
    pow.o(i.__hardfp_pow) refers to cdrcmple.o(.text) for __aeabi_cdrcmple
    pow.o(i.__hardfp_pow) refers to dscalb.o(.text) for __ARM_scalbn
    pow.o(i.__hardfp_pow) refers to fpclassify.o(i.__ARM_fpclassify) for __ARM_fpclassify
    pow.o(i.__softfp_pow) refers (Special) to iusefp.o(.text) for __I$use$fp
    pow.o(i.__softfp_pow) refers to pow.o(i.__hardfp_pow) for __hardfp_pow
    pow.o(i.pow) refers (Special) to iusefp.o(.text) for __I$use$fp
    pow.o(i.pow) refers to pow.o(i.__hardfp_pow) for __hardfp_pow
    pow.o(.constdata) refers (Special) to iusefp.o(.text) for __I$use$fp
    pow_x.o(i.____hardfp_pow$lsc) refers (Special) to iusefp.o(.text) for __I$use$fp
    pow_x.o(i.____hardfp_pow$lsc) refers to dadd.o(.text) for __aeabi_dadd
    pow_x.o(i.____hardfp_pow$lsc) refers to errno.o(i.__set_errno) for __set_errno
    pow_x.o(i.____hardfp_pow$lsc) refers to ddiv.o(.text) for __aeabi_ddiv
    pow_x.o(i.____hardfp_pow$lsc) refers to sqrt.o(i.sqrt) for sqrt
    pow_x.o(i.____hardfp_pow$lsc) refers to fabs.o(i.fabs) for fabs
    pow_x.o(i.____hardfp_pow$lsc) refers to dflti.o(.text) for __aeabi_i2d
    pow_x.o(i.____hardfp_pow$lsc) refers to dmul.o(.text) for __aeabi_dmul
    pow_x.o(i.____hardfp_pow$lsc) refers to qnan.o(.constdata) for __mathlib_zero
    pow_x.o(i.____hardfp_pow$lsc) refers to poly.o(i.__kernel_poly) for __kernel_poly
    pow_x.o(i.____hardfp_pow$lsc) refers to pow_x.o(.constdata) for .constdata
    pow_x.o(i.____hardfp_pow$lsc) refers to cdrcmple.o(.text) for __aeabi_cdrcmple
    pow_x.o(i.____hardfp_pow$lsc) refers to dscalb.o(.text) for __ARM_scalbn
    pow_x.o(i.____softfp_pow$lsc) refers (Special) to iusefp.o(.text) for __I$use$fp
    pow_x.o(i.____softfp_pow$lsc) refers to pow_x.o(i.____hardfp_pow$lsc) for ____hardfp_pow$lsc
    pow_x.o(i.__pow$lsc) refers (Special) to iusefp.o(.text) for __I$use$fp
    pow_x.o(i.__pow$lsc) refers to pow_x.o(i.____hardfp_pow$lsc) for ____hardfp_pow$lsc
    pow_x.o(.constdata) refers (Special) to iusefp.o(.text) for __I$use$fp
    entry.o(.ARM.Collect$$$$00000000) refers (Special) to entry10a.o(.ARM.Collect$$$$0000000D) for __rt_final_cpp
    entry.o(.ARM.Collect$$$$00000000) refers (Special) to entry11a.o(.ARM.Collect$$$$0000000F) for __rt_final_exit
    entry.o(.ARM.Collect$$$$00000000) refers (Special) to entry7b.o(.ARM.Collect$$$$00000008) for _main_clock
    entry.o(.ARM.Collect$$$$00000000) refers (Special) to entry8b.o(.ARM.Collect$$$$0000000A) for _main_cpp_init
    entry.o(.ARM.Collect$$$$00000000) refers (Special) to entry9a.o(.ARM.Collect$$$$0000000B) for _main_init
    entry.o(.ARM.Collect$$$$00000000) refers (Special) to entry5.o(.ARM.Collect$$$$00000004) for _main_scatterload
    entry.o(.ARM.Collect$$$$00000000) refers (Special) to entry2.o(.ARM.Collect$$$$00000001) for _main_stk
    dmul.o(.text) refers (Special) to iusefp.o(.text) for __I$use$fp
    dmul.o(.text) refers to depilogue.o(.text) for _double_epilogue
    ddiv.o(.text) refers (Special) to iusefp.o(.text) for __I$use$fp
    ddiv.o(.text) refers to depilogue.o(.text) for _double_round
    dfixi.o(.text) refers (Special) to iusefp.o(.text) for __I$use$fp
    dfixi.o(.text) refers to llushr.o(.text) for __aeabi_llsr
    dunder.o(i.__mathlib_dbl_underflow) refers to dmul.o(.text) for __aeabi_dmul
    fabs.o(i.__hardfp_fabs) refers (Special) to iusefp.o(.text) for __I$use$fp
    fabs.o(i.__softfp_fabs) refers (Special) to iusefp.o(.text) for __I$use$fp
    fabs.o(i.fabs) refers (Special) to iusefp.o(.text) for __I$use$fp
    fpclassify.o(i.__ARM_fpclassify) refers (Special) to iusefp.o(.text) for __I$use$fp
    poly.o(i.__kernel_poly) refers (Special) to iusefp.o(.text) for __I$use$fp
    poly.o(i.__kernel_poly) refers to dmul.o(.text) for __aeabi_dmul
    poly.o(i.__kernel_poly) refers to dadd.o(.text) for __aeabi_dadd
    qnan.o(.constdata) refers (Special) to iusefp.o(.text) for __I$use$fp
    sqrt.o(i.__hardfp_sqrt) refers (Special) to iusefp.o(.text) for __I$use$fp
    sqrt.o(i.__hardfp_sqrt) refers to dsqrt.o(.text) for _dsqrt
    sqrt.o(i.__hardfp_sqrt) refers to errno.o(i.__set_errno) for __set_errno
    sqrt.o(i.__softfp_sqrt) refers (Special) to iusefp.o(.text) for __I$use$fp
    sqrt.o(i.__softfp_sqrt) refers to dsqrt.o(.text) for _dsqrt
    sqrt.o(i.__softfp_sqrt) refers to errno.o(i.__set_errno) for __set_errno
    sqrt.o(i.sqrt) refers (Special) to iusefp.o(.text) for __I$use$fp
    sqrt.o(i.sqrt) refers to dsqrt.o(.text) for _dsqrt
    sqrt.o(i.sqrt) refers to errno.o(i.__set_errno) for __set_errno
    sqrt_x.o(i.____hardfp_sqrt$lsc) refers (Special) to iusefp.o(.text) for __I$use$fp
    sqrt_x.o(i.____hardfp_sqrt$lsc) refers to cdcmple.o(.text) for __aeabi_cdcmple
    sqrt_x.o(i.____hardfp_sqrt$lsc) refers to errno.o(i.__set_errno) for __set_errno
    sqrt_x.o(i.____hardfp_sqrt$lsc) refers to dsqrt.o(.text) for _dsqrt
    sqrt_x.o(i.____softfp_sqrt$lsc) refers (Special) to iusefp.o(.text) for __I$use$fp
    sqrt_x.o(i.____softfp_sqrt$lsc) refers to cdcmple.o(.text) for __aeabi_cdcmple
    sqrt_x.o(i.____softfp_sqrt$lsc) refers to errno.o(i.__set_errno) for __set_errno
    sqrt_x.o(i.____softfp_sqrt$lsc) refers to dsqrt.o(.text) for _dsqrt
    sqrt_x.o(i.__sqrt$lsc) refers (Special) to iusefp.o(.text) for __I$use$fp
    sqrt_x.o(i.__sqrt$lsc) refers to cdcmple.o(.text) for __aeabi_cdcmple
    sqrt_x.o(i.__sqrt$lsc) refers to errno.o(i.__set_errno) for __set_errno
    sqrt_x.o(i.__sqrt$lsc) refers to dsqrt.o(.text) for _dsqrt
    entry2.o(.ARM.Collect$$$$00000001) refers to entry2.o(.ARM.Collect$$$$00002712) for __lit__00000000
    entry2.o(.ARM.Collect$$$$00002712) refers to startup_stm32f4xx.o(STACK) for __initial_sp
    entry2.o(__vectab_stack_and_reset_area) refers to startup_stm32f4xx.o(STACK) for __initial_sp
    entry2.o(__vectab_stack_and_reset_area) refers to entry.o(.ARM.Collect$$$$00000000) for __main
    entry5.o(.ARM.Collect$$$$00000004) refers to init.o(.text) for __scatterload
    entry9a.o(.ARM.Collect$$$$0000000B) refers to main_2.o(i.main) for main
    entry9b.o(.ARM.Collect$$$$0000000C) refers to main_2.o(i.main) for main
    errno.o(i.__aeabi_errno_addr) refers to errno.o(.data) for .data
    errno.o(i.__read_errno) refers to errno.o(.data) for .data
    errno.o(i.__set_errno) refers to errno.o(.data) for .data
    depilogue.o(.text) refers to llshl.o(.text) for __aeabi_llsl
    depilogue.o(.text) refers to llushr.o(.text) for __aeabi_llsr
    dadd.o(.text) refers to llshl.o(.text) for __aeabi_llsl
    dadd.o(.text) refers to llsshr.o(.text) for __aeabi_lasr
    dadd.o(.text) refers to depilogue.o(.text) for _double_epilogue
    dflti.o(.text) refers to depilogue.o(.text) for _double_epilogue
    init.o(.text) refers to entry5.o(.ARM.Collect$$$$00000004) for __main_after_scatterload
    dsqrt.o(.text) refers to llushr.o(.text) for __aeabi_llsr
    dsqrt.o(.text) refers to depilogue.o(.text) for _double_round


==============================================================================

Removing Unused input sections from the image.

    Removing system_stm32f4xx.o(.emb_text), (8 bytes).
    Removing stm32f4xx_it.o(.emb_text), (8 bytes).
    Removing timer.o(.emb_text), (8 bytes).
    Removing timer.o(i.TIMER3_Config), (92 bytes).
    Removing dds.o(.emb_text), (8 bytes).
    Removing lcd.o(.emb_text), (8 bytes).
    Removing lcd.o(i.LCD_DriverOff), (16 bytes).
    Removing lcd.o(i.LCD_Off), (24 bytes).
    Removing lcd.o(i.LCD_PutChar), (22 bytes).
    Removing lcd.o(i.LCD_RWon), (12 bytes).
    Removing lcd.o(i.LCD_cursor_on), (20 bytes).
    Removing led.o(.emb_text), (8 bytes).
    Removing led.o(i.LED_Init), (112 bytes).
    Removing led.o(i.LED_Off), (24 bytes).
    Removing led.o(i.LED_On), (24 bytes).
    Removing led.o(i.LED_Out), (38 bytes).
    Removing led.o(.constdata), (32 bytes).
    Removing main_2.o(.emb_text), (8 bytes).
    Removing main_2.o(i.Config_menu_interrupt), (76 bytes).
    Removing sqaure.o(.emb_text), (8 bytes).
    Removing sqaure.o(i.Make_Square), (32 bytes).
    Removing sqaure.o(i.Square_Init), (48 bytes).
    Removing sqaure.o(i.Timer_Init), (16 bytes).
    Removing swt.o(.emb_text), (8 bytes).
    Removing swt.o(i.BTN_Get), (16 bytes).
    Removing swt.o(i.SWT_Check), (32 bytes).
    Removing swt.o(i.SWT_Get), (12 bytes).
    Removing swt.o(.constdata), (32 bytes).
    Removing dac.o(.emb_text), (8 bytes).
    Removing freqmeter.o(.emb_text), (8 bytes).
    Removing freqmeter.o(i.Freq_Meter_Init), (84 bytes).
    Removing freqmeter.o(i.TIM_Config), (100 bytes).
    Removing freqmeter.o(.bss), (10 bytes).
    Removing stm32f4_discovery.o(.emb_text), (8 bytes).
    Removing stm32f4_discovery.o(i.STM_EVAL_LEDInit), (76 bytes).
    Removing stm32f4_discovery.o(i.STM_EVAL_LEDOff), (24 bytes).
    Removing stm32f4_discovery.o(i.STM_EVAL_LEDOn), (24 bytes).
    Removing stm32f4_discovery.o(i.STM_EVAL_LEDToggle), (36 bytes).
    Removing stm32f4_discovery.o(i.STM_EVAL_PBGetState), (32 bytes).
    Removing misc.o(.emb_text), (8 bytes).
    Removing misc.o(i.NVIC_PriorityGroupConfig), (20 bytes).
    Removing misc.o(i.NVIC_SetVectorTable), (20 bytes).
    Removing misc.o(i.NVIC_SystemLPConfig), (32 bytes).
    Removing misc.o(i.SysTick_CLKSourceConfig), (40 bytes).
    Removing stm32f4xx_gpio.o(.emb_text), (8 bytes).
    Removing stm32f4xx_gpio.o(i.GPIO_DeInit), (256 bytes).
    Removing stm32f4xx_gpio.o(i.GPIO_PinAFConfig), (70 bytes).
    Removing stm32f4xx_gpio.o(i.GPIO_PinLockConfig), (34 bytes).
    Removing stm32f4xx_gpio.o(i.GPIO_ReadInputData), (8 bytes).
    Removing stm32f4xx_gpio.o(i.GPIO_ReadInputDataBit), (18 bytes).
    Removing stm32f4xx_gpio.o(i.GPIO_ReadOutputData), (8 bytes).
    Removing stm32f4xx_gpio.o(i.GPIO_ReadOutputDataBit), (18 bytes).
    Removing stm32f4xx_gpio.o(i.GPIO_ResetBits), (4 bytes).
    Removing stm32f4xx_gpio.o(i.GPIO_SetBits), (4 bytes).
    Removing stm32f4xx_gpio.o(i.GPIO_StructInit), (18 bytes).
    Removing stm32f4xx_gpio.o(i.GPIO_ToggleBits), (8 bytes).
    Removing stm32f4xx_gpio.o(i.GPIO_Write), (4 bytes).
    Removing stm32f4xx_gpio.o(i.GPIO_WriteBit), (10 bytes).
    Removing stm32f4xx_rcc.o(.emb_text), (8 bytes).
    Removing stm32f4xx_rcc.o(i.RCC_AHB1PeriphClockLPModeCmd), (32 bytes).
    Removing stm32f4xx_rcc.o(i.RCC_AHB1PeriphResetCmd), (32 bytes).
    Removing stm32f4xx_rcc.o(i.RCC_AHB2PeriphClockCmd), (32 bytes).
    Removing stm32f4xx_rcc.o(i.RCC_AHB2PeriphClockLPModeCmd), (32 bytes).
    Removing stm32f4xx_rcc.o(i.RCC_AHB2PeriphResetCmd), (32 bytes).
    Removing stm32f4xx_rcc.o(i.RCC_AHB3PeriphClockCmd), (32 bytes).
    Removing stm32f4xx_rcc.o(i.RCC_AHB3PeriphClockLPModeCmd), (32 bytes).
    Removing stm32f4xx_rcc.o(i.RCC_AHB3PeriphResetCmd), (32 bytes).
    Removing stm32f4xx_rcc.o(i.RCC_APB1PeriphClockLPModeCmd), (32 bytes).
    Removing stm32f4xx_rcc.o(i.RCC_APB2PeriphClockLPModeCmd), (32 bytes).
    Removing stm32f4xx_rcc.o(i.RCC_APB2PeriphResetCmd), (32 bytes).
    Removing stm32f4xx_rcc.o(i.RCC_AdjustHSICalibrationValue), (24 bytes).
    Removing stm32f4xx_rcc.o(i.RCC_BackupResetCmd), (12 bytes).
    Removing stm32f4xx_rcc.o(i.RCC_ClearFlag), (20 bytes).
    Removing stm32f4xx_rcc.o(i.RCC_ClearITPendingBit), (12 bytes).
    Removing stm32f4xx_rcc.o(i.RCC_ClockSecuritySystemCmd), (12 bytes).
    Removing stm32f4xx_rcc.o(i.RCC_DeInit), (72 bytes).
    Removing stm32f4xx_rcc.o(i.RCC_GetFlagStatus), (64 bytes).
    Removing stm32f4xx_rcc.o(i.RCC_GetITStatus), (24 bytes).
    Removing stm32f4xx_rcc.o(i.RCC_GetSYSCLKSource), (16 bytes).
    Removing stm32f4xx_rcc.o(i.RCC_HCLKConfig), (24 bytes).
    Removing stm32f4xx_rcc.o(i.RCC_HSEConfig), (16 bytes).
    Removing stm32f4xx_rcc.o(i.RCC_HSICmd), (12 bytes).
    Removing stm32f4xx_rcc.o(i.RCC_I2SCLKConfig), (12 bytes).
    Removing stm32f4xx_rcc.o(i.RCC_ITConfig), (32 bytes).
    Removing stm32f4xx_rcc.o(i.RCC_LSEConfig), (44 bytes).
    Removing stm32f4xx_rcc.o(i.RCC_LSICmd), (12 bytes).
    Removing stm32f4xx_rcc.o(i.RCC_MCO1Config), (28 bytes).
    Removing stm32f4xx_rcc.o(i.RCC_MCO2Config), (28 bytes).
    Removing stm32f4xx_rcc.o(i.RCC_PCLK1Config), (24 bytes).
    Removing stm32f4xx_rcc.o(i.RCC_PCLK2Config), (24 bytes).
    Removing stm32f4xx_rcc.o(i.RCC_PLLCmd), (12 bytes).
    Removing stm32f4xx_rcc.o(i.RCC_PLLConfig), (36 bytes).
    Removing stm32f4xx_rcc.o(i.RCC_PLLI2SCmd), (12 bytes).
    Removing stm32f4xx_rcc.o(i.RCC_PLLI2SConfig), (16 bytes).
    Removing stm32f4xx_rcc.o(i.RCC_RTCCLKCmd), (12 bytes).
    Removing stm32f4xx_rcc.o(i.RCC_RTCCLKConfig), (60 bytes).
    Removing stm32f4xx_rcc.o(i.RCC_SYSCLKConfig), (24 bytes).
    Removing stm32f4xx_rcc.o(i.RCC_WaitForHSEStartUp), (56 bytes).
    Removing stm32f4xx_rtc.o(.emb_text), (8 bytes).
    Removing stm32f4xx_rtc.o(i.RTC_AlarmCmd), (116 bytes).
    Removing stm32f4xx_rtc.o(i.RTC_AlarmStructInit), (22 bytes).
    Removing stm32f4xx_rtc.o(i.RTC_AlarmSubSecondConfig), (52 bytes).
    Removing stm32f4xx_rtc.o(i.RTC_Bcd2ToByte), (22 bytes).
    Removing stm32f4xx_rtc.o(i.RTC_BypassShadowCmd), (60 bytes).
    Removing stm32f4xx_rtc.o(i.RTC_ByteToBcd2), (28 bytes).
    Removing stm32f4xx_rtc.o(i.RTC_CalibOutputCmd), (60 bytes).
    Removing stm32f4xx_rtc.o(i.RTC_CalibOutputConfig), (48 bytes).
    Removing stm32f4xx_rtc.o(i.RTC_ClearFlag), (28 bytes).
    Removing stm32f4xx_rtc.o(i.RTC_ClearITPendingBit), (32 bytes).
    Removing stm32f4xx_rtc.o(i.RTC_CoarseCalibCmd), (80 bytes).
    Removing stm32f4xx_rtc.o(i.RTC_CoarseCalibConfig), (56 bytes).
    Removing stm32f4xx_rtc.o(i.RTC_DateStructInit), (14 bytes).
    Removing stm32f4xx_rtc.o(i.RTC_DayLightSavingConfig), (56 bytes).
    Removing stm32f4xx_rtc.o(i.RTC_DeInit), (192 bytes).
    Removing stm32f4xx_rtc.o(i.RTC_EnterInitMode), (80 bytes).
    Removing stm32f4xx_rtc.o(i.RTC_ExitInitMode), (20 bytes).
    Removing stm32f4xx_rtc.o(i.RTC_GetAlarm), (116 bytes).
    Removing stm32f4xx_rtc.o(i.RTC_GetAlarmSubSecond), (36 bytes).
    Removing stm32f4xx_rtc.o(i.RTC_GetDate), (76 bytes).
    Removing stm32f4xx_rtc.o(i.RTC_GetFlagStatus), (36 bytes).
    Removing stm32f4xx_rtc.o(i.RTC_GetITStatus), (64 bytes).
    Removing stm32f4xx_rtc.o(i.RTC_GetStoreOperation), (16 bytes).
    Removing stm32f4xx_rtc.o(i.RTC_GetSubSecond), (20 bytes).
    Removing stm32f4xx_rtc.o(i.RTC_GetTime), (80 bytes).
    Removing stm32f4xx_rtc.o(i.RTC_GetTimeStamp), (156 bytes).
    Removing stm32f4xx_rtc.o(i.RTC_GetTimeStampSubSecond), (12 bytes).
    Removing stm32f4xx_rtc.o(i.RTC_GetWakeUpCounter), (12 bytes).
    Removing stm32f4xx_rtc.o(i.RTC_ITConfig), (100 bytes).
    Removing stm32f4xx_rtc.o(i.RTC_Init), (100 bytes).
    Removing stm32f4xx_rtc.o(i.RTC_OutputConfig), (56 bytes).
    Removing stm32f4xx_rtc.o(i.RTC_OutputTypeConfig), (28 bytes).
    Removing stm32f4xx_rtc.o(i.RTC_ReadBackupRegister), (32 bytes).
    Removing stm32f4xx_rtc.o(i.RTC_RefClockCmd), (80 bytes).
    Removing stm32f4xx_rtc.o(i.RTC_SetAlarm), (236 bytes).
    Removing stm32f4xx_rtc.o(i.RTC_SetDate), (184 bytes).
    Removing stm32f4xx_rtc.o(i.RTC_SetTime), (192 bytes).
    Removing stm32f4xx_rtc.o(i.RTC_SetWakeUpCounter), (28 bytes).
    Removing stm32f4xx_rtc.o(i.RTC_SmoothCalibConfig), (96 bytes).
    Removing stm32f4xx_rtc.o(i.RTC_StructInit), (14 bytes).
    Removing stm32f4xx_rtc.o(i.RTC_SynchroShiftConfig), (124 bytes).
    Removing stm32f4xx_rtc.o(i.RTC_TamperCmd), (32 bytes).
    Removing stm32f4xx_rtc.o(i.RTC_TamperFilterConfig), (28 bytes).
    Removing stm32f4xx_rtc.o(i.RTC_TamperPinSelection), (28 bytes).
    Removing stm32f4xx_rtc.o(i.RTC_TamperPinsPrechargeDuration), (28 bytes).
    Removing stm32f4xx_rtc.o(i.RTC_TamperPullUpCmd), (36 bytes).
    Removing stm32f4xx_rtc.o(i.RTC_TamperSamplingFreqConfig), (28 bytes).
    Removing stm32f4xx_rtc.o(i.RTC_TamperTriggerConfig), (36 bytes).
    Removing stm32f4xx_rtc.o(i.RTC_TimeStampCmd), (56 bytes).
    Removing stm32f4xx_rtc.o(i.RTC_TimeStampOnTamperDetectionCmd), (36 bytes).
    Removing stm32f4xx_rtc.o(i.RTC_TimeStampPinSelection), (28 bytes).
    Removing stm32f4xx_rtc.o(i.RTC_TimeStructInit), (12 bytes).
    Removing stm32f4xx_rtc.o(i.RTC_WaitForSynchro), (96 bytes).
    Removing stm32f4xx_rtc.o(i.RTC_WakeUpClockConfig), (48 bytes).
    Removing stm32f4xx_rtc.o(i.RTC_WakeUpCmd), (120 bytes).
    Removing stm32f4xx_rtc.o(i.RTC_WriteBackupRegister), (28 bytes).
    Removing stm32f4xx_rtc.o(i.RTC_WriteProtectionCmd), (28 bytes).
    Removing stm32f4xx_sdio.o(.emb_text), (8 bytes).
    Removing stm32f4xx_sdio.o(i.SDIO_CEATAITCmd), (16 bytes).
    Removing stm32f4xx_sdio.o(i.SDIO_ClearFlag), (12 bytes).
    Removing stm32f4xx_sdio.o(i.SDIO_ClearITPendingBit), (12 bytes).
    Removing stm32f4xx_sdio.o(i.SDIO_ClockCmd), (12 bytes).
    Removing stm32f4xx_sdio.o(i.SDIO_CmdStructInit), (14 bytes).
    Removing stm32f4xx_sdio.o(i.SDIO_CommandCompletionCmd), (12 bytes).
    Removing stm32f4xx_sdio.o(i.SDIO_DMACmd), (12 bytes).
    Removing stm32f4xx_sdio.o(i.SDIO_DataConfig), (52 bytes).
    Removing stm32f4xx_sdio.o(i.SDIO_DataStructInit), (20 bytes).
    Removing stm32f4xx_sdio.o(i.SDIO_DeInit), (22 bytes).
    Removing stm32f4xx_sdio.o(i.SDIO_GetCommandResponse), (12 bytes).
    Removing stm32f4xx_sdio.o(i.SDIO_GetDataCounter), (12 bytes).
    Removing stm32f4xx_sdio.o(i.SDIO_GetFIFOCount), (12 bytes).
    Removing stm32f4xx_sdio.o(i.SDIO_GetFlagStatus), (24 bytes).
    Removing stm32f4xx_sdio.o(i.SDIO_GetITStatus), (24 bytes).
    Removing stm32f4xx_sdio.o(i.SDIO_GetPowerState), (16 bytes).
    Removing stm32f4xx_sdio.o(i.SDIO_GetResponse), (24 bytes).
    Removing stm32f4xx_sdio.o(i.SDIO_ITConfig), (32 bytes).
    Removing stm32f4xx_sdio.o(i.SDIO_Init), (48 bytes).
    Removing stm32f4xx_sdio.o(i.SDIO_ReadData), (12 bytes).
    Removing stm32f4xx_sdio.o(i.SDIO_SendCEATACmd), (12 bytes).
    Removing stm32f4xx_sdio.o(i.SDIO_SendCommand), (44 bytes).
    Removing stm32f4xx_sdio.o(i.SDIO_SendSDIOSuspendCmd), (12 bytes).
    Removing stm32f4xx_sdio.o(i.SDIO_SetPowerState), (12 bytes).
    Removing stm32f4xx_sdio.o(i.SDIO_SetSDIOOperation), (12 bytes).
    Removing stm32f4xx_sdio.o(i.SDIO_SetSDIOReadWaitMode), (12 bytes).
    Removing stm32f4xx_sdio.o(i.SDIO_StartSDIOReadWait), (12 bytes).
    Removing stm32f4xx_sdio.o(i.SDIO_StopSDIOReadWait), (12 bytes).
    Removing stm32f4xx_sdio.o(i.SDIO_StructInit), (16 bytes).
    Removing stm32f4xx_sdio.o(i.SDIO_WriteData), (12 bytes).
    Removing stm32f4xx_syscfg.o(.emb_text), (8 bytes).
    Removing stm32f4xx_syscfg.o(i.SYSCFG_CompensationCellCmd), (12 bytes).
    Removing stm32f4xx_syscfg.o(i.SYSCFG_DeInit), (22 bytes).
    Removing stm32f4xx_syscfg.o(i.SYSCFG_ETH_MediaInterfaceConfig), (12 bytes).
    Removing stm32f4xx_syscfg.o(i.SYSCFG_GetCompensationCellStatus), (24 bytes).
    Removing stm32f4xx_syscfg.o(i.SYSCFG_MemoryRemapConfig), (12 bytes).
    Removing stm32f4xx_tim.o(.emb_text), (8 bytes).
    Removing stm32f4xx_tim.o(i.TI1_Config), (58 bytes).
    Removing stm32f4xx_tim.o(i.TI2_Config), (80 bytes).
    Removing stm32f4xx_tim.o(i.TI3_Config), (72 bytes).
    Removing stm32f4xx_tim.o(i.TI4_Config), (80 bytes).
    Removing stm32f4xx_tim.o(i.TIM_ARRPreloadConfig), (24 bytes).
    Removing stm32f4xx_tim.o(i.TIM_BDTRConfig), (32 bytes).
    Removing stm32f4xx_tim.o(i.TIM_BDTRStructInit), (18 bytes).
    Removing stm32f4xx_tim.o(i.TIM_CCPreloadControl), (24 bytes).
    Removing stm32f4xx_tim.o(i.TIM_CCxCmd), (30 bytes).
    Removing stm32f4xx_tim.o(i.TIM_CCxNCmd), (30 bytes).
    Removing stm32f4xx_tim.o(i.TIM_ClearFlag), (6 bytes).
    Removing stm32f4xx_tim.o(i.TIM_ClearOC1Ref), (18 bytes).
    Removing stm32f4xx_tim.o(i.TIM_ClearOC2Ref), (24 bytes).
    Removing stm32f4xx_tim.o(i.TIM_ClearOC3Ref), (18 bytes).
    Removing stm32f4xx_tim.o(i.TIM_ClearOC4Ref), (24 bytes).
    Removing stm32f4xx_tim.o(i.TIM_CounterModeConfig), (18 bytes).
    Removing stm32f4xx_tim.o(i.TIM_CtrlPWMOutputs), (30 bytes).
    Removing stm32f4xx_tim.o(i.TIM_DMACmd), (18 bytes).
    Removing stm32f4xx_tim.o(i.TIM_DMAConfig), (10 bytes).
    Removing stm32f4xx_tim.o(i.TIM_DeInit), (400 bytes).
    Removing stm32f4xx_tim.o(i.TIM_ETRClockMode1Config), (54 bytes).
    Removing stm32f4xx_tim.o(i.TIM_ETRClockMode2Config), (32 bytes).
    Removing stm32f4xx_tim.o(i.TIM_ETRConfig), (28 bytes).
    Removing stm32f4xx_tim.o(i.TIM_EncoderInterfaceConfig), (66 bytes).
    Removing stm32f4xx_tim.o(i.TIM_ForcedOC1Config), (18 bytes).
    Removing stm32f4xx_tim.o(i.TIM_ForcedOC2Config), (26 bytes).
    Removing stm32f4xx_tim.o(i.TIM_ForcedOC3Config), (18 bytes).
    Removing stm32f4xx_tim.o(i.TIM_ForcedOC4Config), (26 bytes).
    Removing stm32f4xx_tim.o(i.TIM_GenerateEvent), (4 bytes).
    Removing stm32f4xx_tim.o(i.TIM_GetCapture3), (6 bytes).
    Removing stm32f4xx_tim.o(i.TIM_GetCapture4), (6 bytes).
    Removing stm32f4xx_tim.o(i.TIM_GetCounter), (6 bytes).
    Removing stm32f4xx_tim.o(i.TIM_GetFlagStatus), (18 bytes).
    Removing stm32f4xx_tim.o(i.TIM_GetPrescaler), (6 bytes).
    Removing stm32f4xx_tim.o(i.TIM_ICInit), (110 bytes).
    Removing stm32f4xx_tim.o(i.TIM_ICStructInit), (18 bytes).
    Removing stm32f4xx_tim.o(i.TIM_ITConfig), (18 bytes).
    Removing stm32f4xx_tim.o(i.TIM_ITRxExternalClockConfig), (24 bytes).
    Removing stm32f4xx_tim.o(i.TIM_InternalClockConfig), (12 bytes).
    Removing stm32f4xx_tim.o(i.TIM_OC1FastConfig), (18 bytes).
    Removing stm32f4xx_tim.o(i.TIM_OC1Init), (124 bytes).
    Removing stm32f4xx_tim.o(i.TIM_OC1NPolarityConfig), (18 bytes).
    Removing stm32f4xx_tim.o(i.TIM_OC1PolarityConfig), (18 bytes).
    Removing stm32f4xx_tim.o(i.TIM_OC1PreloadConfig), (18 bytes).
    Removing stm32f4xx_tim.o(i.TIM_OC2FastConfig), (26 bytes).
    Removing stm32f4xx_tim.o(i.TIM_OC2Init), (164 bytes).
    Removing stm32f4xx_tim.o(i.TIM_OC2NPolarityConfig), (26 bytes).
    Removing stm32f4xx_tim.o(i.TIM_OC2PolarityConfig), (26 bytes).
    Removing stm32f4xx_tim.o(i.TIM_OC2PreloadConfig), (26 bytes).
    Removing stm32f4xx_tim.o(i.TIM_OC3FastConfig), (18 bytes).
    Removing stm32f4xx_tim.o(i.TIM_OC3Init), (160 bytes).
    Removing stm32f4xx_tim.o(i.TIM_OC3NPolarityConfig), (26 bytes).
    Removing stm32f4xx_tim.o(i.TIM_OC3PolarityConfig), (26 bytes).
    Removing stm32f4xx_tim.o(i.TIM_OC3PreloadConfig), (18 bytes).
    Removing stm32f4xx_tim.o(i.TIM_OC4FastConfig), (26 bytes).
    Removing stm32f4xx_tim.o(i.TIM_OC4Init), (120 bytes).
    Removing stm32f4xx_tim.o(i.TIM_OC4PolarityConfig), (26 bytes).
    Removing stm32f4xx_tim.o(i.TIM_OC4PreloadConfig), (26 bytes).
    Removing stm32f4xx_tim.o(i.TIM_OCStructInit), (20 bytes).
    Removing stm32f4xx_tim.o(i.TIM_PWMIConfig), (124 bytes).
    Removing stm32f4xx_tim.o(i.TIM_PrescalerConfig), (6 bytes).
    Removing stm32f4xx_tim.o(i.TIM_RemapConfig), (6 bytes).
    Removing stm32f4xx_tim.o(i.TIM_SelectCCDMA), (24 bytes).
    Removing stm32f4xx_tim.o(i.TIM_SelectCOM), (24 bytes).
    Removing stm32f4xx_tim.o(i.TIM_SelectHallSensor), (24 bytes).
    Removing stm32f4xx_tim.o(i.TIM_SelectInputTrigger), (18 bytes).
    Removing stm32f4xx_tim.o(i.TIM_SelectMasterSlaveMode), (18 bytes).
    Removing stm32f4xx_tim.o(i.TIM_SelectOCxM), (86 bytes).
    Removing stm32f4xx_tim.o(i.TIM_SelectOnePulseMode), (18 bytes).
    Removing stm32f4xx_tim.o(i.TIM_SelectSlaveMode), (18 bytes).
    Removing stm32f4xx_tim.o(i.TIM_SetAutoreload), (4 bytes).
    Removing stm32f4xx_tim.o(i.TIM_SetClockDivision), (18 bytes).
    Removing stm32f4xx_tim.o(i.TIM_SetCompare1), (4 bytes).
    Removing stm32f4xx_tim.o(i.TIM_SetCompare2), (4 bytes).
    Removing stm32f4xx_tim.o(i.TIM_SetCompare3), (4 bytes).
    Removing stm32f4xx_tim.o(i.TIM_SetCompare4), (4 bytes).
    Removing stm32f4xx_tim.o(i.TIM_SetCounter), (4 bytes).
    Removing stm32f4xx_tim.o(i.TIM_SetIC1Prescaler), (18 bytes).
    Removing stm32f4xx_tim.o(i.TIM_SetIC2Prescaler), (26 bytes).
    Removing stm32f4xx_tim.o(i.TIM_SetIC3Prescaler), (18 bytes).
    Removing stm32f4xx_tim.o(i.TIM_SetIC4Prescaler), (26 bytes).
    Removing stm32f4xx_tim.o(i.TIM_TIxExternalClockConfig), (62 bytes).
    Removing stm32f4xx_tim.o(i.TIM_UpdateDisableConfig), (24 bytes).
    Removing stm32f4xx_tim.o(i.TIM_UpdateRequestConfig), (24 bytes).
    Removing stm32f4xx_exti.o(.emb_text), (8 bytes).
    Removing stm32f4xx_exti.o(i.EXTI_ClearFlag), (12 bytes).
    Removing stm32f4xx_exti.o(i.EXTI_DeInit), (36 bytes).
    Removing stm32f4xx_exti.o(i.EXTI_GenerateSWInterrupt), (16 bytes).
    Removing stm32f4xx_exti.o(i.EXTI_GetFlagStatus), (24 bytes).
    Removing stm32f4xx_exti.o(i.EXTI_GetITStatus), (40 bytes).
    Removing stm32f4xx_exti.o(i.EXTI_StructInit), (16 bytes).
    Removing stm32f4xx_dac.o(.emb_text), (8 bytes).
    Removing stm32f4xx_dac.o(i.DAC_ClearFlag), (16 bytes).
    Removing stm32f4xx_dac.o(i.DAC_ClearITPendingBit), (16 bytes).
    Removing stm32f4xx_dac.o(i.DAC_DMACmd), (44 bytes).
    Removing stm32f4xx_dac.o(i.DAC_DualSoftwareTriggerCmd), (36 bytes).
    Removing stm32f4xx_dac.o(i.DAC_GetDataOutputValue), (36 bytes).
    Removing stm32f4xx_dac.o(i.DAC_GetFlagStatus), (32 bytes).
    Removing stm32f4xx_dac.o(i.DAC_GetITStatus), (48 bytes).
    Removing stm32f4xx_dac.o(i.DAC_ITConfig), (40 bytes).
    Removing stm32f4xx_dac.o(i.DAC_SetDualChannelData), (36 bytes).
    Removing stm32f4xx_dac.o(i.DAC_SoftwareTriggerCmd), (44 bytes).
    Removing stm32f4xx_dac.o(i.DAC_StructInit), (12 bytes).
    Removing stm32f4xx_dac.o(i.DAC_WaveGenerationCmd), (40 bytes).
    Removing startup_stm32f4xx.o(HEAP), (512 bytes).
    Removing dneg.o(.text), (6 bytes).
    Removing cdcmple.o(.text), (40 bytes).

301 unused section(s) (total 11212 bytes) removed from the image.

==============================================================================

Image Symbol Table

    Local Symbols

    Symbol Name                              Value     Ov Type        Size  Object(Section)

    ../clib/microlib/errno.c                 0x00000000   Number         0  errno.o ABSOLUTE
    ../clib/microlib/init/entry.s            0x00000000   Number         0  entry.o ABSOLUTE
    ../clib/microlib/init/entry.s            0x00000000   Number         0  entry5.o ABSOLUTE
    ../clib/microlib/init/entry.s            0x00000000   Number         0  entry7a.o ABSOLUTE
    ../clib/microlib/init/entry.s            0x00000000   Number         0  entry7b.o ABSOLUTE
    ../clib/microlib/init/entry.s            0x00000000   Number         0  entry8a.o ABSOLUTE
    ../clib/microlib/init/entry.s            0x00000000   Number         0  entry8b.o ABSOLUTE
    ../clib/microlib/init/entry.s            0x00000000   Number         0  entry9a.o ABSOLUTE
    ../clib/microlib/init/entry.s            0x00000000   Number         0  entry9b.o ABSOLUTE
    ../clib/microlib/init/entry.s            0x00000000   Number         0  entry10a.o ABSOLUTE
    ../clib/microlib/init/entry.s            0x00000000   Number         0  entry10b.o ABSOLUTE
    ../clib/microlib/init/entry.s            0x00000000   Number         0  entry11a.o ABSOLUTE
    ../clib/microlib/init/entry.s            0x00000000   Number         0  entry11b.o ABSOLUTE
    ../clib/microlib/init/entry.s            0x00000000   Number         0  entry2.o ABSOLUTE
    ../clib/microlib/longlong.c              0x00000000   Number         0  llshl.o ABSOLUTE
    ../clib/microlib/longlong.c              0x00000000   Number         0  llsshr.o ABSOLUTE
    ../clib/microlib/longlong.c              0x00000000   Number         0  llushr.o ABSOLUTE
    ../clib/microlib/string/memcpy.c         0x00000000   Number         0  memcpya.o ABSOLUTE
    ../clib/microlib/string/memcpy.c         0x00000000   Number         0  memcpyb.o ABSOLUTE
    ../clib/microlib/stubs.s                 0x00000000   Number         0  iusefp.o ABSOLUTE
    ../fplib/microlib/fpadd.c                0x00000000   Number         0  dadd.o ABSOLUTE
    ../fplib/microlib/fpdiv.c                0x00000000   Number         0  ddiv.o ABSOLUTE
    ../fplib/microlib/fpepilogue.c           0x00000000   Number         0  depilogue.o ABSOLUTE
    ../fplib/microlib/fpfix.c                0x00000000   Number         0  dfixi.o ABSOLUTE
    ../fplib/microlib/fpflt.c                0x00000000   Number         0  dflti.o ABSOLUTE
    ../fplib/microlib/fpmul.c                0x00000000   Number         0  dmul.o ABSOLUTE
    ../fplib/microlib/fpneg.c                0x00000000   Number         0  dneg.o ABSOLUTE
    ../fplib/microlib/fpscalb.c              0x00000000   Number         0  dscalb.o ABSOLUTE
    ../fplib/microlib/fpsqrt.c               0x00000000   Number         0  dsqrt.o ABSOLUTE
    ../mathlib/dunder.c                      0x00000000   Number         0  dunder.o ABSOLUTE
    ../mathlib/fabs.c                        0x00000000   Number         0  fabs.o ABSOLUTE
    ../mathlib/fpclassify.c                  0x00000000   Number         0  fpclassify.o ABSOLUTE
    ../mathlib/poly.c                        0x00000000   Number         0  poly.o ABSOLUTE
    ../mathlib/pow.c                         0x00000000   Number         0  pow.o ABSOLUTE
    ../mathlib/pow.c                         0x00000000   Number         0  pow_x.o ABSOLUTE
    ../mathlib/qnan.c                        0x00000000   Number         0  qnan.o ABSOLUTE
    ../mathlib/sqrt.c                        0x00000000   Number         0  sqrt.o ABSOLUTE
    ../mathlib/sqrt.c                        0x00000000   Number         0  sqrt_x.o ABSOLUTE
    ..\..\Libraries\CMSIS\ST\STM32F4xx\Source\Templates\arm\startup_stm32f4xx.s 0x00000000   Number         0  startup_stm32f4xx.o ABSOLUTE
    ..\..\Libraries\STM32F4xx_StdPeriph_Driver\src\misc.c 0x00000000   Number         0  misc.o ABSOLUTE
    ..\..\Libraries\STM32F4xx_StdPeriph_Driver\src\stm32f4xx_dac.c 0x00000000   Number         0  stm32f4xx_dac.o ABSOLUTE
    ..\..\Libraries\STM32F4xx_StdPeriph_Driver\src\stm32f4xx_exti.c 0x00000000   Number         0  stm32f4xx_exti.o ABSOLUTE
    ..\..\Libraries\STM32F4xx_StdPeriph_Driver\src\stm32f4xx_gpio.c 0x00000000   Number         0  stm32f4xx_gpio.o ABSOLUTE
    ..\..\Libraries\STM32F4xx_StdPeriph_Driver\src\stm32f4xx_rcc.c 0x00000000   Number         0  stm32f4xx_rcc.o ABSOLUTE
    ..\..\Libraries\STM32F4xx_StdPeriph_Driver\src\stm32f4xx_rtc.c 0x00000000   Number         0  stm32f4xx_rtc.o ABSOLUTE
    ..\..\Libraries\STM32F4xx_StdPeriph_Driver\src\stm32f4xx_sdio.c 0x00000000   Number         0  stm32f4xx_sdio.o ABSOLUTE
    ..\..\Libraries\STM32F4xx_StdPeriph_Driver\src\stm32f4xx_syscfg.c 0x00000000   Number         0  stm32f4xx_syscfg.o ABSOLUTE
    ..\..\Libraries\STM32F4xx_StdPeriph_Driver\src\stm32f4xx_tim.c 0x00000000   Number         0  stm32f4xx_tim.o ABSOLUTE
    ..\..\Utilities\STM32F4-Discovery\stm32f4_discovery.c 0x00000000   Number         0  stm32f4_discovery.o ABSOLUTE
    ..\DAC.c                                 0x00000000   Number         0  dac.o ABSOLUTE
    ..\DDS.c                                 0x00000000   Number         0  dds.o ABSOLUTE
    ..\FreqMeter.c                           0x00000000   Number         0  freqmeter.o ABSOLUTE
    ..\LCD.c                                 0x00000000   Number         0  lcd.o ABSOLUTE
    ..\LED.c                                 0x00000000   Number         0  led.o ABSOLUTE
    ..\SWT.c                                 0x00000000   Number         0  swt.o ABSOLUTE
    ..\Sqaure.c                              0x00000000   Number         0  sqaure.o ABSOLUTE
    ..\\..\\Libraries\\STM32F4xx_StdPeriph_Driver\\src\\misc.c 0x00000000   Number         0  misc.o ABSOLUTE
    ..\\..\\Libraries\\STM32F4xx_StdPeriph_Driver\\src\\stm32f4xx_dac.c 0x00000000   Number         0  stm32f4xx_dac.o ABSOLUTE
    ..\\..\\Libraries\\STM32F4xx_StdPeriph_Driver\\src\\stm32f4xx_exti.c 0x00000000   Number         0  stm32f4xx_exti.o ABSOLUTE
    ..\\..\\Libraries\\STM32F4xx_StdPeriph_Driver\\src\\stm32f4xx_gpio.c 0x00000000   Number         0  stm32f4xx_gpio.o ABSOLUTE
    ..\\..\\Libraries\\STM32F4xx_StdPeriph_Driver\\src\\stm32f4xx_rcc.c 0x00000000   Number         0  stm32f4xx_rcc.o ABSOLUTE
    ..\\..\\Libraries\\STM32F4xx_StdPeriph_Driver\\src\\stm32f4xx_rtc.c 0x00000000   Number         0  stm32f4xx_rtc.o ABSOLUTE
    ..\\..\\Libraries\\STM32F4xx_StdPeriph_Driver\\src\\stm32f4xx_sdio.c 0x00000000   Number         0  stm32f4xx_sdio.o ABSOLUTE
    ..\\..\\Libraries\\STM32F4xx_StdPeriph_Driver\\src\\stm32f4xx_syscfg.c 0x00000000   Number         0  stm32f4xx_syscfg.o ABSOLUTE
    ..\\..\\Libraries\\STM32F4xx_StdPeriph_Driver\\src\\stm32f4xx_tim.c 0x00000000   Number         0  stm32f4xx_tim.o ABSOLUTE
    ..\\..\\Utilities\\STM32F4-Discovery\\stm32f4_discovery.c 0x00000000   Number         0  stm32f4_discovery.o ABSOLUTE
    ..\\DAC.c                                0x00000000   Number         0  dac.o ABSOLUTE
    ..\\DDS.c                                0x00000000   Number         0  dds.o ABSOLUTE
    ..\\FreqMeter.c                          0x00000000   Number         0  freqmeter.o ABSOLUTE
    ..\\LCD.c                                0x00000000   Number         0  lcd.o ABSOLUTE
    ..\\LED.c                                0x00000000   Number         0  led.o ABSOLUTE
    ..\\SWT.c                                0x00000000   Number         0  swt.o ABSOLUTE
    ..\\Sqaure.c                             0x00000000   Number         0  sqaure.o ABSOLUTE
    ..\\main_2.c                             0x00000000   Number         0  main_2.o ABSOLUTE
    ..\\stm32f4xx_it.c                       0x00000000   Number         0  stm32f4xx_it.o ABSOLUTE
    ..\\system_stm32f4xx.c                   0x00000000   Number         0  system_stm32f4xx.o ABSOLUTE
    ..\\timer.c                              0x00000000   Number         0  timer.o ABSOLUTE
    ..\main_2.c                              0x00000000   Number         0  main_2.o ABSOLUTE
    ..\stm32f4xx_it.c                        0x00000000   Number         0  stm32f4xx_it.o ABSOLUTE
    ..\system_stm32f4xx.c                    0x00000000   Number         0  system_stm32f4xx.o ABSOLUTE
    ..\timer.c                               0x00000000   Number         0  timer.o ABSOLUTE
    cdcmple.s                                0x00000000   Number         0  cdcmple.o ABSOLUTE
    cdrcmple.s                               0x00000000   Number         0  cdrcmple.o ABSOLUTE
    dc.s                                     0x00000000   Number         0  dc.o ABSOLUTE
    handlers.s                               0x00000000   Number         0  handlers.o ABSOLUTE
    init.s                                   0x00000000   Number         0  init.o ABSOLUTE
    RESET                                    0x08000000   Section      392  startup_stm32f4xx.o(RESET)
    .ARM.Collect$$$$00000000                 0x08000188   Section        0  entry.o(.ARM.Collect$$$$00000000)
    .ARM.Collect$$$$00000001                 0x08000188   Section        4  entry2.o(.ARM.Collect$$$$00000001)
    .ARM.Collect$$$$00000004                 0x0800018c   Section        4  entry5.o(.ARM.Collect$$$$00000004)
    .ARM.Collect$$$$00000008                 0x08000190   Section        0  entry7b.o(.ARM.Collect$$$$00000008)
    .ARM.Collect$$$$0000000A                 0x08000190   Section        0  entry8b.o(.ARM.Collect$$$$0000000A)
    .ARM.Collect$$$$0000000B                 0x08000190   Section        8  entry9a.o(.ARM.Collect$$$$0000000B)
    .ARM.Collect$$$$0000000D                 0x08000198   Section        0  entry10a.o(.ARM.Collect$$$$0000000D)
    .ARM.Collect$$$$0000000F                 0x08000198   Section        0  entry11a.o(.ARM.Collect$$$$0000000F)
    .ARM.Collect$$$$00002712                 0x08000198   Section        4  entry2.o(.ARM.Collect$$$$00002712)
    __lit__00000000                          0x08000198   Data           4  entry2.o(.ARM.Collect$$$$00002712)
    .text                                    0x0800019c   Section       36  startup_stm32f4xx.o(.text)
    $v0                                      0x0800019c   Number         0  startup_stm32f4xx.o(.text)
    .text                                    0x080001c0   Section        0  memcpya.o(.text)
    .text                                    0x080001e4   Section        0  dmul.o(.text)
    .text                                    0x080002c8   Section        0  ddiv.o(.text)
    .text                                    0x080003a6   Section        0  dfixi.o(.text)
    .text                                    0x080003e4   Section        0  llushr.o(.text)
    .text                                    0x08000404   Section        0  depilogue.o(.text)
    .text                                    0x08000404   Section        0  iusefp.o(.text)
    .text                                    0x080004c2   Section        0  dadd.o(.text)
    .text                                    0x08000610   Section        0  dscalb.o(.text)
    .text                                    0x0800063e   Section        0  dflti.o(.text)
    .text                                    0x08000660   Section       40  cdrcmple.o(.text)
    .text                                    0x08000688   Section       36  init.o(.text)
    .text                                    0x080006ac   Section        0  llshl.o(.text)
    .text                                    0x080006ca   Section        0  llsshr.o(.text)
    .text                                    0x080006ee   Section        0  dsqrt.o(.text)
    i.BTN_Init                               0x08000790   Section        0  swt.o(i.BTN_Init)
    i.BusFault_Handler                       0x080007d0   Section        0  stm32f4xx_it.o(i.BusFault_Handler)
    i.DAC_Ch1_NoiseConfig                    0x080007d4   Section        0  dac.o(i.DAC_Ch1_NoiseConfig)
    i.DAC_Ch2_TriangleConfig                 0x08000808   Section        0  dac.o(i.DAC_Ch2_TriangleConfig)
    i.DAC_Cmd                                0x0800083c   Section        0  stm32f4xx_dac.o(i.DAC_Cmd)
    i.DAC_DeInit                             0x08000864   Section        0  stm32f4xx_dac.o(i.DAC_DeInit)
    i.DAC_Init                               0x0800087c   Section        0  stm32f4xx_dac.o(i.DAC_Init)
    i.DAC_SetChannel1Data                    0x080008b0   Section        0  stm32f4xx_dac.o(i.DAC_SetChannel1Data)
    i.DAC_SetChannel2Data                    0x080008d0   Section        0  stm32f4xx_dac.o(i.DAC_SetChannel2Data)
    i.DACs_Init                              0x080008f0   Section        0  dac.o(i.DACs_Init)
    i.DDS_Default_Init                       0x0800092c   Section        0  dds.o(i.DDS_Default_Init)
    i.DDS_Init                               0x08000980   Section        0  dds.o(i.DDS_Init)
    i.DDS_Set                                0x080009e0   Section        0  dds.o(i.DDS_Set)
    i.DDS_Write_Data                         0x08000ac0   Section        0  dds.o(i.DDS_Write_Data)
    i.Data_Low                               0x08000ad4   Section        0  dds.o(i.Data_Low)
    i.DebugMon_Handler                       0x08000ae8   Section        0  stm32f4xx_it.o(i.DebugMon_Handler)
    i.Delay                                  0x08000aec   Section        0  main_2.o(i.Delay)
    i.EXTI0_IRQHandler                       0x08000b10   Section        0  main_2.o(i.EXTI0_IRQHandler)
    i.EXTI_ClearITPendingBit                 0x08000bb8   Section        0  stm32f4xx_exti.o(i.EXTI_ClearITPendingBit)
    i.EXTI_Init                              0x08000bc4   Section        0  stm32f4xx_exti.o(i.EXTI_Init)
    i.GPIO_Init                              0x08000c58   Section        0  stm32f4xx_gpio.o(i.GPIO_Init)
    i.HardFault_Handler                      0x08000ce8   Section        0  stm32f4xx_it.o(i.HardFault_Handler)
    i.LCD_Clear                              0x08000cec   Section        0  lcd.o(i.LCD_Clear)
    i.LCD_Clk                                0x08000d00   Section        0  lcd.o(i.LCD_Clk)
    i.LCD_DataClear                          0x08000d14   Section        0  lcd.o(i.LCD_DataClear)
    i.LCD_DataWrite                          0x08000d20   Section        0  lcd.o(i.LCD_DataWrite)
    i.LCD_DriverOn                           0x08000d2c   Section        0  lcd.o(i.LCD_DriverOn)
    i.LCD_Eoff                               0x08000d3c   Section        0  lcd.o(i.LCD_Eoff)
    i.LCD_Eon                                0x08000d48   Section        0  lcd.o(i.LCD_Eon)
    i.LCD_GotoXY                             0x08000d54   Section        0  lcd.o(i.LCD_GotoXY)
    i.LCD_Init                               0x08000d86   Section        0  lcd.o(i.LCD_Init)
    i.LCD_Initpins                           0x08000df0   Section        0  lcd.o(i.LCD_Initpins)
    i.LCD_On                                 0x08000f1c   Section        0  lcd.o(i.LCD_On)
    i.LCD_PutS                               0x08000f34   Section        0  lcd.o(i.LCD_PutS)
    i.LCD_RSoff                              0x08000f54   Section        0  lcd.o(i.LCD_RSoff)
    i.LCD_RSon                               0x08000f60   Section        0  lcd.o(i.LCD_RSon)
    i.LCD_RWoff                              0x08000f6c   Section        0  lcd.o(i.LCD_RWoff)
    i.LCD_Write                              0x08000f78   Section        0  lcd.o(i.LCD_Write)
    i.MemManage_Handler                      0x08000fac   Section        0  stm32f4xx_it.o(i.MemManage_Handler)
    i.NMI_Handler                            0x08000fb0   Section        0  stm32f4xx_it.o(i.NMI_Handler)
    i.NVIC_Init                              0x08000fb4   Section        0  misc.o(i.NVIC_Init)
    i.PendSV_Handler                         0x0800102c   Section        0  stm32f4xx_it.o(i.PendSV_Handler)
    i.Pulse_Clock                            0x08001030   Section        0  dds.o(i.Pulse_Clock)
    i.Pulse_Frequency                        0x08001058   Section        0  dds.o(i.Pulse_Frequency)
    i.RCC_AHB1PeriphClockCmd                 0x08001080   Section        0  stm32f4xx_rcc.o(i.RCC_AHB1PeriphClockCmd)
    i.RCC_APB1PeriphClockCmd                 0x080010a0   Section        0  stm32f4xx_rcc.o(i.RCC_APB1PeriphClockCmd)
    i.RCC_APB1PeriphResetCmd                 0x080010c0   Section        0  stm32f4xx_rcc.o(i.RCC_APB1PeriphResetCmd)
    i.RCC_APB2PeriphClockCmd                 0x080010e0   Section        0  stm32f4xx_rcc.o(i.RCC_APB2PeriphClockCmd)
    i.RCC_GetClocksFreq                      0x08001100   Section        0  stm32f4xx_rcc.o(i.RCC_GetClocksFreq)
    i.STM_EVAL_PBInit                        0x080011e8   Section        0  stm32f4_discovery.o(i.STM_EVAL_PBInit)
    i.SVC_Handler                            0x08001290   Section        0  stm32f4xx_it.o(i.SVC_Handler)
    i.SWTS_Init                              0x08001294   Section        0  swt.o(i.SWTS_Init)
    i.SYSCFG_EXTILineConfig                  0x080012d4   Section        0  stm32f4xx_syscfg.o(i.SYSCFG_EXTILineConfig)
    i.SetSysClock                            0x08001314   Section        0  system_stm32f4xx.o(i.SetSysClock)
    SetSysClock                              0x08001315   Thumb Code   218  system_stm32f4xx.o(i.SetSysClock)
    i.SysTick_Handler                        0x08001400   Section        0  main_2.o(i.SysTick_Handler)
    i.SystemCoreClockUpdate                  0x08001410   Section        0  system_stm32f4xx.o(i.SystemCoreClockUpdate)
    i.SystemInit                             0x080014d0   Section        0  system_stm32f4xx.o(i.SystemInit)
    i.TIM3_IRQHandler                        0x08001538   Section        0  timer.o(i.TIM3_IRQHandler)
    i.TIM4_IRQHandler                        0x0800156c   Section        0  freqmeter.o(i.TIM4_IRQHandler)
    i.TIM6_Config                            0x080015d0   Section        0  dac.o(i.TIM6_Config)
    i.TIM_ClearITPendingBit                  0x08001610   Section        0  stm32f4xx_tim.o(i.TIM_ClearITPendingBit)
    i.TIM_Cmd                                0x08001616   Section        0  stm32f4xx_tim.o(i.TIM_Cmd)
    i.TIM_GetCapture1                        0x0800162e   Section        0  stm32f4xx_tim.o(i.TIM_GetCapture1)
    i.TIM_GetCapture2                        0x08001634   Section        0  stm32f4xx_tim.o(i.TIM_GetCapture2)
    i.TIM_GetITStatus                        0x0800163a   Section        0  stm32f4xx_tim.o(i.TIM_GetITStatus)
    i.TIM_SelectOutputTrigger                0x0800165c   Section        0  stm32f4xx_tim.o(i.TIM_SelectOutputTrigger)
    i.TIM_TimeBaseInit                       0x08001670   Section        0  stm32f4xx_tim.o(i.TIM_TimeBaseInit)
    i.TIM_TimeBaseStructInit                 0x080016f4   Section        0  stm32f4xx_tim.o(i.TIM_TimeBaseStructInit)
    i.UsageFault_Handler                     0x08001706   Section        0  stm32f4xx_it.o(i.UsageFault_Handler)
    i.__ARM_fpclassify                       0x0800170a   Section        0  fpclassify.o(i.__ARM_fpclassify)
    i.__hardfp_pow                           0x08001740   Section        0  pow.o(i.__hardfp_pow)
    i.__kernel_poly                          0x080023d0   Section        0  poly.o(i.__kernel_poly)
    i.__mathlib_dbl_underflow                0x080024c8   Section        0  dunder.o(i.__mathlib_dbl_underflow)
    i.__scatterload_copy                     0x080024e8   Section       14  handlers.o(i.__scatterload_copy)
    i.__scatterload_null                     0x080024f6   Section        2  handlers.o(i.__scatterload_null)
    i.__scatterload_zeroinit                 0x080024f8   Section       14  handlers.o(i.__scatterload_zeroinit)
    i.__set_errno                            0x08002508   Section        0  errno.o(i.__set_errno)
    i.fabs                                   0x08002514   Section        0  fabs.o(i.fabs)
    i.main                                   0x08002534   Section        0  main_2.o(i.main)
    i.sqrt                                   0x08002700   Section        0  sqrt.o(i.sqrt)
    .constdata                               0x08002770   Section      160  dds.o(.constdata)
    .constdata                               0x08002810   Section       44  lcd.o(.constdata)
    .constdata                               0x0800283c   Section       37  stm32f4_discovery.o(.constdata)
    .constdata                               0x08002868   Section      136  pow.o(.constdata)
    bp                                       0x08002868   Data          16  pow.o(.constdata)
    dp_h                                     0x08002878   Data          16  pow.o(.constdata)
    dp_l                                     0x08002888   Data          16  pow.o(.constdata)
    L                                        0x08002898   Data          48  pow.o(.constdata)
    P                                        0x080028c8   Data          40  pow.o(.constdata)
    .constdata                               0x080028f0   Section        8  qnan.o(.constdata)
    .data                                    0x20000000   Section       20  system_stm32f4xx.o(.data)
    .data                                    0x20000014   Section        8  timer.o(.data)
    .data                                    0x20000020   Section       28  main_2.o(.data)
    .data                                    0x2000003c   Section        6  freqmeter.o(.data)
    .data                                    0x20000044   Section       24  stm32f4_discovery.o(.data)
    .data                                    0x2000005c   Section       16  stm32f4xx_rcc.o(.data)
    APBAHBPrescTable                         0x2000005c   Data          16  stm32f4xx_rcc.o(.data)
    .data                                    0x2000006c   Section        4  errno.o(.data)
    _errno                                   0x2000006c   Data           4  errno.o(.data)
    .bss                                     0x20000070   Section       16  dac.o(.bss)
    STACK                                    0x20000080   Section    16384  startup_stm32f4xx.o(STACK)

    Global Symbols

    Symbol Name                              Value     Ov Type        Size  Object(Section)

    BuildAttributes$$THM_ISAv4$E$P$D$K$B$S$7EM$VFPi3$EXTD16$VFPS$VFMA$PE$A:L22UL41UL21$X:L11$S22US41US21$IEEE1$IW$USESV6$~STKCKD$USESV7$~SHL$OTIME$ROPI$IEEEX$EBA8$MICROLIB$REQ8$PRES8$EABIv2 0x00000000   Number         0  anon$$obj.o ABSOLUTE
    __ARM_use_no_argv                        0x00000000   Number         0  main_2.o ABSOLUTE
    __cpp_initialize__aeabi_                  - Undefined Weak Reference
    __cxa_finalize                            - Undefined Weak Reference
    __decompress                              - Undefined Weak Reference
    _clock_init                               - Undefined Weak Reference
    _microlib_exit                            - Undefined Weak Reference
    __Vectors_Size                           0x00000188   Number         0  startup_stm32f4xx.o ABSOLUTE
    __Vectors                                0x08000000   Data           4  startup_stm32f4xx.o(RESET)
    __Vectors_End                            0x08000188   Data           0  startup_stm32f4xx.o(RESET)
    __main                                   0x08000189   Thumb Code     0  entry.o(.ARM.Collect$$$$00000000)
    _main_stk                                0x08000189   Thumb Code     0  entry2.o(.ARM.Collect$$$$00000001)
    _main_scatterload                        0x0800018d   Thumb Code     0  entry5.o(.ARM.Collect$$$$00000004)
    __main_after_scatterload                 0x08000191   Thumb Code     0  entry5.o(.ARM.Collect$$$$00000004)
    _main_clock                              0x08000191   Thumb Code     0  entry7b.o(.ARM.Collect$$$$00000008)
    _main_cpp_init                           0x08000191   Thumb Code     0  entry8b.o(.ARM.Collect$$$$0000000A)
    _main_init                               0x08000191   Thumb Code     0  entry9a.o(.ARM.Collect$$$$0000000B)
    __rt_final_cpp                           0x08000199   Thumb Code     0  entry10a.o(.ARM.Collect$$$$0000000D)
    __rt_final_exit                          0x08000199   Thumb Code     0  entry11a.o(.ARM.Collect$$$$0000000F)
    Reset_Handler                            0x0800019d   Thumb Code     8  startup_stm32f4xx.o(.text)
    ADC_IRQHandler                           0x080001b7   Thumb Code     0  startup_stm32f4xx.o(.text)
    CAN1_RX0_IRQHandler                      0x080001b7   Thumb Code     0  startup_stm32f4xx.o(.text)
    CAN1_RX1_IRQHandler                      0x080001b7   Thumb Code     0  startup_stm32f4xx.o(.text)
    CAN1_SCE_IRQHandler                      0x080001b7   Thumb Code     0  startup_stm32f4xx.o(.text)
    CAN1_TX_IRQHandler                       0x080001b7   Thumb Code     0  startup_stm32f4xx.o(.text)
    CAN2_RX0_IRQHandler                      0x080001b7   Thumb Code     0  startup_stm32f4xx.o(.text)
    CAN2_RX1_IRQHandler                      0x080001b7   Thumb Code     0  startup_stm32f4xx.o(.text)
    CAN2_SCE_IRQHandler                      0x080001b7   Thumb Code     0  startup_stm32f4xx.o(.text)
    CAN2_TX_IRQHandler                       0x080001b7   Thumb Code     0  startup_stm32f4xx.o(.text)
    CRYP_IRQHandler                          0x080001b7   Thumb Code     0  startup_stm32f4xx.o(.text)
    DCMI_IRQHandler                          0x080001b7   Thumb Code     0  startup_stm32f4xx.o(.text)
    DMA1_Stream0_IRQHandler                  0x080001b7   Thumb Code     0  startup_stm32f4xx.o(.text)
    DMA1_Stream1_IRQHandler                  0x080001b7   Thumb Code     0  startup_stm32f4xx.o(.text)
    DMA1_Stream2_IRQHandler                  0x080001b7   Thumb Code     0  startup_stm32f4xx.o(.text)
    DMA1_Stream3_IRQHandler                  0x080001b7   Thumb Code     0  startup_stm32f4xx.o(.text)
    DMA1_Stream4_IRQHandler                  0x080001b7   Thumb Code     0  startup_stm32f4xx.o(.text)
    DMA1_Stream5_IRQHandler                  0x080001b7   Thumb Code     0  startup_stm32f4xx.o(.text)
    DMA1_Stream6_IRQHandler                  0x080001b7   Thumb Code     0  startup_stm32f4xx.o(.text)
    DMA1_Stream7_IRQHandler                  0x080001b7   Thumb Code     0  startup_stm32f4xx.o(.text)
    DMA2_Stream0_IRQHandler                  0x080001b7   Thumb Code     0  startup_stm32f4xx.o(.text)
    DMA2_Stream1_IRQHandler                  0x080001b7   Thumb Code     0  startup_stm32f4xx.o(.text)
    DMA2_Stream2_IRQHandler                  0x080001b7   Thumb Code     0  startup_stm32f4xx.o(.text)
    DMA2_Stream3_IRQHandler                  0x080001b7   Thumb Code     0  startup_stm32f4xx.o(.text)
    DMA2_Stream4_IRQHandler                  0x080001b7   Thumb Code     0  startup_stm32f4xx.o(.text)
    DMA2_Stream5_IRQHandler                  0x080001b7   Thumb Code     0  startup_stm32f4xx.o(.text)
    DMA2_Stream6_IRQHandler                  0x080001b7   Thumb Code     0  startup_stm32f4xx.o(.text)
    DMA2_Stream7_IRQHandler                  0x080001b7   Thumb Code     0  startup_stm32f4xx.o(.text)
    ETH_IRQHandler                           0x080001b7   Thumb Code     0  startup_stm32f4xx.o(.text)
    ETH_WKUP_IRQHandler                      0x080001b7   Thumb Code     0  startup_stm32f4xx.o(.text)
    EXTI15_10_IRQHandler                     0x080001b7   Thumb Code     0  startup_stm32f4xx.o(.text)
    EXTI1_IRQHandler                         0x080001b7   Thumb Code     0  startup_stm32f4xx.o(.text)
    EXTI2_IRQHandler                         0x080001b7   Thumb Code     0  startup_stm32f4xx.o(.text)
    EXTI3_IRQHandler                         0x080001b7   Thumb Code     0  startup_stm32f4xx.o(.text)
    EXTI4_IRQHandler                         0x080001b7   Thumb Code     0  startup_stm32f4xx.o(.text)
    EXTI9_5_IRQHandler                       0x080001b7   Thumb Code     0  startup_stm32f4xx.o(.text)
    FLASH_IRQHandler                         0x080001b7   Thumb Code     0  startup_stm32f4xx.o(.text)
    FPU_IRQHandler                           0x080001b7   Thumb Code     0  startup_stm32f4xx.o(.text)
    FSMC_IRQHandler                          0x080001b7   Thumb Code     0  startup_stm32f4xx.o(.text)
    HASH_RNG_IRQHandler                      0x080001b7   Thumb Code     0  startup_stm32f4xx.o(.text)
    I2C1_ER_IRQHandler                       0x080001b7   Thumb Code     0  startup_stm32f4xx.o(.text)
    I2C1_EV_IRQHandler                       0x080001b7   Thumb Code     0  startup_stm32f4xx.o(.text)
    I2C2_ER_IRQHandler                       0x080001b7   Thumb Code     0  startup_stm32f4xx.o(.text)
    I2C2_EV_IRQHandler                       0x080001b7   Thumb Code     0  startup_stm32f4xx.o(.text)
    I2C3_ER_IRQHandler                       0x080001b7   Thumb Code     0  startup_stm32f4xx.o(.text)
    I2C3_EV_IRQHandler                       0x080001b7   Thumb Code     0  startup_stm32f4xx.o(.text)
    OTG_FS_IRQHandler                        0x080001b7   Thumb Code     0  startup_stm32f4xx.o(.text)
    OTG_FS_WKUP_IRQHandler                   0x080001b7   Thumb Code     0  startup_stm32f4xx.o(.text)
    OTG_HS_EP1_IN_IRQHandler                 0x080001b7   Thumb Code     0  startup_stm32f4xx.o(.text)
    OTG_HS_EP1_OUT_IRQHandler                0x080001b7   Thumb Code     0  startup_stm32f4xx.o(.text)
    OTG_HS_IRQHandler                        0x080001b7   Thumb Code     0  startup_stm32f4xx.o(.text)
    OTG_HS_WKUP_IRQHandler                   0x080001b7   Thumb Code     0  startup_stm32f4xx.o(.text)
    PVD_IRQHandler                           0x080001b7   Thumb Code     0  startup_stm32f4xx.o(.text)
    RCC_IRQHandler                           0x080001b7   Thumb Code     0  startup_stm32f4xx.o(.text)
    RTC_Alarm_IRQHandler                     0x080001b7   Thumb Code     0  startup_stm32f4xx.o(.text)
    RTC_WKUP_IRQHandler                      0x080001b7   Thumb Code     0  startup_stm32f4xx.o(.text)
    SDIO_IRQHandler                          0x080001b7   Thumb Code     0  startup_stm32f4xx.o(.text)
    SPI1_IRQHandler                          0x080001b7   Thumb Code     0  startup_stm32f4xx.o(.text)
    SPI2_IRQHandler                          0x080001b7   Thumb Code     0  startup_stm32f4xx.o(.text)
    SPI3_IRQHandler                          0x080001b7   Thumb Code     0  startup_stm32f4xx.o(.text)
    TAMP_STAMP_IRQHandler                    0x080001b7   Thumb Code     0  startup_stm32f4xx.o(.text)
    TIM1_BRK_TIM9_IRQHandler                 0x080001b7   Thumb Code     0  startup_stm32f4xx.o(.text)
    TIM1_CC_IRQHandler                       0x080001b7   Thumb Code     0  startup_stm32f4xx.o(.text)
    TIM1_TRG_COM_TIM11_IRQHandler            0x080001b7   Thumb Code     0  startup_stm32f4xx.o(.text)
    TIM1_UP_TIM10_IRQHandler                 0x080001b7   Thumb Code     0  startup_stm32f4xx.o(.text)
    TIM2_IRQHandler                          0x080001b7   Thumb Code     0  startup_stm32f4xx.o(.text)
    TIM5_IRQHandler                          0x080001b7   Thumb Code     0  startup_stm32f4xx.o(.text)
    TIM6_DAC_IRQHandler                      0x080001b7   Thumb Code     0  startup_stm32f4xx.o(.text)
    TIM7_IRQHandler                          0x080001b7   Thumb Code     0  startup_stm32f4xx.o(.text)
    TIM8_BRK_TIM12_IRQHandler                0x080001b7   Thumb Code     0  startup_stm32f4xx.o(.text)
    TIM8_CC_IRQHandler                       0x080001b7   Thumb Code     0  startup_stm32f4xx.o(.text)
    TIM8_TRG_COM_TIM14_IRQHandler            0x080001b7   Thumb Code     0  startup_stm32f4xx.o(.text)
    TIM8_UP_TIM13_IRQHandler                 0x080001b7   Thumb Code     0  startup_stm32f4xx.o(.text)
    UART4_IRQHandler                         0x080001b7   Thumb Code     0  startup_stm32f4xx.o(.text)
    UART5_IRQHandler                         0x080001b7   Thumb Code     0  startup_stm32f4xx.o(.text)
    USART1_IRQHandler                        0x080001b7   Thumb Code     0  startup_stm32f4xx.o(.text)
    USART2_IRQHandler                        0x080001b7   Thumb Code     0  startup_stm32f4xx.o(.text)
    USART3_IRQHandler                        0x080001b7   Thumb Code     0  startup_stm32f4xx.o(.text)
    USART6_IRQHandler                        0x080001b7   Thumb Code     0  startup_stm32f4xx.o(.text)
    WWDG_IRQHandler                          0x080001b7   Thumb Code     0  startup_stm32f4xx.o(.text)
    __aeabi_memcpy                           0x080001c1   Thumb Code    36  memcpya.o(.text)
    __aeabi_memcpy4                          0x080001c1   Thumb Code     0  memcpya.o(.text)
    __aeabi_memcpy8                          0x080001c1   Thumb Code     0  memcpya.o(.text)
    __aeabi_dmul                             0x080001e5   Thumb Code   228  dmul.o(.text)
    __aeabi_ddiv                             0x080002c9   Thumb Code   222  ddiv.o(.text)
    __aeabi_d2iz                             0x080003a7   Thumb Code    62  dfixi.o(.text)
    __aeabi_llsr                             0x080003e5   Thumb Code    32  llushr.o(.text)
    _ll_ushift_r                             0x080003e5   Thumb Code     0  llushr.o(.text)
    __I$use$fp                               0x08000405   Thumb Code     0  iusefp.o(.text)
    _double_round                            0x08000405   Thumb Code    26  depilogue.o(.text)
    _double_epilogue                         0x0800041f   Thumb Code   164  depilogue.o(.text)
    __aeabi_dadd                             0x080004c3   Thumb Code   322  dadd.o(.text)
    __aeabi_dsub                             0x08000605   Thumb Code     6  dadd.o(.text)
    __aeabi_drsub                            0x0800060b   Thumb Code     6  dadd.o(.text)
    __ARM_scalbn                             0x08000611   Thumb Code    46  dscalb.o(.text)
    scalbn                                   0x08000611   Thumb Code     0  dscalb.o(.text)
    __aeabi_i2d                              0x0800063f   Thumb Code    34  dflti.o(.text)
    __aeabi_cdrcmple                         0x08000661   Thumb Code    38  cdrcmple.o(.text)
    __scatterload                            0x08000689   Thumb Code    28  init.o(.text)
    __scatterload_rt2                        0x08000689   Thumb Code     0  init.o(.text)
    __aeabi_llsl                             0x080006ad   Thumb Code    30  llshl.o(.text)
    _ll_shift_l                              0x080006ad   Thumb Code     0  llshl.o(.text)
    __aeabi_lasr                             0x080006cb   Thumb Code    36  llsshr.o(.text)
    _ll_sshift_r                             0x080006cb   Thumb Code     0  llsshr.o(.text)
    _dsqrt                                   0x080006ef   Thumb Code   162  dsqrt.o(.text)
    BTN_Init                                 0x08000791   Thumb Code    56  swt.o(i.BTN_Init)
    BusFault_Handler                         0x080007d1   Thumb Code     4  stm32f4xx_it.o(i.BusFault_Handler)
    DAC_Ch1_NoiseConfig                      0x080007d5   Thumb Code    46  dac.o(i.DAC_Ch1_NoiseConfig)
    DAC_Ch2_TriangleConfig                   0x08000809   Thumb Code    48  dac.o(i.DAC_Ch2_TriangleConfig)
    DAC_Cmd                                  0x0800083d   Thumb Code    34  stm32f4xx_dac.o(i.DAC_Cmd)
    DAC_DeInit                               0x08000865   Thumb Code    22  stm32f4xx_dac.o(i.DAC_DeInit)
    DAC_Init                                 0x0800087d   Thumb Code    46  stm32f4xx_dac.o(i.DAC_Init)
    DAC_SetChannel1Data                      0x080008b1   Thumb Code    26  stm32f4xx_dac.o(i.DAC_SetChannel1Data)
    DAC_SetChannel2Data                      0x080008d1   Thumb Code    26  stm32f4xx_dac.o(i.DAC_SetChannel2Data)
    DACs_Init                                0x080008f1   Thumb Code    52  dac.o(i.DACs_Init)
    DDS_Default_Init                         0x0800092d   Thumb Code    80  dds.o(i.DDS_Default_Init)
    DDS_Init                                 0x08000981   Thumb Code    86  dds.o(i.DDS_Init)
    DDS_Set                                  0x080009e1   Thumb Code   200  dds.o(i.DDS_Set)
    DDS_Write_Data                           0x08000ac1   Thumb Code    14  dds.o(i.DDS_Write_Data)
    Data_Low                                 0x08000ad5   Thumb Code    14  dds.o(i.Data_Low)
    DebugMon_Handler                         0x08000ae9   Thumb Code     2  stm32f4xx_it.o(i.DebugMon_Handler)
    Delay                                    0x08000aed   Thumb Code    30  main_2.o(i.Delay)
    EXTI0_IRQHandler                         0x08000b11   Thumb Code   138  main_2.o(i.EXTI0_IRQHandler)
    EXTI_ClearITPendingBit                   0x08000bb9   Thumb Code     6  stm32f4xx_exti.o(i.EXTI_ClearITPendingBit)
    EXTI_Init                                0x08000bc5   Thumb Code   142  stm32f4xx_exti.o(i.EXTI_Init)
    GPIO_Init                                0x08000c59   Thumb Code   144  stm32f4xx_gpio.o(i.GPIO_Init)
    HardFault_Handler                        0x08000ce9   Thumb Code     4  stm32f4xx_it.o(i.HardFault_Handler)
    LCD_Clear                                0x08000ced   Thumb Code    20  lcd.o(i.LCD_Clear)
    LCD_Clk                                  0x08000d01   Thumb Code    18  lcd.o(i.LCD_Clk)
    LCD_DataClear                            0x08000d15   Thumb Code     8  lcd.o(i.LCD_DataClear)
    LCD_DataWrite                            0x08000d21   Thumb Code     6  lcd.o(i.LCD_DataWrite)
    LCD_DriverOn                             0x08000d2d   Thumb Code    10  lcd.o(i.LCD_DriverOn)
    LCD_Eoff                                 0x08000d3d   Thumb Code     8  lcd.o(i.LCD_Eoff)
    LCD_Eon                                  0x08000d49   Thumb Code     8  lcd.o(i.LCD_Eon)
    LCD_GotoXY                               0x08000d55   Thumb Code    50  lcd.o(i.LCD_GotoXY)
    LCD_Init                                 0x08000d87   Thumb Code   106  lcd.o(i.LCD_Init)
    LCD_Initpins                             0x08000df1   Thumb Code   282  lcd.o(i.LCD_Initpins)
    LCD_On                                   0x08000f1d   Thumb Code    16  lcd.o(i.LCD_On)
    LCD_PutS                                 0x08000f35   Thumb Code    32  lcd.o(i.LCD_PutS)
    LCD_RSoff                                0x08000f55   Thumb Code     8  lcd.o(i.LCD_RSoff)
    LCD_RSon                                 0x08000f61   Thumb Code     8  lcd.o(i.LCD_RSon)
    LCD_RWoff                                0x08000f6d   Thumb Code     8  lcd.o(i.LCD_RWoff)
    LCD_Write                                0x08000f79   Thumb Code    52  lcd.o(i.LCD_Write)
    MemManage_Handler                        0x08000fad   Thumb Code     4  stm32f4xx_it.o(i.MemManage_Handler)
    NMI_Handler                              0x08000fb1   Thumb Code     2  stm32f4xx_it.o(i.NMI_Handler)
    NVIC_Init                                0x08000fb5   Thumb Code   108  misc.o(i.NVIC_Init)
    PendSV_Handler                           0x0800102d   Thumb Code     2  stm32f4xx_it.o(i.PendSV_Handler)
    Pulse_Clock                              0x08001031   Thumb Code    34  dds.o(i.Pulse_Clock)
    Pulse_Frequency                          0x08001059   Thumb Code    34  dds.o(i.Pulse_Frequency)
    RCC_AHB1PeriphClockCmd                   0x08001081   Thumb Code    26  stm32f4xx_rcc.o(i.RCC_AHB1PeriphClockCmd)
    RCC_APB1PeriphClockCmd                   0x080010a1   Thumb Code    26  stm32f4xx_rcc.o(i.RCC_APB1PeriphClockCmd)
    RCC_APB1PeriphResetCmd                   0x080010c1   Thumb Code    26  stm32f4xx_rcc.o(i.RCC_APB1PeriphResetCmd)
    RCC_APB2PeriphClockCmd                   0x080010e1   Thumb Code    26  stm32f4xx_rcc.o(i.RCC_APB2PeriphClockCmd)
    RCC_GetClocksFreq                        0x08001101   Thumb Code   214  stm32f4xx_rcc.o(i.RCC_GetClocksFreq)
    STM_EVAL_PBInit                          0x080011e9   Thumb Code   140  stm32f4_discovery.o(i.STM_EVAL_PBInit)
    SVC_Handler                              0x08001291   Thumb Code     2  stm32f4xx_it.o(i.SVC_Handler)
    SWTS_Init                                0x08001295   Thumb Code    52  swt.o(i.SWTS_Init)
    SYSCFG_EXTILineConfig                    0x080012d5   Thumb Code    60  stm32f4xx_syscfg.o(i.SYSCFG_EXTILineConfig)
    SysTick_Handler                          0x08001401   Thumb Code    12  main_2.o(i.SysTick_Handler)
    SystemCoreClockUpdate                    0x08001411   Thumb Code   170  system_stm32f4xx.o(i.SystemCoreClockUpdate)
    SystemInit                               0x080014d1   Thumb Code    88  system_stm32f4xx.o(i.SystemInit)
    TIM3_IRQHandler                          0x08001539   Thumb Code    42  timer.o(i.TIM3_IRQHandler)
    TIM4_IRQHandler                          0x0800156d   Thumb Code    84  freqmeter.o(i.TIM4_IRQHandler)
    TIM6_Config                              0x080015d1   Thumb Code    60  dac.o(i.TIM6_Config)
    TIM_ClearITPendingBit                    0x08001611   Thumb Code     6  stm32f4xx_tim.o(i.TIM_ClearITPendingBit)
    TIM_Cmd                                  0x08001617   Thumb Code    24  stm32f4xx_tim.o(i.TIM_Cmd)
    TIM_GetCapture1                          0x0800162f   Thumb Code     6  stm32f4xx_tim.o(i.TIM_GetCapture1)
    TIM_GetCapture2                          0x08001635   Thumb Code     6  stm32f4xx_tim.o(i.TIM_GetCapture2)
    TIM_GetITStatus                          0x0800163b   Thumb Code    34  stm32f4xx_tim.o(i.TIM_GetITStatus)
    TIM_SelectOutputTrigger                  0x0800165d   Thumb Code    18  stm32f4xx_tim.o(i.TIM_SelectOutputTrigger)
    TIM_TimeBaseInit                         0x08001671   Thumb Code   104  stm32f4xx_tim.o(i.TIM_TimeBaseInit)
    TIM_TimeBaseStructInit                   0x080016f5   Thumb Code    18  stm32f4xx_tim.o(i.TIM_TimeBaseStructInit)
    UsageFault_Handler                       0x08001707   Thumb Code     4  stm32f4xx_it.o(i.UsageFault_Handler)
    __ARM_fpclassify                         0x0800170b   Thumb Code    48  fpclassify.o(i.__ARM_fpclassify)
    __hardfp_pow                             0x08001741   Thumb Code  3132  pow.o(i.__hardfp_pow)
    __kernel_poly                            0x080023d1   Thumb Code   248  poly.o(i.__kernel_poly)
    __mathlib_dbl_underflow                  0x080024c9   Thumb Code    24  dunder.o(i.__mathlib_dbl_underflow)
    __scatterload_copy                       0x080024e9   Thumb Code    14  handlers.o(i.__scatterload_copy)
    __scatterload_null                       0x080024f7   Thumb Code     2  handlers.o(i.__scatterload_null)
    __scatterload_zeroinit                   0x080024f9   Thumb Code    14  handlers.o(i.__scatterload_zeroinit)
    __set_errno                              0x08002509   Thumb Code     6  errno.o(i.__set_errno)
    fabs                                     0x08002515   Thumb Code    32  fabs.o(i.fabs)
    main                                     0x08002535   Thumb Code   346  main_2.o(i.main)
    sqrt                                     0x08002701   Thumb Code   110  sqrt.o(i.sqrt)
    lcd_mask                                 0x08002810   Data          32  lcd.o(.constdata)
    lcd_RS                                   0x08002830   Data           4  lcd.o(.constdata)
    lcd_RdnWr                                0x08002834   Data           4  lcd.o(.constdata)
    lcd_E                                    0x08002838   Data           4  lcd.o(.constdata)
    GPIO_PIN                                 0x0800283c   Data           8  stm32f4_discovery.o(.constdata)
    GPIO_CLK                                 0x08002844   Data          16  stm32f4_discovery.o(.constdata)
    BUTTON_PIN                               0x08002854   Data           2  stm32f4_discovery.o(.constdata)
    BUTTON_CLK                               0x08002858   Data           4  stm32f4_discovery.o(.constdata)
    BUTTON_EXTI_LINE                         0x0800285c   Data           2  stm32f4_discovery.o(.constdata)
    BUTTON_PORT_SOURCE                       0x0800285e   Data           1  stm32f4_discovery.o(.constdata)
    BUTTON_PIN_SOURCE                        0x0800285f   Data           1  stm32f4_discovery.o(.constdata)
    BUTTON_IRQn                              0x08002860   Data           1  stm32f4_discovery.o(.constdata)
    __mathlib_zero                           0x080028f0   Data           8  qnan.o(.constdata)
    Region$$Table$$Base                      0x080028f8   Number         0  anon$$obj.o(Region$$Table)
    Region$$Table$$Limit                     0x08002918   Number         0  anon$$obj.o(Region$$Table)
    SystemCoreClock                          0x20000000   Data           4  system_stm32f4xx.o(.data)
    AHBPrescTable                            0x20000004   Data          16  system_stm32f4xx.o(.data)
    CCR1_Val                                 0x20000014   Data           2  timer.o(.data)
    counter                                  0x20000018   Data           4  timer.o(.data)
    currentFrequency                         0x20000020   Data           8  main_2.o(.data)
    increment                                0x20000028   Data           8  main_2.o(.data)
    function                                 0x20000030   Data           4  main_2.o(.data)
    updateFlag                               0x20000034   Data           1  main_2.o(.data)
    msTicks                                  0x20000038   Data           4  main_2.o(.data)
    DutyCycle                                0x2000003c   Data           2  freqmeter.o(.data)
    Frequency                                0x2000003e   Data           2  freqmeter.o(.data)
    IC2Value                                 0x20000040   Data           2  freqmeter.o(.data)
    GPIO_PORT                                0x20000044   Data          16  stm32f4_discovery.o(.data)
    BUTTON_PORT                              0x20000054   Data           4  stm32f4_discovery.o(.data)
    NVIC_InitStructure                       0x20000058   Data           4  stm32f4_discovery.o(.data)
    DAC_InitStructure                        0x20000070   Data          16  dac.o(.bss)
    __initial_sp                             0x20004080   Data           0  startup_stm32f4xx.o(STACK)



==============================================================================

Memory Map of the image

  Image Entry point : 0x08000189

  Load Region LR_IROM1 (Base: 0x08000000, Size: 0x00002988, Max: 0x00100000, ABSOLUTE)

    Execution Region ER_IROM1 (Base: 0x08000000, Size: 0x00002918, Max: 0x00100000, ABSOLUTE)

    Base Addr    Size         Type   Attr      Idx    E Section Name        Object

    0x08000000   0x00000188   Data   RO         2620    RESET               startup_stm32f4xx.o
    0x08000188   0x00000000   Code   RO         2639  * .ARM.Collect$$$$00000000  mc_w.l(entry.o)
    0x08000188   0x00000004   Code   RO         2677    .ARM.Collect$$$$00000001  mc_w.l(entry2.o)
    0x0800018c   0x00000004   Code   RO         2680    .ARM.Collect$$$$00000004  mc_w.l(entry5.o)
    0x08000190   0x00000000   Code   RO         2682    .ARM.Collect$$$$00000008  mc_w.l(entry7b.o)
    0x08000190   0x00000000   Code   RO         2684    .ARM.Collect$$$$0000000A  mc_w.l(entry8b.o)
    0x08000190   0x00000008   Code   RO         2685    .ARM.Collect$$$$0000000B  mc_w.l(entry9a.o)
    0x08000198   0x00000000   Code   RO         2687    .ARM.Collect$$$$0000000D  mc_w.l(entry10a.o)
    0x08000198   0x00000000   Code   RO         2689    .ARM.Collect$$$$0000000F  mc_w.l(entry11a.o)
    0x08000198   0x00000004   Code   RO         2678    .ARM.Collect$$$$00002712  mc_w.l(entry2.o)
    0x0800019c   0x00000024   Code   RO         2621    .text               startup_stm32f4xx.o
    0x080001c0   0x00000024   Code   RO         2642    .text               mc_w.l(memcpya.o)
    0x080001e4   0x000000e4   Code   RO         2646    .text               mf_w.l(dmul.o)
    0x080002c8   0x000000de   Code   RO         2648    .text               mf_w.l(ddiv.o)
    0x080003a6   0x0000003e   Code   RO         2650    .text               mf_w.l(dfixi.o)
    0x080003e4   0x00000020   Code   RO         2691    .text               mc_w.l(llushr.o)
    0x08000404   0x00000000   Code   RO         2700    .text               mc_w.l(iusefp.o)
    0x08000404   0x000000be   Code   RO         2701    .text               mf_w.l(depilogue.o)
    0x080004c2   0x0000014e   Code   RO         2703    .text               mf_w.l(dadd.o)
    0x08000610   0x0000002e   Code   RO         2707    .text               mf_w.l(dscalb.o)
    0x0800063e   0x00000022   Code   RO         2709    .text               mf_w.l(dflti.o)
    0x08000660   0x00000028   Code   RO         2711    .text               mf_w.l(cdrcmple.o)
    0x08000688   0x00000024   Code   RO         2713    .text               mc_w.l(init.o)
    0x080006ac   0x0000001e   Code   RO         2715    .text               mc_w.l(llshl.o)
    0x080006ca   0x00000024   Code   RO         2717    .text               mc_w.l(llsshr.o)
    0x080006ee   0x000000a2   Code   RO         2719    .text               mf_w.l(dsqrt.o)
    0x08000790   0x00000040   Code   RO          626    i.BTN_Init          swt.o
    0x080007d0   0x00000004   Code   RO          138    i.BusFault_Handler  stm32f4xx_it.o
    0x080007d4   0x00000034   Code   RO          668    i.DAC_Ch1_NoiseConfig  dac.o
    0x08000808   0x00000034   Code   RO          669    i.DAC_Ch2_TriangleConfig  dac.o
    0x0800083c   0x00000028   Code   RO         2506    i.DAC_Cmd           stm32f4xx_dac.o
    0x08000864   0x00000016   Code   RO         2508    i.DAC_DeInit        stm32f4xx_dac.o
    0x0800087a   0x00000002   PAD
    0x0800087c   0x00000034   Code   RO         2514    i.DAC_Init          stm32f4xx_dac.o
    0x080008b0   0x00000020   Code   RO         2515    i.DAC_SetChannel1Data  stm32f4xx_dac.o
    0x080008d0   0x00000020   Code   RO         2516    i.DAC_SetChannel2Data  stm32f4xx_dac.o
    0x080008f0   0x0000003c   Code   RO          670    i.DACs_Init         dac.o
    0x0800092c   0x00000054   Code   RO          269    i.DDS_Default_Init  dds.o
    0x08000980   0x00000060   Code   RO          270    i.DDS_Init          dds.o
    0x080009e0   0x000000e0   Code   RO          271    i.DDS_Set           dds.o
    0x08000ac0   0x00000014   Code   RO          272    i.DDS_Write_Data    dds.o
    0x08000ad4   0x00000014   Code   RO          273    i.Data_Low          dds.o
    0x08000ae8   0x00000002   Code   RO          139    i.DebugMon_Handler  stm32f4xx_it.o
    0x08000aea   0x00000002   PAD
    0x08000aec   0x00000024   Code   RO          534    i.Delay             main_2.o
    0x08000b10   0x000000a8   Code   RO          535    i.EXTI0_IRQHandler  main_2.o
    0x08000bb8   0x0000000c   Code   RO         2444    i.EXTI_ClearITPendingBit  stm32f4xx_exti.o
    0x08000bc4   0x00000094   Code   RO         2449    i.EXTI_Init         stm32f4xx_exti.o
    0x08000c58   0x00000090   Code   RO          912    i.GPIO_Init         stm32f4xx_gpio.o
    0x08000ce8   0x00000004   Code   RO          140    i.HardFault_Handler  stm32f4xx_it.o
    0x08000cec   0x00000014   Code   RO          351    i.LCD_Clear         lcd.o
    0x08000d00   0x00000012   Code   RO          352    i.LCD_Clk           lcd.o
    0x08000d12   0x00000002   PAD
    0x08000d14   0x0000000c   Code   RO          353    i.LCD_DataClear     lcd.o
    0x08000d20   0x0000000c   Code   RO          354    i.LCD_DataWrite     lcd.o
    0x08000d2c   0x00000010   Code   RO          356    i.LCD_DriverOn      lcd.o
    0x08000d3c   0x0000000c   Code   RO          357    i.LCD_Eoff          lcd.o
    0x08000d48   0x0000000c   Code   RO          358    i.LCD_Eon           lcd.o
    0x08000d54   0x00000032   Code   RO          359    i.LCD_GotoXY        lcd.o
    0x08000d86   0x0000006a   Code   RO          360    i.LCD_Init          lcd.o
    0x08000df0   0x0000012c   Code   RO          361    i.LCD_Initpins      lcd.o
    0x08000f1c   0x00000018   Code   RO          363    i.LCD_On            lcd.o
    0x08000f34   0x00000020   Code   RO          365    i.LCD_PutS          lcd.o
    0x08000f54   0x0000000c   Code   RO          366    i.LCD_RSoff         lcd.o
    0x08000f60   0x0000000c   Code   RO          367    i.LCD_RSon          lcd.o
    0x08000f6c   0x0000000c   Code   RO          368    i.LCD_RWoff         lcd.o
    0x08000f78   0x00000034   Code   RO          370    i.LCD_Write         lcd.o
    0x08000fac   0x00000004   Code   RO          141    i.MemManage_Handler  stm32f4xx_it.o
    0x08000fb0   0x00000002   Code   RO          142    i.NMI_Handler       stm32f4xx_it.o
    0x08000fb2   0x00000002   PAD
    0x08000fb4   0x00000078   Code   RO          793    i.NVIC_Init         misc.o
    0x0800102c   0x00000002   Code   RO          143    i.PendSV_Handler    stm32f4xx_it.o
    0x0800102e   0x00000002   PAD
    0x08001030   0x00000028   Code   RO          274    i.Pulse_Clock       dds.o
    0x08001058   0x00000028   Code   RO          275    i.Pulse_Frequency   dds.o
    0x08001080   0x00000020   Code   RO         1011    i.RCC_AHB1PeriphClockCmd  stm32f4xx_rcc.o
    0x080010a0   0x00000020   Code   RO         1020    i.RCC_APB1PeriphClockCmd  stm32f4xx_rcc.o
    0x080010c0   0x00000020   Code   RO         1022    i.RCC_APB1PeriphResetCmd  stm32f4xx_rcc.o
    0x080010e0   0x00000020   Code   RO         1023    i.RCC_APB2PeriphClockCmd  stm32f4xx_rcc.o
    0x08001100   0x000000e8   Code   RO         1032    i.RCC_GetClocksFreq  stm32f4xx_rcc.o
    0x080011e8   0x000000a8   Code   RO          745    i.STM_EVAL_PBInit   stm32f4_discovery.o
    0x08001290   0x00000002   Code   RO          144    i.SVC_Handler       stm32f4xx_it.o
    0x08001292   0x00000002   PAD
    0x08001294   0x00000040   Code   RO          627    i.SWTS_Init         swt.o
    0x080012d4   0x00000040   Code   RO         1839    i.SYSCFG_EXTILineConfig  stm32f4xx_syscfg.o
    0x08001314   0x000000ec   Code   RO            2    i.SetSysClock       system_stm32f4xx.o
    0x08001400   0x00000010   Code   RO          536    i.SysTick_Handler   main_2.o
    0x08001410   0x000000c0   Code   RO            3    i.SystemCoreClockUpdate  system_stm32f4xx.o
    0x080014d0   0x00000068   Code   RO            4    i.SystemInit        system_stm32f4xx.o
    0x08001538   0x00000034   Code   RO          225    i.TIM3_IRQHandler   timer.o
    0x0800156c   0x00000064   Code   RO          706    i.TIM4_IRQHandler   freqmeter.o
    0x080015d0   0x00000040   Code   RO          671    i.TIM6_Config       dac.o
    0x08001610   0x00000006   Code   RO         1893    i.TIM_ClearITPendingBit  stm32f4xx_tim.o
    0x08001616   0x00000018   Code   RO         1898    i.TIM_Cmd           stm32f4xx_tim.o
    0x0800162e   0x00000006   Code   RO         1913    i.TIM_GetCapture1   stm32f4xx_tim.o
    0x08001634   0x00000006   Code   RO         1914    i.TIM_GetCapture2   stm32f4xx_tim.o
    0x0800163a   0x00000022   Code   RO         1919    i.TIM_GetITStatus   stm32f4xx_tim.o
    0x0800165c   0x00000012   Code   RO         1956    i.TIM_SelectOutputTrigger  stm32f4xx_tim.o
    0x0800166e   0x00000002   PAD
    0x08001670   0x00000084   Code   RO         1970    i.TIM_TimeBaseInit  stm32f4xx_tim.o
    0x080016f4   0x00000012   Code   RO         1971    i.TIM_TimeBaseStructInit  stm32f4xx_tim.o
    0x08001706   0x00000004   Code   RO          145    i.UsageFault_Handler  stm32f4xx_it.o
    0x0800170a   0x00000030   Code   RO         2660    i.__ARM_fpclassify  m_wm.l(fpclassify.o)
    0x0800173a   0x00000006   PAD
    0x08001740   0x00000c90   Code   RO         2625    i.__hardfp_pow      m_wm.l(pow.o)
    0x080023d0   0x000000f8   Code   RO         2662    i.__kernel_poly     m_wm.l(poly.o)
    0x080024c8   0x00000020   Code   RO         2652    i.__mathlib_dbl_underflow  m_wm.l(dunder.o)
    0x080024e8   0x0000000e   Code   RO         2725    i.__scatterload_copy  mc_w.l(handlers.o)
    0x080024f6   0x00000002   Code   RO         2726    i.__scatterload_null  mc_w.l(handlers.o)
    0x080024f8   0x0000000e   Code   RO         2727    i.__scatterload_zeroinit  mc_w.l(handlers.o)
    0x08002506   0x00000002   PAD
    0x08002508   0x0000000c   Code   RO         2695    i.__set_errno       mc_w.l(errno.o)
    0x08002514   0x00000020   Code   RO         2656    i.fabs              m_wm.l(fabs.o)
    0x08002534   0x000001cc   Code   RO          537    i.main              main_2.o
    0x08002700   0x0000006e   Code   RO         2667    i.sqrt              m_wm.l(sqrt.o)
    0x0800276e   0x00000002   PAD
    0x08002770   0x000000a0   Data   RO          276    .constdata          dds.o
    0x08002810   0x0000002c   Data   RO          372    .constdata          lcd.o
    0x0800283c   0x00000025   Data   RO          746    .constdata          stm32f4_discovery.o
    0x08002861   0x00000007   PAD
    0x08002868   0x00000088   Data   RO         2628    .constdata          m_wm.l(pow.o)
    0x080028f0   0x00000008   Data   RO         2664    .constdata          m_wm.l(qnan.o)
    0x080028f8   0x00000020   Data   RO         2723    Region$$Table       anon$$obj.o


    Execution Region RW_IRAM1 (Base: 0x20000000, Size: 0x00004080, Max: 0x00020000, ABSOLUTE)

    Base Addr    Size         Type   Attr      Idx    E Section Name        Object

    0x20000000   0x00000014   Data   RW            5    .data               system_stm32f4xx.o
    0x20000014   0x00000008   Data   RW          227    .data               timer.o
    0x2000001c   0x00000004   PAD
    0x20000020   0x0000001c   Data   RW          538    .data               main_2.o
    0x2000003c   0x00000006   Data   RW          709    .data               freqmeter.o
    0x20000042   0x00000002   PAD
    0x20000044   0x00000018   Data   RW          747    .data               stm32f4_discovery.o
    0x2000005c   0x00000010   Data   RW         1055    .data               stm32f4xx_rcc.o
    0x2000006c   0x00000004   Data   RW         2696    .data               mc_w.l(errno.o)
    0x20000070   0x00000010   Zero   RW          672    .bss                dac.o
    0x20000080   0x00004000   Zero   RW         2618    STACK               startup_stm32f4xx.o


==============================================================================

Image component sizes


      Code (inc. data)   RO Data    RW Data    ZI Data      Debug   Object Name

       228         22          0          0         16       2137   dac.o
       524         62        160          0          0     210968   dds.o
       100         16          0          6          0       1257   freqmeter.o
       702         62         44          0          0       7830   lcd.o
       680        154          0         28          0      21568   main_2.o
       120         12          0          0          0       2900   misc.o
        36          8        392          0      16384        892   startup_stm32f4xx.o
       168         28         37         24          0       3147   stm32f4_discovery.o
       178         24          0          0          0       8722   stm32f4xx_dac.o
       160         12          0          0          0       4145   stm32f4xx_exti.o
       144          0          0          0          0       7632   stm32f4xx_gpio.o
        24          0          0          0          0       3456   stm32f4xx_it.o
       360         42          0         16          0      18220   stm32f4xx_rcc.o
        64          4          0          0          0        692   stm32f4xx_syscfg.o
       244         28          0          0          0      25566   stm32f4xx_tim.o
       128         20          0          0          0        847   swt.o
       532         56          0         20          0     262085   system_stm32f4xx.o
        52         10          0          8          0        909   timer.o

    ----------------------------------------------------------------------
      4458        560        672        108      16400     582973   Object Totals
         0          0         32          0          0          0   (incl. Generated)
        14          0          7          6          0          0   (incl. Padding)

    ----------------------------------------------------------------------

      Code (inc. data)   RO Data    RW Data    ZI Data      Debug   Library Member Name

        32          8          0          0          0        124   dunder.o
        32          0          0          0          0        124   fabs.o
        48          0          0          0          0        124   fpclassify.o
       248          0          0          0          0        152   poly.o
      3216        310        136          0          0        216   pow.o
         0          0          8          0          0          0   qnan.o
       110          0          0          0          0        148   sqrt.o
         0          0          0          0          0          0   entry.o
         0          0          0          0          0          0   entry10a.o
         0          0          0          0          0          0   entry11a.o
         8          4          0          0          0          0   entry2.o
         4          0          0          0          0          0   entry5.o
         0          0          0          0          0          0   entry7b.o
         0          0          0          0          0          0   entry8b.o
         8          4          0          0          0          0   entry9a.o
        12          6          0          4          0         68   errno.o
        30          0          0          0          0          0   handlers.o
        36          8          0          0          0         68   init.o
         0          0          0          0          0          0   iusefp.o
        30          0          0          0          0         68   llshl.o
        36          0          0          0          0         68   llsshr.o
        32          0          0          0          0         68   llushr.o
        36          0          0          0          0         68   memcpya.o
        40          2          0          0          0         68   cdrcmple.o
       334          0          0          0          0        148   dadd.o
       222          0          0          0          0        100   ddiv.o
       190          0          0          0          0        176   depilogue.o
        62          0          0          0          0         80   dfixi.o
        34          0          0          0          0         76   dflti.o
       228          0          0          0          0         96   dmul.o
        46          0          0          0          0         80   dscalb.o
       162          0          0          0          0        100   dsqrt.o

    ----------------------------------------------------------------------
      5246        342        144          4          0       2220   Library Totals
        10          0          0          0          0          0   (incl. Padding)

    ----------------------------------------------------------------------

      Code (inc. data)   RO Data    RW Data    ZI Data      Debug   Library Name

      3686        318        144          0          0        888   m_wm.l
       232         22          0          4          0        408   mc_w.l
      1318          2          0          0          0        924   mf_w.l

    ----------------------------------------------------------------------
      5246        342        144          4          0       2220   Library Totals

    ----------------------------------------------------------------------

==============================================================================


      Code (inc. data)   RO Data    RW Data    ZI Data      Debug   

      9704        902        816        112      16400     577469   Grand Totals
      9704        902        816        112      16400     577469   ELF Image Totals
      9704        902        816        112          0          0   ROM Totals

==============================================================================

    Total RO  Size (Code + RO Data)                10520 (  10.27kB)
    Total RW  Size (RW Data + ZI Data)             16512 (  16.13kB)
    Total ROM Size (Code + RO Data + RW Data)      10632 (  10.38kB)

==============================================================================

