ARM Linker, 5.03 [Build 76] [MDK-ARM Lite]

==============================================================================

Section Cross References

    system_stm32f4xx.o(i.SystemCoreClockUpdate) refers to system_stm32f4xx.o(.data) for SystemCoreClock
    system_stm32f4xx.o(i.SystemInit) refers to system_stm32f4xx.o(i.SetSysClock) for SetSysClock
    timer.o(i.TIM3_IRQHandler) refers to stm32f4xx_tim.o(i.TIM_GetITStatus) for TIM_GetITStatus
    timer.o(i.TIM3_IRQHandler) refers to stm32f4xx_tim.o(i.TIM_ClearITPendingBit) for TIM_ClearITPendingBit
    timer.o(i.TIM3_IRQHandler) refers to timer.o(.data) for counter
    timer.o(i.TIMER3_Config) refers to stm32f4xx_rcc.o(i.RCC_APB1PeriphClockCmd) for RCC_APB1PeriphClockCmd
    timer.o(i.TIMER3_Config) refers to misc.o(i.NVIC_Init) for NVIC_Init
    timer.o(i.TIMER3_Config) refers to stm32f4xx_tim.o(i.TIM_TimeBaseInit) for TIM_TimeBaseInit
    timer.o(i.TIMER3_Config) refers to stm32f4xx_tim.o(i.TIM_ITConfig) for TIM_ITConfig
    timer.o(i.TIMER3_Config) refers to stm32f4xx_tim.o(i.TIM_Cmd) for TIM_Cmd
    dds.o(i.DDS_Default_Init) refers to memcpya.o(.text) for __aeabi_memcpy4
    dds.o(i.DDS_Default_Init) refers to dds.o(i.Pulse_Clock) for Pulse_Clock
    dds.o(i.DDS_Default_Init) refers to main_2.o(i.Delay) for Delay
    dds.o(i.DDS_Default_Init) refers to dds.o(i.Pulse_Frequency) for Pulse_Frequency
    dds.o(i.DDS_Default_Init) refers to dds.o(i.Data_Low) for Data_Low
    dds.o(i.DDS_Default_Init) refers to dds.o(i.DDS_Write_Data) for DDS_Write_Data
    dds.o(i.DDS_Default_Init) refers to dds.o(.constdata) for .constdata
    dds.o(i.DDS_Set) refers to pow.o(i.__hardfp_pow) for __hardfp_pow
    dds.o(i.DDS_Set) refers to dmul.o(.text) for __aeabi_dmul
    dds.o(i.DDS_Set) refers to ddiv.o(.text) for __aeabi_ddiv
    dds.o(i.DDS_Set) refers to dfixi.o(.text) for __aeabi_d2iz
    dds.o(i.DDS_Set) refers to dds.o(i.Pulse_Clock) for Pulse_Clock
    dds.o(i.DDS_Set) refers to main_2.o(i.Delay) for Delay
    dds.o(i.DDS_Set) refers to dds.o(i.Pulse_Frequency) for Pulse_Frequency
    dds.o(i.DDS_Set) refers to dds.o(i.Data_Low) for Data_Low
    dds.o(i.DDS_Set) refers to dds.o(i.DDS_Write_Data) for DDS_Write_Data
    dds.o(i.Pulse_Clock) refers to main_2.o(i.Delay) for Delay
    dds.o(i.Pulse_Frequency) refers to main_2.o(i.Delay) for Delay
    lcd.o(i.LCD_Clear) refers to lcd.o(i.LCD_RSoff) for LCD_RSoff
    lcd.o(i.LCD_Clear) refers to lcd.o(i.LCD_Write) for LCD_Write
    lcd.o(i.LCD_Clear) refers to main_2.o(i.Delay) for Delay
    lcd.o(i.LCD_Clk) refers to lcd.o(i.LCD_Eon) for LCD_Eon
    lcd.o(i.LCD_Clk) refers to main_2.o(i.Delay) for Delay
    lcd.o(i.LCD_Clk) refers to lcd.o(i.LCD_Eoff) for LCD_Eoff
    lcd.o(i.LCD_GotoXY) refers to lcd.o(i.LCD_RSoff) for LCD_RSoff
    lcd.o(i.LCD_GotoXY) refers to lcd.o(i.LCD_Write) for LCD_Write
    lcd.o(i.LCD_GotoXY) refers to main_2.o(i.Delay) for Delay
    lcd.o(i.LCD_Init) refers to main_2.o(i.Delay) for Delay
    lcd.o(i.LCD_Init) refers to lcd.o(i.LCD_Eoff) for LCD_Eoff
    lcd.o(i.LCD_Init) refers to lcd.o(i.LCD_RSoff) for LCD_RSoff
    lcd.o(i.LCD_Init) refers to lcd.o(i.LCD_RWoff) for LCD_RWoff
    lcd.o(i.LCD_Init) refers to lcd.o(i.LCD_DataWrite) for LCD_DataWrite
    lcd.o(i.LCD_Init) refers to lcd.o(i.LCD_Clk) for LCD_Clk
    lcd.o(i.LCD_Init) refers to lcd.o(i.LCD_Write) for LCD_Write
    lcd.o(i.LCD_Off) refers to lcd.o(.constdata) for lcd_mask
    lcd.o(i.LCD_On) refers to lcd.o(.constdata) for lcd_mask
    lcd.o(i.LCD_PutChar) refers to lcd.o(i.LCD_RSon) for LCD_RSon
    lcd.o(i.LCD_PutChar) refers to lcd.o(i.LCD_Write) for LCD_Write
    lcd.o(i.LCD_PutChar) refers to main_2.o(i.Delay) for Delay
    lcd.o(i.LCD_PutS) refers to lcd.o(i.LCD_RSon) for LCD_RSon
    lcd.o(i.LCD_PutS) refers to lcd.o(i.LCD_Write) for LCD_Write
    lcd.o(i.LCD_PutS) refers to main_2.o(i.Delay) for Delay
    lcd.o(i.LCD_Write) refers to lcd.o(i.LCD_DataClear) for LCD_DataClear
    lcd.o(i.LCD_Write) refers to lcd.o(i.LCD_DataWrite) for LCD_DataWrite
    lcd.o(i.LCD_Write) refers to lcd.o(i.LCD_Clk) for LCD_Clk
    lcd.o(i.LCD_Write) refers to main_2.o(i.Delay) for Delay
    lcd.o(i.LCD_cursor_on) refers to lcd.o(i.LCD_RSoff) for LCD_RSoff
    lcd.o(i.LCD_cursor_on) refers to lcd.o(i.LCD_Write) for LCD_Write
    lcd.o(i.LCD_cursor_on) refers to main_2.o(i.Delay) for Delay
    led.o(i.LED_Off) refers to led.o(.constdata) for led_mask
    led.o(i.LED_On) refers to led.o(.constdata) for led_mask
    led.o(i.LED_Out) refers to led.o(i.LED_On) for LED_On
    led.o(i.LED_Out) refers to led.o(i.LED_Off) for LED_Off
    main_2.o(i.Config_menu_interrupt) refers to stm32f4xx_rcc.o(i.RCC_APB2PeriphClockCmd) for RCC_APB2PeriphClockCmd
    main_2.o(i.Config_menu_interrupt) refers to stm32f4xx_syscfg.o(i.SYSCFG_EXTILineConfig) for SYSCFG_EXTILineConfig
    main_2.o(i.Config_menu_interrupt) refers to stm32f4xx_exti.o(i.EXTI_Init) for EXTI_Init
    main_2.o(i.Config_menu_interrupt) refers to misc.o(i.NVIC_Init) for NVIC_Init
[...]
    fputc.o(i.fputc) refers (Special) to semi.o(.text) for __semihosting_library_function
    uldiv.o(.text) refers to llushr.o(.text) for __aeabi_llsr
    uldiv.o(.text) refers to llshl.o(.text) for __aeabi_llsl
    errno.o(i.__aeabi_errno_addr) refers to errno.o(.data) for .data
    errno.o(i.__read_errno) refers to errno.o(.data) for .data
    errno.o(i.__set_errno) refers to errno.o(.data) for .data
    depilogue.o(.text) refers to llshl.o(.text) for __aeabi_llsl
    depilogue.o(.text) refers to llushr.o(.text) for __aeabi_llsr
    dflti.o(.text) refers to depilogue.o(.text) for _double_epilogue
    dfixul.o(.text) refers to llushr.o(.text) for __aeabi_llsr
    dfixul.o(.text) refers to llshl.o(.text) for __aeabi_llsl
    init.o(.text) refers to entry5.o(.ARM.Collect$$$$00000004) for __main_after_scatterload
    dsqrt.o(.text) refers to llushr.o(.text) for __aeabi_llsr
    dsqrt.o(.text) refers to depilogue.o(.text) for _double_round


==============================================================================

Removing Unused input sections from the image.

    Removing system_stm32f4xx.o(.emb_text), (8 bytes).
    Removing stm32f4xx_it.o(.emb_text), (8 bytes).
    Removing timer.o(.emb_text), (8 bytes).
    Removing timer.o(i.TIMER3_Config), (92 bytes).
    Removing dds.o(.emb_text), (8 bytes).
    Removing lcd.o(.emb_text), (8 bytes).
    Removing lcd.o(i.LCD_DriverOff), (16 bytes).
    Removing lcd.o(i.LCD_Off), (24 bytes).
    Removing lcd.o(i.LCD_PutChar), (22 bytes).
    Removing lcd.o(i.LCD_RWon), (12 bytes).
    Removing lcd.o(i.LCD_cursor_on), (20 bytes).
    Removing led.o(.emb_text), (8 bytes).
    Removing led.o(i.LED_Init), (112 bytes).
    Removing led.o(i.LED_Off), (24 bytes).
    Removing led.o(i.LED_On), (24 bytes).
    Removing led.o(i.LED_Out), (38 bytes).
    Removing led.o(.constdata), (32 bytes).
    Removing main_2.o(.emb_text), (8 bytes).
    Removing main_2.o(i.Config_menu_interrupt), (76 bytes).
    Removing sqaure.o(.emb_text), (8 bytes).
    Removing sqaure.o(i.Make_Square), (32 bytes).
    Removing sqaure.o(i.Square_Init), (48 bytes).
    Removing sqaure.o(i.Timer_Init), (16 bytes).
    Removing swt.o(.emb_text), (8 bytes).
    Removing swt.o(i.BTN_Get), (16 bytes).
    Removing swt.o(i.SWT_Check), (32 bytes).
    Removing swt.o(.constdata), (32 bytes).
    Removing dac.o(.emb_text), (8 bytes).
    Removing freqmeter.o(.emb_text), (8 bytes).
    Removing stm32f4_discovery.o(.emb_text), (8 bytes).
    Removing stm32f4_discovery.o(i.STM_EVAL_LEDInit), (76 bytes).
    Removing stm32f4_discovery.o(i.STM_EVAL_LEDOff), (24 bytes).
    Removing stm32f4_discovery.o(i.STM_EVAL_LEDOn), (24 bytes).
    Removing stm32f4_discovery.o(i.STM_EVAL_LEDToggle), (36 bytes).
    Removing stm32f4_discovery.o(i.STM_EVAL_PBGetState), (32 bytes).
    Removing misc.o(.emb_text), (8 bytes).
    Removing misc.o(i.NVIC_PriorityGroupConfig), (20 bytes).
    Removing misc.o(i.NVIC_SetVectorTable), (20 bytes).
    Removing misc.o(i.NVIC_SystemLPConfig), (32 bytes).
    Removing misc.o(i.SysTick_CLKSourceConfig), (40 bytes).
    Removing stm32f4xx_gpio.o(.emb_text), (8 bytes).
    Removing stm32f4xx_gpio.o(i.GPIO_DeInit), (256 bytes).
    Removing stm32f4xx_gpio.o(i.GPIO_PinLockConfig), (34 bytes).
    Removing stm32f4xx_gpio.o(i.GPIO_ReadInputData), (8 bytes).
    Removing stm32f4xx_gpio.o(i.GPIO_ReadInputDataBit), (18 bytes).
    Removing stm32f4xx_gpio.o(i.GPIO_ReadOutputData), (8 bytes).
    Removing stm32f4xx_gpio.o(i.GPIO_ReadOutputDataBit), (18 bytes).
    Removing stm32f4xx_gpio.o(i.GPIO_ResetBits), (4 bytes).
    Removing stm32f4xx_gpio.o(i.GPIO_SetBits), (4 bytes).
    Removing stm32f4xx_gpio.o(i.GPIO_StructInit), (18 bytes).
    Removing stm32f4xx_gpio.o(i.GPIO_ToggleBits), (8 bytes).
    Removing stm32f4xx_gpio.o(i.GPIO_Write), (4 bytes).
    Removing stm32f4xx_gpio.o(i.GPIO_WriteBit), (10 bytes).
    Removing stm32f4xx_rcc.o(.emb_text), (8 bytes).
    Removing stm32f4xx_rcc.o(i.RCC_AHB1PeriphClockLPModeCmd), (32 bytes).
    Removing stm32f4xx_rcc.o(i.RCC_AHB1PeriphResetCmd), (32 bytes).
    Removing stm32f4xx_rcc.o(i.RCC_AHB2PeriphClockCmd), (32 bytes).
    Removing stm32f4xx_rcc.o(i.RCC_AHB2PeriphClockLPModeCmd), (32 bytes).
    Removing stm32f4xx_rcc.o(i.RCC_AHB2PeriphResetCmd), (32 bytes).
    Removing stm32f4xx_rcc.o(i.RCC_AHB3PeriphClockCmd), (32 bytes).
    Removing stm32f4xx_rcc.o(i.RCC_AHB3PeriphClockLPModeCmd), (32 bytes).
    Removing stm32f4xx_rcc.o(i.RCC_AHB3PeriphResetCmd), (32 bytes).
    Removing stm32f4xx_rcc.o(i.RCC_APB1PeriphClockLPModeCmd), (32 bytes).
    Removing stm32f4xx_rcc.o(i.RCC_APB2PeriphClockLPModeCmd), (32 bytes).
    Removing stm32f4xx_rcc.o(i.RCC_APB2PeriphResetCmd), (32 bytes).
    Removing stm32f4xx_rcc.o(i.RCC_AdjustHSICalibrationValue), (24 bytes).
    Removing stm32f4xx_rcc.o(i.RCC_BackupResetCmd), (12 bytes).
    Removing stm32f4xx_rcc.o(i.RCC_ClearFlag), (20 bytes).
    Removing stm32f4xx_rcc.o(i.RCC_ClearITPendingBit), (12 bytes).
    Removing stm32f4xx_rcc.o(i.RCC_ClockSecuritySystemCmd), (12 bytes).
    Removing stm32f4xx_rcc.o(i.RCC_DeInit), (72 bytes).
    Removing stm32f4xx_rcc.o(i.RCC_GetFlagStatus), (64 bytes).
    Removing stm32f4xx_rcc.o(i.RCC_GetITStatus), (24 bytes).
    Removing stm32f4xx_rcc.o(i.RCC_GetSYSCLKSource), (16 bytes).
    Removing stm32f4xx_rcc.o(i.RCC_HCLKConfig), (24 bytes).
    Removing stm32f4xx_rcc.o(i.RCC_HSEConfig), (16 bytes).
    Removing stm32f4xx_rcc.o(i.RCC_HSICmd), (12 bytes).
    Removing stm32f4xx_rcc.o(i.RCC_I2SCLKConfig), (12 bytes).
    Removing stm32f4xx_rcc.o(i.RCC_ITConfig), (32 bytes).
    Removing stm32f4xx_rcc.o(i.RCC_LSEConfig), (44 bytes).
    Removing stm32f4xx_rcc.o(i.RCC_LSICmd), (12 bytes).
    Removing stm32f4xx_rcc.o(i.RCC_MCO1Config), (28 bytes).
    Removing stm32f4xx_rcc.o(i.RCC_MCO2Config), (28 bytes).
    Removing stm32f4xx_rcc.o(i.RCC_PCLK1Config), (24 bytes).
    Removing stm32f4xx_rcc.o(i.RCC_PCLK2Config), (24 bytes).
    Removing stm32f4xx_rcc.o(i.RCC_PLLCmd), (12 bytes).
    Removing stm32f4xx_rcc.o(i.RCC_PLLConfig), (36 bytes).
    Removing stm32f4xx_rcc.o(i.RCC_PLLI2SCmd), (12 bytes).
    Removing stm32f4xx_rcc.o(i.RCC_PLLI2SConfig), (16 bytes).
    Removing stm32f4xx_rcc.o(i.RCC_RTCCLKCmd), (12 bytes).
    Removing stm32f4xx_rcc.o(i.RCC_RTCCLKConfig), (60 bytes).
    Removing stm32f4xx_rcc.o(i.RCC_SYSCLKConfig), (24 bytes).
    Removing stm32f4xx_rcc.o(i.RCC_WaitForHSEStartUp), (56 bytes).
    Removing stm32f4xx_rtc.o(.emb_text), (8 bytes).
    Removing stm32f4xx_rtc.o(i.RTC_AlarmCmd), (116 bytes).
    Removing stm32f4xx_rtc.o(i.RTC_AlarmStructInit), (22 bytes).
    Removing stm32f4xx_rtc.o(i.RTC_AlarmSubSecondConfig), (52 bytes).
    Removing stm32f4xx_rtc.o(i.RTC_Bcd2ToByte), (22 bytes).
    Removing stm32f4xx_rtc.o(i.RTC_BypassShadowCmd), (60 bytes).
    Removing stm32f4xx_rtc.o(i.RTC_ByteToBcd2), (28 bytes).
    Removing stm32f4xx_rtc.o(i.RTC_CalibOutputCmd), (60 bytes).
    Removing stm32f4xx_rtc.o(i.RTC_CalibOutputConfig), (48 bytes).
    Removing stm32f4xx_rtc.o(i.RTC_ClearFlag), (28 bytes).
    Removing stm32f4xx_rtc.o(i.RTC_ClearITPendingBit), (32 bytes).
    Removing stm32f4xx_rtc.o(i.RTC_CoarseCalibCmd), (80 bytes).
    Removing stm32f4xx_rtc.o(i.RTC_CoarseCalibConfig), (56 bytes).
    Removing stm32f4xx_rtc.o(i.RTC_DateStructInit), (14 bytes).
    Removing stm32f4xx_rtc.o(i.RTC_DayLightSavingConfig), (56 bytes).
    Removing stm32f4xx_rtc.o(i.RTC_DeInit), (192 bytes).
    Removing stm32f4xx_rtc.o(i.RTC_EnterInitMode), (80 bytes).
    Removing stm32f4xx_rtc.o(i.RTC_ExitInitMode), (20 bytes).
    Removing stm32f4xx_rtc.o(i.RTC_GetAlarm), (116 bytes).
    Removing stm32f4xx_rtc.o(i.RTC_GetAlarmSubSecond), (36 bytes).
    Removing stm32f4xx_rtc.o(i.RTC_GetDate), (76 bytes).
    Removing stm32f4xx_rtc.o(i.RTC_GetFlagStatus), (36 bytes).
    Removing stm32f4xx_rtc.o(i.RTC_GetITStatus), (64 bytes).
    Removing stm32f4xx_rtc.o(i.RTC_GetStoreOperation), (16 bytes).
    Removing stm32f4xx_rtc.o(i.RTC_GetSubSecond), (20 bytes).
    Removing stm32f4xx_rtc.o(i.RTC_GetTime), (80 bytes).
    Removing stm32f4xx_rtc.o(i.RTC_GetTimeStamp), (156 bytes).
    Removing stm32f4xx_rtc.o(i.RTC_GetTimeStampSubSecond), (12 bytes).
    Removing stm32f4xx_rtc.o(i.RTC_GetWakeUpCounter), (12 bytes).
    Removing stm32f4xx_rtc.o(i.RTC_ITConfig), (100 bytes).
    Removing stm32f4xx_rtc.o(i.RTC_Init), (100 bytes).
    Removing stm32f4xx_rtc.o(i.RTC_OutputConfig), (56 bytes).
    Removing stm32f4xx_rtc.o(i.RTC_OutputTypeConfig), (28 bytes).
    Removing stm32f4xx_rtc.o(i.RTC_ReadBackupRegister), (32 bytes).
    Removing stm32f4xx_rtc.o(i.RTC_RefClockCmd), (80 bytes).
    Removing stm32f4xx_rtc.o(i.RTC_SetAlarm), (236 bytes).
    Removing stm32f4xx_rtc.o(i.RTC_SetDate), (184 bytes).
    Removing stm32f4xx_rtc.o(i.RTC_SetTime), (192 bytes).
    Removing stm32f4xx_rtc.o(i.RTC_SetWakeUpCounter), (28 bytes).
    Removing stm32f4xx_rtc.o(i.RTC_SmoothCalibConfig), (96 bytes).
    Removing stm32f4xx_rtc.o(i.RTC_StructInit), (14 bytes).
    Removing stm32f4xx_rtc.o(i.RTC_SynchroShiftConfig), (124 bytes).
    Removing stm32f4xx_rtc.o(i.RTC_TamperCmd), (32 bytes).
    Removing stm32f4xx_rtc.o(i.RTC_TamperFilterConfig), (28 bytes).
    Removing stm32f4xx_rtc.o(i.RTC_TamperPinSelection), (28 bytes).
    Removing stm32f4xx_rtc.o(i.RTC_TamperPinsPrechargeDuration), (28 bytes).
    Removing stm32f4xx_rtc.o(i.RTC_TamperPullUpCmd), (36 bytes).
    Removing stm32f4xx_rtc.o(i.RTC_TamperSamplingFreqConfig), (28 bytes).
    Removing stm32f4xx_rtc.o(i.RTC_TamperTriggerConfig), (36 bytes).
    Removing stm32f4xx_rtc.o(i.RTC_TimeStampCmd), (56 bytes).
    Removing stm32f4xx_rtc.o(i.RTC_TimeStampOnTamperDetectionCmd), (36 bytes).
    Removing stm32f4xx_rtc.o(i.RTC_TimeStampPinSelection), (28 bytes).
    Removing stm32f4xx_rtc.o(i.RTC_TimeStructInit), (12 bytes).
    Removing stm32f4xx_rtc.o(i.RTC_WaitForSynchro), (96 bytes).
    Removing stm32f4xx_rtc.o(i.RTC_WakeUpClockConfig), (48 bytes).
    Removing stm32f4xx_rtc.o(i.RTC_WakeUpCmd), (120 bytes).
    Removing stm32f4xx_rtc.o(i.RTC_WriteBackupRegister), (28 bytes).
    Removing stm32f4xx_rtc.o(i.RTC_WriteProtectionCmd), (28 bytes).
    Removing stm32f4xx_sdio.o(.emb_text), (8 bytes).
    Removing stm32f4xx_sdio.o(i.SDIO_CEATAITCmd), (16 bytes).
    Removing stm32f4xx_sdio.o(i.SDIO_ClearFlag), (12 bytes).
    Removing stm32f4xx_sdio.o(i.SDIO_ClearITPendingBit), (12 bytes).
    Removing stm32f4xx_sdio.o(i.SDIO_ClockCmd), (12 bytes).
    Removing stm32f4xx_sdio.o(i.SDIO_CmdStructInit), (14 bytes).
    Removing stm32f4xx_sdio.o(i.SDIO_CommandCompletionCmd), (12 bytes).
    Removing stm32f4xx_sdio.o(i.SDIO_DMACmd), (12 bytes).
    Removing stm32f4xx_sdio.o(i.SDIO_DataConfig), (52 bytes).
    Removing stm32f4xx_sdio.o(i.SDIO_DataStructInit), (20 bytes).
    Removing stm32f4xx_sdio.o(i.SDIO_DeInit), (22 bytes).
    Removing stm32f4xx_sdio.o(i.SDIO_GetCommandResponse), (12 bytes).
    Removing stm32f4xx_sdio.o(i.SDIO_GetDataCounter), (12 bytes).
    Removing stm32f4xx_sdio.o(i.SDIO_GetFIFOCount), (12 bytes).
    Removing stm32f4xx_sdio.o(i.SDIO_GetFlagStatus), (24 bytes).
    Removing stm32f4xx_sdio.o(i.SDIO_GetITStatus), (24 bytes).
    Removing stm32f4xx_sdio.o(i.SDIO_GetPowerState), (16 bytes).
    Removing stm32f4xx_sdio.o(i.SDIO_GetResponse), (24 bytes).
    Removing stm32f4xx_sdio.o(i.SDIO_ITConfig), (32 bytes).
    Removing stm32f4xx_sdio.o(i.SDIO_Init), (48 bytes).
    Removing stm32f4xx_sdio.o(i.SDIO_ReadData), (12 bytes).
    Removing stm32f4xx_sdio.o(i.SDIO_SendCEATACmd), (12 bytes).
    Removing stm32f4xx_sdio.o(i.SDIO_SendCommand), (44 bytes).
    Removing stm32f4xx_sdio.o(i.SDIO_SendSDIOSuspendCmd), (12 bytes).
    Removing stm32f4xx_sdio.o(i.SDIO_SetPowerState), (12 bytes).
    Removing stm32f4xx_sdio.o(i.SDIO_SetSDIOOperation), (12 bytes).
    Removing stm32f4xx_sdio.o(i.SDIO_SetSDIOReadWaitMode), (12 bytes).
    Removing stm32f4xx_sdio.o(i.SDIO_StartSDIOReadWait), (12 bytes).
    Removing stm32f4xx_sdio.o(i.SDIO_StopSDIOReadWait), (12 bytes).
    Removing stm32f4xx_sdio.o(i.SDIO_StructInit), (16 bytes).
    Removing stm32f4xx_sdio.o(i.SDIO_WriteData), (12 bytes).
    Removing stm32f4xx_syscfg.o(.emb_text), (8 bytes).
    Removing stm32f4xx_syscfg.o(i.SYSCFG_CompensationCellCmd), (12 bytes).
    Removing stm32f4xx_syscfg.o(i.SYSCFG_DeInit), (22 bytes).
    Removing stm32f4xx_syscfg.o(i.SYSCFG_ETH_MediaInterfaceConfig), (12 bytes).
    Removing stm32f4xx_syscfg.o(i.SYSCFG_GetCompensationCellStatus), (24 bytes).
    Removing stm32f4xx_syscfg.o(i.SYSCFG_MemoryRemapConfig), (12 bytes).
    Removing stm32f4xx_tim.o(.emb_text), (8 bytes).
    Removing stm32f4xx_tim.o(i.TI3_Config), (72 bytes).
    Removing stm32f4xx_tim.o(i.TI4_Config), (80 bytes).
    Removing stm32f4xx_tim.o(i.TIM_ARRPreloadConfig), (24 bytes).
    Removing stm32f4xx_tim.o(i.TIM_BDTRConfig), (32 bytes).
    Removing stm32f4xx_tim.o(i.TIM_BDTRStructInit), (18 bytes).
    Removing stm32f4xx_tim.o(i.TIM_CCPreloadControl), (24 bytes).
    Removing stm32f4xx_tim.o(i.TIM_CCxCmd), (30 bytes).
    Removing stm32f4xx_tim.o(i.TIM_CCxNCmd), (30 bytes).
    Removing stm32f4xx_tim.o(i.TIM_ClearFlag), (6 bytes).
    Removing stm32f4xx_tim.o(i.TIM_ClearOC1Ref), (18 bytes).
    Removing stm32f4xx_tim.o(i.TIM_ClearOC2Ref), (24 bytes).
    Removing stm32f4xx_tim.o(i.TIM_ClearOC3Ref), (18 bytes).
    Removing stm32f4xx_tim.o(i.TIM_ClearOC4Ref), (24 bytes).
    Removing stm32f4xx_tim.o(i.TIM_CounterModeConfig), (18 bytes).
    Removing stm32f4xx_tim.o(i.TIM_CtrlPWMOutputs), (30 bytes).
    Removing stm32f4xx_tim.o(i.TIM_DMACmd), (18 bytes).
    Removing stm32f4xx_tim.o(i.TIM_DMAConfig), (10 bytes).
    Removing stm32f4xx_tim.o(i.TIM_DeInit), (400 bytes).
    Removing stm32f4xx_tim.o(i.TIM_ETRClockMode1Config), (54 bytes).
    Removing stm32f4xx_tim.o(i.TIM_ETRClockMode2Config), (32 bytes).
    Removing stm32f4xx_tim.o(i.TIM_ETRConfig), (28 bytes).
    Removing stm32f4xx_tim.o(i.TIM_EncoderInterfaceConfig), (66 bytes).
    Removing stm32f4xx_tim.o(i.TIM_ForcedOC1Config), (18 bytes).
    Removing stm32f4xx_tim.o(i.TIM_ForcedOC2Config), (26 bytes).
    Removing stm32f4xx_tim.o(i.TIM_ForcedOC3Config), (18 bytes).
    Removing stm32f4xx_tim.o(i.TIM_ForcedOC4Config), (26 bytes).
    Removing stm32f4xx_tim.o(i.TIM_GenerateEvent), (4 bytes).
    Removing stm32f4xx_tim.o(i.TIM_GetCapture3), (6 bytes).
    Removing stm32f4xx_tim.o(i.TIM_GetCapture4), (6 bytes).
    Removing stm32f4xx_tim.o(i.TIM_GetCounter), (6 bytes).
    Removing stm32f4xx_tim.o(i.TIM_GetFlagStatus), (18 bytes).
    Removing stm32f4xx_tim.o(i.TIM_GetPrescaler), (6 bytes).
    Removing stm32f4xx_tim.o(i.TIM_ICInit), (110 bytes).
    Removing stm32f4xx_tim.o(i.TIM_ICStructInit), (18 bytes).
    Removing stm32f4xx_tim.o(i.TIM_ITRxExternalClockConfig), (24 bytes).
    Removing stm32f4xx_tim.o(i.TIM_InternalClockConfig), (12 bytes).
    Removing stm32f4xx_tim.o(i.TIM_OC1FastConfig), (18 bytes).
    Removing stm32f4xx_tim.o(i.TIM_OC1Init), (124 bytes).
    Removing stm32f4xx_tim.o(i.TIM_OC1NPolarityConfig), (18 bytes).
    Removing stm32f4xx_tim.o(i.TIM_OC1PolarityConfig), (18 bytes).
    Removing stm32f4xx_tim.o(i.TIM_OC1PreloadConfig), (18 bytes).
    Removing stm32f4xx_tim.o(i.TIM_OC2FastConfig), (26 bytes).
    Removing stm32f4xx_tim.o(i.TIM_OC2Init), (164 bytes).
    Removing stm32f4xx_tim.o(i.TIM_OC2NPolarityConfig), (26 bytes).
    Removing stm32f4xx_tim.o(i.TIM_OC2PolarityConfig), (26 bytes).
    Removing stm32f4xx_tim.o(i.TIM_OC2PreloadConfig), (26 bytes).
    Removing stm32f4xx_tim.o(i.TIM_OC3FastConfig), (18 bytes).
    Removing stm32f4xx_tim.o(i.TIM_OC3Init), (160 bytes).
    Removing stm32f4xx_tim.o(i.TIM_OC3NPolarityConfig), (26 bytes).
    Removing stm32f4xx_tim.o(i.TIM_OC3PolarityConfig), (26 bytes).
    Removing stm32f4xx_tim.o(i.TIM_OC3PreloadConfig), (18 bytes).
    Removing stm32f4xx_tim.o(i.TIM_OC4FastConfig), (26 bytes).
    Removing stm32f4xx_tim.o(i.TIM_OC4Init), (120 bytes).
    Removing stm32f4xx_tim.o(i.TIM_OC4PolarityConfig), (26 bytes).
    Removing stm32f4xx_tim.o(i.TIM_OC4PreloadConfig), (26 bytes).
    Removing stm32f4xx_tim.o(i.TIM_OCStructInit), (20 bytes).
    Removing stm32f4xx_tim.o(i.TIM_PrescalerConfig), (6 bytes).
    Removing stm32f4xx_tim.o(i.TIM_RemapConfig), (6 bytes).
    Removing stm32f4xx_tim.o(i.TIM_SelectCCDMA), (24 bytes).
    Removing stm32f4xx_tim.o(i.TIM_SelectCOM), (24 bytes).
    Removing stm32f4xx_tim.o(i.TIM_SelectHallSensor), (24 bytes).
    Removing stm32f4xx_tim.o(i.TIM_SelectOCxM), (86 bytes).
    Removing stm32f4xx_tim.o(i.TIM_SelectOnePulseMode), (18 bytes).
    Removing stm32f4xx_tim.o(i.TIM_SetAutoreload), (4 bytes).
    Removing stm32f4xx_tim.o(i.TIM_SetClockDivision), (18 bytes).
    Removing stm32f4xx_tim.o(i.TIM_SetCompare1), (4 bytes).
    Removing stm32f4xx_tim.o(i.TIM_SetCompare2), (4 bytes).
    Removing stm32f4xx_tim.o(i.TIM_SetCompare3), (4 bytes).
    Removing stm32f4xx_tim.o(i.TIM_SetCompare4), (4 bytes).
    Removing stm32f4xx_tim.o(i.TIM_SetCounter), (4 bytes).
    Removing stm32f4xx_tim.o(i.TIM_SetIC3Prescaler), (18 bytes).
    Removing stm32f4xx_tim.o(i.TIM_SetIC4Prescaler), (26 bytes).
    Removing stm32f4xx_tim.o(i.TIM_TIxExternalClockConfig), (62 bytes).
    Removing stm32f4xx_tim.o(i.TIM_UpdateDisableConfig), (24 bytes).
    Removing stm32f4xx_tim.o(i.TIM_UpdateRequestConfig), (24 bytes).
    Removing stm32f4xx_exti.o(.emb_text), (8 bytes).
    Removing stm32f4xx_exti.o(i.EXTI_ClearFlag), (12 bytes).
    Removing stm32f4xx_exti.o(i.EXTI_DeInit), (36 bytes).
    Removing stm32f4xx_exti.o(i.EXTI_GenerateSWInterrupt), (16 bytes).
    Removing stm32f4xx_exti.o(i.EXTI_GetFlagStatus), (24 bytes).
    Removing stm32f4xx_exti.o(i.EXTI_GetITStatus), (40 bytes).
    Removing stm32f4xx_exti.o(i.EXTI_StructInit), (16 bytes).
    Removing stm32f4xx_dac.o(.emb_text), (8 bytes).
    Removing stm32f4xx_dac.o(i.DAC_ClearFlag), (16 bytes).
    Removing stm32f4xx_dac.o(i.DAC_ClearITPendingBit), (16 bytes).
    Removing stm32f4xx_dac.o(i.DAC_DMACmd), (44 bytes).
    Removing stm32f4xx_dac.o(i.DAC_DualSoftwareTriggerCmd), (36 bytes).
    Removing stm32f4xx_dac.o(i.DAC_GetDataOutputValue), (36 bytes).
    Removing stm32f4xx_dac.o(i.DAC_GetFlagStatus), (32 bytes).
    Removing stm32f4xx_dac.o(i.DAC_GetITStatus), (48 bytes).
    Removing stm32f4xx_dac.o(i.DAC_ITConfig), (40 bytes).
    Removing stm32f4xx_dac.o(i.DAC_SetDualChannelData), (36 bytes).
    Removing stm32f4xx_dac.o(i.DAC_SoftwareTriggerCmd), (44 bytes).
    Removing stm32f4xx_dac.o(i.DAC_StructInit), (12 bytes).
    Removing stm32f4xx_dac.o(i.DAC_WaveGenerationCmd), (40 bytes).
    Removing startup_stm32f4xx.o(HEAP), (512 bytes).
    Removing dneg.o(.text), (6 bytes).
    Removing dfixul.o(.text), (48 bytes).
    Removing cdcmple.o(.text), (40 bytes).

288 unused section(s) (total 10606 bytes) removed from the image.

==============================================================================

Image Symbol Table

    Local Symbols

    Symbol Name                              Value     Ov Type        Size  Object(Section)

    ../clib/microlib/division.c              0x00000000   Number         0  uldiv.o ABSOLUTE
    ../clib/microlib/division.c              0x00000000   Number         0  uidiv.o ABSOLUTE
    ../clib/microlib/errno.c                 0x00000000   Number         0  errno.o ABSOLUTE
    ../clib/microlib/init/entry.s            0x00000000   Number         0  entry9b.o ABSOLUTE
    ../clib/microlib/init/entry.s            0x00000000   Number         0  entry2.o ABSOLUTE
    ../clib/microlib/init/entry.s            0x00000000   Number         0  entry5.o ABSOLUTE
    ../clib/microlib/init/entry.s            0x00000000   Number         0  entry7a.o ABSOLUTE
    ../clib/microlib/init/entry.s            0x00000000   Number         0  entry.o ABSOLUTE
    ../clib/microlib/init/entry.s            0x00000000   Number         0  entry7b.o ABSOLUTE
    ../clib/microlib/init/entry.s            0x00000000   Number         0  entry11b.o ABSOLUTE
    ../clib/microlib/init/entry.s            0x00000000   Number         0  entry10a.o ABSOLUTE
    ../clib/microlib/init/entry.s            0x00000000   Number         0  entry10b.o ABSOLUTE
    ../clib/microlib/init/entry.s            0x00000000   Number         0  entry8a.o ABSOLUTE
    ../clib/microlib/init/entry.s            0x00000000   Number         0  entry8b.o ABSOLUTE
    ../clib/microlib/init/entry.s            0x00000000   Number         0  entry9a.o ABSOLUTE
    ../clib/microlib/init/entry.s            0x00000000   Number         0  entry11a.o ABSOLUTE
    ../clib/microlib/longlong.c              0x00000000   Number         0  llshl.o ABSOLUTE
    ../clib/microlib/longlong.c              0x00000000   Number         0  llushr.o ABSOLUTE
    ../clib/microlib/longlong.c              0x00000000   Number         0  llsshr.o ABSOLUTE
    ../clib/microlib/printf/printf.c         0x00000000   Number         0  printf8.o ABSOLUTE
    ../clib/microlib/printf/printf.c         0x00000000   Number         0  printfa.o ABSOLUTE
    ../clib/microlib/printf/printf.c         0x00000000   Number         0  printf6.o ABSOLUTE
    ../clib/microlib/printf/printf.c         0x00000000   Number         0  printf5.o ABSOLUTE
    ../clib/microlib/printf/printf.c         0x00000000   Number         0  printf4.o ABSOLUTE
    ../clib/microlib/printf/printf.c         0x00000000   Number         0  printf3.o ABSOLUTE
    ../clib/microlib/printf/printf.c         0x00000000   Number         0  printf2.o ABSOLUTE
    ../clib/microlib/printf/printf.c         0x00000000   Number         0  printf1.o ABSOLUTE
    ../clib/microlib/printf/printf.c         0x00000000   Number         0  printf0.o ABSOLUTE
    ../clib/microlib/printf/printf.c         0x00000000   Number         0  printfb.o ABSOLUTE
    ../clib/microlib/printf/printf.c         0x00000000   Number         0  printf7.o ABSOLUTE
    ../clib/microlib/printf/stubs.s          0x00000000   Number         0  stubs.o ABSOLUTE
    ../clib/microlib/stdio/fputc.c           0x00000000   Number         0  fputc.o ABSOLUTE
    ../clib/microlib/stdio/semi.s            0x00000000   Number         0  semi.o ABSOLUTE
    ../clib/microlib/stdio/streams.c         0x00000000   Number         0  stdout.o ABSOLUTE
    ../clib/microlib/string/memcpy.c         0x00000000   Number         0  memcpyb.o ABSOLUTE
    ../clib/microlib/string/memcpy.c         0x00000000   Number         0  memcpya.o ABSOLUTE
    ../clib/microlib/stubs.s                 0x00000000   Number         0  iusesemip.o ABSOLUTE
    ../clib/microlib/stubs.s                 0x00000000   Number         0  iusefp.o ABSOLUTE
    ../fplib/microlib/fpadd.c                0x00000000   Number         0  dadd.o ABSOLUTE
    ../fplib/microlib/fpdiv.c                0x00000000   Number         0  ddiv.o ABSOLUTE
    ../fplib/microlib/fpepilogue.c           0x00000000   Number         0  depilogue.o ABSOLUTE
    ../fplib/microlib/fpfix.c                0x00000000   Number         0  dfixul.o ABSOLUTE
    ../fplib/microlib/fpfix.c                0x00000000   Number         0  dfixi.o ABSOLUTE
    ../fplib/microlib/fpflt.c                0x00000000   Number         0  dflti.o ABSOLUTE
    ../fplib/microlib/fpmul.c                0x00000000   Number         0  dmul.o ABSOLUTE
    ../fplib/microlib/fpneg.c                0x00000000   Number         0  dneg.o ABSOLUTE
    ../fplib/microlib/fpscalb.c              0x00000000   Number         0  dscalb.o ABSOLUTE
    ../fplib/microlib/fpsqrt.c               0x00000000   Number         0  dsqrt.o ABSOLUTE
    ../mathlib/dunder.c                      0x00000000   Number         0  dunder.o ABSOLUTE
    ../mathlib/fabs.c                        0x00000000   Number         0  fabs.o ABSOLUTE
    ../mathlib/fpclassify.c                  0x00000000   Number         0  fpclassify.o ABSOLUTE
    ../mathlib/poly.c                        0x00000000   Number         0  poly.o ABSOLUTE
    ../mathlib/pow.c                         0x00000000   Number         0  pow.o ABSOLUTE
    ../mathlib/pow.c                         0x00000000   Number         0  pow_x.o ABSOLUTE
    ../mathlib/qnan.c                        0x00000000   Number         0  qnan.o ABSOLUTE
    ../mathlib/sqrt.c                        0x00000000   Number         0  sqrt.o ABSOLUTE
    ../mathlib/sqrt.c                        0x00000000   Number         0  sqrt_x.o ABSOLUTE
    ..\..\Libraries\CMSIS\ST\STM32F4xx\Source\Templates\arm\startup_stm32f4xx.s 0x00000000   Number         0  startup_stm32f4xx.o ABSOLUTE
    ..\..\Libraries\STM32F4xx_StdPeriph_Driver\src\misc.c 0x00000000   Number         0  misc.o ABSOLUTE
    ..\..\Libraries\STM32F4xx_StdPeriph_Driver\src\stm32f4xx_dac.c 0x00000000   Number         0  stm32f4xx_dac.o ABSOLUTE
    ..\..\Libraries\STM32F4xx_StdPeriph_Driver\src\stm32f4xx_exti.c 0x00000000   Number         0  stm32f4xx_exti.o ABSOLUTE
    ..\..\Libraries\STM32F4xx_StdPeriph_Driver\src\stm32f4xx_gpio.c 0x00000000   Number         0  stm32f4xx_gpio.o ABSOLUTE
    ..\..\Libraries\STM32F4xx_StdPeriph_Driver\src\stm32f4xx_rcc.c 0x00000000   Number         0  stm32f4xx_rcc.o ABSOLUTE
    ..\..\Libraries\STM32F4xx_StdPeriph_Driver\src\stm32f4xx_rtc.c 0x00000000   Number         0  stm32f4xx_rtc.o ABSOLUTE
    ..\..\Libraries\STM32F4xx_StdPeriph_Driver\src\stm32f4xx_sdio.c 0x00000000   Number         0  stm32f4xx_sdio.o ABSOLUTE
    ..\..\Libraries\STM32F4xx_StdPeriph_Driver\src\stm32f4xx_syscfg.c 0x00000000   Number         0  stm32f4xx_syscfg.o ABSOLUTE
    ..\..\Libraries\STM32F4xx_StdPeriph_Driver\src\stm32f4xx_tim.c 0x00000000   Number         0  stm32f4xx_tim.o ABSOLUTE
    ..\..\Utilities\STM32F4-Discovery\stm32f4_discovery.c 0x00000000   Number         0  stm32f4_discovery.o ABSOLUTE
    ..\DAC.c                                 0x00000000   Number         0  dac.o ABSOLUTE
    ..\DDS.c                                 0x00000000   Number         0  dds.o ABSOLUTE
    ..\FreqMeter.c                           0x00000000   Number         0  freqmeter.o ABSOLUTE
    ..\LCD.c                                 0x00000000   Number         0  lcd.o ABSOLUTE
    ..\LED.c                                 0x00000000   Number         0  led.o ABSOLUTE
    ..\SWT.c                                 0x00000000   Number         0  swt.o ABSOLUTE
    ..\Sqaure.c                              0x00000000   Number         0  sqaure.o ABSOLUTE
    ..\\..\\Libraries\\STM32F4xx_StdPeriph_Driver\\src\\misc.c 0x00000000   Number         0  misc.o ABSOLUTE
    ..\\..\\Libraries\\STM32F4xx_StdPeriph_Driver\\src\\stm32f4xx_dac.c 0x00000000   Number         0  stm32f4xx_dac.o ABSOLUTE
    ..\\..\\Libraries\\STM32F4xx_StdPeriph_Driver\\src\\stm32f4xx_exti.c 0x00000000   Number         0  stm32f4xx_exti.o ABSOLUTE
    ..\\..\\Libraries\\STM32F4xx_StdPeriph_Driver\\src\\stm32f4xx_gpio.c 0x00000000   Number         0  stm32f4xx_gpio.o ABSOLUTE
    ..\\..\\Libraries\\STM32F4xx_StdPeriph_Driver\\src\\stm32f4xx_rcc.c 0x00000000   Number         0  stm32f4xx_rcc.o ABSOLUTE
    ..\\..\\Libraries\\STM32F4xx_StdPeriph_Driver\\src\\stm32f4xx_rtc.c 0x00000000   Number         0  stm32f4xx_rtc.o ABSOLUTE
    ..\\..\\Libraries\\STM32F4xx_StdPeriph_Driver\\src\\stm32f4xx_sdio.c 0x00000000   Number         0  stm32f4xx_sdio.o ABSOLUTE
    ..\\..\\Libraries\\STM32F4xx_StdPeriph_Driver\\src\\stm32f4xx_syscfg.c 0x00000000   Number         0  stm32f4xx_syscfg.o ABSOLUTE
    ..\\..\\Libraries\\STM32F4xx_StdPeriph_Driver\\src\\stm32f4xx_tim.c 0x00000000   Number         0  stm32f4xx_tim.o ABSOLUTE
    ..\\..\\Utilities\\STM32F4-Discovery\\stm32f4_discovery.c 0x00000000   Number         0  stm32f4_discovery.o ABSOLUTE
    ..\\DAC.c                                0x00000000   Number         0  dac.o ABSOLUTE
    ..\\DDS.c                                0x00000000   Number         0  dds.o ABSOLUTE
    ..\\FreqMeter.c                          0x00000000   Number         0  freqmeter.o ABSOLUTE
    ..\\LCD.c                                0x00000000   Number         0  lcd.o ABSOLUTE
    ..\\LED.c                                0x00000000   Number         0  led.o ABSOLUTE
    ..\\SWT.c                                0x00000000   Number         0  swt.o ABSOLUTE
    ..\\Sqaure.c                             0x00000000   Number         0  sqaure.o ABSOLUTE
    ..\\main_2.c                             0x00000000   Number         0  main_2.o ABSOLUTE
    ..\\stm32f4xx_it.c                       0x00000000   Number         0  stm32f4xx_it.o ABSOLUTE
    ..\\system_stm32f4xx.c                   0x00000000   Number         0  system_stm32f4xx.o ABSOLUTE
    ..\\timer.c                              0x00000000   Number         0  timer.o ABSOLUTE
    ..\main_2.c                              0x00000000   Number         0  main_2.o ABSOLUTE
    ..\stm32f4xx_it.c                        0x00000000   Number         0  stm32f4xx_it.o ABSOLUTE
    ..\system_stm32f4xx.c                    0x00000000   Number         0  system_stm32f4xx.o ABSOLUTE
    ..\timer.c                               0x00000000   Number         0  timer.o ABSOLUTE
    cdcmple.s                                0x00000000   Number         0  cdcmple.o ABSOLUTE
    cdrcmple.s                               0x00000000   Number         0  cdrcmple.o ABSOLUTE
    dc.s                                     0x00000000   Number         0  dc.o ABSOLUTE
    handlers.s                               0x00000000   Number         0  handlers.o ABSOLUTE
    init.s                                   0x00000000   Number         0  init.o ABSOLUTE
    RESET                                    0x08000000   Section      392  startup_stm32f4xx.o(RESET)
    .ARM.Collect$$$$00000000                 0x08000188   Section        0  entry.o(.ARM.Collect$$$$00000000)
    .ARM.Collect$$$$00000001                 0x08000188   Section        4  entry2.o(.ARM.Collect$$$$00000001)
    .ARM.Collect$$$$00000004                 0x0800018c   Section        4  entry5.o(.ARM.Collect$$$$00000004)
    .ARM.Collect$$$$00000008                 0x08000190   Section        0  entry7b.o(.ARM.Collect$$$$00000008)
    .ARM.Collect$$$$0000000A                 0x08000190   Section        0  entry8b.o(.ARM.Collect$$$$0000000A)
    .ARM.Collect$$$$0000000B                 0x08000190   Section        8  entry9a.o(.ARM.Collect$$$$0000000B)
    .ARM.Collect$$$$0000000D                 0x08000198   Section        0  entry10a.o(.ARM.Collect$$$$0000000D)
    .ARM.Collect$$$$0000000F                 0x08000198   Section        0  entry11a.o(.ARM.Collect$$$$0000000F)
    .ARM.Collect$$$$00002712                 0x08000198   Section        4  entry2.o(.ARM.Collect$$$$00002712)
    __lit__00000000                          0x08000198   Data           4  entry2.o(.ARM.Collect$$$$00002712)
    .text                                    0x0800019c   Section       36  startup_stm32f4xx.o(.text)
    $v0                                      0x0800019c   Number         0  startup_stm32f4xx.o(.text)
    .text                                    0x080001c0   Section        0  memcpya.o(.text)
    .text                                    0x080001e4   Section        0  dadd.o(.text)
    .text                                    0x08000332   Section        0  dmul.o(.text)
    .text                                    0x08000416   Section        0  ddiv.o(.text)
    .text                                    0x080004f4   Section        0  dfixi.o(.text)
    .text                                    0x08000532   Section        0  uidiv.o(.text)
    .text                                    0x0800055e   Section        0  llshl.o(.text)
    .text                                    0x0800057c   Section        0  llushr.o(.text)
    .text                                    0x0800059c   Section        0  llsshr.o(.text)
    .text                                    0x080005c0   Section        0  iusefp.o(.text)
    .text                                    0x080005c0   Section        0  depilogue.o(.text)
    .text                                    0x0800067e   Section        0  dscalb.o(.text)
    .text                                    0x080006ac   Section        0  dflti.o(.text)
    .text                                    0x080006d0   Section       40  cdrcmple.o(.text)
    .text                                    0x080006f8   Section       36  init.o(.text)
    .text                                    0x0800071c   Section        0  dsqrt.o(.text)
    i.BTN_Init                               0x080007c0   Section        0  swt.o(i.BTN_Init)
    i.BusFault_Handler                       0x08000800   Section        0  stm32f4xx_it.o(i.BusFault_Handler)
    i.DAC_Ch1_NoiseConfig                    0x08000804   Section        0  dac.o(i.DAC_Ch1_NoiseConfig)
    i.DAC_Ch2_TriangleConfig                 0x08000838   Section        0  dac.o(i.DAC_Ch2_TriangleConfig)
    i.DAC_Cmd                                0x0800086c   Section        0  stm32f4xx_dac.o(i.DAC_Cmd)
    i.DAC_DeInit                             0x08000894   Section        0  stm32f4xx_dac.o(i.DAC_DeInit)
    i.DAC_Init                               0x080008ac   Section        0  stm32f4xx_dac.o(i.DAC_Init)
    i.DAC_SetChannel1Data                    0x080008e0   Section        0  stm32f4xx_dac.o(i.DAC_SetChannel1Data)
    i.DAC_SetChannel2Data                    0x08000900   Section        0  stm32f4xx_dac.o(i.DAC_SetChannel2Data)
    i.DACs_Init                              0x08000920   Section        0  dac.o(i.DACs_Init)
    i.DDS_Default_Init                       0x0800095c   Section        0  dds.o(i.DDS_Default_Init)
    i.DDS_Init                               0x080009b0   Section        0  dds.o(i.DDS_Init)
    i.DDS_Set                                0x08000a10   Section        0  dds.o(i.DDS_Set)
    i.DDS_Write_Data                         0x08000af0   Section        0  dds.o(i.DDS_Write_Data)
    i.Data_Low                               0x08000b04   Section        0  dds.o(i.Data_Low)
    i.DebugMon_Handler                       0x08000b18   Section        0  stm32f4xx_it.o(i.DebugMon_Handler)
    i.Delay                                  0x08000b1c   Section        0  main_2.o(i.Delay)
    i.EXTI0_IRQHandler                       0x08000b34   Section        0  main_2.o(i.EXTI0_IRQHandler)
    i.EXTI_ClearITPendingBit                 0x08000b9c   Section        0  stm32f4xx_exti.o(i.EXTI_ClearITPendingBit)
    i.EXTI_Init                              0x08000ba8   Section        0  stm32f4xx_exti.o(i.EXTI_Init)
    i.Freq_Meter_Init                        0x08000c3c   Section        0  freqmeter.o(i.Freq_Meter_Init)
    i.GPIO_Init                              0x08000c90   Section        0  stm32f4xx_gpio.o(i.GPIO_Init)
    i.GPIO_PinAFConfig                       0x08000d20   Section        0  stm32f4xx_gpio.o(i.GPIO_PinAFConfig)
    i.HardFault_Handler                      0x08000d66   Section        0  stm32f4xx_it.o(i.HardFault_Handler)
    i.LCD_Clear                              0x08000d6a   Section        0  lcd.o(i.LCD_Clear)
    i.LCD_Clk                                0x08000d7e   Section        0  lcd.o(i.LCD_Clk)
    i.LCD_DataClear                          0x08000d90   Section        0  lcd.o(i.LCD_DataClear)
    i.LCD_DataWrite                          0x08000d9c   Section        0  lcd.o(i.LCD_DataWrite)
    i.LCD_DriverOn                           0x08000da8   Section        0  lcd.o(i.LCD_DriverOn)
    i.LCD_Eoff                               0x08000db8   Section        0  lcd.o(i.LCD_Eoff)
    i.LCD_Eon                                0x08000dc4   Section        0  lcd.o(i.LCD_Eon)
    i.LCD_GotoXY                             0x08000dd0   Section        0  lcd.o(i.LCD_GotoXY)
    i.LCD_Init                               0x08000e02   Section        0  lcd.o(i.LCD_Init)
    i.LCD_Initpins                           0x08000e6c   Section        0  lcd.o(i.LCD_Initpins)
    i.LCD_On                                 0x08000f98   Section        0  lcd.o(i.LCD_On)
    i.LCD_PutS                               0x08000fb0   Section        0  lcd.o(i.LCD_PutS)
    i.LCD_RSoff                              0x08000fd0   Section        0  lcd.o(i.LCD_RSoff)
    i.LCD_RSon                               0x08000fdc   Section        0  lcd.o(i.LCD_RSon)
    i.LCD_RWoff                              0x08000fe8   Section        0  lcd.o(i.LCD_RWoff)
    i.LCD_Write                              0x08000ff4   Section        0  lcd.o(i.LCD_Write)
    i.MemManage_Handler                      0x08001028   Section        0  stm32f4xx_it.o(i.MemManage_Handler)
    i.NMI_Handler                            0x0800102c   Section        0  stm32f4xx_it.o(i.NMI_Handler)
    i.NVIC_Init                              0x08001030   Section        0  misc.o(i.NVIC_Init)
    i.PendSV_Handler                         0x080010a8   Section        0  stm32f4xx_it.o(i.PendSV_Handler)
    i.Pulse_Clock                            0x080010ac   Section        0  dds.o(i.Pulse_Clock)
    i.Pulse_Frequency                        0x080010d4   Section        0  dds.o(i.Pulse_Frequency)
    i.RCC_AHB1PeriphClockCmd                 0x080010fc   Section        0  stm32f4xx_rcc.o(i.RCC_AHB1PeriphClockCmd)
    i.RCC_APB1PeriphClockCmd                 0x0800111c   Section        0  stm32f4xx_rcc.o(i.RCC_APB1PeriphClockCmd)
    i.RCC_APB1PeriphResetCmd                 0x0800113c   Section        0  stm32f4xx_rcc.o(i.RCC_APB1PeriphResetCmd)
    i.RCC_APB2PeriphClockCmd                 0x0800115c   Section        0  stm32f4xx_rcc.o(i.RCC_APB2PeriphClockCmd)
    i.RCC_GetClocksFreq                      0x0800117c   Section        0  stm32f4xx_rcc.o(i.RCC_GetClocksFreq)
    i.STM_EVAL_PBInit                        0x08001264   Section        0  stm32f4_discovery.o(i.STM_EVAL_PBInit)
    i.SVC_Handler                            0x0800130c   Section        0  stm32f4xx_it.o(i.SVC_Handler)
    i.SWTS_Init                              0x08001310   Section        0  swt.o(i.SWTS_Init)
    i.SWT_Get                                0x08001350   Section        0  swt.o(i.SWT_Get)
    i.SYSCFG_EXTILineConfig                  0x0800135c   Section        0  stm32f4xx_syscfg.o(i.SYSCFG_EXTILineConfig)
    i.SetSysClock                            0x0800139c   Section        0  system_stm32f4xx.o(i.SetSysClock)
    SetSysClock                              0x0800139d   Thumb Code   218  system_stm32f4xx.o(i.SetSysClock)
    i.SysTick_Handler                        0x08001488   Section        0  main_2.o(i.SysTick_Handler)
    i.SystemCoreClockUpdate                  0x08001498   Section        0  system_stm32f4xx.o(i.SystemCoreClockUpdate)
    i.SystemInit                             0x08001558   Section        0  system_stm32f4xx.o(i.SystemInit)
    i.TI1_Config                             0x080015c0   Section        0  stm32f4xx_tim.o(i.TI1_Config)
    TI1_Config                               0x080015c1   Thumb Code    58  stm32f4xx_tim.o(i.TI1_Config)
    i.TI2_Config                             0x080015fa   Section        0  stm32f4xx_tim.o(i.TI2_Config)
    TI2_Config                               0x080015fb   Thumb Code    80  stm32f4xx_tim.o(i.TI2_Config)
    i.TIM3_IRQHandler                        0x0800164c   Section        0  timer.o(i.TIM3_IRQHandler)
    i.TIM4_IRQHandler                        0x08001680   Section        0  freqmeter.o(i.TIM4_IRQHandler)
    i.TIM6_Config                            0x080016e4   Section        0  dac.o(i.TIM6_Config)
    i.TIM_ClearITPendingBit                  0x08001724   Section        0  stm32f4xx_tim.o(i.TIM_ClearITPendingBit)
    i.TIM_Cmd                                0x0800172a   Section        0  stm32f4xx_tim.o(i.TIM_Cmd)
    i.TIM_Config                             0x08001744   Section        0  freqmeter.o(i.TIM_Config)
    i.TIM_GetCapture1                        0x080017a8   Section        0  stm32f4xx_tim.o(i.TIM_GetCapture1)
    i.TIM_GetCapture2                        0x080017ae   Section        0  stm32f4xx_tim.o(i.TIM_GetCapture2)
    i.TIM_GetITStatus                        0x080017b4   Section        0  stm32f4xx_tim.o(i.TIM_GetITStatus)
    i.TIM_ITConfig                           0x080017d6   Section        0  stm32f4xx_tim.o(i.TIM_ITConfig)
    i.TIM_PWMIConfig                         0x080017e8   Section        0  stm32f4xx_tim.o(i.TIM_PWMIConfig)
    i.TIM_SelectInputTrigger                 0x08001864   Section        0  stm32f4xx_tim.o(i.TIM_SelectInputTrigger)
    i.TIM_SelectMasterSlaveMode              0x08001876   Section        0  stm32f4xx_tim.o(i.TIM_SelectMasterSlaveMode)
    i.TIM_SelectOutputTrigger                0x08001888   Section        0  stm32f4xx_tim.o(i.TIM_SelectOutputTrigger)
    i.TIM_SelectSlaveMode                    0x0800189a   Section        0  stm32f4xx_tim.o(i.TIM_SelectSlaveMode)
    i.TIM_SetIC1Prescaler                    0x080018ac   Section        0  stm32f4xx_tim.o(i.TIM_SetIC1Prescaler)
    i.TIM_SetIC2Prescaler                    0x080018be   Section        0  stm32f4xx_tim.o(i.TIM_SetIC2Prescaler)
    i.TIM_TimeBaseInit                       0x080018d8   Section        0  stm32f4xx_tim.o(i.TIM_TimeBaseInit)
    i.TIM_TimeBaseStructInit                 0x0800195c   Section        0  stm32f4xx_tim.o(i.TIM_TimeBaseStructInit)
    i.UsageFault_Handler                     0x0800196e   Section        0  stm32f4xx_it.o(i.UsageFault_Handler)
    i.__0sprintf$1                           0x08001974   Section        0  printf1.o(i.__0sprintf$1)
    i.__ARM_fpclassify                       0x0800199c   Section        0  fpclassify.o(i.__ARM_fpclassify)
    i.__hardfp_pow                           0x080019d0   Section        0  pow.o(i.__hardfp_pow)
    i.__kernel_poly                          0x08002660   Section        0  poly.o(i.__kernel_poly)
    i.__mathlib_dbl_underflow                0x08002758   Section        0  dunder.o(i.__mathlib_dbl_underflow)
    i.__scatterload_copy                     0x08002778   Section       14  handlers.o(i.__scatterload_copy)
    i.__scatterload_null                     0x08002786   Section        2  handlers.o(i.__scatterload_null)
    i.__scatterload_zeroinit                 0x08002788   Section       14  handlers.o(i.__scatterload_zeroinit)
    i.__set_errno                            0x08002798   Section        0  errno.o(i.__set_errno)
    i._printf_core                           0x080027a4   Section        0  printf1.o(i._printf_core)
    _printf_core                             0x080027a5   Thumb Code   334  printf1.o(i._printf_core)
    i._sputc                                 0x080028f8   Section        0  printf1.o(i._sputc)
    _sputc                                   0x080028f9   Thumb Code    10  printf1.o(i._sputc)
    i.fabs                                   0x08002902   Section        0  fabs.o(i.fabs)
    i.main                                   0x08002924   Section        0  main_2.o(i.main)
    i.sqrt                                   0x08002d34   Section        0  sqrt.o(i.sqrt)
    .constdata                               0x08002da4   Section      160  dds.o(.constdata)
    .constdata                               0x08002e44   Section       44  lcd.o(.constdata)
    .constdata                               0x08002e70   Section       37  stm32f4_discovery.o(.constdata)
    .constdata                               0x08002e98   Section      136  pow.o(.constdata)
    bp                                       0x08002e98   Data          16  pow.o(.constdata)
    dp_h                                     0x08002ea8   Data          16  pow.o(.constdata)
    dp_l                                     0x08002eb8   Data          16  pow.o(.constdata)
    L                                        0x08002ec8   Data          48  pow.o(.constdata)
    P                                        0x08002ef8   Data          40  pow.o(.constdata)
    .constdata                               0x08002f20   Section        8  qnan.o(.constdata)
    .data                                    0x20000000   Section       20  system_stm32f4xx.o(.data)
    .data                                    0x20000014   Section        8  timer.o(.data)
    .data                                    0x20000020   Section       24  main_2.o(.data)
    .data                                    0x20000038   Section        6  freqmeter.o(.data)
    .data                                    0x20000040   Section       24  stm32f4_discovery.o(.data)
    .data                                    0x20000058   Section       16  stm32f4xx_rcc.o(.data)
    APBAHBPrescTable                         0x20000058   Data          16  stm32f4xx_rcc.o(.data)
    .data                                    0x20000068   Section        4  errno.o(.data)
    _errno                                   0x20000068   Data           4  errno.o(.data)
    .bss                                     0x2000006c   Section       16  dac.o(.bss)
    .bss                                     0x2000007c   Section       10  freqmeter.o(.bss)
    STACK                                    0x20000088   Section    130816  startup_stm32f4xx.o(STACK)

    Global Symbols

    Symbol Name                              Value     Ov Type        Size  Object(Section)

    BuildAttributes$$THM_ISAv4$E$P$D$K$B$S$7EM$VFPi3$EXTD16$VFPS$VFMA$PE$A:L22UL41UL21$X:L11$S22US41US21$IEEE1$IW$USESV6$~STKCKD$USESV7$~SHL$OTIME$ROPI$IEEEX$EBA8$MICROLIB$REQ8$PRES8$EABIv2 0x00000000   Number         0  anon$$obj.o ABSOLUTE
    __ARM_use_no_argv                        0x00000000   Number         0  main_2.o ABSOLUTE
    _printf_a                                0x00000000   Number         0  stubs.o ABSOLUTE
    _printf_c                                0x00000000   Number         0  stubs.o ABSOLUTE
    _printf_charcount                        0x00000000   Number         0  stubs.o ABSOLUTE
    _printf_d                                0x00000000   Number         0  stubs.o ABSOLUTE
    _printf_e                                0x00000000   Number         0  stubs.o ABSOLUTE
    _printf_f                                0x00000000   Number         0  stubs.o ABSOLUTE
    _printf_flags                            0x00000000   Number         0  stubs.o ABSOLUTE
    _printf_fp_dec                           0x00000000   Number         0  stubs.o ABSOLUTE
    _printf_fp_hex                           0x00000000   Number         0  stubs.o ABSOLUTE
    _printf_g                                0x00000000   Number         0  stubs.o ABSOLUTE
    _printf_i                                0x00000000   Number         0  stubs.o ABSOLUTE
    _printf_int_dec                          0x00000000   Number         0  stubs.o ABSOLUTE
    _printf_l                                0x00000000   Number         0  stubs.o ABSOLUTE
    _printf_lc                               0x00000000   Number         0  stubs.o ABSOLUTE
    _printf_ll                               0x00000000   Number         0  stubs.o ABSOLUTE
    _printf_lld                              0x00000000   Number         0  stubs.o ABSOLUTE
    _printf_lli                              0x00000000   Number         0  stubs.o ABSOLUTE
    _printf_llo                              0x00000000   Number         0  stubs.o ABSOLUTE
    _printf_llu                              0x00000000   Number         0  stubs.o ABSOLUTE
    _printf_llx                              0x00000000   Number         0  stubs.o ABSOLUTE
    _printf_longlong_dec                     0x00000000   Number         0  stubs.o ABSOLUTE
    _printf_longlong_hex                     0x00000000   Number         0  stubs.o ABSOLUTE
    _printf_longlong_oct                     0x00000000   Number         0  stubs.o ABSOLUTE
    _printf_ls                               0x00000000   Number         0  stubs.o ABSOLUTE
    _printf_mbtowc                           0x00000000   Number         0  stubs.o ABSOLUTE
    _printf_n                                0x00000000   Number         0  stubs.o ABSOLUTE
    _printf_o                                0x00000000   Number         0  stubs.o ABSOLUTE
    _printf_p                                0x00000000   Number         0  stubs.o ABSOLUTE
    _printf_percent                          0x00000000   Number         0  stubs.o ABSOLUTE
    _printf_pre_padding                      0x00000000   Number         0  stubs.o ABSOLUTE
    _printf_return_value                     0x00000000   Number         0  stubs.o ABSOLUTE
    _printf_s                                0x00000000   Number         0  stubs.o ABSOLUTE
    _printf_sizespec                         0x00000000   Number         0  stubs.o ABSOLUTE
    _printf_str                              0x00000000   Number         0  stubs.o ABSOLUTE
    _printf_truncate_signed                  0x00000000   Number         0  stubs.o ABSOLUTE
    _printf_truncate_unsigned                0x00000000   Number         0  stubs.o ABSOLUTE
    _printf_u                                0x00000000   Number         0  stubs.o ABSOLUTE
    _printf_wc                               0x00000000   Number         0  stubs.o ABSOLUTE
    _printf_wctomb                           0x00000000   Number         0  stubs.o ABSOLUTE
    _printf_widthprec                        0x00000000   Number         0  stubs.o ABSOLUTE
    _printf_x                                0x00000000   Number         0  stubs.o ABSOLUTE
    __cpp_initialize__aeabi_                  - Undefined Weak Reference
    __cxa_finalize                            - Undefined Weak Reference
    __decompress                              - Undefined Weak Reference
    _clock_init                               - Undefined Weak Reference
    _microlib_exit                            - Undefined Weak Reference
    __Vectors_Size                           0x00000188   Number         0  startup_stm32f4xx.o ABSOLUTE
    __Vectors                                0x08000000   Data           4  startup_stm32f4xx.o(RESET)
    __Vectors_End                            0x08000188   Data           0  startup_stm32f4xx.o(RESET)
    __main                                   0x08000189   Thumb Code     0  entry.o(.ARM.Collect$$$$00000000)
    _main_stk                                0x08000189   Thumb Code     0  entry2.o(.ARM.Collect$$$$00000001)
    _main_scatterload                        0x0800018d   Thumb Code     0  entry5.o(.ARM.Collect$$$$00000004)
    __main_after_scatterload                 0x08000191   Thumb Code     0  entry5.o(.ARM.Collect$$$$00000004)
    _main_clock                              0x08000191   Thumb Code     0  entry7b.o(.ARM.Collect$$$$00000008)
    _main_cpp_init                           0x08000191   Thumb Code     0  entry8b.o(.ARM.Collect$$$$0000000A)
    _main_init                               0x08000191   Thumb Code     0  entry9a.o(.ARM.Collect$$$$0000000B)
    __rt_final_cpp                           0x08000199   Thumb Code     0  entry10a.o(.ARM.Collect$$$$0000000D)
    __rt_final_exit                          0x08000199   Thumb Code     0  entry11a.o(.ARM.Collect$$$$0000000F)
    Reset_Handler                            0x0800019d   Thumb Code     8  startup_stm32f4xx.o(.text)
    ADC_IRQHandler                           0x080001b7   Thumb Code     0  startup_stm32f4xx.o(.text)
    CAN1_RX0_IRQHandler                      0x080001b7   Thumb Code     0  startup_stm32f4xx.o(.text)
    CAN1_RX1_IRQHandler                      0x080001b7   Thumb Code     0  startup_stm32f4xx.o(.text)
    CAN1_SCE_IRQHandler                      0x080001b7   Thumb Code     0  startup_stm32f4xx.o(.text)
    CAN1_TX_IRQHandler                       0x080001b7   Thumb Code     0  startup_stm32f4xx.o(.text)
    CAN2_RX0_IRQHandler                      0x080001b7   Thumb Code     0  startup_stm32f4xx.o(.text)
    CAN2_RX1_IRQHandler                      0x080001b7   Thumb Code     0  startup_stm32f4xx.o(.text)
    CAN2_SCE_IRQHandler                      0x080001b7   Thumb Code     0  startup_stm32f4xx.o(.text)
    CAN2_TX_IRQHandler                       0x080001b7   Thumb Code     0  startup_stm32f4xx.o(.text)
    CRYP_IRQHandler                          0x080001b7   Thumb Code     0  startup_stm32f4xx.o(.text)
    DCMI_IRQHandler                          0x080001b7   Thumb Code     0  startup_stm32f4xx.o(.text)
    DMA1_Stream0_IRQHandler                  0x080001b7   Thumb Code     0  startup_stm32f4xx.o(.text)
    DMA1_Stream1_IRQHandler                  0x080001b7   Thumb Code     0  startup_stm32f4xx.o(.text)
    DMA1_Stream2_IRQHandler                  0x080001b7   Thumb Code     0  startup_stm32f4xx.o(.text)
    DMA1_Stream3_IRQHandler                  0x080001b7   Thumb Code     0  startup_stm32f4xx.o(.text)
    DMA1_Stream4_IRQHandler                  0x080001b7   Thumb Code     0  startup_stm32f4xx.o(.text)
    DMA1_Stream5_IRQHandler                  0x080001b7   Thumb Code     0  startup_stm32f4xx.o(.text)
    DMA1_Stream6_IRQHandler                  0x080001b7   Thumb Code     0  startup_stm32f4xx.o(.text)
    DMA1_Stream7_IRQHandler                  0x080001b7   Thumb Code     0  startup_stm32f4xx.o(.text)
    DMA2_Stream0_IRQHandler                  0x080001b7   Thumb Code     0  startup_stm32f4xx.o(.text)
    DMA2_Stream1_IRQHandler                  0x080001b7   Thumb Code     0  startup_stm32f4xx.o(.text)
    DMA2_Stream2_IRQHandler                  0x080001b7   Thumb Code     0  startup_stm32f4xx.o(.text)
    DMA2_Stream3_IRQHandler                  0x080001b7   Thumb Code     0  startup_stm32f4xx.o(.text)
    DMA2_Stream4_IRQHandler                  0x080001b7   Thumb Code     0  startup_stm32f4xx.o(.text)
    DMA2_Stream5_IRQHandler                  0x080001b7   Thumb Code     0  startup_stm32f4xx.o(.text)
    DMA2_Stream6_IRQHandler                  0x080001b7   Thumb Code     0  startup_stm32f4xx.o(.text)
    DMA2_Stream7_IRQHandler                  0x080001b7   Thumb Code     0  startup_stm32f4xx.o(.text)
    ETH_IRQHandler                           0x080001b7   Thumb Code     0  startup_stm32f4xx.o(.text)
    ETH_WKUP_IRQHandler                      0x080001b7   Thumb Code     0  startup_stm32f4xx.o(.text)
    EXTI15_10_IRQHandler                     0x080001b7   Thumb Code     0  startup_stm32f4xx.o(.text)
    EXTI1_IRQHandler                         0x080001b7   Thumb Code     0  startup_stm32f4xx.o(.text)
    EXTI2_IRQHandler                         0x080001b7   Thumb Code     0  startup_stm32f4xx.o(.text)
    EXTI3_IRQHandler                         0x080001b7   Thumb Code     0  startup_stm32f4xx.o(.text)
    EXTI4_IRQHandler                         0x080001b7   Thumb Code     0  startup_stm32f4xx.o(.text)
    EXTI9_5_IRQHandler                       0x080001b7   Thumb Code     0  startup_stm32f4xx.o(.text)
    FLASH_IRQHandler                         0x080001b7   Thumb Code     0  startup_stm32f4xx.o(.text)
    FPU_IRQHandler                           0x080001b7   Thumb Code     0  startup_stm32f4xx.o(.text)
    FSMC_IRQHandler                          0x080001b7   Thumb Code     0  startup_stm32f4xx.o(.text)
    HASH_RNG_IRQHandler                      0x080001b7   Thumb Code     0  startup_stm32f4xx.o(.text)
    I2C1_ER_IRQHandler                       0x080001b7   Thumb Code     0  startup_stm32f4xx.o(.text)
    I2C1_EV_IRQHandler                       0x080001b7   Thumb Code     0  startup_stm32f4xx.o(.text)
    I2C2_ER_IRQHandler                       0x080001b7   Thumb Code     0  startup_stm32f4xx.o(.text)
    I2C2_EV_IRQHandler                       0x080001b7   Thumb Code     0  startup_stm32f4xx.o(.text)
    I2C3_ER_IRQHandler                       0x080001b7   Thumb Code     0  startup_stm32f4xx.o(.text)
    I2C3_EV_IRQHandler                       0x080001b7   Thumb Code     0  startup_stm32f4xx.o(.text)
    OTG_FS_IRQHandler                        0x080001b7   Thumb Code     0  startup_stm32f4xx.o(.text)
    OTG_FS_WKUP_IRQHandler                   0x080001b7   Thumb Code     0  startup_stm32f4xx.o(.text)
    OTG_HS_EP1_IN_IRQHandler                 0x080001b7   Thumb Code     0  startup_stm32f4xx.o(.text)
    OTG_HS_EP1_OUT_IRQHandler                0x080001b7   Thumb Code     0  startup_stm32f4xx.o(.text)
    OTG_HS_IRQHandler                        0x080001b7   Thumb Code     0  startup_stm32f4xx.o(.text)
    OTG_HS_WKUP_IRQHandler                   0x080001b7   Thumb Code     0  startup_stm32f4xx.o(.text)
    PVD_IRQHandler                           0x080001b7   Thumb Code     0  startup_stm32f4xx.o(.text)
    RCC_IRQHandler                           0x080001b7   Thumb Code     0  startup_stm32f4xx.o(.text)
    RTC_Alarm_IRQHandler                     0x080001b7   Thumb Code     0  startup_stm32f4xx.o(.text)
    RTC_WKUP_IRQHandler                      0x080001b7   Thumb Code     0  startup_stm32f4xx.o(.text)
    SDIO_IRQHandler                          0x080001b7   Thumb Code     0  startup_stm32f4xx.o(.text)
    SPI1_IRQHandler                          0x080001b7   Thumb Code     0  startup_stm32f4xx.o(.text)
    SPI2_IRQHandler                          0x080001b7   Thumb Code     0  startup_stm32f4xx.o(.text)
    SPI3_IRQHandler                          0x080001b7   Thumb Code     0  startup_stm32f4xx.o(.text)
    TAMP_STAMP_IRQHandler                    0x080001b7   Thumb Code     0  startup_stm32f4xx.o(.text)
    TIM1_BRK_TIM9_IRQHandler                 0x080001b7   Thumb Code     0  startup_stm32f4xx.o(.text)
    TIM1_CC_IRQHandler                       0x080001b7   Thumb Code     0  startup_stm32f4xx.o(.text)
    TIM1_TRG_COM_TIM11_IRQHandler            0x080001b7   Thumb Code     0  startup_stm32f4xx.o(.text)
    TIM1_UP_TIM10_IRQHandler                 0x080001b7   Thumb Code     0  startup_stm32f4xx.o(.text)
    TIM2_IRQHandler                          0x080001b7   Thumb Code     0  startup_stm32f4xx.o(.text)
    TIM5_IRQHandler                          0x080001b7   Thumb Code     0  startup_stm32f4xx.o(.text)
    TIM6_DAC_IRQHandler                      0x080001b7   Thumb Code     0  startup_stm32f4xx.o(.text)
    TIM7_IRQHandler                          0x080001b7   Thumb Code     0  startup_stm32f4xx.o(.text)
    TIM8_BRK_TIM12_IRQHandler                0x080001b7   Thumb Code     0  startup_stm32f4xx.o(.text)
    TIM8_CC_IRQHandler                       0x080001b7   Thumb Code     0  startup_stm32f4xx.o(.text)
    TIM8_TRG_COM_TIM14_IRQHandler            0x080001b7   Thumb Code     0  startup_stm32f4xx.o(.text)
    TIM8_UP_TIM13_IRQHandler                 0x080001b7   Thumb Code     0  startup_stm32f4xx.o(.text)
    UART4_IRQHandler                         0x080001b7   Thumb Code     0  startup_stm32f4xx.o(.text)
    UART5_IRQHandler                         0x080001b7   Thumb Code     0  startup_stm32f4xx.o(.text)
    USART1_IRQHandler                        0x080001b7   Thumb Code     0  startup_stm32f4xx.o(.text)
    USART2_IRQHandler                        0x080001b7   Thumb Code     0  startup_stm32f4xx.o(.text)
    USART3_IRQHandler                        0x080001b7   Thumb Code     0  startup_stm32f4xx.o(.text)
    USART6_IRQHandler                        0x080001b7   Thumb Code     0  startup_stm32f4xx.o(.text)
    WWDG_IRQHandler                          0x080001b7   Thumb Code     0  startup_stm32f4xx.o(.text)
    __aeabi_memcpy                           0x080001c1   Thumb Code    36  memcpya.o(.text)
    __aeabi_memcpy4                          0x080001c1   Thumb Code     0  memcpya.o(.text)
    __aeabi_memcpy8                          0x080001c1   Thumb Code     0  memcpya.o(.text)
    __aeabi_dadd                             0x080001e5   Thumb Code   322  dadd.o(.text)
    __aeabi_dsub                             0x08000327   Thumb Code     6  dadd.o(.text)
    __aeabi_drsub                            0x0800032d   Thumb Code     6  dadd.o(.text)
    __aeabi_dmul                             0x08000333   Thumb Code   228  dmul.o(.text)
    __aeabi_ddiv                             0x08000417   Thumb Code   222  ddiv.o(.text)
    __aeabi_d2iz                             0x080004f5   Thumb Code    62  dfixi.o(.text)
    __aeabi_uidiv                            0x08000533   Thumb Code     0  uidiv.o(.text)
    __aeabi_uidivmod                         0x08000533   Thumb Code    44  uidiv.o(.text)
    __aeabi_llsl                             0x0800055f   Thumb Code    30  llshl.o(.text)
    _ll_shift_l                              0x0800055f   Thumb Code     0  llshl.o(.text)
    __aeabi_llsr                             0x0800057d   Thumb Code    32  llushr.o(.text)
    _ll_ushift_r                             0x0800057d   Thumb Code     0  llushr.o(.text)
    __aeabi_lasr                             0x0800059d   Thumb Code    36  llsshr.o(.text)
    _ll_sshift_r                             0x0800059d   Thumb Code     0  llsshr.o(.text)
    __I$use$fp                               0x080005c1   Thumb Code     0  iusefp.o(.text)
    _double_round                            0x080005c1   Thumb Code    26  depilogue.o(.text)
    _double_epilogue                         0x080005db   Thumb Code   164  depilogue.o(.text)
    __ARM_scalbn                             0x0800067f   Thumb Code    46  dscalb.o(.text)
    scalbn                                   0x0800067f   Thumb Code     0  dscalb.o(.text)
    __aeabi_i2d                              0x080006ad   Thumb Code    34  dflti.o(.text)
    __aeabi_cdrcmple                         0x080006d1   Thumb Code    38  cdrcmple.o(.text)
    __scatterload                            0x080006f9   Thumb Code    28  init.o(.text)
    __scatterload_rt2                        0x080006f9   Thumb Code     0  init.o(.text)
    _dsqrt                                   0x0800071d   Thumb Code   162  dsqrt.o(.text)
    BTN_Init                                 0x080007c1   Thumb Code    56  swt.o(i.BTN_Init)
    BusFault_Handler                         0x08000801   Thumb Code     4  stm32f4xx_it.o(i.BusFault_Handler)
    DAC_Ch1_NoiseConfig                      0x08000805   Thumb Code    46  dac.o(i.DAC_Ch1_NoiseConfig)
    DAC_Ch2_TriangleConfig                   0x08000839   Thumb Code    48  dac.o(i.DAC_Ch2_TriangleConfig)
    DAC_Cmd                                  0x0800086d   Thumb Code    34  stm32f4xx_dac.o(i.DAC_Cmd)
    DAC_DeInit                               0x08000895   Thumb Code    22  stm32f4xx_dac.o(i.DAC_DeInit)
    DAC_Init                                 0x080008ad   Thumb Code    46  stm32f4xx_dac.o(i.DAC_Init)
    DAC_SetChannel1Data                      0x080008e1   Thumb Code    26  stm32f4xx_dac.o(i.DAC_SetChannel1Data)
    DAC_SetChannel2Data                      0x08000901   Thumb Code    26  stm32f4xx_dac.o(i.DAC_SetChannel2Data)
    DACs_Init                                0x08000921   Thumb Code    52  dac.o(i.DACs_Init)
    DDS_Default_Init                         0x0800095d   Thumb Code    80  dds.o(i.DDS_Default_Init)
    DDS_Init                                 0x080009b1   Thumb Code    86  dds.o(i.DDS_Init)
    DDS_Set                                  0x08000a11   Thumb Code   200  dds.o(i.DDS_Set)
    DDS_Write_Data                           0x08000af1   Thumb Code    14  dds.o(i.DDS_Write_Data)
    Data_Low                                 0x08000b05   Thumb Code    14  dds.o(i.Data_Low)
    DebugMon_Handler                         0x08000b19   Thumb Code     2  stm32f4xx_it.o(i.DebugMon_Handler)
    Delay                                    0x08000b1d   Thumb Code    18  main_2.o(i.Delay)
    EXTI0_IRQHandler                         0x08000b35   Thumb Code    84  main_2.o(i.EXTI0_IRQHandler)
    EXTI_ClearITPendingBit                   0x08000b9d   Thumb Code     6  stm32f4xx_exti.o(i.EXTI_ClearITPendingBit)
    EXTI_Init                                0x08000ba9   Thumb Code   142  stm32f4xx_exti.o(i.EXTI_Init)
    Freq_Meter_Init                          0x08000c3d   Thumb Code    76  freqmeter.o(i.Freq_Meter_Init)
    GPIO_Init                                0x08000c91   Thumb Code   144  stm32f4xx_gpio.o(i.GPIO_Init)
    GPIO_PinAFConfig                         0x08000d21   Thumb Code    70  stm32f4xx_gpio.o(i.GPIO_PinAFConfig)
    HardFault_Handler                        0x08000d67   Thumb Code     4  stm32f4xx_it.o(i.HardFault_Handler)
    LCD_Clear                                0x08000d6b   Thumb Code    20  lcd.o(i.LCD_Clear)
    LCD_Clk                                  0x08000d7f   Thumb Code    18  lcd.o(i.LCD_Clk)
    LCD_DataClear                            0x08000d91   Thumb Code     8  lcd.o(i.LCD_DataClear)
    LCD_DataWrite                            0x08000d9d   Thumb Code     6  lcd.o(i.LCD_DataWrite)
    LCD_DriverOn                             0x08000da9   Thumb Code    10  lcd.o(i.LCD_DriverOn)
    LCD_Eoff                                 0x08000db9   Thumb Code     8  lcd.o(i.LCD_Eoff)
    LCD_Eon                                  0x08000dc5   Thumb Code     8  lcd.o(i.LCD_Eon)
    LCD_GotoXY                               0x08000dd1   Thumb Code    50  lcd.o(i.LCD_GotoXY)
    LCD_Init                                 0x08000e03   Thumb Code   106  lcd.o(i.LCD_Init)
    LCD_Initpins                             0x08000e6d   Thumb Code   282  lcd.o(i.LCD_Initpins)
    LCD_On                                   0x08000f99   Thumb Code    16  lcd.o(i.LCD_On)
    LCD_PutS                                 0x08000fb1   Thumb Code    32  lcd.o(i.LCD_PutS)
    LCD_RSoff                                0x08000fd1   Thumb Code     8  lcd.o(i.LCD_RSoff)
    LCD_RSon                                 0x08000fdd   Thumb Code     8  lcd.o(i.LCD_RSon)
    LCD_RWoff                                0x08000fe9   Thumb Code     8  lcd.o(i.LCD_RWoff)
    LCD_Write                                0x08000ff5   Thumb Code    52  lcd.o(i.LCD_Write)
    MemManage_Handler                        0x08001029   Thumb Code     4  stm32f4xx_it.o(i.MemManage_Handler)
    NMI_Handler                              0x0800102d   Thumb Code     2  stm32f4xx_it.o(i.NMI_Handler)
    NVIC_Init                                0x08001031   Thumb Code   108  misc.o(i.NVIC_Init)
    PendSV_Handler                           0x080010a9   Thumb Code     2  stm32f4xx_it.o(i.PendSV_Handler)
    Pulse_Clock                              0x080010ad   Thumb Code    34  dds.o(i.Pulse_Clock)
    Pulse_Frequency                          0x080010d5   Thumb Code    34  dds.o(i.Pulse_Frequency)
    RCC_AHB1PeriphClockCmd                   0x080010fd   Thumb Code    26  stm32f4xx_rcc.o(i.RCC_AHB1PeriphClockCmd)
    RCC_APB1PeriphClockCmd                   0x0800111d   Thumb Code    26  stm32f4xx_rcc.o(i.RCC_APB1PeriphClockCmd)
    RCC_APB1PeriphResetCmd                   0x0800113d   Thumb Code    26  stm32f4xx_rcc.o(i.RCC_APB1PeriphResetCmd)
    RCC_APB2PeriphClockCmd                   0x0800115d   Thumb Code    26  stm32f4xx_rcc.o(i.RCC_APB2PeriphClockCmd)
    RCC_GetClocksFreq                        0x0800117d   Thumb Code   214  stm32f4xx_rcc.o(i.RCC_GetClocksFreq)
    STM_EVAL_PBInit                          0x08001265   Thumb Code   140  stm32f4_discovery.o(i.STM_EVAL_PBInit)
    SVC_Handler                              0x0800130d   Thumb Code     2  stm32f4xx_it.o(i.SVC_Handler)
    SWTS_Init                                0x08001311   Thumb Code    52  swt.o(i.SWTS_Init)
    SWT_Get                                  0x08001351   Thumb Code     6  swt.o(i.SWT_Get)
    SYSCFG_EXTILineConfig                    0x0800135d   Thumb Code    60  stm32f4xx_syscfg.o(i.SYSCFG_EXTILineConfig)
    SysTick_Handler                          0x08001489   Thumb Code    12  main_2.o(i.SysTick_Handler)
    SystemCoreClockUpdate                    0x08001499   Thumb Code   170  system_stm32f4xx.o(i.SystemCoreClockUpdate)
    SystemInit                               0x08001559   Thumb Code    88  system_stm32f4xx.o(i.SystemInit)
    TIM3_IRQHandler                          0x0800164d   Thumb Code    42  timer.o(i.TIM3_IRQHandler)
    TIM4_IRQHandler                          0x08001681   Thumb Code    84  freqmeter.o(i.TIM4_IRQHandler)
    TIM6_Config                              0x080016e5   Thumb Code    60  dac.o(i.TIM6_Config)
    TIM_ClearITPendingBit                    0x08001725   Thumb Code     6  stm32f4xx_tim.o(i.TIM_ClearITPendingBit)
    TIM_Cmd                                  0x0800172b   Thumb Code    24  stm32f4xx_tim.o(i.TIM_Cmd)
    TIM_Config                               0x08001745   Thumb Code    94  freqmeter.o(i.TIM_Config)
    TIM_GetCapture1                          0x080017a9   Thumb Code     6  stm32f4xx_tim.o(i.TIM_GetCapture1)
    TIM_GetCapture2                          0x080017af   Thumb Code     6  stm32f4xx_tim.o(i.TIM_GetCapture2)
    TIM_GetITStatus                          0x080017b5   Thumb Code    34  stm32f4xx_tim.o(i.TIM_GetITStatus)
    TIM_ITConfig                             0x080017d7   Thumb Code    18  stm32f4xx_tim.o(i.TIM_ITConfig)
    TIM_PWMIConfig                           0x080017e9   Thumb Code   124  stm32f4xx_tim.o(i.TIM_PWMIConfig)
    TIM_SelectInputTrigger                   0x08001865   Thumb Code    18  stm32f4xx_tim.o(i.TIM_SelectInputTrigger)
    TIM_SelectMasterSlaveMode                0x08001877   Thumb Code    18  stm32f4xx_tim.o(i.TIM_SelectMasterSlaveMode)
    TIM_SelectOutputTrigger                  0x08001889   Thumb Code    18  stm32f4xx_tim.o(i.TIM_SelectOutputTrigger)
    TIM_SelectSlaveMode                      0x0800189b   Thumb Code    18  stm32f4xx_tim.o(i.TIM_SelectSlaveMode)
    TIM_SetIC1Prescaler                      0x080018ad   Thumb Code    18  stm32f4xx_tim.o(i.TIM_SetIC1Prescaler)
    TIM_SetIC2Prescaler                      0x080018bf   Thumb Code    26  stm32f4xx_tim.o(i.TIM_SetIC2Prescaler)
    TIM_TimeBaseInit                         0x080018d9   Thumb Code   104  stm32f4xx_tim.o(i.TIM_TimeBaseInit)
    TIM_TimeBaseStructInit                   0x0800195d   Thumb Code    18  stm32f4xx_tim.o(i.TIM_TimeBaseStructInit)
    UsageFault_Handler                       0x0800196f   Thumb Code     4  stm32f4xx_it.o(i.UsageFault_Handler)
    __0sprintf$1                             0x08001975   Thumb Code    34  printf1.o(i.__0sprintf$1)
    __1sprintf$1                             0x08001975   Thumb Code     0  printf1.o(i.__0sprintf$1)
    __2sprintf                               0x08001975   Thumb Code     0  printf1.o(i.__0sprintf$1)
    __ARM_fpclassify                         0x0800199d   Thumb Code    48  fpclassify.o(i.__ARM_fpclassify)
    __hardfp_pow                             0x080019d1   Thumb Code  3132  pow.o(i.__hardfp_pow)
    __kernel_poly                            0x08002661   Thumb Code   248  poly.o(i.__kernel_poly)
    __mathlib_dbl_underflow                  0x08002759   Thumb Code    24  dunder.o(i.__mathlib_dbl_underflow)
    __scatterload_copy                       0x08002779   Thumb Code    14  handlers.o(i.__scatterload_copy)
    __scatterload_null                       0x08002787   Thumb Code     2  handlers.o(i.__scatterload_null)
    __scatterload_zeroinit                   0x08002789   Thumb Code    14  handlers.o(i.__scatterload_zeroinit)
    __set_errno                              0x08002799   Thumb Code     6  errno.o(i.__set_errno)
    fabs                                     0x08002903   Thumb Code    32  fabs.o(i.fabs)
    main                                     0x08002925   Thumb Code   768  main_2.o(i.main)
    sqrt                                     0x08002d35   Thumb Code   110  sqrt.o(i.sqrt)
    lcd_mask                                 0x08002e44   Data          32  lcd.o(.constdata)
    lcd_RS                                   0x08002e64   Data           4  lcd.o(.constdata)
    lcd_RdnWr                                0x08002e68   Data           4  lcd.o(.constdata)
    lcd_E                                    0x08002e6c   Data           4  lcd.o(.constdata)
    GPIO_PIN                                 0x08002e70   Data           8  stm32f4_discovery.o(.constdata)
    GPIO_CLK                                 0x08002e78   Data          16  stm32f4_discovery.o(.constdata)
    BUTTON_PIN                               0x08002e88   Data           2  stm32f4_discovery.o(.constdata)
    BUTTON_CLK                               0x08002e8c   Data           4  stm32f4_discovery.o(.constdata)
    BUTTON_EXTI_LINE                         0x08002e90   Data           2  stm32f4_discovery.o(.constdata)
    BUTTON_PORT_SOURCE                       0x08002e92   Data           1  stm32f4_discovery.o(.constdata)
    BUTTON_PIN_SOURCE                        0x08002e93   Data           1  stm32f4_discovery.o(.constdata)
    BUTTON_IRQn                              0x08002e94   Data           1  stm32f4_discovery.o(.constdata)
    __mathlib_zero                           0x08002f20   Data           8  qnan.o(.constdata)
    Region$$Table$$Base                      0x08002f28   Number         0  anon$$obj.o(Region$$Table)
    Region$$Table$$Limit                     0x08002f48   Number         0  anon$$obj.o(Region$$Table)
    SystemCoreClock                          0x20000000   Data           4  system_stm32f4xx.o(.data)
    AHBPrescTable                            0x20000004   Data          16  system_stm32f4xx.o(.data)
    CCR1_Val                                 0x20000014   Data           2  timer.o(.data)
    counter                                  0x20000018   Data           4  timer.o(.data)
    currentFrequency                         0x20000020   Data           8  main_2.o(.data)
    increment                                0x20000028   Data           8  main_2.o(.data)
    function                                 0x20000030   Data           4  main_2.o(.data)
    msTicks                                  0x20000034   Data           4  main_2.o(.data)
    DutyCycle                                0x20000038   Data           2  freqmeter.o(.data)
    Frequency                                0x2000003a   Data           2  freqmeter.o(.data)
    IC2Value                                 0x2000003c   Data           2  freqmeter.o(.data)
    GPIO_PORT                                0x20000040   Data          16  stm32f4_discovery.o(.data)
    BUTTON_PORT                              0x20000050   Data           4  stm32f4_discovery.o(.data)
    NVIC_InitStructure                       0x20000054   Data           4  stm32f4_discovery.o(.data)
    DAC_InitStructure                        0x2000006c   Data          16  dac.o(.bss)
    TIM_ICInitStructure                      0x2000007c   Data          10  freqmeter.o(.bss)
    __initial_sp                             0x2001ff88   Data           0  startup_stm32f4xx.o(STACK)



==============================================================================

Memory Map of the image

  Image Entry point : 0x08000189

  Load Region LR_IROM1 (Base: 0x08000000, Size: 0x00002fb4, Max: 0x00100000, ABSOLUTE)

    Execution Region ER_IROM1 (Base: 0x08000000, Size: 0x00002f48, Max: 0x00100000, ABSOLUTE)

    Base Addr    Size         Type   Attr      Idx    E Section Name        Object

    0x08000000   0x00000188   Data   RO         2620    RESET               startup_stm32f4xx.o
    0x08000188   0x00000000   Code   RO         2639  * .ARM.Collect$$$$00000000  mc_w.l(entry.o)
    0x08000188   0x00000004   Code   RO         2940    .ARM.Collect$$$$00000001  mc_w.l(entry2.o)
    0x0800018c   0x00000004   Code   RO         2943    .ARM.Collect$$$$00000004  mc_w.l(entry5.o)
    0x08000190   0x00000000   Code   RO         2945    .ARM.Collect$$$$00000008  mc_w.l(entry7b.o)
    0x08000190   0x00000000   Code   RO         2947    .ARM.Collect$$$$0000000A  mc_w.l(entry8b.o)
    0x08000190   0x00000008   Code   RO         2948    .ARM.Collect$$$$0000000B  mc_w.l(entry9a.o)
    0x08000198   0x00000000   Code   RO         2950    .ARM.Collect$$$$0000000D  mc_w.l(entry10a.o)
    0x08000198   0x00000000   Code   RO         2952    .ARM.Collect$$$$0000000F  mc_w.l(entry11a.o)
    0x08000198   0x00000004   Code   RO         2941    .ARM.Collect$$$$00002712  mc_w.l(entry2.o)
    0x0800019c   0x00000024   Code   RO         2621    .text               startup_stm32f4xx.o
    0x080001c0   0x00000024   Code   RO         2642    .text               mc_w.l(memcpya.o)
    0x080001e4   0x0000014e   Code   RO         2907    .text               mf_w.l(dadd.o)
    0x08000332   0x000000e4   Code   RO         2909    .text               mf_w.l(dmul.o)
    0x08000416   0x000000de   Code   RO         2911    .text               mf_w.l(ddiv.o)
    0x080004f4   0x0000003e   Code   RO         2913    .text               mf_w.l(dfixi.o)
    0x08000532   0x0000002c   Code   RO         2957    .text               mc_w.l(uidiv.o)
    0x0800055e   0x0000001e   Code   RO         2961    .text               mc_w.l(llshl.o)
    0x0800057c   0x00000020   Code   RO         2963    .text               mc_w.l(llushr.o)
    0x0800059c   0x00000024   Code   RO         2965    .text               mc_w.l(llsshr.o)
    0x080005c0   0x00000000   Code   RO         2974    .text               mc_w.l(iusefp.o)
    0x080005c0   0x000000be   Code   RO         2975    .text               mf_w.l(depilogue.o)
    0x0800067e   0x0000002e   Code   RO         2979    .text               mf_w.l(dscalb.o)
    0x080006ac   0x00000022   Code   RO         2981    .text               mf_w.l(dflti.o)
    0x080006ce   0x00000002   PAD
    0x080006d0   0x00000028   Code   RO         2985    .text               mf_w.l(cdrcmple.o)
    0x080006f8   0x00000024   Code   RO         2987    .text               mc_w.l(init.o)
    0x0800071c   0x000000a2   Code   RO         2991    .text               mf_w.l(dsqrt.o)
    0x080007be   0x00000002   PAD
    0x080007c0   0x00000040   Code   RO          626    i.BTN_Init          swt.o
    0x08000800   0x00000004   Code   RO          138    i.BusFault_Handler  stm32f4xx_it.o
    0x08000804   0x00000034   Code   RO          668    i.DAC_Ch1_NoiseConfig  dac.o
    0x08000838   0x00000034   Code   RO          669    i.DAC_Ch2_TriangleConfig  dac.o
    0x0800086c   0x00000028   Code   RO         2506    i.DAC_Cmd           stm32f4xx_dac.o
    0x08000894   0x00000016   Code   RO         2508    i.DAC_DeInit        stm32f4xx_dac.o
    0x080008aa   0x00000002   PAD
    0x080008ac   0x00000034   Code   RO         2514    i.DAC_Init          stm32f4xx_dac.o
    0x080008e0   0x00000020   Code   RO         2515    i.DAC_SetChannel1Data  stm32f4xx_dac.o
    0x08000900   0x00000020   Code   RO         2516    i.DAC_SetChannel2Data  stm32f4xx_dac.o
    0x08000920   0x0000003c   Code   RO          670    i.DACs_Init         dac.o
    0x0800095c   0x00000054   Code   RO          269    i.DDS_Default_Init  dds.o
    0x080009b0   0x00000060   Code   RO          270    i.DDS_Init          dds.o
    0x08000a10   0x000000e0   Code   RO          271    i.DDS_Set           dds.o
    0x08000af0   0x00000014   Code   RO          272    i.DDS_Write_Data    dds.o
    0x08000b04   0x00000014   Code   RO          273    i.Data_Low          dds.o
    0x08000b18   0x00000002   Code   RO          139    i.DebugMon_Handler  stm32f4xx_it.o
    0x08000b1a   0x00000002   PAD
    0x08000b1c   0x00000018   Code   RO          534    i.Delay             main_2.o
    0x08000b34   0x00000068   Code   RO          535    i.EXTI0_IRQHandler  main_2.o
    0x08000b9c   0x0000000c   Code   RO         2444    i.EXTI_ClearITPendingBit  stm32f4xx_exti.o
    0x08000ba8   0x00000094   Code   RO         2449    i.EXTI_Init         stm32f4xx_exti.o
    0x08000c3c   0x00000054   Code   RO          705    i.Freq_Meter_Init   freqmeter.o
    0x08000c90   0x00000090   Code   RO          912    i.GPIO_Init         stm32f4xx_gpio.o
    0x08000d20   0x00000046   Code   RO          913    i.GPIO_PinAFConfig  stm32f4xx_gpio.o
    0x08000d66   0x00000004   Code   RO          140    i.HardFault_Handler  stm32f4xx_it.o
    0x08000d6a   0x00000014   Code   RO          351    i.LCD_Clear         lcd.o
    0x08000d7e   0x00000012   Code   RO          352    i.LCD_Clk           lcd.o
    0x08000d90   0x0000000c   Code   RO          353    i.LCD_DataClear     lcd.o
    0x08000d9c   0x0000000c   Code   RO          354    i.LCD_DataWrite     lcd.o
    0x08000da8   0x00000010   Code   RO          356    i.LCD_DriverOn      lcd.o
    0x08000db8   0x0000000c   Code   RO          357    i.LCD_Eoff          lcd.o
    0x08000dc4   0x0000000c   Code   RO          358    i.LCD_Eon           lcd.o
    0x08000dd0   0x00000032   Code   RO          359    i.LCD_GotoXY        lcd.o
    0x08000e02   0x0000006a   Code   RO          360    i.LCD_Init          lcd.o
    0x08000e6c   0x0000012c   Code   RO          361    i.LCD_Initpins      lcd.o
    0x08000f98   0x00000018   Code   RO          363    i.LCD_On            lcd.o
    0x08000fb0   0x00000020   Code   RO          365    i.LCD_PutS          lcd.o
    0x08000fd0   0x0000000c   Code   RO          366    i.LCD_RSoff         lcd.o
    0x08000fdc   0x0000000c   Code   RO          367    i.LCD_RSon          lcd.o
    0x08000fe8   0x0000000c   Code   RO          368    i.LCD_RWoff         lcd.o
    0x08000ff4   0x00000034   Code   RO          370    i.LCD_Write         lcd.o
    0x08001028   0x00000004   Code   RO          141    i.MemManage_Handler  stm32f4xx_it.o
    0x0800102c   0x00000002   Code   RO          142    i.NMI_Handler       stm32f4xx_it.o
    0x0800102e   0x00000002   PAD
    0x08001030   0x00000078   Code   RO          793    i.NVIC_Init         misc.o
    0x080010a8   0x00000002   Code   RO          143    i.PendSV_Handler    stm32f4xx_it.o
    0x080010aa   0x00000002   PAD
    0x080010ac   0x00000028   Code   RO          274    i.Pulse_Clock       dds.o
    0x080010d4   0x00000028   Code   RO          275    i.Pulse_Frequency   dds.o
    0x080010fc   0x00000020   Code   RO         1011    i.RCC_AHB1PeriphClockCmd  stm32f4xx_rcc.o
    0x0800111c   0x00000020   Code   RO         1020    i.RCC_APB1PeriphClockCmd  stm32f4xx_rcc.o
    0x0800113c   0x00000020   Code   RO         1022    i.RCC_APB1PeriphResetCmd  stm32f4xx_rcc.o
    0x0800115c   0x00000020   Code   RO         1023    i.RCC_APB2PeriphClockCmd  stm32f4xx_rcc.o
    0x0800117c   0x000000e8   Code   RO         1032    i.RCC_GetClocksFreq  stm32f4xx_rcc.o
    0x08001264   0x000000a8   Code   RO          745    i.STM_EVAL_PBInit   stm32f4_discovery.o
    0x0800130c   0x00000002   Code   RO          144    i.SVC_Handler       stm32f4xx_it.o
    0x0800130e   0x00000002   PAD
    0x08001310   0x00000040   Code   RO          627    i.SWTS_Init         swt.o
    0x08001350   0x0000000c   Code   RO          629    i.SWT_Get           swt.o
    0x0800135c   0x00000040   Code   RO         1839    i.SYSCFG_EXTILineConfig  stm32f4xx_syscfg.o
    0x0800139c   0x000000ec   Code   RO            2    i.SetSysClock       system_stm32f4xx.o
    0x08001488   0x00000010   Code   RO          536    i.SysTick_Handler   main_2.o
    0x08001498   0x000000c0   Code   RO            3    i.SystemCoreClockUpdate  system_stm32f4xx.o
    0x08001558   0x00000068   Code   RO            4    i.SystemInit        system_stm32f4xx.o
    0x080015c0   0x0000003a   Code   RO         1882    i.TI1_Config        stm32f4xx_tim.o
    0x080015fa   0x00000050   Code   RO         1883    i.TI2_Config        stm32f4xx_tim.o
    0x0800164a   0x00000002   PAD
    0x0800164c   0x00000034   Code   RO          225    i.TIM3_IRQHandler   timer.o
    0x08001680   0x00000064   Code   RO          706    i.TIM4_IRQHandler   freqmeter.o
    0x080016e4   0x00000040   Code   RO          671    i.TIM6_Config       dac.o
    0x08001724   0x00000006   Code   RO         1893    i.TIM_ClearITPendingBit  stm32f4xx_tim.o
    0x0800172a   0x00000018   Code   RO         1898    i.TIM_Cmd           stm32f4xx_tim.o
    0x08001742   0x00000002   PAD
    0x08001744   0x00000064   Code   RO          707    i.TIM_Config        freqmeter.o
    0x080017a8   0x00000006   Code   RO         1913    i.TIM_GetCapture1   stm32f4xx_tim.o
    0x080017ae   0x00000006   Code   RO         1914    i.TIM_GetCapture2   stm32f4xx_tim.o
    0x080017b4   0x00000022   Code   RO         1919    i.TIM_GetITStatus   stm32f4xx_tim.o
    0x080017d6   0x00000012   Code   RO         1923    i.TIM_ITConfig      stm32f4xx_tim.o
    0x080017e8   0x0000007c   Code   RO         1946    i.TIM_PWMIConfig    stm32f4xx_tim.o
    0x08001864   0x00000012   Code   RO         1952    i.TIM_SelectInputTrigger  stm32f4xx_tim.o
    0x08001876   0x00000012   Code   RO         1953    i.TIM_SelectMasterSlaveMode  stm32f4xx_tim.o
    0x08001888   0x00000012   Code   RO         1956    i.TIM_SelectOutputTrigger  stm32f4xx_tim.o
    0x0800189a   0x00000012   Code   RO         1957    i.TIM_SelectSlaveMode  stm32f4xx_tim.o
    0x080018ac   0x00000012   Code   RO         1965    i.TIM_SetIC1Prescaler  stm32f4xx_tim.o
    0x080018be   0x0000001a   Code   RO         1966    i.TIM_SetIC2Prescaler  stm32f4xx_tim.o
    0x080018d8   0x00000084   Code   RO         1970    i.TIM_TimeBaseInit  stm32f4xx_tim.o
    0x0800195c   0x00000012   Code   RO         1971    i.TIM_TimeBaseStructInit  stm32f4xx_tim.o
    0x0800196e   0x00000004   Code   RO          145    i.UsageFault_Handler  stm32f4xx_it.o
    0x08001972   0x00000002   PAD
    0x08001974   0x00000028   Code   RO         2693    i.__0sprintf$1      mc_w.l(printf1.o)
    0x0800199c   0x00000030   Code   RO         2923    i.__ARM_fpclassify  m_wm.l(fpclassify.o)
    0x080019cc   0x00000004   PAD
    0x080019d0   0x00000c90   Code   RO         2625    i.__hardfp_pow      m_wm.l(pow.o)
    0x08002660   0x000000f8   Code   RO         2925    i.__kernel_poly     m_wm.l(poly.o)
    0x08002758   0x00000020   Code   RO         2915    i.__mathlib_dbl_underflow  m_wm.l(dunder.o)
    0x08002778   0x0000000e   Code   RO         2997    i.__scatterload_copy  mc_w.l(handlers.o)
    0x08002786   0x00000002   Code   RO         2998    i.__scatterload_null  mc_w.l(handlers.o)
    0x08002788   0x0000000e   Code   RO         2999    i.__scatterload_zeroinit  mc_w.l(handlers.o)
    0x08002796   0x00000002   PAD
    0x08002798   0x0000000c   Code   RO         2969    i.__set_errno       mc_w.l(errno.o)
    0x080027a4   0x00000154   Code   RO         2698    i._printf_core      mc_w.l(printf1.o)
    0x080028f8   0x0000000a   Code   RO         2700    i._sputc            mc_w.l(printf1.o)
    0x08002902   0x00000020   Code   RO         2919    i.fabs              m_wm.l(fabs.o)
    0x08002922   0x00000002   PAD
    0x08002924   0x00000410   Code   RO          537    i.main              main_2.o
    0x08002d34   0x0000006e   Code   RO         2930    i.sqrt              m_wm.l(sqrt.o)
    0x08002da2   0x00000002   PAD
    0x08002da4   0x000000a0   Data   RO          276    .constdata          dds.o
    0x08002e44   0x0000002c   Data   RO          372    .constdata          lcd.o
    0x08002e70   0x00000025   Data   RO          746    .constdata          stm32f4_discovery.o
    0x08002e95   0x00000003   PAD
    0x08002e98   0x00000088   Data   RO         2628    .constdata          m_wm.l(pow.o)
    0x08002f20   0x00000008   Data   RO         2927    .constdata          m_wm.l(qnan.o)
    0x08002f28   0x00000020   Data   RO         2995    Region$$Table       anon$$obj.o


    Execution Region RW_IRAM1 (Base: 0x20000000, Size: 0x0001ff88, Max: 0x00020000, ABSOLUTE)

    Base Addr    Size         Type   Attr      Idx    E Section Name        Object

    0x20000000   0x00000014   Data   RW            5    .data               system_stm32f4xx.o
    0x20000014   0x00000008   Data   RW          227    .data               timer.o
    0x2000001c   0x00000004   PAD
    0x20000020   0x00000018   Data   RW          538    .data               main_2.o
    0x20000038   0x00000006   Data   RW          709    .data               freqmeter.o
    0x2000003e   0x00000002   PAD
    0x20000040   0x00000018   Data   RW          747    .data               stm32f4_discovery.o
    0x20000058   0x00000010   Data   RW         1055    .data               stm32f4xx_rcc.o
    0x20000068   0x00000004   Data   RW         2970    .data               mc_w.l(errno.o)
    0x2000006c   0x00000010   Zero   RW          672    .bss                dac.o
    0x2000007c   0x0000000a   Zero   RW          708    .bss                freqmeter.o
    0x20000086   0x00000002   PAD
    0x20000088   0x0001ff00   Zero   RW         2618    STACK               startup_stm32f4xx.o


==============================================================================

Image component sizes


      Code (inc. data)   RO Data    RW Data    ZI Data      Debug   Object Name

       228         22          0          0         16       2137   dac.o
       524         62        160          0          0     212692   dds.o
       284         30          0          6         10       2300   freqmeter.o
       702         62         44          0          0       7830   lcd.o
      1184        302          0         24          0      21817   main_2.o
       120         12          0          0          0       2900   misc.o
        36          8        392          0     130816        892   startup_stm32f4xx.o
       168         28         37         24          0       3147   stm32f4_discovery.o
       178         24          0          0          0       8722   stm32f4xx_dac.o
       160         12          0          0          0       4145   stm32f4xx_exti.o
       214          0          0          0          0       8363   stm32f4xx_gpio.o
        24          0          0          0          0       3456   stm32f4xx_it.o
       360         42          0         16          0      18220   stm32f4xx_rcc.o
        64          4          0          0          0        692   stm32f4xx_syscfg.o
       622         28          0          0          0      31661   stm32f4xx_tim.o
       140         26          0          0          0       1273   swt.o
       532         56          0         20          0     262085   system_stm32f4xx.o
        52         10          0          8          0        909   timer.o

    ----------------------------------------------------------------------
      5608        728        668        104     130844     593241   Object Totals
         0          0         32          0          0          0   (incl. Generated)
        16          0          3          6          2          0   (incl. Padding)

    ----------------------------------------------------------------------

      Code (inc. data)   RO Data    RW Data    ZI Data      Debug   Library Member Name

        32          8          0          0          0        124   dunder.o
        32          0          0          0          0        124   fabs.o
        48          0          0          0          0        124   fpclassify.o
       248          0          0          0          0        152   poly.o
      3216        310        136          0          0        216   pow.o
         0          0          8          0          0          0   qnan.o
       110          0          0          0          0        148   sqrt.o
         0          0          0          0          0          0   entry.o
         0          0          0          0          0          0   entry10a.o
         0          0          0          0          0          0   entry11a.o
         8          4          0          0          0          0   entry2.o
         4          0          0          0          0          0   entry5.o
         0          0          0          0          0          0   entry7b.o
         0          0          0          0          0          0   entry8b.o
         8          4          0          0          0          0   entry9a.o
        12          6          0          4          0         68   errno.o
        30          0          0          0          0          0   handlers.o
        36          8          0          0          0         68   init.o
         0          0          0          0          0          0   iusefp.o
        30          0          0          0          0         68   llshl.o
        36          0          0          0          0         68   llsshr.o
        32          0          0          0          0         68   llushr.o
        36          0          0          0          0         68   memcpya.o
       390         12          0          0          0        248   printf1.o
        44          0          0          0          0         80   uidiv.o
        40          2          0          0          0         68   cdrcmple.o
       334          0          0          0          0        148   dadd.o
       222          0          0          0          0        100   ddiv.o
       190          0          0          0          0        176   depilogue.o
        62          0          0          0          0         80   dfixi.o
        34          0          0          0          0         76   dflti.o
       228          0          0          0          0         96   dmul.o
        46          0          0          0          0         80   dscalb.o
       162          0          0          0          0        100   dsqrt.o

    ----------------------------------------------------------------------
      5684        354        144          4          0       2548   Library Totals
        14          0          0          0          0          0   (incl. Padding)

    ----------------------------------------------------------------------

      Code (inc. data)   RO Data    RW Data    ZI Data      Debug   Library Name

      3686        318        144          0          0        888   m_wm.l
       666         34          0          4          0        736   mc_w.l
      1318          2          0          0          0        924   mf_w.l

    ----------------------------------------------------------------------
      5684        354        144          4          0       2548   Library Totals

    ----------------------------------------------------------------------

==============================================================================


      Code (inc. data)   RO Data    RW Data    ZI Data      Debug   

     11292       1082        812        108     130844     586657   Grand Totals
     11292       1082        812        108     130844     586657   ELF Image Totals
     11292       1082        812        108          0          0   ROM Totals

==============================================================================

    Total RO  Size (Code + RO Data)                12104 (  11.82kB)
    Total RW  Size (RW Data + ZI Data)            130952 ( 127.88kB)
    Total ROM Size (Code + RO Data + RW Data)      12212 (  11.93kB)

==============================================================================

