<html>
<body>
<pre>
<h1>µVision Build Log</h1>
<h2>Project:</h2>
D:\GitHub\Design---Construction\code\The Project\Project\MDK-ARM\MyProject.uvproj
Project File Date:  04/13/2014

<h2>Output:</h2>
Build target 'MyProject'
compiling DAC.c...
linking...
Program Size: Code=8464 RO-data=760 RW-data=52 ZI-data=1044  
FromELF: creating hex file...
".\MyProject\MyProject.axf" - 0 Error(s), 0 Warning(s).
Load "D:\\GitHub\\Design---Construction\\code\\The Project\\Project\\MDK-ARM\\MyProject\\MyProject.axf" 
Erase Done.
Programming Done.
Verify OK.
Load "D:\\GitHub\\Design---Construction\\code\\The Project\\Project\\MDK-ARM\\MyProject\\MyProject.axf" 
Erase Done.
Programming Failed!
Error: Flash Download failed  -  "Cortex-M4"
Load "D:\\GitHub\\Design---Construction\\code\\The Project\\Project\\MDK-ARM\\MyProject\\MyProject.axf" 
Erase Done.
Programming Done.
Verify OK.
</pre>
</body>
</html>
t.axf" - 0 Error(s), 0 Warning(s).
Load "D:\\GitHub\\Design---Construction\\code\\The Project\\Project\\MDK-ARM\\MyProject\\MyProject.axf" 
Erase Done.
Programming Done.
Verify OK.
Load "D:\\GitHub\\Design---Construction\\code\\The Project\\Project\\MDK-ARM\\MyProject\\MyProject.axf" 
Erase Done.
Programming Done.
Verify OK.
