<html>
<body>
<pre>
<h1>µVision Build Log</h1>
<h2>Project:</h2>
D:\GitHub\Design---Construction\code\The Project\Project\MDK-ARM\MyProject.uvproj
Project File Date:  04/14/2014

<h2>Output:</h2>
Build target 'MyProject'
compiling FreqMeter.c...
linking...
Program Size: Code=9888 RO-data=760 RW-data=76 ZI-data=1052  
".\MyProject\MyProject.axf" - 0 Error(s), 0 Warning(s).
Load "D:\\GitHub\\Design---Construction\\code\\The Project\\Project\\MDK-ARM\\MyProject\\MyProject.axf" 
Erase Done.
Programming Done.
Verify OK.
Load "D:\\GitHub\\Design---Construction\\code\\The Project\\Project\\MDK-ARM\\MyProject\\MyProject.axf" 
Erase Done.
Programming Done.
Verify OK.
Load "D:\\GitHub\\Design---Construction\\code\\The Project\\Project\\MDK-ARM\\MyProject\\MyProject.axf" 
Erase Done.
Programming Done.
Verify OK.
ogram Size: Code=9872 RO-data=760 RW-data=76 ZI-data=1052  
".\MyProject\MyProject.axf" - 0 Error(s), 0 Warning(s).
Load "D:\\GitHub\\Design---Construction\\code\\The Project\\Project\\MDK-ARM\\MyProject\\MyProject.axf" 
Erase Done.
Programming Done.
Verify OK.
"D:\\GitHub\\Design---Construction\\code\\The Project\\Project\\MDK-ARM\\MyProject\\MyProject.axf" 
Erase Done.
Programming Done.
Verify OK.
OK.
Load "D:\\GitHub\\Design---Construction\\code\\The Project\\Project\\MDK-ARM\\MyProject\\MyProject.axf" 
Erase Done.
Programming Done.
Verify OK.
