<html>
<body>
<pre>
<h1>µVision Build Log</h1>
<h2>Project:</h2>
C:\D_and_c\Display\Blinky\Blinky.uvproj
Project File Date:  01/09/2013

<h2>Output:</h2>
Build target 'STM32F407 Flash'
compiling Blinky.c...
Blinky.c(69): warning:  #177-D: variable "num" was declared but never referenced
Blinky.c(70): warning:  #177-D: variable "dir" was declared but never referenced
Blinky.c(71): warning:  #177-D: variable "btns" was declared but never referenced
Blinky.c(72): warning:  #177-D: variable "n" was declared but never referenced
linking...
Program Size: Code=2216 RO-data=532 RW-data=24 ZI-data=1632  
".\Flash\Blinky.axf" - 0 Error(s), 4 Warning(s).
Build target 'STM32F407 Flash'
compiling Blinky.c...
linking...
Program Size: Code=2192 RO-data=532 RW-data=24 ZI-data=1632  
".\Flash\Blinky.axf" - 0 Error(s), 0 Warning(s).
Load "C:\\D_and_c\\Display\\Blinky\\Flash\\Blinky.AXF" 
Erase Done.
Programming Done.
Verify OK.
