<html>
<body>
<pre>
<h1>µVision Build Log</h1>
<h2>Project:</h2>
D:\GitHub\Design---Construction\code\stsw-stm32068 resources\STM32F4-Discovery_FW_V1.1.0\Project\Peripheral_Examples\TIM_PWM_Output\MDK-ARM\TIM_PWM_Output.uvproj
Project File Date:  04/25/2014

<h2>Output:</h2>
Build target 'TIM_PWM_Output'
compiling main.c...
compiling stm32f4xx_it.c...
compiling system_stm32f4xx.c...
compiling stm32f4_discovery.c...
compiling stm32f4xx_rcc.c...
compiling misc.c...
compiling stm32f4xx_gpio.c...
compiling stm32f4xx_syscfg.c...
compiling stm32f4xx_exti.c...
compiling stm32f4xx_tim.c...
assembling startup_stm32f4xx.s...
linking...
Program Size: Code=1540 RO-data=424 RW-data=32 ZI-data=1056  
".\TIM_PWM_Output\TIM_PWM_Output.axf" - 0 Error(s), 0 Warning(s).
Load "D:\\GitHub\\Design---Construction\\code\\stsw-stm32068 resources\\STM32F4-Discovery_FW_V1.1.0\\Project\\Peripheral_Examples\\TIM_PWM_Output\\MDK-ARM\\TIM_PWM_Output\\TIM_PWM_Output.axf" 
Erase Done.
Programming Done.
Verify OK.
Load "D:\\GitHub\\Design---Construction\\code\\stsw-stm32068 resources\\STM32F4-Discovery_FW_V1.1.0\\Project\\Peripheral_Examples\\TIM_PWM_Output\\MDK-ARM\\TIM_PWM_Output\\TIM_PWM_Output.axf" 
Erase Done.
Programming Done.
Verify OK.
 C:\Keil\ARM\STLink\ST-LINKIII-KEIL.dll
Load "D:\\GitHub\\Design---Construction\\code\\stsw-stm32068 resources\\STM32F4-Discovery_FW_V1.1.0\\Project\\Peripheral_Examples\\TIM_PWM_Output\\MDK-ARM\\TIM_PWM_Output\\TIM_PWM_Output.axf" 
No Algorithm found for: 08000000H - 08000837H
Erase skipped!
Error: Flash Download failed  -  "Cortex-M4"
Load "D:\\GitHub\\Design---Construction\\code\\stsw-stm32068 resources\\STM32F4-Discovery_FW_V1.1.0\\Project\\Peripheral_Examples\\TIM_PWM_Output\\MDK-ARM\\TIM_PWM_Output\\TIM_PWM_Output.axf" 
Erase Done.
Programming Done.
Verify OK.
