<html>
<body>
<pre>
<h1>µVision Build Log</h1>
<h2>Project:</h2>
D:\GitHub\Design---Construction\code\stsw-stm32068 resources\STM32F4-Discovery_FW_V1.1.0\Project\Peripheral_Examples\DAC_SignalsGeneration\MDK-ARM\DAC_SignalsGeneration.uvproj
Project File Date:  04/13/2014

<h2>Output:</h2>
Rebuild target 'DAC_SignalsGeneration'
compiling main.c...
compiling stm32f4xx_it.c...
compiling system_stm32f4xx.c...
compiling stm32f4_discovery.c...
compiling stm32f4xx_rcc.c...
compiling misc.c...
compiling stm32f4xx_gpio.c...
compiling stm32f4xx_syscfg.c...
compiling stm32f4xx_exti.c...
compiling stm32f4xx_dma.c...
compiling stm32f4xx_dac.c...
compiling stm32f4xx_tim.c...
assembling startup_stm32f4xx.s...
linking...
Program Size: Code=2460 RO-data=532 RW-data=24 ZI-data=1040  
".\DAC_SignalsGeneration\DAC_SignalsGeneration.axf" - 0 Error(s), 0 Warning(s).
Load "D:\\GitHub\\Design---Construction\\code\\stsw-stm32068 resources\\STM32F4-Discovery_FW_V1.1.0\\Project\\Peripheral_Examples\\DAC_SignalsGeneration\\MDK-ARM\\DAC_SignalsGeneration\\DAC_SignalsGeneration.axf" 
Error: Flash Download failed  -  Target DLL has been cancelled
Load "D:\\GitHub\\Design---Construction\\code\\stsw-stm32068 resources\\STM32F4-Discovery_FW_V1.1.0\\Project\\Peripheral_Examples\\DAC_SignalsGeneration\\MDK-ARM\\DAC_SignalsGeneration\\DAC_SignalsGeneration.axf" 
Error: Flash Download failed  -  Target DLL has been cancelled
</pre>
</body>
</html>
