<html>
<body>
<pre>
<h1>µVision Build Log</h1>
<h2>Project:</h2>
D:\GitHub\Design---Construction\code\stsw-stm32068 resources\STM32F4-Discovery_FW_V1.1.0\Project\Peripheral_Examples\TIM_PWM_Input\MDK-ARM\TIM_PWM_Input.uvproj
Project File Date:  05/01/2014

<h2>Output:</h2>
Rebuild target 'TIM_PWM_Input'
compiling main.c...
compiling stm32f4xx_it.c...
compiling system_stm32f4xx.c...
compiling stm32f4_discovery.c...
compiling stm32f4xx_rcc.c...
compiling misc.c...
compiling stm32f4xx_gpio.c...
compiling stm32f4xx_syscfg.c...
compiling stm32f4xx_exti.c...
compiling stm32f4xx_tim.c...
assembling startup_stm32f4xx.s...
linking...
Program Size: Code=1824 RO-data=424 RW-data=24 ZI-data=1040  
".\TIM_PWM_Input\TIM_PWM_Input.axf" - 0 Error(s), 0 Warning(s).
Load "D:\\GitHub\\Design---Construction\\code\\stsw-stm32068 resources\\STM32F4-Discovery_FW_V1.1.0\\Project\\Peripheral_Examples\\TIM_PWM_Input\\MDK-ARM\\TIM_PWM_Input\\TIM_PWM_Input.axf" 
Erase Done.
Programming Done.
Verify OK.
</pre>
</body>
</html>
_PWM_Input'
   deleting intermediate output files for target 'TIM_PWM_Input'
 requires additional DLL's which are not installed
 - Required Hardware Drivers are not installed
Error: Flash Download failed  -  C:\Keil\ARM\STLink\ST-LINKIII-KEIL.dll
Load "D:\\GitHub\\Design---Construction\\code\\stsw-stm32068 resources\\STM32F4-Discovery_FW_V1.1.0\\Project\\Peripheral_Examples\\TIM_PWM_Input\\MDK-ARM\\TIM_PWM_Input\\TIM_PWM_Input.axf" 
Error: Flash Download failed  -  Target DLL has been cancelled
Load "D:\\GitHub\\Design---Construction\\code\\stsw-stm32068 resources\\STM32F4-Discovery_FW_V1.1.0\\Project\\Peripheral_Examples\\TIM_PWM_Input\\MDK-ARM\\TIM_PWM_Input\\TIM_PWM_Input.axf" 
No Algorithm found for: 08000000H - 0800078FH
Erase skipped!
Error: Flash Download failed  -  "Cortex-M4"
Load "D:\\GitHub\\Design---Construction\\code\\stsw-stm32068 resources\\STM32F4-Discovery_FW_V1.1.0\\Project\\Peripheral_Examples\\TIM_PWM_Input\\MDK-ARM\\TIM_PWM_Input\\TIM_PWM_Input.axf" 
No Algorithm found for: 08000000H - 0800078FH
Erase skipped!
Error: Flash Download failed  -  "Cortex-M4"
Load "D:\\GitHub\\Design---Construction\\code\\stsw-stm32068 resources\\STM32F4-Discovery_FW_V1.1.0\\Project\\Peripheral_Examples\\TIM_PWM_Input\\MDK-ARM\\TIM_PWM_Input\\TIM_PWM_Input.axf" 
No Algorithm found for: 08000000H - 0800078FH
Erase skipped!
Error: Flash Download failed  -  "Cortex-M4"
Load "D:\\GitHub\\Design---Construction\\code\\stsw-stm32068 resources\\STM32F4-Discovery_FW_V1.1.0\\Project\\Peripheral_Examples\\TIM_PWM_Input\\MDK-ARM\\TIM_PWM_Input\\TIM_PWM_Input.axf" 
Erase Done.
Programming Done.
Verify OK.
Load "D:\\GitHub\\Design---Construction\\code\\stsw-stm32068 resources\\STM32F4-Discovery_FW_V1.1.0\\Project\\Peripheral_Examples\\TIM_PWM_Input\\MDK-ARM\\TIM_PWM_Input\\TIM_PWM_Input.axf" 
Erase Done.
Programming Done.
Verify OK.
