<html>
<body>
<pre>
<h1>µVision Build Log</h1>
<h2>Project:</h2>
D:\GitHub\Design---Construction\code\stsw-stm32068 resources\STM32F4-Discovery_FW_V1.1.0\Project\Peripheral_Examples\TIM_PWM_Input\MDK-ARM\TIM_PWM_Input.uvproj
Project File Date:  03/21/2014

<h2>Output:</h2>
Rebuild target 'TIM_PWM_Input'
compiling main.c...
compiling stm32f4xx_it.c...
compiling system_stm32f4xx.c...
compiling stm32f4_discovery.c...
compiling stm32f4xx_rcc.c...
compiling misc.c...
compiling stm32f4xx_gpio.c...
compiling stm32f4xx_syscfg.c...
compiling stm32f4xx_exti.c...
compiling stm32f4xx_tim.c...
assembling startup_stm32f4xx.s...
linking...
Program Size: Code=1496 RO-data=424 RW-data=24 ZI-data=1040  
".\TIM_PWM_Input\TIM_PWM_Input.axf" - 0 Error(s), 0 Warning(s).
</pre>
</body>
</html>
