<html>
<body>
<pre>
<h1>µVision Build Log</h1>
<h2>Project:</h2>
D:\GitHub\Design---Construction\code\Previous Lab Work\Display\Dsplay\display.uvproj
Project File Date:  04/03/2014

<h2>Output:</h2>
Build target 'STM32F407 Flash'
compiling DDS.c...
linking...
Program Size: Code=2348 RO-data=532 RW-data=24 ZI-data=1632  
".\Flash\Blinky.axf" - 0 Error(s), 0 Warning(s).
Load "D:\\GitHub\\Design---Construction\\code\\Previous Lab Work\\Display\\Dsplay\\Flash\\Blinky.axf" 
Erase Done.
Programming Done.
Verify OK.
y defined (by dds.o and display.o).
.\Flash\Blinky.axf: Error: L6200E: Symbol usTicks multiply defined (by dds.o and display.o).
.\Flash\Blinky.axf: Error: L6200E: Symbol BTN_Init multiply defined (by dds.o and display.o).
.\Flash\Blinky.axf: Error: L6200E: Symbol BTN_Get multiply defined (by dds.o and display.o).
.\Flash\Blinky.axf: Error: L6200E: Symbol main multiply defined (by dds.o and display.o).
Not enough information to list image symbols.
Not enough information to list the image map.
Finished: 2 information, 0 warning and 7 error messages.
".\Flash\Blinky.axf" - 7 Error(s), 0 Warning(s).
Target not created
list image symbols.
Not enough information to list the image map.
Finished: 2 information, 0 warning and 7 error messages.
".\Flash\Blinky.axf" - 7 Error(s), 0 Warning(s).
Target not created
Clean started: Project: 'display'
   deleting intermediate output files for target 'STM32F407 Flash'
   deleting intermediate output files for target 'STM32F407 RAM'
tput files for target 'STM32F407 Flash'
   deleting intermediate output files for target 'STM32F407 RAM'
