<html>
<body>
<pre>
<h1>µVision Build Log</h1>
<h2>Project:</h2>
D:\GitHub\Design---Construction\code\Previous Lab Work\LEDs\LEDs\LEDs.uvproj
Project File Date:  04/07/2014

<h2>Output:</h2>
Rebuild target 'STM32F407 Flash'
assembling startup_stm32f4xx.s...
compiling system_stm32f4xx.c...
compiling LED.c...
compiling LEDs.c...
linking...
Program Size: Code=4524 RO-data=468 RW-data=36 ZI-data=1884  
".\Flash\Blinky.axf" - 0 Error(s), 0 Warning(s).
Load "D:\\GitHub\\Design---Construction\\code\\Previous Lab Work\\LEDs\\LEDs\\Flash\\Blinky.axf" 
Erase Done.
Programming Done.
Verify OK.
</pre>
</body>
</html>
